
units           real
boundary p p p
atom_style      full

read_restart final_state_Run2_ext.restart
  restoring atom style full from restart
  orthogonal box = (-420 -420 -420) to (420 420 420)
  2 by 2 by 7 MPI processor grid
  restoring pair style lj/cut from restart
  restoring bond style hybrid from restart
  restoring angle style cosine from restart
  14000 atoms
  15438 bonds
  13600 angles
  3 = max # of 1-2 neighbors
  4 = max # of 1-3 neighbors
  8 = max # of 1-4 neighbors
  56 = max # of special neighbors
  special bonds CPU = 0.53527 secs
  read_restart CPU = 0.602987 secs
mass 1 100
mass 2 100
mass 3 100
mass 4 100

neighbor 1.9 bin
neigh_modify every 1 delay 1 check yes

angle_style  cosine
angle_coeff   *  2  # K (energy unit)

bond_style 		hybrid harmonic harmonic/shift/cut
bond_coeff   1   harmonic 3   10
bond_coeff   2   harmonic 3   10
bond_coeff	3	harmonic/shift/cut 3.60	11.22	12.72

pair_style lj/cut 25
# atom-typ1, atom-typ2, energy-well, sigma (bead-diameter), cut-off (distance)
pair_coeff  * * 0.18 10 25

special_bonds lj  0 1 1 angle yes
  3 = max # of 1-2 neighbors
  4 = max # of 1-3 neighbors
  8 = max # of 1-4 neighbors
  40304 = # of 1-3 neighbors before angle trim
  27200 = # of 1-3 neighbors after angle trim
  56 = max # of special neighbors
  special bonds CPU = 0.00139074 secs

# further equilibriate the system before bond formation takes place
fix fxlan all langevin $T $T 1000 ${seed}
fix fxlan all langevin 310 $T 1000 ${seed}
fix fxlan all langevin 310 310 1000 ${seed}
fix fxlan all langevin 310 310 1000 83802
fix fxnve all nve
timestep 0.1
run 10000
Neighbor list info ...
  update every 1 steps, delay 1 steps, check yes
  max neighbors/atom: 2000, page size: 100000
  master list distance cutoff = 26.9
  ghost atom cutoff = 26.9
  binsize = 13.45, bins = 63 63 63
  1 neighbor lists, perpetual/occasional/extra = 1 0 0
  (1) pair lj/cut, perpetual
      attributes: half, newton on
      pair build: half/bin/newton
      stencil: half/bin/3d/newton
      bin: standard
Per MPI rank memory allocation (min/avg/max) = 1.103 | 8.242 | 16.68 Mbytes
Step Temp E_pair E_mol TotEng Press 
400000000    312.42837   -3911.2285    7231.3853     16357.28   0.22645709 
400010000    311.23893   -3900.5474    7208.3221    16295.265  0.016397264 
Loop time of 5.00189 on 28 procs for 10000 steps with 14000 atoms

Performance: 17.273 ns/day, 1.389 hours/ns, 1999.245 timesteps/s
99.7% CPU use with 28 MPI tasks x no OpenMP threads

MPI task timing breakdown:
Section |  min time  |  avg time  |  max time  |%varavg| %total
---------------------------------------------------------------
Pair    | 0.00034224 | 0.52578    | 2.641      | 102.9 | 10.51
Bond    | 0.00051967 | 0.11288    | 0.50049    |  43.6 |  2.26
Neigh   | 0.017577   | 0.018421   | 0.020037   |   0.7 |  0.37
Comm    | 0.0016987  | 1.6744     | 3.4065     |  92.4 | 33.48
Output  | 8.4816e-05 | 0.00038221 | 0.00075029 |   0.0 |  0.01
Modify  | 0.00093814 | 0.24544    | 1.0882     |  63.8 |  4.91
Other   |            | 2.425      |            |       | 48.47

Nlocal:    500 ave 2268 max 0 min
Histogram: 16 2 0 3 2 1 2 0 1 1
Nghost:    533.143 ave 1827 max 0 min
Histogram: 12 3 1 1 2 4 2 2 0 1
Neighs:    7018.18 ave 32997 max 0 min
Histogram: 16 2 0 5 0 2 0 2 0 1

Total # of neighbors = 196509
Ave neighs/atom = 14.0364
Ave special neighs/atom = 7.91229
Neighbor list builds = 7
Dangerous builds = 0

unfix fxlan
unfix fxnve
reset_timestep 0

variable t equal step
variable steps equal 500000000
variable dt_thermo equal 1000000
variable dt_movie equal 10000000
variable dt_restart equal 50000000

group rxnSites type 1 3
4000 atoms in group rxnSites

# fix ID group-ID(atom-types) bond/create Nevery itype jtype Rmin bondtype (prob values = fraction seed) (iparam maxbond newType)
fix bondc rxnSites bond/create/random 20 1 3 12.72 3 prob 1 ${seed} iparam 1 1 jparam 1 3
fix bondc rxnSites bond/create/random 20 1 3 12.72 3 prob 1 83802 iparam 1 1 jparam 1 3

# fix ID group-ID bond/break Nevery bondtype Rmax keyword values ...
fix bondbr rxnSites bond/break 20 3 12.72 prob 1 ${seed}
fix bondbr rxnSites bond/break 20 3 12.72 prob 1 83802

variable frmbnd equal f_bondc[2]
variable brkbnd equal f_bondbr[2]
fix saveBond all print ${dt_thermo} "$t ${frmbnd} ${brkbnd}" file BondData_${fName}.dat screen no
fix saveBond all print 1000000 "$t ${frmbnd} ${brkbnd}" file BondData_${fName}.dat screen no
fix saveBond all print 1000000 "$t ${frmbnd} ${brkbnd}" file BondData_Run2_final.dat screen no

thermo_style    custom step epair pe ke ebond eangle temp bonds
thermo          ${dt_thermo}
thermo          1000000
fix saveThermo all print ${dt_thermo} "$t $(temp) $(ke) $(pe) $(epair) $(ebond) $(eangle) $(bonds)" file Thermo_${fName}.dat title "# Steps Temp KinEng PotEng Epair Ebond Eangle Bonds" screen no
fix saveThermo all print 1000000 "$t $(temp) $(ke) $(pe) $(epair) $(ebond) $(eangle) $(bonds)" file Thermo_${fName}.dat title "# Steps Temp KinEng PotEng Epair Ebond Eangle Bonds" screen no
fix saveThermo all print 1000000 "$t $(temp) $(ke) $(pe) $(epair) $(ebond) $(eangle) $(bonds)" file Thermo_Run2_final.dat title "# Steps Temp KinEng PotEng Epair Ebond Eangle Bonds" screen no

############################ Langevin Dynamics ###############################
fix fxlan all langevin $T $T 1000 ${seed}
fix fxlan all langevin 310 $T 1000 ${seed}
fix fxlan all langevin 310 310 1000 ${seed}
fix fxlan all langevin 310 310 1000 83802
fix fxnve all nve

comm_style tiled
fix fxbal all balance 1000 1.1 rcb

timestep 25

dump coor all custom ${dt_movie} traj_${fName}.dump id type mol mass x y z xu yu zu
dump coor all custom 10000000 traj_${fName}.dump id type mol mass x y z xu yu zu
dump coor all custom 10000000 traj_Run2_final.dump id type mol mass x y z xu yu zu

restart ${dt_restart} ${fName}_tp_*.restart
restart 50000000 ${fName}_tp_*.restart
restart 50000000 Run2_final_tp_*.restart
run ${steps}
run 500000000
Neighbor list info ...
  update every 1 steps, delay 1 steps, check yes
  max neighbors/atom: 2000, page size: 100000
  master list distance cutoff = 26.9
  ghost atom cutoff = 26.9
  binsize = 13.45, bins = 63 63 63
  2 neighbor lists, perpetual/occasional/extra = 1 1 0
  (1) pair lj/cut, perpetual
      attributes: half, newton on
      pair build: half/bin/newton
      stencil: half/bin/3d/newton
      bin: standard
  (2) fix bond/create/random, occasional, copy from (1)
      attributes: half, newton on
      pair build: copy
      stencil: none
      bin: none
Per MPI rank memory allocation (min/avg/max) = 17.81 | 18.29 | 19.27 Mbytes
Step E_pair PotEng KinEng E_bond E_angle Temp Bonds 
       0   -3900.5474    3307.7747     12987.49   -1069.2812    8277.6033    311.23893    15438 
 1000000   -3690.7987    3482.7555    12969.152   -1030.0392    8203.5934    310.79947    15404 
 2000000   -3906.5388    3366.9706    12852.534   -945.20425    8218.7136    308.00478    15416 
 3000000   -3866.3542    3275.6366    12768.858   -1022.2656    8164.2564    305.99951    15409 
 4000000   -3926.9179    3251.4432    12922.561   -1038.6911    8217.0522    309.68293    15418 
 5000000   -3875.8072    3544.6265    12881.936   -981.11477    8401.5485    308.70938    15399 
 6000000   -3833.2027    3335.5679    13007.501    -1079.619    8248.3896    311.71849    15440 
 7000000    -3812.227    3293.1371    12915.616   -1006.7782    8112.1423    309.51651    15384 
 8000000   -3913.8877    3227.5976    12906.395   -1064.6053    8206.0906    309.29554    15409 
 9000000   -3909.4679     3227.188    12776.893   -1064.6147    8201.2706    306.19208    15411 
10000000   -3884.2934    3532.8463    12971.053   -871.11431     8288.254    310.84503    15392 
11000000   -3773.1802    3566.6207    12900.104   -965.51309     8305.314    309.14477    15403 
12000000   -3796.8181     3325.177    12896.937   -1063.1781    8185.1732    309.06886    15418 
13000000   -3818.0765    3567.8425    12817.651    -960.3453    8346.2643    307.16882    15415 
14000000   -3886.4657    3286.3577    13012.565   -1039.9606     8212.784    311.83983    15410 
15000000   -3894.1819    3293.0154     12905.92   -1014.0071    8201.2043    309.28414    15408 
16000000   -3737.0131    3486.9494    12863.832   -970.82717    8194.7896    308.27551    15397 
17000000   -3721.6104    3518.8852    12945.553   -922.18189    8162.6774    310.23392    15394 
18000000   -3834.1567    3360.3186     12899.24   -1008.4467     8202.922    309.12406    15402 
19000000   -3785.9076    3542.1447    13016.508   -1014.7681    8342.8204    311.93433    15393 
20000000   -3851.1845     3518.323    13002.767    -1046.637    8416.1445    311.60503    15404 
21000000   -3904.4303    3393.8735    12962.943    -968.6702     8266.974    310.65066    15414 
22000000   -3827.7453    3306.3307    13016.071   -1061.3487    8195.4247    311.92386    15448 
23000000   -3754.3029    3364.4047    12852.664   -1154.9341    8273.6417    308.00789    15422 
24000000   -3872.2612     3433.691    12894.883    -951.2952    8257.2474    309.01964    15407 
25000000   -3776.4699     3527.702    12867.487   -993.36836    8297.5403    308.36311    15405 
26000000   -3844.7025    3440.5696     12909.81   -1044.0779    8329.3499    309.37736    15406 
27000000   -3837.2036    3451.6294    12854.542   -988.65336    8277.4863    308.05289    15409 
28000000   -3851.0701    3346.0367    13050.318   -1044.6332    8241.7401    312.74457    15411 
29000000   -3711.5839    3419.6407      13098.4    -1073.904    8205.1286    313.89684    15413 
30000000   -3806.4955    3412.2355    12997.628    -956.7794    8175.5105    311.48189    15410 
31000000   -3815.4089     3477.665    12876.466   -1012.6593    8305.7332    308.57828    15416 
32000000   -3907.0323    3296.1107    12857.419   -993.41053    8196.5536    308.12184    15423 
33000000    -3737.134     3540.328    12900.127   -1030.4907    8307.9527    309.14532    15417 
34000000   -3843.6532    3248.5254    12915.671    -1109.214    8201.3926    309.51783    15436 
35000000   -3830.8858    3587.9846    12973.163   -839.95834    8258.8287    310.89558    15376 
36000000   -3916.4771    3281.7141    12873.551   -1031.2581    8229.4492    308.50844    15404 
37000000    -3836.117    3347.5931    12966.862   -1109.6094    8293.3196    310.74458    15435 
38000000   -3822.5672    3424.5294    12987.531   -968.80904    8215.9057     311.2399    15410 
39000000   -3900.9566    3509.1201    12813.292   -921.13459    8331.2113    307.06436    15405 
40000000   -3884.0727     3416.184    12888.787   -992.30969    8292.5664    308.87355    15419 
41000000   -3786.6952     3387.483     12898.48   -1077.7254    8251.9036    309.10585    15413 
42000000   -3774.3076    3390.8279    12906.181   -1050.1605     8215.296    309.29039    15409 
43000000   -3846.3296     3373.872    12900.103   -909.33375    8129.5354    309.14474    15418 
44000000   -3913.0447    3321.9044    12958.855   -983.31989     8218.269    310.55271    15406 
45000000   -3806.7602    3383.5713    13017.609    -987.3774    8177.7089    311.96071    15409 
46000000   -3846.0077    3501.1238    12877.538   -951.18703    8298.3185    308.60398    15406 
47000000   -3831.4695    3423.3714    12891.282   -952.96563    8207.8065    308.93334    15389 
48000000   -3891.1797     3295.326    12845.779   -1009.5219    8196.0276    307.84289    15401 
49000000   -3879.2612    3511.1309    12823.085   -890.95749    8281.3496    307.29903    15384 
50000000   -3898.9469     3287.949    12972.879   -1034.5515    8221.4474    310.88878    15415 
51000000   -3883.7089    3288.8902    12787.008   -927.46776    8100.0669    306.43447    15409 
52000000    -3749.873    3534.6168    12873.942   -1102.9107    8387.4005     308.5178    15415 
53000000    -3804.421    3366.8429    12961.433   -1114.7238    8285.9877    310.61448    15417 
54000000   -3806.5875    3469.7529    12999.766   -1027.2619    8303.6024    311.53311    15403 
55000000   -3822.5258    3531.7966    12978.136   -911.22131    8265.5436    311.01476    15380 
56000000   -3816.5591    3408.2676    13020.253   -945.00011    8169.8268    312.02408    15406 
57000000   -3727.0544    3347.7562    12874.808   -1105.4606    8180.2712    308.53856    15414 
58000000   -3721.9186    3680.9296    12997.764   -934.66855    8337.5167    311.48513    15381 
59000000   -3759.4295    3634.1655      13096.3   -964.19527    8357.7903    313.84652    15424 
60000000   -3767.0101    3439.2154    12904.277   -1084.7024    8290.9279    309.24477    15405 
61000000   -3834.5929    3480.3671    12819.445   -933.42918    8248.3891    307.21181    15424 
62000000   -3853.9921      3331.51    12867.343   -1055.8778    8241.3798    308.35967    15410 
63000000    -3798.674    3457.4806     12947.71   -1093.8307    8349.9853    310.28562    15415 
64000000   -3863.2479    3432.6371    12927.542     -1022.27    8318.1549    309.80231    15402 
65000000   -3738.5577    3561.7789    12869.265   -945.79379    8246.1304    308.40572    15381 
66000000   -3822.8337    3490.3525     12782.41   -957.44019    8270.6264    306.32429    15389 
67000000   -3791.6034    3586.2088    12932.653   -910.93383     8288.746    309.92478    15384 
68000000   -3836.2618    3438.8953    13023.786   -971.70135    8246.8584    312.10874    15415 
69000000   -3811.7083    3143.0692    13019.733   -1189.4567    8144.2343    312.01162    15449 
70000000   -3844.2833    3403.9234    12982.486   -1101.8798    8350.0865    311.11902    15423 
71000000   -3802.8186    3478.4282    13052.154   -973.69364    8254.9404    312.78857    15411 
72000000   -3720.3629    3611.6046    13068.151   -893.76267    8225.7302    313.17194    15400 
73000000   -3737.4142    3456.5609    12886.999     -973.151    8167.1261     308.8307    15399 
74000000   -3842.1954    3273.0625    12922.349   -1145.1803    8260.4381    309.67786    15414 
75000000   -3867.7777    3440.1416    12909.655   -992.41591    8300.3353    309.37365    15423 
76000000   -3766.2759    3396.1202    12899.071   -1024.0104    8186.4065       309.12    15399 
77000000   -3851.1948    3505.1454    12941.467   -953.75834    8310.0986    310.13601    15401 
78000000   -3720.8986    3523.2258    13006.863   -976.22446    8220.3489    311.70318    15395 
79000000   -3885.8021    3370.4951    12776.505   -982.70113    8238.9984    306.18277    15397 
80000000   -3847.3132    3421.1854    12923.703    -1041.372    8309.8706    309.71029    15418 
81000000   -3831.7123    3320.6063    13129.931   -1044.7063    8197.0248    314.65246    15405 
82000000   -3815.8358    3440.9557     13061.03   -992.70988    8249.5014    313.00127    15420 
83000000   -3751.9176    3489.1799    12800.388   -984.90111    8225.9986    306.75513    15402 
84000000   -3798.4866    3465.0652    12887.394   -948.70391    8212.2557    308.84016    15396 
85000000   -3751.8914    3567.6884    12951.009   -886.49357    8206.0734    310.36468    15382 
86000000   -3861.9732    3241.9763    13047.419   -1039.1109    8143.0604     312.6751    15425 
87000000   -3736.5285    3518.2139    13028.515     -973.025    8227.7674    312.22207    15436 
88000000    -3767.974    3715.7983    12923.304   -878.91444    8362.6867    309.70075    15384 
89000000   -3748.9861    3494.9497    12950.239   -983.44203    8227.3778    310.34622    15412 
90000000    -3791.555    3391.7448    13042.832   -1129.7229    8313.0228    312.56516    15416 
91000000   -3798.9911    3351.9273    12746.855   -1064.7982    8215.7166    305.47223    15409 
92000000   -3701.9116    3704.2172    12919.273   -956.16287    8362.2917    309.60413    15400 
93000000   -3772.9011    3462.5054    13026.436   -990.62281    8226.0293    312.17225    15412 
94000000   -3807.1519    3540.0301    13006.982   -969.33363    8316.5157    311.70605    15403 
95000000   -3823.5539    3662.0841    12896.403   -862.30224    8347.9402    309.05608    15396 
96000000   -3823.1797    3390.9482    12947.625   -1002.1327    8216.2606    310.28358    15401 
97000000   -3791.0345    3518.6307    12938.335   -901.41258    8211.0778    310.06096    15383 
98000000   -3766.1332    3369.3691    12897.501    -1011.588    8147.0903    309.08238    15410 
99000000   -3662.1562    3662.5032    12892.056   -933.60092    8258.2603     308.9519    15393 
100000000   -3726.1301    3539.1685    13055.905   -1072.6797    8337.9783    312.87845    15419 
101000000   -3724.5371    3466.6869    12941.361   -1067.2745    8258.4986    310.13347    15418 
102000000   -3799.8769    3428.9815    12891.606    -1048.983    8277.8413    308.94112    15399 
103000000    -3762.004     3453.571    12845.004   -1009.8466    8225.4216    307.82431    15405 
104000000   -3895.1568    3361.4317    12818.099   -1013.3168    8269.9053    307.17957    15402 
105000000   -3778.9025    3405.6623    12904.664    -1078.065    8262.6298    309.25405    15423 
106000000   -3770.8601    3548.9717    12836.209    -873.8313    8193.6631    307.61356    15381 
107000000    -3815.934    3600.6319    12931.027   -871.83512     8288.401    309.88582    15404 
108000000   -3812.1512    3582.9736     13000.37   -830.23742    8225.3622     311.5476    15386 
109000000   -3800.1588     3543.456    12951.534   -907.11761    8250.7324    310.37726    15387 
110000000   -3774.4151     3701.654    12816.975   -921.80731    8397.8764    307.15261    15396 
111000000   -3806.5722    3490.0359    12843.616   -935.03767    8231.6458    307.79105    15385 
112000000   -3779.4473    3613.0247    12911.825   -916.27197    8308.7439    309.42566    15397 
113000000   -3800.3701    3445.7032    12749.305   -999.88702    8245.9602    305.53094    15412 
114000000   -3658.6527    3549.7301     12932.53   -1056.6364    8265.0192    309.92185    15396 
115000000   -3743.0515    3507.1505    12902.117   -983.05287    8233.2549      309.193    15418 
116000000    -3758.552    3604.7665    12906.311   -881.62895    8244.9474    309.29351    15378 
117000000    -3804.399    3550.2143    12959.157   -915.84355    8270.4568    310.55995    15381 
118000000   -3724.3118    3729.0278    13004.293   -869.03359    8322.3732    311.64161    15391 
119000000   -3850.8498    3454.3475    12920.691   -1078.9486    8384.1459    309.63813    15414 
120000000   -3768.5671    3618.4192    12955.725   -899.19683    8286.1832     310.4777    15391 
121000000   -3776.2305    3529.3105     13049.52   -941.49189    8247.0329    312.72545    15390 
122000000   -3693.0807    3554.2015    12752.063   -1090.5826    8337.8647    305.59704    15413 
123000000   -3772.8387    3576.7724    13003.341   -948.03635    8297.6475    311.61879    15406 
124000000   -3800.5678     3332.817    12953.865   -1051.0142    8184.3991    310.43312    15428 
125000000   -3823.0815    3473.8302    12844.337   -986.59084    8283.5025    307.80833    15409 
126000000   -3786.8425    3324.3599    12845.197   -1103.0962    8214.2986    307.82895    15438 
127000000   -3756.3529    3561.0074    12744.889   -1019.7363    8337.0966    305.42511    15406 
128000000   -3864.1999    3341.1439     12831.08   -1036.6787    8242.0225    307.49063    15426 
129000000     -3926.93    3595.5145    12905.719    -926.5057    8448.9502    309.27932    15402 
130000000   -3827.8309    3295.8811    12954.865   -1041.7508    8165.4627    310.45708    15400 
131000000    -3850.304    3452.4122    13083.592   -930.38396    8233.1001    313.54197    15396 
132000000   -3766.1782    3535.1755    12980.447   -931.71256    8233.0662    311.07014    15409 
133000000   -3851.6726    3330.1787    12823.759   -1130.6743    8312.5256    307.31519    15435 
134000000    -3791.189     3411.731    12869.227   -913.45903    8116.3791     308.4048    15391 
135000000   -3738.2719    3584.8898    12803.446   -887.05544    8210.2171    306.82841    15396 
136000000   -3780.8409     3462.028    12964.732   -1018.1159    8260.9848    310.69354    15415 
137000000   -3759.0596    3524.4036    12842.484   -923.84941    8207.3125    307.76394    15396 
138000000   -3741.3714    3346.0519    12942.218   -1082.4921    8169.9155    310.15401    15403 
139000000   -3787.5483    3576.4811    13094.077   -899.97377    8264.0032    313.79323    15380 
140000000   -3825.0989    3368.0644    12908.552   -1035.5964    8228.7597    309.34722    15407 
141000000   -3859.2995    3280.6778    13007.148   -1036.2203    8176.1977    311.71001    15425 
142000000   -3778.4658    3400.4439    13030.965   -1002.6637    8181.5735    312.28078    15412 
143000000   -3828.7639    3213.7203     13021.86   -1152.2679    8194.7521     312.0626    15416 
144000000   -3831.1931    3459.5066    12888.331    -1042.632    8333.3318    308.86262    15398 
145000000   -3814.2372    3567.1665    12919.554   -869.19626       8250.6    309.61088    15395 
146000000   -3834.4984    3428.4385     12944.78   -963.54048    8226.4774    310.21541    15402 
147000000   -3749.2902    3515.2301    12857.078    -850.0833    8114.6035    308.11366    15368 
148000000   -3809.4831    3454.0288    13068.112   -983.82358    8247.3355      313.171    15402 
149000000   -3761.5724    3488.3199     12958.11    -972.0118    8221.9042    310.53486    15401 
150000000   -3842.1862    3335.7849    12834.193   -1104.8399     8282.811    307.56525    15416 
151000000    -3788.015    3506.9984    12806.088   -874.16776    8169.1812    306.89171    15391 
152000000     -3818.96    3366.8272    12747.747   -1075.0108    8260.7979    305.49359    15427 
153000000    -3819.763     3327.865    12834.929   -1097.6309    8245.2589    307.58287    15426 
154000000   -3735.4245    3537.0392    12884.336   -1022.0056    8294.4693     308.7669    15391 
155000000   -3871.6908    3236.8119    12921.633   -1069.5212    8178.0239    309.66071    15421 
156000000   -3918.9911    3256.9678    12870.586   -1035.3961    8211.3549    308.43737    15416 
157000000   -3811.3538    3414.0439    13010.245   -999.60126    8224.9989    311.78425    15404 
158000000   -3883.6247    3303.8615    12717.417   -1120.1086    8307.5948    304.76675    15427 
159000000   -3704.7533    3513.5045    12938.797   -978.97676    8197.2346    310.07202    15404 
160000000   -3762.1822    3653.5176    12905.082     -909.394    8325.0938    309.26405    15399 
161000000   -3752.4197    3450.2257    12905.801   -1077.1822    8279.8277    309.28129    15404 
162000000   -3768.5884    3637.5595    12812.669   -858.62107    8264.7689    307.04942    15372 
163000000   -3717.3849    3549.7885    13017.224   -939.80643    8206.9798     311.9515    15404 
164000000   -3815.1835     3333.153    12972.827   -1085.2896     8233.626    310.88754    15427 
165000000   -3820.2031     3313.354    12867.738   -1058.4343    8191.9915    308.36913    15411 
166000000   -3797.7121    3527.6393    12918.392   -967.15109    8292.5026    309.58303    15380 
167000000   -3851.3122     3345.513    12960.099   -937.44317    8134.2683    310.58251    15399 
168000000   -3820.0152    3330.5351    12879.527   -1081.2563    8231.8066    308.65166    15415 
169000000   -3847.5174     3313.123    12913.026   -973.54462     8134.185    309.45443    15390 
170000000    -3857.891     3383.074    13059.026   -1048.9247    8289.8896    312.95325    15404 
171000000   -3783.2585    3334.8834    12952.316   -1096.8493    8214.9912      310.396    15403 
172000000   -3735.9153    3571.8281    12986.977    -911.4769    8219.2203    311.22664    15390 
173000000   -3817.5898    3353.2027    12866.605   -979.12412    8149.9166    308.34199    15400 
174000000    -3862.235    3283.4809     12903.35   -1001.0492    8146.7651    309.22256    15392 
175000000   -3770.7495    3586.8683    13013.493   -925.16161    8282.7794    311.86209    15385 
176000000   -3805.8813    3462.6171    12943.511    -1025.851    8294.3494    310.18499    15398 
177000000   -3885.1889    3377.2585    12998.198   -1029.4338    8291.8812    311.49553    15403 
178000000    -3784.129    3550.5277    12963.471   -973.04138    8307.6981    310.66333    15403 
179000000   -3760.9064     3566.775    13032.795   -927.00375    8254.6851    312.32464    15393 
180000000   -3859.9031    3407.3935    12848.118   -973.44498    8240.7416    307.89895    15433 
181000000   -3778.7605    3407.5994    12841.625    -968.7423    8155.1023    307.74335    15395 
182000000   -3783.7493    3502.2064    12998.785   -925.97906    8211.9347    311.50961    15401 
183000000   -3913.5612    3229.9495    12758.689   -1115.1878    8258.6985    305.75581    15443 
184000000     -3832.89    3388.1117    12934.394   -970.03221    8191.0339    309.96652    15413 
185000000   -3833.6975    3321.3678    12742.648   -1010.0273    8165.0926    305.37141    15417 
186000000   -3763.1696    3450.9367    12849.907   -1005.9479    8220.0542    307.94182    15412 
187000000   -3843.8238    3480.4986    13024.692   -978.93829    8303.2607    312.13046    15391 
188000000   -3739.2205    3585.4993    12829.287   -961.79146    8286.5113    307.44768    15397 
189000000   -3753.2311    3545.0173    12774.855   -1024.6097    8322.8582    306.14322    15397 
190000000    -3724.171     3637.105    12832.408    -926.3055    8287.5815    307.52247    15390 
191000000   -3795.9827    3359.6851    12857.103   -1033.1042     8188.772    308.11426    15402 
192000000   -3797.9411    3399.7035    13028.242   -1015.3288    8212.9734    312.21552    15398 
193000000   -3842.6099    3372.5717    13007.979   -1049.5103    8264.6919    311.72994    15419 
194000000   -3758.1041    3575.6794    12848.229   -872.39557    8206.1791     307.9016    15368 
195000000   -3886.4073    3266.0856    12968.857   -1039.4102    8191.9031    310.79241    15420 
196000000   -3795.2771    3502.3294    12870.906   -959.69551     8257.302    308.44504    15414 
197000000   -3766.1284    3388.8386    13048.117   -1074.4776    8229.4446    312.69183    15428 
198000000   -3891.1793    3285.7762    13014.827   -1005.3165     8182.272    311.89404    15411 
199000000   -3856.6009     3406.324    12933.021   -1001.6556    8264.5805     309.9336    15405 
200000000   -3808.0674    3463.5223    12950.612   -971.12224    8242.7119    310.35517    15403 
201000000   -3729.3629    3457.5587    12926.845   -990.66959    8177.5912     309.7856    15401 
202000000   -3823.2009     3379.045    12888.428    -1146.984    8349.2299    308.86495    15429 
203000000   -3786.6125    3246.5418     12976.69   -1090.3159    8123.4702    310.98011    15425 
204000000   -3760.2354    3591.9792    12873.188    -958.1765    8310.3911    308.49973    15387 
205000000   -3664.1827    3706.4572    12907.962   -948.03526    8318.6751    309.33308    15402 
206000000   -3882.6106     3438.231    12971.633   -863.33871    8184.1804    310.85893    15391 
207000000   -3771.2547      3364.95    12814.143   -1027.5952    8163.7999    307.08474    15399 
208000000   -3824.1546    3359.8425     12973.47   -1039.5948    8223.5919    310.90294    15407 
209000000   -3832.0657    3296.1543    12956.048    -1037.489     8165.709    310.48543    15420 
210000000   -3864.8956    3558.3234    12974.118   -970.54432    8393.7633    310.91847    15410 
211000000   -3817.1933    3570.7742      12954.1   -957.55915    8345.5266    310.43875    15390 
212000000    -3880.006    3299.7041    12849.433   -1055.1408    8234.8509    307.93045    15405 
213000000   -3839.8392    3473.0866    12911.478   -956.59524     8269.521    309.41733    15398 
214000000   -3792.4309    3568.3308    12994.875   -945.04438    8305.8061     311.4159    15384 
215000000    -3758.905    3460.6506    12881.536   -918.97241     8138.528    308.69978    15395 
216000000   -3872.1434    3460.8326     12868.51   -909.66626    8242.6423    308.38762    15408 
217000000   -3868.8663     3377.749    12893.442   -1094.5333    8341.1486    308.98512    15417 
218000000   -3835.5157    3558.0962    13058.779   -974.05664    8367.6686    312.94733    15383 
219000000   -3711.2045    3562.6978    12997.973   -992.38273    8266.2851    311.49014    15399 
220000000    -3794.156    3303.6092    12955.632   -1078.9309    8176.6961    310.47548    15414 
221000000   -3824.5515    3344.0951    13088.781   -1090.6581    8259.3048    313.66631    15417 
222000000   -3893.2717    3393.2827    12777.436   -1046.9085    8333.4629    306.20509    15401 
223000000   -3774.6031    3341.8455    12863.162   -1012.7835    8129.2321    308.25946    15392 
224000000   -3807.0562    3437.0781    13032.984   -1008.0192    8252.1535    312.32918    15384 
225000000   -3873.6218    3455.4302    12919.245   -954.32771    8283.3797    309.60347    15406 
226000000    -3902.899    3317.9172    13081.764   -1086.3093    8307.1256    313.49817    15436 
227000000   -3852.3302    3355.0393    12938.573   -955.05726    8162.4267    310.06667    15402 
228000000   -3823.4673    3441.5853    13095.476   -998.09508    8263.1477    313.82676    15422 
229000000    -3794.616    3298.8461     13039.43   -1085.3087    8178.7708    312.48364    15409 
230000000   -3808.4211    3521.0903    12753.576   -839.13086    8168.6423    305.63329    15393 
231000000   -3815.5166    3543.1692    12803.114   -958.51885    8317.2047    306.82045    15385 
232000000   -3718.3881    3579.5927    12854.947   -1004.4781    8302.4589    308.06259    15396 
233000000   -3872.6145    3377.4732    13019.116   -1055.0559    8305.1436    311.99682    15410 
234000000   -3823.2402    3294.1221    12983.674   -1086.4452    8203.8074    311.14748    15413 
235000000   -3802.1637    3470.4931    12853.694   -1001.0552    8273.7121    308.03256    15408 
236000000   -3865.2034     3522.067    12929.814   -950.50762     8337.778    309.85675    15406 
237000000   -3837.0072    3411.0742    12806.446   -1031.7781    8279.8595    306.90029    15416 
238000000    -3815.302    3468.6086    12879.102   -882.17848    8166.0891    308.64146    15384 
239000000   -3873.0412    3595.3622     13023.17   -857.56256     8325.966    312.09398    15388 
240000000   -3826.0614     3490.776    13010.584    -994.3027    8311.1401    311.79237    15400 
241000000   -3677.9229    3596.7558    12935.951    -958.9015    8233.5802    310.00383    15394 
242000000   -3827.2178    3343.2612    13026.326   -1046.1925    8216.6715    312.16962    15417 
243000000   -3795.8343    3624.8934    12825.339   -901.80449    8322.5322    307.35307    15359 
244000000   -3835.0081    3405.1059    13008.929    -959.5345    8199.6485     311.7527    15408 
245000000   -3805.2975      3362.61    12901.127   -1004.2206    8172.1281    309.16928    15403 
246000000   -3831.3592    3626.3724     12770.94   -926.05155    8383.7831    306.04942    15402 
247000000   -3785.4718    3489.2067     12946.24   -1020.9666    8295.6452    310.25038    15397 
248000000   -3828.4682    3361.7977    13080.386   -974.88988    8165.1558    313.46514    15395 
249000000   -3834.5475    3512.1725    12792.489   -897.26734    8243.9874    306.56583    15403 
250000000   -3931.6586    3297.9903    13028.118   -964.86614    8194.5151    312.21255    15408 
251000000    -3823.998    3280.2685    13002.554   -1122.3806    8226.6471    311.59992    15400 
252000000   -3875.4237    3323.9825    13003.107   -989.73543    8189.1416    311.61317    15418 
253000000   -3945.7542    3285.3641    12903.642   -1051.3184    8282.4367    309.22955    15431 
254000000   -3827.3999    3371.6186    13021.301   -1030.9654    8229.9839    312.04918    15424 
255000000   -3783.1612    3354.8074    13001.906   -1036.0428    8174.0114    311.58439    15394 
256000000   -3865.0815    3328.7399    12943.161   -922.45154    8116.2729    310.17661    15399 
257000000   -3868.9946    3324.5732    13068.831   -1010.3009    8203.8688    313.18823    15432 
258000000   -3876.5841    3359.4276    12833.063   -1027.5667    8263.5784    307.53816    15383 
259000000   -3876.0778    3496.4756    12990.748   -945.15191    8317.7053      311.317    15402 
260000000    -3799.612    3523.8251    12803.916   -948.80578     8272.243    306.83965    15413 
261000000   -3794.9277    3454.9817    12915.587   -1016.5145    8266.4238    309.51581    15404 
262000000   -3872.5955    3375.0056    12895.835   -958.21905    8205.8201    309.04247    15392 
263000000   -3861.2723    3386.5049    12917.253   -1018.5536    8266.3308    309.55574    15394 
264000000   -3843.2384    3512.1388    12946.822   -944.42804    8299.8052    310.26434    15415 
265000000    -3830.377    3331.1737    12965.758   -950.51193    8112.0626    310.71812    15394 
266000000   -3842.4176    3411.9938    12986.203    -1040.546    8294.9574    311.20809    15402 
267000000   -3786.7762    3612.9917     13060.92   -972.38468    8372.1526    312.99863    15389 
268000000   -3822.9197    3342.9822    12883.309   -1044.7961     8210.698    308.74227    15409 
269000000    -3776.376    3379.3705    13031.313   -961.11073    8116.8572    312.28911    15392 
270000000   -3797.1055    3496.5153    12970.675   -1036.3392    8329.9599    310.83596    15427 
271000000   -3914.5459    3091.7459    13002.212   -1159.7721     8166.064    311.59173    15440 
272000000   -3777.9186    3521.3546     12871.63   -1006.7285    8306.0016    308.46239    15418 
273000000   -3896.8231    3440.7346    12872.347   -1014.5201    8352.0778    308.47958    15408 
274000000   -3840.6737    3336.4412    12861.428   -1037.0072    8214.1221     308.2179    15390 
275000000   -3879.8582    3428.9875    12886.294    -967.9846    8276.8302    308.81381    15393 
276000000   -3753.8507    3548.8115    12844.552   -843.35399    8146.0162    307.81349    15375 
277000000   -3831.0864    3441.6554    12866.983   -984.49373    8257.2356    308.35103    15402 
278000000   -3814.1915    3485.6874    13057.631    -920.7781     8220.657    312.91983    15395 
279000000   -3857.8654    3346.4388    12842.555   -969.08601    8173.3902    307.76563    15408 
280000000   -3799.6857    3379.1191    12828.217   -1045.4998    8224.3047    307.42203    15401 
281000000   -3909.8238    3190.5057    12970.831   -1081.2421    8181.5716    310.83971    15429 
282000000   -3916.0474    3229.6458    12921.875   -1055.2759    8200.9691     309.6665    15431 
283000000   -3853.1872    3296.4184    12994.788   -1064.7918    8214.3973    311.41382    15418 
284000000   -3853.8068    3244.1826    12692.425   -1075.2605      8173.25    304.16783    15402 
285000000    -3821.384    3415.1742    12976.359   -896.98913    8133.5473    310.97217    15393 
286000000   -3858.4224    3301.1944    13048.608   -1016.7397    8176.3566     312.7036    15418 
287000000   -3849.2426    3514.3482    12791.934   -896.78857    8260.3793    306.55252    15393 
288000000   -3800.2282    3331.1548    12916.521   -1043.5507    8174.9338    309.53819    15398 
289000000   -3840.4534    3336.4918    12843.747   -1067.5385    8244.4837    307.79421    15432 
290000000   -3821.6781    3476.9522    13097.614   -975.37282    8274.0032    313.87799    15403 
291000000   -3856.0658    3468.5026    12879.367   -854.31459     8178.883    308.64781    15411 
292000000   -3800.5601    3707.1566    12883.508   -927.52954    8435.2462    308.74704    15404 
293000000   -3765.1677    3257.5572    12998.977   -1108.5007    8131.2256     311.5142    15413 
294000000   -3795.3246    3639.6331    13109.406   -1000.4459    8435.4036    314.16058    15401 
295000000   -3877.8577     3389.659    12886.732   -939.99837     8207.515    308.82431    15422 
296000000   -3788.7097    3379.4627    12881.206    -1003.791    8171.9634    308.69188    15406 
297000000   -3811.6145    3331.0651    13131.716   -1006.1561    8148.8357    314.69522    15412 
298000000    -3786.237    3535.1189    13083.817   -995.20978    8316.5657    313.54735    15401 
299000000   -3812.8857    3240.8806    12885.018   -1099.5049    8153.2713    308.78324    15428 
300000000   -3846.6892    3309.8632    13097.805   -1045.8361    8202.3885    313.88257    15435 
301000000   -3727.7216    3423.6536     13008.71   -968.32987     8119.705    311.74745    15388 
302000000   -3777.5852    3612.8611    13013.734   -896.52005    8286.9663    311.86785    15390 
303000000   -3787.7643     3368.716    12792.155   -1037.2408    8193.7211    306.55781    15406 
304000000   -3814.2656    3427.4576    12883.315   -1030.2929    8272.0161    308.74242    15410 
305000000   -3806.9644    3337.8096    13077.342    -984.7017    8129.4757    313.39218    15401 
306000000   -3815.2296    3502.5637     12912.37   -986.72056    8304.5138    309.43872    15413 
307000000   -3867.9904    3330.0215    12891.012   -985.48813       8183.5    308.92689    15404 
308000000    -3929.706     3239.287    12899.157   -1110.7514    8279.7444    309.12207    15433 
309000000   -3932.8727    3324.0031    12766.547   -992.26037    8249.1361    305.94413    15410 
310000000   -3852.9747    3293.6561    12995.922   -1117.2483     8263.879      311.441    15425 
311000000   -3780.4848    3397.8049    13082.578   -972.37888    8150.6685    313.51766    15406 
312000000    -3831.878    3243.6644    13071.819   -1144.8063    8220.3488    313.25984    15417 
313000000   -3747.9687    3573.6131    12784.176   -1037.6079    8359.1897    306.36661    15401 
314000000   -3890.2052    3245.7616    13056.321   -1050.5888    8186.5556    312.88844    15422 
315000000   -3725.4642     3654.823    12953.568   -950.99122    8331.2784      310.426    15382 
316000000   -3706.7645    3602.9359    12996.832   -991.54919    8301.2496     311.4628    15400 
317000000   -3784.6444    3646.0719    13005.241   -781.13049    8211.8468    311.66431    15375 
318000000   -3796.9674    3484.5152    13087.389   -939.40453    8220.8871    313.63295    15390 
319000000   -3875.1391    3481.4983     12978.88   -937.83869    8294.4761    311.03259    15414 
320000000   -3894.3892    3235.6338    12824.106   -1060.2512    8190.2742    307.32351    15429 
321000000   -3879.0528    3426.0257    12876.403   -959.30524    8264.3837    308.57679    15397 
322000000   -3810.6683    3549.6653    12943.343   -923.79108    8284.1246    310.18096    15411 
323000000    -3812.558    3277.7189    12805.593    -1121.677    8211.9539    306.87986    15418 
324000000   -3785.8389    3434.4552    12826.256   -1034.0888    8254.3829    307.37504    15409 
325000000   -3811.6592    3425.1311    12877.389   -1057.3203    8294.1105    308.60042    15416 
326000000   -3796.8443    3459.4265    12941.765     -1068.28    8324.5508    310.14316    15410 
327000000   -3775.2609    3680.2781    12977.417   -870.10435    8325.6433    310.99754    15393 
328000000   -3818.8097    3434.1714    12928.874   -968.95872    8221.9398    309.83422    15405 
329000000   -3833.8957    3451.2382    12942.367   -984.10931    8269.2432    310.15757    15417 
330000000    -3809.967    3472.5359    13003.852   -949.13176    8231.6347    311.63105    15401 
331000000   -3796.5994    3323.7342    12882.256   -971.74297    8092.0766    308.71704    15420 
332000000   -3906.6482    3285.9902    13017.162   -1092.5083    8285.1467    311.94999    15429 
333000000   -3832.1501    3354.1254    13030.677   -989.09691    8175.3724    312.27389    15417 
334000000   -3925.4126    3094.3733    13037.144   -1137.4729    8157.2588    312.42887    15437 
335000000    -3852.433    3320.5562    13055.002   -1050.4664    8223.4556    312.85683    15404 
336000000   -3898.0035    3313.2702    12930.917   -974.71591    8185.9897    309.88318    15404 
337000000   -3769.8477    3390.2797    12942.185   -1009.5244    8169.6517    310.15321    15420 
338000000    -3786.882    3355.9789    12909.182   -1054.1344    8196.9954    309.36232    15414 
339000000    -3863.371    3560.9279    12912.148   -879.81297    8304.1119    309.43338    15398 
340000000   -3894.0232    3476.5788     12953.05   -960.58848    8331.1905    310.41359    15393 
341000000    -3803.463    3444.3438    13054.461   -933.60662    8181.4134    312.84386    15374 
342000000   -3918.6935     3453.105    12818.539   -900.92846     8272.727     307.1901    15411 
343000000   -3874.6398    3335.4676    12901.127   -1160.6294    8370.7369    309.16929    15422 
344000000   -3703.0098    3614.3491    12927.363   -893.66736    8211.0263      309.798    15384 
345000000   -3879.2414    3369.1201    13081.364   -927.98399    8176.3455    313.48858    15397 
346000000   -3864.1878    3311.3006    12965.883    -1054.415    8229.9034    310.72113    15395 
347000000   -3928.8037    3121.5727    12878.207   -1157.2206     8207.597    308.62001    15423 
348000000   -3772.6009    3543.9233    12903.437   -986.52962    8303.0538    309.22464    15393 
349000000   -3900.5278    3268.0526    13125.472   -1074.1327    8242.7131    314.54559    15430 
350000000   -3741.4195    3613.5783    13027.299   -926.12731    8281.1251    312.19292    15410 
351000000   -3772.3804    3534.0543    13044.881   -967.00276    8273.4375    312.61427    15396 
352000000   -3774.4568    3488.1645    12888.564   -953.72576     8216.347    308.86823    15417 
353000000   -3832.3892    3542.9324    12924.279    -917.0203    8292.3419    309.72411    15394 
354000000   -3844.1595    3547.4244     12963.47   -872.53639    8264.1203     310.6633    15392 
355000000     -3747.17    3602.7408    12863.626   -933.65012    8283.5609    308.27059    15409 
356000000   -3720.5168    3638.0219    12888.473     -883.935    8242.4737    308.86602    15375 
357000000   -3750.5512    3423.8547    12823.467   -1108.4654    8282.8712    307.30821    15420 
358000000   -3857.7501    3392.3191    12796.254   -1074.0386    8324.1078    306.65606    15410 
359000000   -3820.1635    3584.9349    13101.263    -968.7545    8373.8529    313.96544    15403 
360000000   -3773.3774    3459.9476    12934.091   -924.91704    8158.2421    309.95924    15408 
361000000   -3783.9607     3445.956    12902.937   -1042.4715    8272.3882    309.21264    15410 
362000000   -3709.7921    3547.6093     12993.46   -995.29409    8252.6955    311.38201    15396 
363000000   -3902.9869    3358.2883    13035.759   -975.20637    8236.4816    312.39568    15395 
364000000   -3835.5173    3287.8093     12942.92   -1140.6745    8264.0011    310.17083    15429 
365000000   -3732.1635     3566.415    12920.441   -975.62545    8274.2039    309.63212    15387 
366000000   -3808.2407    3397.6695    12828.526    -1037.437    8243.3472    307.42943    15422 
367000000   -3718.4074    3438.5617     12959.27   -1022.7374    8179.7065    310.56265    15422 
368000000   -3846.1093    3486.4596    12928.961   -938.45283    8271.0217     309.8363    15409 
369000000   -3703.4293    3581.9387    12995.967   -899.88874    8185.2567    311.44208    15374 
370000000   -3842.9957    3463.5283    12845.096   -983.24838    8289.7723    307.82653    15400 
371000000   -3728.0734      3510.16    12942.352   -975.78556     8214.019    310.15722    15403 
372000000   -3701.6633    3731.4827    12857.593   -849.52891     8282.675      308.126    15384 
373000000   -3730.6807    3660.4544    12772.247   -902.99931    8294.1345    306.08073    15384 
374000000    -3933.553    3231.4689    13038.135   -1040.0708    8205.0927    312.45261    15397 
375000000   -3692.6533    3644.0965    12820.099    -926.7862    8263.5359    307.22749    15390 
376000000   -3802.0673     3428.897    12759.549   -994.94723    8225.9115    305.77644    15423 
377000000   -3781.5372    3486.0267    13014.498   -962.24061    8229.8045    311.88617    15413 
378000000   -3830.4004    3485.6009     12865.59   -986.08062    8302.0818    308.31765    15407 
379000000   -3947.4927    3409.6957    13058.198   -1053.2371    8410.4255    312.93342    15412 
380000000   -3837.5005    3362.9182    12907.473   -973.88801    8174.3067    309.32136    15412 
381000000   -3679.0989     3599.025    12926.339   -947.40956    8225.5335    309.77347    15393 
382000000   -3823.3583    3413.7161    12828.827   -982.76754    8219.8419    307.43665    15390 
383000000    -3851.913    3406.4071    12870.171   -1034.1392    8292.4593    308.42744    15408 
384000000   -3815.8843      3329.64    13050.655   -1137.7297     8283.254    312.75264    15432 
385000000   -3781.5515    3499.2402    12882.976   -1008.5464    8289.3382     308.7343    15421 
386000000   -3833.6782     3416.131    12962.554   -1075.0221    8324.8313    310.64135    15404 
387000000   -3784.4926    3457.6225     12882.62   -941.78989     8183.905    308.72577    15397 
388000000   -3812.9028    3529.9045    12982.078    -995.1043    8337.9115    311.10923    15399 
389000000   -3817.7337    3465.6756    12788.899   -902.90201    8186.3113    306.47979    15382 
390000000    -3748.052    3425.5248    12918.369    -957.7822     8131.359    309.58248    15418 
391000000   -3784.5767    3509.3406    12838.941   -898.97192    8192.8893    307.67902    15400 
392000000   -3815.8441    3440.2834    12820.969   -1030.9096    8287.0371    307.24833    15403 
393000000   -3881.5768    3417.4839    12970.504   -1044.5783     8343.639    310.83186    15416 
394000000   -3801.9251    3637.3728    12825.596   -897.14094    8336.4388    307.35922    15391 
395000000   -3907.3245    3391.5777    12967.762   -953.24647    8252.1487    310.76615    15408 
396000000   -3793.7428    3379.3262    13017.465   -983.70052    8156.7695    311.95727    15427 
397000000   -3944.3122    3310.3195    12938.684    -1050.692    8305.3237    310.06932    15404 
398000000   -3789.7331    3587.3191     12939.94   -925.96995    8303.0221    310.09942    15393 
399000000   -3823.7658    3371.3735    12893.321   -1079.6851    8274.8244    308.98222    15423 
400000000   -3809.4576    3613.7238    12939.889   -948.42451    8371.6059     310.0982    15392 
401000000   -3837.2044    3456.5117    12917.636   -918.60706    8212.3231    309.56491    15421 
402000000   -3851.6239     3343.326    12884.471   -1052.7643    8247.7142    308.77013    15435 
403000000    -3885.401    3428.5782    13083.767    -1025.253    8339.2322    313.54616    15398 
404000000   -3775.1886    3565.5771    12903.937   -920.99448    8261.7602    309.23661    15409 
405000000   -3828.7505    3451.0858    12980.647    -1045.743    8325.5793    311.07495    15405 
406000000   -3910.8431    3317.9222    13001.623   -930.69991    8159.4652    311.57762    15402 
407000000   -3874.3235    3328.4034    12914.366   -1103.0462    8305.7731    309.48655    15420 
408000000   -3883.2622     3424.068    12884.476   -883.70988    8191.0401    308.77025    15401 
409000000   -3916.9682    3393.7458    12968.398   -950.17503     8260.889     310.7814    15411 
410000000   -3862.8669    3403.6224    13089.454   -972.54281     8239.032    313.68245    15405 
411000000   -3878.4013    3367.1501    12863.234   -1058.4926     8304.044    308.26119    15438 
412000000   -3830.5122    3560.9085    12901.473   -952.14605    8343.5668    309.17757    15418 
413000000   -3799.4965    3417.0124    12853.579   -980.74535    8197.2542    308.02983    15412 
414000000   -3784.4637    3590.5553     12783.18   -946.69614    8321.7152    306.34275    15414 
415000000   -3929.7506    3128.1944    12820.583   -1144.2832    8202.2281    307.23908    15423 
416000000   -3817.3188    3399.3062    12785.437   -912.51828    8129.1433    306.39683    15403 
417000000   -3763.5951    3561.1903    12874.197   -968.65768    8293.4431    308.52391    15402 
418000000   -3889.1007    3362.1779    12987.427   -1047.3525    8298.6311    311.23743    15404 
419000000    -3801.332    3633.6768    12791.394   -895.71425    8330.7231    306.53957    15397 
420000000   -3843.8642    3409.6679    12875.181    -1025.392    8278.9241     308.5475    15392 
421000000    -3771.704    3472.7286    12791.504   -1047.9942    8292.4268    306.54222    15404 
422000000    -3722.706    3520.0839     13027.97   -1021.3088    8264.0986    312.20902    15427 
423000000   -3823.7948    3336.5914    12826.185    -1006.785    8167.1712    307.37332    15400 
424000000   -3907.0008    3427.4768    12882.089   -1005.8606    8340.3382    308.71305    15425 
425000000   -3775.6222    3395.2738    12998.621    -1059.624      8230.52    311.50568    15418 
426000000   -3752.5596    3650.9884    13036.916   -829.09961    8232.6477     312.4234    15371 
427000000   -3786.6745    3522.5583     12869.07   -974.36192    8283.5947    308.40106    15393 
428000000   -3866.6178     3358.108     12819.17    -1003.216    8227.9418    307.20522    15425 
429000000   -3830.9271    3566.1482    12943.118   -1029.1841    8426.2594    310.17556    15414 
430000000   -3770.6455    3611.9134    12948.047   -757.44434    8140.0033     310.2937    15371 
431000000   -3799.5175    3444.1557      12915.7   -1058.9322    8302.6053    309.51851    15425 
432000000   -3869.2562    3445.9808    12972.662   -1019.4982    8334.7352    310.88357    15397 
433000000   -3740.4322    3420.0973     13060.78   -1077.5046    8238.0341    312.99528    15420 
434000000   -3749.2846    3517.1335    12901.202   -930.74243    8197.1605    309.17109    15395 
435000000   -3873.7712     3429.282    12752.425   -1005.3598     8308.413     305.6057    15410 
436000000   -3822.9737    3351.3671    12947.687   -1105.1027    8279.4435    310.28507    15416 
437000000   -3749.0399     3436.345    13083.357   -1045.4628    8230.8477    313.53632    15405 
438000000   -3870.8207    3314.2247    12807.498   -1060.0045    8245.0499     306.9255    15421 
439000000   -3805.7244    3511.5128    13034.813    -1003.361    8320.5982    312.37299    15403 
440000000   -3822.2709    3473.7633    13063.926   -904.48429    8200.5185    313.07068    15408 
441000000   -3842.5799    3273.0915    12834.939   -1056.8434    8172.5148    307.58312    15410 
442000000   -3783.1868    3282.4543    12785.225    -1046.729    8112.3702    306.39174    15399 
443000000   -3905.0922     3446.514    12796.196   -1008.3526    8359.9588    306.65466    15431 
444000000   -3804.3435    3435.5963    12819.728   -939.84436    8179.7842    307.21859    15399 
445000000   -3840.9543     3228.021    12945.792   -1203.3532    8272.3285    310.23966    15452 
446000000   -3873.5861    3259.6923    12877.044   -1019.3898    8152.6683    308.59214    15415 
447000000   -3882.8067    3328.7004    12997.022   -1039.3328      8250.84    311.46735    15407 
448000000   -3803.8953     3311.752    12985.586   -1038.2626    8153.9098    311.19331    15429 
449000000   -3728.2512    3575.0991    12845.482    -926.0687     8229.419    307.83578    15388 
450000000    -3789.207    3494.1592    12861.578   -945.31483     8228.681    308.22151    15412 
451000000   -3987.8179    3297.3373     13007.94    -964.9793    8250.1345    311.72899    15419 
452000000   -3868.4063      3218.14    13017.164   -969.66617    8056.2125    311.95004    15404 
453000000   -3801.5109    3470.8775    12838.519   -965.74228    8238.1306    307.66891    15394 
454000000   -3751.5331    3652.8652    12909.793   -858.81383    8263.2121    309.37696    15383 
455000000    -3781.007     3335.761    12819.018   -1057.8822    8174.6503    307.20157    15413 
456000000   -3897.7629    3289.5933    12787.279   -1055.1045    8242.4608    306.44098    15426 
457000000   -3824.9961    3230.1188     12913.65   -1205.0766    8260.1915    309.46939    15426 
458000000   -3832.6724    3358.7076    12913.459   -1027.5931    8218.9731     309.4648    15419 
459000000   -3868.2012    3333.4931    12935.781   -991.75763     8193.452    309.99974    15402 
460000000   -3799.2221    3480.2358    12947.621   -981.65438    8261.1122    310.28348    15420 
461000000   -3772.7152    3666.1074    12952.775    -907.8026    8346.6251    310.40701    15392 
462000000     -3877.29    3497.4933    13013.341   -1002.1945    8376.9777    311.85843    15405 
463000000   -3856.9835     3380.113    13036.693    -1009.843    8246.9395    312.41804    15403 
464000000   -3844.6868    3559.7398    13027.617   -896.88975    8301.3163    312.20056    15390 
465000000   -3812.1951    3433.4813    12932.298   -1062.7378    8308.4142    309.91627    15420 
466000000   -3806.5543     3595.396    13079.808    -952.1466    8354.0968    313.45127    15423 
467000000   -3788.7694    3433.6975    12974.241   -986.75632    8209.2232    310.92141    15407 
468000000   -3858.8544    3446.5058    12860.419   -1065.2603    8370.6205    308.19374    15416 
469000000   -3779.9618    3342.8221    12889.058   -1077.1228    8199.9067    308.88005    15408 
470000000   -3814.5846     3338.618    13084.213   -1108.7069    8261.9095    313.55684    15398 
471000000   -3760.2421    3660.2776     12870.36   -921.68815    8342.2079    308.43197    15402 
472000000    -3764.526    3518.3937    12815.093   -1065.1218    8348.0415    307.10752    15415 
473000000   -3643.9737    3692.2157    12940.507   -963.17202    8299.3615      310.113    15389 
474000000   -3720.9157    3595.9023    13004.395   -1038.7433    8355.5614    311.64406    15395 
475000000   -3931.2894    3395.4762    12948.365   -983.80918    8310.5748    310.30131    15408 
476000000   -3796.1493    3442.5049    12805.708   -1014.9156    8253.5698     306.8826    15402 
477000000   -3820.8807    3441.5731    12868.342   -1074.0798    8336.5335    308.38361    15409 
478000000    -3805.236    3486.7639    12802.949   -945.53218    8237.5322    306.81649    15399 
479000000   -3749.7442    3675.4081    12871.763    -888.1011    8313.2534    308.46559    15379 
480000000   -3724.8063    3609.0656     12813.65   -1011.7876    8345.6595    307.07293    15416 
481000000   -3801.4566    3577.4329    12967.613    -965.8893    8344.7788    310.76258    15405 
482000000   -3662.0799    3709.9296    12859.454    -828.4537    8200.4632    308.17061    15376 
483000000     -3781.07    3324.1992    13032.538   -1085.3266    8190.5958    312.31848    15414 
484000000   -3760.6023    3441.7945    12974.938   -1004.3898    8206.7865    310.93813    15407 
485000000   -3779.2453    3440.5402    12995.935   -970.14646    8189.9319     311.4413    15402 
486000000   -3757.3171    3716.1138    12934.683    -839.5719    8313.0029    309.97343    15380 
487000000   -3785.9241     3512.512    13015.807   -1096.7461    8395.1822    311.91752    15433 
488000000   -3749.5762    3522.6883    13212.255   -1016.0377    8288.3022    316.62531    15400 
489000000   -3844.8436    3362.6449    12921.308   -1083.6554    8291.1439    309.65291    15415 
490000000   -3869.6273    3605.9253    12923.416   -850.01495    8325.5676    309.70344    15394 
491000000   -3809.8874    3499.4438    12843.776   -954.87976     8264.211    307.79489    15406 
492000000   -3784.2337      3529.14    12732.604   -880.13334    8193.5071    305.13072    15390 
493000000   -3739.5333     3585.118    12862.207   -977.92563    8302.5769    308.23657    15376 
494000000   -3800.9674    3482.2772    12844.776   -1027.9549    8311.1995    307.81885    15410 
495000000   -3771.6455    3572.4651    12890.681   -956.79141    8300.9019    308.91894    15401 
496000000   -3794.9992    3485.2226    12832.569   -989.51457    8269.7364    307.52632    15386 
497000000   -3723.4932    3640.5229    12978.566    -923.6614    8287.6775    311.02506    15399 
498000000   -3807.0146    3591.8876    13014.428    -939.6577    8338.5599    311.88449    15393 
499000000   -3781.9836    3353.1633    12983.906   -1097.6464    8232.7933    311.15305    15402 
500000000   -3738.3027     3538.851    12989.146     -976.085    8253.2387    311.27862    15398 
Loop time of 190513 on 28 procs for 500000000 steps with 14000 atoms

Performance: 5668.890 ns/day, 0.004 hours/ns, 2624.486 timesteps/s
99.5% CPU use with 28 MPI tasks x no OpenMP threads

MPI task timing breakdown:
Section |  min time  |  avg time  |  max time  |%varavg| %total
---------------------------------------------------------------
Pair    | 23082      | 29076      | 33334      |1453.8 | 15.26
Bond    | 5771       | 7683.6     | 11404      |2674.8 |  4.03
Neigh   | 64693      | 65346      | 66223      | 161.9 | 34.30
Comm    | 42570      | 50958      | 59932      |2072.8 | 26.75
Output  | 0.61752    | 0.61872    | 0.62062    |   0.1 |  0.00
Modify  | 24049      | 24263      | 25125      | 130.0 | 12.74
Other   |            | 1.319e+04  |            |       |  6.92

Nlocal:    500 ave 502 max 497 min
Histogram: 1 0 5 0 3 0 8 0 6 5
Nghost:    803.607 ave 1086 max 590 min
Histogram: 4 5 3 5 2 1 0 1 3 4
Neighs:    6712.96 ave 7797 max 5391 min
Histogram: 2 3 0 3 4 4 3 2 4 3

Total # of neighbors = 187963
Ave neighs/atom = 13.4259
Ave special neighs/atom = 8.77229
Neighbor list builds = 99925342
Dangerous builds = 0
write_restart final_state_${fName}.restart
write_restart final_state_Run2_final.restart
Total wall time: 52:55:20
