
units           real
boundary p p p
atom_style      full

read_restart final_state_b70_N200_L300.restart
  restoring atom style full from restart
  orthogonal box = (-420 -420 -420) to (420 420 420)
  2 by 2 by 7 MPI processor grid
  restoring pair style lj/cut from restart
  restoring bond style hybrid from restart
  restoring angle style cosine from restart
  14000 atoms
  15734 bonds
  13600 angles
  3 = max # of 1-2 neighbors
  4 = max # of 1-3 neighbors
  8 = max # of 1-4 neighbors
  56 = max # of special neighbors
  special bonds CPU = 0.641828 secs
  read_restart CPU = 0.811708 secs
mass 1 100
mass 2 100
mass 3 100
mass 4 100

neighbor 1.9 bin
neigh_modify every 1 delay 1 check yes

angle_style  cosine
angle_coeff   *  2  # K (energy unit)

bond_style 		hybrid harmonic harmonic/shift/cut
bond_coeff   1   harmonic 3   10
bond_coeff   2   harmonic 3   10
bond_coeff	3	harmonic/shift/cut 3.60	11.22	12.72

pair_style lj/cut 25
# atom-typ1, atom-typ2, energy-well, sigma (bead-diameter), cut-off (distance)
pair_coeff  * * 0.18 10 25

special_bonds lj  0 1 1 angle yes
  3 = max # of 1-2 neighbors
  4 = max # of 1-3 neighbors
  8 = max # of 1-4 neighbors
  42672 = # of 1-3 neighbors before angle trim
  27200 = # of 1-3 neighbors after angle trim
  56 = max # of special neighbors
  special bonds CPU = 0.00226889 secs

# further equilibriate the system before bond formation takes place
fix fxlan all langevin $T $T 1000 ${seed}
fix fxlan all langevin 310 $T 1000 ${seed}
fix fxlan all langevin 310 310 1000 ${seed}
fix fxlan all langevin 310 310 1000 89882
fix fxnve all nve
timestep 0.1
run 10000
Unused restart file global fix info:
  fix style: colvars, fix ID: CV_Rg
Neighbor list info ...
  update every 1 steps, delay 1 steps, check yes
  max neighbors/atom: 2000, page size: 100000
  master list distance cutoff = 26.9
  ghost atom cutoff = 26.9
  binsize = 13.45, bins = 63 63 63
  1 neighbor lists, perpetual/occasional/extra = 1 0 0
  (1) pair lj/cut, perpetual
      attributes: half, newton on
      pair build: half/bin/newton
      stencil: half/bin/3d/newton
      bin: standard
Per MPI rank memory allocation (min/avg/max) = 1.103 | 7.739 | 16.65 Mbytes
Step Temp E_pair E_mol TotEng Press 
250000000    30.664295   -6667.5495    6354.7416    966.76285   -4.0321422 
250010000    263.18431   -6474.5549    5202.2468    9709.9418    1.3766041 
Loop time of 4.99595 on 28 procs for 10000 steps with 14000 atoms

Performance: 17.294 ns/day, 1.388 hours/ns, 2001.621 timesteps/s
99.6% CPU use with 28 MPI tasks x no OpenMP threads

MPI task timing breakdown:
Section |  min time  |  avg time  |  max time  |%varavg| %total
---------------------------------------------------------------
Pair    | 0.00034032 | 0.79817    | 3.005      | 115.7 | 15.98
Bond    | 0.00055775 | 0.11069    | 0.38627    |  41.1 |  2.22
Neigh   | 0.013671   | 0.014499   | 0.01623    |   0.9 |  0.29
Comm    | 0.0018374  | 1.216      | 3.1608     | 103.9 | 24.34
Output  | 9.4311e-05 | 0.00043136 | 0.00077296 |   0.0 |  0.01
Modify  | 0.001019   | 0.24066    | 0.83846    |  60.6 |  4.82
Other   |            | 2.615      |            |       | 52.35

Nlocal:    500 ave 1758 max 0 min
Histogram: 16 0 0 2 1 2 1 3 0 3
Nghost:    547.393 ave 1748 max 0 min
Histogram: 14 2 0 0 1 5 2 0 1 3
Neighs:    10690.6 ave 39034 max 0 min
Histogram: 16 0 1 1 3 0 2 2 0 3

Total # of neighbors = 299337
Ave neighs/atom = 21.3812
Ave special neighs/atom = 8.28729
Neighbor list builds = 6
Dangerous builds = 0

unfix fxlan
unfix fxnve
reset_timestep 0

variable t equal step
variable steps equal 400000000
variable dt_thermo equal 1000000
variable dt_movie equal 10000000
variable dt_restart equal 40000000

group rxnSites type 1 3
4000 atoms in group rxnSites

# fix ID group-ID(atom-types) bond/create Nevery itype jtype Rmin bondtype (prob values = fraction seed) (iparam maxbond newType)
fix bondc rxnSites bond/create/random 20 1 3 12.72 3 prob 1 ${seed} iparam 1 1 jparam 1 3
fix bondc rxnSites bond/create/random 20 1 3 12.72 3 prob 1 89882 iparam 1 1 jparam 1 3

# fix ID group-ID bond/break Nevery bondtype Rmax keyword values ...
fix bondbr rxnSites bond/break 20 3 12.72 prob 1 ${seed}
fix bondbr rxnSites bond/break 20 3 12.72 prob 1 89882

variable frmbnd equal f_bondc[2]
variable brkbnd equal f_bondbr[2]
fix saveBond all print ${dt_thermo} "$t ${frmbnd} ${brkbnd}" file BondData_${fName}.dat screen no
fix saveBond all print 1000000 "$t ${frmbnd} ${brkbnd}" file BondData_${fName}.dat screen no
fix saveBond all print 1000000 "$t ${frmbnd} ${brkbnd}" file BondData_Run1.dat screen no

thermo_style    custom step epair pe ke ebond eangle temp bonds
thermo          ${dt_thermo}
thermo          1000000
fix saveThermo all print ${dt_thermo} "$t $(temp) $(ke) $(pe) $(epair) $(ebond) $(eangle) $(bonds)" file Thermo_${fName}.dat title "# Steps Temp KinEng PotEng Epair Ebond Eangle Bonds" screen no
fix saveThermo all print 1000000 "$t $(temp) $(ke) $(pe) $(epair) $(ebond) $(eangle) $(bonds)" file Thermo_${fName}.dat title "# Steps Temp KinEng PotEng Epair Ebond Eangle Bonds" screen no
fix saveThermo all print 1000000 "$t $(temp) $(ke) $(pe) $(epair) $(ebond) $(eangle) $(bonds)" file Thermo_Run1.dat title "# Steps Temp KinEng PotEng Epair Ebond Eangle Bonds" screen no

############################ Langevin Dynamics ###############################
fix fxlan all langevin $T $T 1000 ${seed}
fix fxlan all langevin 310 $T 1000 ${seed}
fix fxlan all langevin 310 310 1000 ${seed}
fix fxlan all langevin 310 310 1000 89882
fix fxnve all nve

comm_style tiled
fix fxbal all balance 1000 1.1 rcb

timestep 25

dump coor all custom ${dt_movie} traj_${fName}.dump id type mol mass x y z xu yu zu
dump coor all custom 10000000 traj_${fName}.dump id type mol mass x y z xu yu zu
dump coor all custom 10000000 traj_Run1.dump id type mol mass x y z xu yu zu

restart ${dt_restart} ${fName}_tp_*.restart
restart 40000000 ${fName}_tp_*.restart
restart 40000000 Run1_tp_*.restart
run ${steps}
run 400000000
Neighbor list info ...
  update every 1 steps, delay 1 steps, check yes
  max neighbors/atom: 2000, page size: 100000
  master list distance cutoff = 26.9
  ghost atom cutoff = 26.9
  binsize = 13.45, bins = 63 63 63
  2 neighbor lists, perpetual/occasional/extra = 1 1 0
  (1) pair lj/cut, perpetual
      attributes: half, newton on
      pair build: half/bin/newton
      stencil: half/bin/3d/newton
      bin: standard
  (2) fix bond/create/random, occasional, copy from (1)
      attributes: half, newton on
      pair build: copy
      stencil: none
      bin: none
Per MPI rank memory allocation (min/avg/max) = 17.81 | 18.31 | 19.33 Mbytes
Step E_pair PotEng KinEng E_bond E_angle Temp Bonds 
       0   -6474.5549    -1272.308     10982.25     -2961.48    8163.7268    263.18431    15734 
 1000000   -3642.1362    4083.1078    12938.291   -727.85483    8453.0988    310.05989    15379 
 2000000   -3619.7909     3997.995    12838.168   -938.80772    8556.5936     307.6605    15393 
 3000000   -3687.7089    3829.4653    12861.255   -983.14856    8500.3228    308.21377    15386 
 4000000   -3710.5741    3594.3629    12855.783   -1004.4511    8309.3881    308.08263    15398 
 5000000   -3743.8016    3840.7301    12967.872    -883.2506    8467.7823    310.76878    15395 
 6000000   -3702.4962    3709.1368    12822.983   -973.91089    8385.5439     307.2966    15395 
 7000000   -3736.0568     3667.746     12991.56   -971.97565    8375.7785    311.33646    15386 
 8000000   -3684.3929    3813.0011    12900.592   -848.64037    8346.0343    309.15646    15374 
 9000000   -3661.6719    3854.2326    13037.844   -912.41585    8428.3203    312.44564    15384 
10000000   -3755.5295    3524.6017    12929.502   -1074.7407    8354.8719    309.84928    15418 
11000000   -3703.1081    3776.8135    12926.281   -818.38404    8298.3056    309.77208    15385 
12000000   -3700.1711    3534.5178    12967.593    -1038.191    8272.8799    310.76211    15397 
13000000   -3748.2051     3349.786    12892.391   -1121.5685    8219.5595    308.95993    15409 
14000000   -3729.8218    3532.6225    12843.524   -952.63147    8215.0757    307.78886    15389 
15000000   -3680.6657     3506.988    12989.098   -1000.9171    8188.5709    311.27746    15409 
16000000   -3781.7447    3622.3337    12877.005   -886.05666    8290.1351     308.5912    15405 
17000000   -3768.9252    3331.3522    13037.445   -1048.4914    8148.7688    312.43607    15404 
18000000   -3839.3183    3411.3863    12686.567   -1071.3516    8322.0562    304.02745    15406 
19000000   -3775.4503    3482.7545     12998.82   -953.46078    8211.6656    311.51044    15390 
20000000   -3806.3594    3443.3489    13043.514    -993.9119    8243.6201    312.58153    15401 
21000000     -3844.65    3368.5141    12944.162   -1026.5006    8239.6648     310.2006    15408 
22000000   -3799.5056    3553.0566    12816.614   -925.96077     8278.523    307.14396    15400 
23000000   -3775.9698    3494.6779    12747.688   -999.37076    8270.0185    305.49219    15411 
24000000   -3865.0413    3539.5769    12902.366   -899.51909    8304.1372    309.19898    15406 
25000000   -3771.7508     3582.441    12938.967   -924.15498    8278.3467    310.07611    15390 
26000000   -3915.6962    3222.5543    12821.808    -1123.688    8261.9385    307.26843    15413 
27000000   -3819.4498    3446.0787    13108.351   -951.28357     8216.812     314.1353    15407 
28000000   -3835.8792    3422.1139    13106.508   -1037.5267    8295.5198    314.09113    15429 
29000000   -3768.3809    3408.3972    12875.758   -1013.8667    8190.6449    308.56133    15394 
30000000   -3827.1311    3251.9253    12856.064   -1119.7668    8198.8232    308.08937    15412 
31000000    -3759.777    3447.5808    12996.886   -1063.8547    8271.2125    311.46409    15399 
32000000   -3746.0429     3372.818    12717.212   -1043.1716    8162.0325    304.76185    15420 
33000000   -3883.7376    3386.8166    13022.074   -1017.8673    8288.4215    312.06771    15403 
34000000   -3873.1121    3375.9492    12941.459   -960.53569    8209.5971    310.13583    15425 
35000000   -3802.9248    3188.4036    12871.433   -1074.7449    8066.0734    308.45768    15417 
36000000   -3883.8016    3440.9823     12914.97   -945.09405    8269.8779    309.50102    15397 
37000000   -3858.1239    3417.4374    12918.173   -905.85169     8181.413    309.57778    15381 
38000000   -3836.1299    3328.5576    13013.349   -1050.5954     8215.283    311.85862    15395 
39000000   -3822.9938    3504.2009    12903.692   -976.16435    8303.3591    309.23074    15412 
40000000    -3764.358    3415.3721    12990.235   -1088.1288    8267.8589    311.30472    15412 
41000000   -3851.0592     3324.392    12947.959   -1040.4977    8215.9489    310.29159    15419 
42000000   -3826.9787     3465.156    12955.171   -1001.5763     8293.711    310.46443    15403 
43000000    -3831.575    3409.9954    13046.512   -997.51422    8239.0846    312.65335    15412 
44000000   -3853.1938    3505.4444    12838.159   -938.85879    8297.4971    307.66027    15399 
45000000   -3754.6112    3608.8617    13024.696   -917.46392    8280.9368    312.13056    15413 
46000000   -3945.6976    3306.6722    12862.089   -998.01644    8250.3863    308.23376    15407 
47000000   -3759.2168    3443.9979    12826.625   -961.62092    8164.8356    307.38387    15397 
48000000   -3868.6832    3239.2452    12933.187   -1048.5038    8156.4322    309.93759    15394 
49000000   -3821.2813    3447.1824    12895.058   -944.62887    8213.0925    309.02385    15409 
50000000   -3721.3946    3435.0376    12772.524   -1011.0651    8167.4973    306.08738    15389 
51000000   -3869.4696    3349.6085    12909.637     -996.984     8216.062    309.37321    15406 
52000000   -3810.6711    3320.0502    13021.493   -1040.6918    8171.4131     312.0538    15411 
53000000   -3837.3179    3366.9519    13009.649   -1004.3445    8208.6143    311.76995    15393 
54000000   -3788.0759    3397.8877    12931.619   -986.93567    8172.8993    309.90001    15388 
55000000   -3791.3875    3473.9102     13059.33   -1057.1611    8322.4588    312.96053    15413 
56000000   -3782.3141    3503.5501    12798.967   -1023.3773    8309.2415    306.72106    15391 
57000000   -3717.6396    3589.3183    13129.276   -1017.2881    8324.2459    314.63677    15401 
58000000   -3814.7912    3415.1893    13004.485   -1075.9853    8305.9658     311.6462    15431 
59000000   -3776.2888    3710.2896    12940.567   -941.07438    8427.6528    310.11443    15399 
60000000   -3705.2779    3580.6365    12887.764   -1075.6441    8361.5585    308.84905    15414 
61000000   -3835.7208    3422.3865    12925.713   -1021.4805    8279.5878    309.75847    15401 
62000000   -3737.1267    3540.2157    12795.277   -913.07763    8190.4201    306.63264    15393 
63000000   -3891.6917    3257.5504    12840.002   -1058.1297    8207.3718    307.70446    15420 
64000000   -3753.1253    3543.2638    12852.756   -860.37045    8156.7596    308.01008    15400 
65000000   -3841.7407    3592.0687     12783.06   -932.59478    8366.4042    306.33987    15400 
66000000   -3743.5712    3594.0894    12849.846   -955.76674    8293.4273    307.94035    15391 
67000000   -3834.3801    3397.0827    13024.916   -974.43304    8205.8958    312.13584    15423 
68000000   -3646.1892    3645.6145    13009.947   -1014.3416    8306.1453    311.77711    15399 
69000000   -3733.3328    3540.9986    12915.813   -950.36475    8224.6961    309.52123    15409 
70000000    -3790.176    3574.8171    13059.212   -923.73897    8288.7321    312.95772    15398 
71000000   -3795.1318    3607.7756    13048.914   -904.43421    8307.3416    312.71091    15379 
72000000   -3794.7619    3606.7483    12901.532   -940.96183     8342.472    309.17899    15392 
73000000   -3745.0209     3654.979    12930.056   -982.26421    8382.2641    309.86256    15413 
74000000   -3762.8276     3403.603    12898.741    -959.9568    8126.3873     309.1121    15405 
75000000   -3845.3077    3341.6251     12982.53   -1094.2701    8281.2029    311.12007    15425 
76000000   -3852.2854    3417.6561    12883.012   -995.70576    8265.6472    308.73516    15389 
77000000   -3867.5645    3228.8378    12828.972   -1031.8654    8128.2677    307.44012    15413 
78000000    -3871.916    3367.1273    12874.548   -1041.7959    8280.8392    308.53233    15408 
79000000   -3723.5347    3501.0356    13078.904   -1016.9178    8241.4881    313.42962    15415 
80000000   -3775.4672    3377.6188    12940.005   -1122.8845    8275.9704    310.10098    15414 
81000000   -3901.7318    3314.3084    12965.106   -1062.3357    8278.3759    310.70251    15429 
82000000   -3759.2639    3616.1985    13051.755   -916.06289    8291.5253    312.77901    15399 
83000000   -3902.0082    3230.2476    12839.721   -1116.1238    8248.3797    307.69772    15419 
84000000   -3816.3861    3386.4174    12779.969   -970.28473    8173.0883    306.26578    15411 
85000000   -3787.7815    3517.5953    12840.758   -981.47347    8286.8504    307.72256    15402 
86000000   -3801.5719    3542.2259    12952.819   -869.29287    8213.0906    310.40805    15391 
87000000     -3866.42    3345.7177    12964.808   -1046.6556    8258.7933    310.69537    15418 
88000000   -3762.2329    3350.3144    12953.777   -1007.2211    8119.7685    310.43101    15407 
89000000   -3919.3498    3190.8814    12977.589   -1061.6288    8171.8601    311.00165    15403 
90000000   -3849.2888    3359.8987    12881.998   -982.40621    8191.5937    308.71085    15425 
91000000   -3796.9401    3440.2527    12853.521    -988.6094    8225.8022    308.02843    15412 
92000000   -3790.1785     3528.726    13018.644   -974.03556    8292.9401    311.98551    15393 
93000000   -3802.2959    3538.4915    12994.157   -978.89149    8319.6789    311.39869    15402 
94000000   -3800.6907     3511.941    12863.981   -971.15603    8283.7877     308.2791    15389 
95000000   -3735.9683    3444.8609    12974.451    -1019.527    8200.3561    310.92645    15404 
96000000   -3875.2908     3370.768    12974.619   -996.61767    8242.6765    310.93048    15406 
97000000   -3754.6648    3491.8142    12866.843   -981.82331    8228.3023    308.34768    15397 
98000000   -3897.8921    3413.7054    12792.304   -974.75121    8286.3487    306.56138    15409 
99000000   -3785.0632    3560.1947    13028.343   -883.34966    8228.6076    312.21796    15389 
100000000   -3832.0353    3560.7411    12717.895   -877.82215    8270.5985    304.77822    15398 
101000000   -3806.1784    3392.1862    12903.722   -1130.7957    8329.1604    309.23148    15419 
102000000   -3794.5995     3524.519    12936.968   -978.31031    8297.4288    310.02818    15396 
103000000   -3871.5313     3404.205    12795.318   -965.40789    8241.1441    306.63363    15406 
104000000   -3776.0881    3519.6147    12931.886   -1021.1537    8316.8565     309.9064    15390 
105000000   -3712.0688    3570.5647    12875.888   -946.14302    8228.7765    308.56443    15406 
106000000   -3726.7832    3352.8092    12912.146   -1108.3345    8187.9269    309.43334    15425 
107000000   -3823.6416    3565.3428    12821.451   -973.97946    8362.9638     307.2599    15390 
108000000   -3811.9149    3431.7759    12875.186   -1018.8478    8262.5386    308.54762    15419 
109000000     -3825.05    3378.9048    13020.118   -1001.5334    8205.4882    312.02084    15414 
110000000   -3831.9754    3255.3481    12911.105   -1082.6356    8169.9592     309.4084    15442 
111000000   -3875.5676    3211.5116    12852.656   -1105.8363    8192.9155     308.0077    15431 
112000000   -3932.9726    3306.9553    12876.756   -1045.0918    8285.0197    308.58525    15430 
113000000    -3964.133    3244.9074    12924.033   -1007.5819    8216.6224    309.71821    15409 
114000000   -3968.2881    3296.3437    12853.896   -1019.7472     8284.379     308.0374    15404 
115000000   -3770.1563    3745.6784    13057.799   -822.18281    8338.0175    312.92385    15380 
116000000   -3793.1414    3549.6279    13029.423   -939.41401    8282.1833    312.24384    15401 
117000000   -3816.5697    3482.2314    12964.119   -925.95137    8224.7525    310.67885    15406 
118000000   -3917.2149    3201.8746     13000.31    -1055.049    8174.1385    311.54616    15417 
119000000   -3782.3599     3463.533    12939.374   -1084.1536    8330.0466    310.08585    15406 
120000000   -3780.7935     3431.824     13107.46    -1053.051    8265.6685    314.11395    15403 
121000000   -3728.4186    3747.1079    12932.872   -880.22403    8355.7506    309.93003    15371 
122000000   -3727.0766     3506.616    12914.172   -1007.4401    8241.1327    309.48191    15387 
123000000   -3798.0719     3554.155     12755.94   -935.66063    8287.8875    305.68993    15394 
124000000   -3852.2821     3465.731    12744.547    -1010.005    8328.0181    305.41692    15414 
125000000   -3727.9779    3615.6498    12827.446   -948.41797    8292.0457    307.40356    15383 
126000000   -3794.0727    3406.8597    13083.965   -1039.6805     8240.613    313.55092    15388 
127000000   -3863.6346    3246.9026    12980.634    -1051.659    8162.1963    311.07463    15411 
128000000   -3773.0262    3500.6505    13147.378   -927.83031     8201.507    315.07058    15393 
129000000   -3681.4919    3482.0531    13118.079   -1133.6291    8297.1742    314.36844    15433 
130000000   -3855.1952    3359.9784    12934.107   -1026.7752    8241.9488    309.95962    15402 
131000000   -3818.8346    3336.7813    12882.156   -956.68149    8112.2974    308.71465    15402 
132000000   -3785.7131    3460.7617    12900.509   -968.23496    8214.7097    309.15448    15407 
133000000   -3716.5152    3414.1228    12912.401   -1064.1505    8194.7885    309.43946    15397 
134000000   -3867.9536    3490.1937    12913.508   -918.41931    8276.5667    309.46598    15397 
135000000   -3899.8829    3144.5728     12896.22   -1133.5763     8178.032    309.05168    15415 
136000000   -3862.6843    3317.0961    12913.166   -1054.0833    8233.8636    309.45778    15406 
137000000    -3771.084     3435.062    12852.867   -1048.1089    8254.2549    308.01276    15411 
138000000    -3724.202    3500.6926    13051.101   -1022.3413    8247.2359    312.76333    15413 
139000000   -3790.2647    3414.1309    12862.858   -1100.6715    8305.0671    308.25217    15425 
140000000   -3798.9786    3424.0711    13024.984   -1086.3521    8309.4018    312.13746    15410 
141000000   -3744.3239     3731.471    13053.311   -891.34194    8367.1368    312.81631    15375 
142000000   -3749.4703    3535.4251    12852.448   -996.06187    8280.9573    308.00271    15421 
143000000    -3805.838    3596.8578    12884.907   -867.06517     8269.761    308.78058    15384 
144000000   -3775.0441    3368.5588    12971.189   -1127.3715    8270.9744    310.84829    15424 
145000000   -3809.6075    3485.3891    12877.606   -966.62905    8261.6256    308.60562    15413 
146000000   -3808.1959    3325.1131    12834.077   -1068.2474    8201.5563    307.56246    15416 
147000000   -3748.3013    3573.5798    13001.386   -982.74414    8304.6252    311.57194    15399 
148000000   -3830.0764    3479.4928    12762.613   -1035.7752    8345.3444    305.84987    15403 
149000000   -3863.8439    3416.3618    12922.877   -1039.1788    8319.3845     309.6905    15437 
150000000   -3716.4961    3556.5367    13076.466   -1006.6333    8279.6662    313.37119    15380 
151000000   -3836.2133    3532.8325    12952.438   -962.45079    8331.4967    310.39892    15399 
152000000   -3774.8168    3497.6422    12889.408    -942.4383    8214.8972    308.88845    15409 
153000000   -3765.8477    3520.6393    12994.296   -900.74775    8187.2347    311.40202    15422 
154000000   -3712.1086    3579.3369    12958.123   -969.46868    8260.9142    310.53516    15424 
155000000   -3828.0322    3463.8476    13023.541   -969.29353    8261.1733    312.10286    15420 
156000000   -3910.8675    3409.8907    12893.044   -990.17701    8310.9352    308.97557    15415 
157000000   -3761.9335    3399.0817    13025.856   -1062.5828     8223.598    312.15836    15412 
158000000   -3770.9209    3559.9667    12868.318   -953.04363    8283.9313    308.38304    15408 
159000000   -3792.3207    3596.2003    12943.368    -926.5586    8315.0796    310.18156    15391 
160000000   -3846.0649    3264.2749    12906.724   -1085.3242     8195.664    309.30341    15421 
161000000   -3772.8295    3486.2197    12809.413   -990.57663    8249.6259    306.97139    15402 
162000000   -3781.3637    3336.3673    12924.346   -922.37585    8040.1068    309.72571    15393 
163000000   -3813.1838     3446.875    13014.412   -1050.9227    8310.9815    311.88409    15420 
164000000   -3771.4139    3313.7637    12895.616   -1086.6229    8171.8005    309.03722    15431 
165000000   -3847.2348    3484.4619    13017.159   -926.22538    8257.9221    311.94994    15408 
166000000   -3788.0134    3397.5623     12875.85   -969.77584    8155.3516    308.56353    15413 
167000000   -3850.3167    3500.2226    13012.223   -1036.3936     8386.933    311.83163    15417 
168000000   -3792.2451    3558.5765    12972.498   -1009.5303    8360.3519    310.87964    15410 
169000000   -3706.8222    3698.9049    12951.554   -923.01674    8328.7439    310.37775    15395 
170000000   -3838.3959    3447.0814      12935.4   -1062.6645    8348.1418    309.99061    15418 
171000000   -3751.5033    3504.1603    12991.612   -982.41621    8238.0798    311.33771    15414 
172000000   -3849.8438    3357.4171    12986.501   -1004.4096    8211.6705    311.21522    15408 
173000000   -3734.1451    3544.5823    12911.665   -901.81843    8180.5458    309.42182    15392 
174000000   -3705.9317    3545.4598    12824.352   -971.45723    8222.8488     307.3294    15400 
175000000   -3851.6272    3469.4294    12892.328   -923.09101    8244.1476    308.95843    15398 
176000000   -3874.7802    3253.7902    12901.413    -1046.615    8175.1854    309.17614    15429 
177000000   -3859.7897    3331.5994    12932.877   -1021.6688    8213.0578    309.93014    15423 
178000000   -3756.1517    3641.8569    12956.653   -863.98292    8261.9915    310.49993    15399 
179000000   -3802.3944    3456.2138    13011.125   -971.64574     8230.254    311.80532    15410 
180000000   -3758.7527    3504.2641    12906.717   -918.16916     8181.186    309.30324    15396 
181000000   -3832.6754    3574.7093    13064.418   -908.15164    8315.5363    313.08247    15404 
182000000   -3821.3151    3491.1281    12941.395   -1003.0383    8315.4815    310.13427    15411 
183000000   -3843.0954    3472.8472    13017.519    -972.8239    8288.7665    311.95856    15400 
184000000   -3704.0028    3601.9391    12972.802   -934.77831    8240.7202    310.88695    15422 
185000000   -3759.8458    3633.4695    12766.847   -951.05591    8344.3712    305.95133    15385 
186000000    -3762.041    3601.5421    12833.363   -971.63246    8335.2155    307.54535    15405 
187000000   -3742.8764     3457.805     13002.26   -1021.3397    8222.0211    311.59288    15419 
188000000   -3808.2524    3421.4525    12880.598   -1074.8576    8304.5625    308.67731    15412 
189000000   -3811.0702    3556.1352    12883.529   -926.15743    8293.3628    308.74756    15388 
190000000   -3765.0525    3535.9092    12953.021   -1001.3156    8302.2773    310.41289    15384 
191000000   -3714.3502    3600.3602    13066.299   -1048.1997    8362.9101    313.12754    15405 
192000000   -3697.3206    3665.0606    12991.388   -892.83925    8255.2204    311.33235    15382 
193000000    -3750.493    3636.6946    12799.285   -910.68941     8297.877    306.72868    15405 
194000000   -3788.4709    3599.0384    12946.662   -971.28176     8358.791    310.26052    15388 
195000000   -3772.3648    3517.7856    13030.945   -937.98132    8228.1317    312.28031    15386 
196000000   -3729.4121    3624.4866    12803.652   -987.46699    8341.3657    306.83335    15394 
197000000   -3716.5216    3541.0175    13017.206   -947.51272    8205.0518    311.95107    15389 
198000000   -3775.0696    3471.3222    12957.988   -1017.2928    8263.6847    310.53193    15414 
199000000   -3788.1187    3574.6274     12863.86   -940.02849    8302.7746     308.2762    15384 
200000000   -3867.3974    3270.0541    12890.083   -1078.7633    8216.2149    308.90463    15422 
201000000   -3856.9827    3289.6642     12962.75   -1079.3611     8226.008    310.64604    15434 
202000000   -3815.9632    3421.6014    12994.189   -1044.8798    8282.4445    311.39946    15388 
203000000   -3779.7299    3656.2321    12865.186   -938.06882    8374.0308    308.30798    15392 
204000000    -3834.022     3440.815    12922.658   -960.56682    8235.4039    309.68527    15392 
205000000   -3874.6209     3238.211    12822.064   -1038.6297    8151.4616    307.27458    15412 
206000000   -3840.5369    3515.4863     12878.52   -945.49788    8301.5211    308.62751    15392 
207000000   -3794.2446    3521.4265    13215.492   -886.29835    8201.9695    316.70289    15385 
208000000   -3808.1249    3542.1453    12778.355   -956.51323    8306.7835    306.22711    15400 
209000000   -3823.8184    3425.4557    12984.203   -922.68593    8171.9601    311.16015    15397 
210000000   -3840.0773    3502.6003    12884.069    -908.2678    8250.9455     308.7605    15409 
211000000     -3901.78    3530.6062    12813.524   -1006.1718     8438.558    307.06991    15404 
212000000   -3814.9904    3388.2935    12818.953    -1063.952     8267.236    307.20001    15427 
213000000   -3824.1047     3369.718    12965.124   -1052.4963    8246.3189    310.70293    15440 
214000000   -3872.9529    3349.4461    13128.919   -1017.0209    8239.4199    314.62819    15424 
215000000   -3882.3787    3537.3318     12929.73   -955.75191    8375.4624    309.85474    15398 
216000000   -3863.8451    3341.2438     13004.38   -960.35226    8165.4412    311.64368    15390 
217000000   -3846.3151     3170.058     12852.79   -1060.7676    8077.1407    308.01092    15422 
218000000   -3911.7974    3206.4125    13019.797   -1120.6629    8238.8727    312.01316    15422 
219000000   -3795.0448    3327.1956    13104.437   -1107.1203    8229.3607    314.04149    15424 
220000000   -3830.0037    3388.2988    12924.315   -1045.0602    8263.3627    309.72498    15405 
221000000   -3909.6193    3556.1588    12779.941   -947.61476    8413.3929    306.26511    15403 
222000000    -3749.561     3350.021     12915.96   -1019.3908    8118.9728    309.52474    15400 
223000000   -3817.3306    3362.5712    12916.872   -1032.6407    8212.5426    309.54659    15401 
224000000   -3751.6708    3343.6558    12749.977   -1040.2834      8135.61    305.54705    15412 
225000000   -3816.5035    3435.6506     12773.15    -999.7971    8251.9513    306.10238    15428 
226000000   -3782.4968     3453.973     12863.19   -1061.6668    8298.1366    308.26013    15415 
227000000    -3721.611    3687.8528    13039.037   -924.02645    8333.4902    312.47422    15403 
228000000   -3730.2172     3555.091    12833.499   -1041.3851    8326.6933     307.5486    15412 
229000000   -3665.4718    3528.1903    12907.324   -1063.9137    8257.5758    309.31778    15405 
230000000   -3737.4333    3420.2378    12964.409   -952.35316    8110.0243    310.68581    15395 
231000000   -3808.7513    3541.8182    12781.208     -928.673    8279.2425    306.29548    15417 
232000000    -3773.349    3382.5181     12973.64   -1138.5796    8294.4467    310.90702    15419 
233000000   -3712.8801    3590.5009    12800.637   -868.36116    8171.7422    306.76108    15386 
234000000   -3760.6028    3632.1432    12884.411   -906.29335    8299.0394    308.76868    15390 
235000000   -3831.2886     3553.547    12835.927   -920.82004    8305.6556    307.60679    15383 
236000000   -3818.6142    3400.8159    12965.372   -991.32149    8210.7516    310.70889    15421 
237000000   -3845.8666    3518.7638    12778.231    -900.3744    8265.0048    306.22414    15380 
238000000   -3709.6824    3704.3582    12937.929   -895.40064    8309.4412    310.05123    15387 
239000000    -3778.298    3637.5176    12960.161    -1000.418    8416.2335    310.58399    15415 
240000000   -3782.7351    3482.5853    12903.467   -1022.3948    8287.7151    309.22536    15410 
241000000   -3790.5786     3414.028    12967.667   -989.31128    8193.9179    310.76388    15397 
242000000   -3830.0063    3413.2676    12704.469   -991.01845    8234.2924    304.45647    15413 
243000000   -3805.5641    3336.1482    12942.715   -999.66652    8141.3789    310.16591    15412 
244000000   -3815.1848    3529.0923    12841.534   -913.40908    8257.6862    307.74117    15402 
245000000   -3751.0137    3582.9123    12895.287   -897.79269    8231.7187    309.02933    15376 
246000000     -3872.43    3458.3439    13030.827   -917.89214    8248.6661    312.27748    15422 
247000000   -3768.3438    3428.7042    12946.736    -1072.981     8270.029    310.26227    15423 
248000000   -3753.9437    3286.2658    13002.478   -1104.1611    8144.3706     311.5981    15400 
249000000   -3821.2339    3260.4025    12935.673   -1120.8914    8202.5278    309.99715    15412 
250000000   -3743.5215    3417.7484    12837.191   -1026.4345    8187.7044    307.63708    15400 
251000000   -3891.2767    3392.7455    12795.102   -1011.4827    8295.5049    306.62845    15417 
252000000    -3924.538    3314.1024    13101.773   -975.00636    8213.6468    313.97766    15407 
253000000   -3840.9415    3568.2099    12864.321   -877.86277    8287.0141    308.28724    15404 
254000000    -3801.594    3487.7118    12898.608   -1078.7081    8368.0139    309.10892    15437 
255000000   -3787.9949    3696.6394    13022.041   -904.05832    8388.6926    312.06692    15400 
256000000   -3850.0871    3382.2252    12890.721   -996.11166    8228.4239    308.91989    15406 
257000000   -3830.7371    3565.1424    12866.686   -951.09887    8346.9784    308.34391    15392 
258000000   -3837.2704    3332.1948    12926.272   -981.60365    8151.0688    309.77186    15399 
259000000   -3817.7174    3456.4155    12767.464   -879.40744    8153.5404    305.96612    15385 
260000000    -3846.521    3420.9148    13001.145   -984.02132    8251.4571    311.56617    15410 
261000000   -3765.7625    3488.0767    12981.772    -934.4638     8188.303    311.10191    15391 
262000000   -3811.5943    3522.1819    12994.951   -999.28095    8333.0571    311.41773    15407 
263000000    -3816.048    3600.8246    13159.425   -990.78211    8407.6546    315.35927    15402 
264000000   -3907.1651    3231.8003    12944.478   -1089.9363    8228.9016    310.20816    15399 
265000000   -3837.5353    3582.5012    13047.725   -914.70613    8334.7426    312.68242    15404 
266000000   -3805.2849    3435.4133    12926.646   -977.61195    8218.3101    309.78082    15414 
267000000   -3842.9288    3326.8262    12963.775   -1009.4909    8179.2459     310.6706    15427 
268000000   -3818.8276    3474.3822    12899.476    -956.5032     8249.713    309.12971    15396 
269000000   -3873.0325    3314.5256    12805.983   -1025.1241    8212.6822     306.8892    15433 
270000000   -3873.5002    3545.0139    12943.105   -856.95469    8275.4688    310.17525    15398 
271000000   -3846.7569    3516.9265     12975.02   -920.66724    8284.3507     310.9401    15395 
272000000   -3772.1207    3510.8213    12993.502   -954.04811    8236.9901      311.383    15403 
273000000   -3896.2271    3344.8714    12975.912   -1015.9666    8257.0652    310.96147    15421 
274000000   -3720.7886    3597.9388    12814.772   -951.88831    8270.6157    307.09984    15384 
275000000   -3871.3748    3337.5566    12836.516    -1065.784    8274.7154    307.62092    15419 
276000000     -3865.49     3508.576    12917.563   -981.42656    8355.4926    309.56317    15388 
277000000   -3760.6007    3638.6501    12978.341   -924.16694    8323.4178    311.01968    15390 
278000000   -3794.3766    3381.8512    13021.451   -1073.8498    8250.0776    312.05278    15411 
279000000   -3656.4198     3507.287    12794.038   -1021.3871    8185.0939    306.60295    15414 
280000000   -3833.9843     3555.898    12919.008   -990.98516    8380.8675    309.59778    15399 
281000000   -3858.2391    3417.2459    12877.919   -959.16445    8234.6495    308.61312    15411 
282000000   -3842.2707    3211.5169    12908.635   -1070.7209    8124.5085     309.3492    15422 
283000000   -3831.2096    3389.9139    12977.783   -1044.0915     8265.215    311.00632    15416 
284000000    -3797.545    3354.0029    12956.796   -1017.5655    8169.1135    310.50335    15415 
285000000   -3839.7093    3474.4569    12831.334   -859.99533    8174.1615    307.49672    15368 
286000000   -3802.6052    3471.0682    12953.499   -886.48299    8160.1563    310.42434    15410 
287000000   -3868.6495    3304.8372    13143.055   -1113.5864     8287.073    314.96697    15418 
288000000   -3777.3277    3583.4744    12849.766   -987.43594    8348.2381    307.93843    15419 
289000000   -3777.7855    3519.1785    12980.795   -966.38458    8263.3486    311.07849    15414 
290000000   -3819.3832    3455.6396    12885.334    -925.4724    8200.4952    308.79081    15402 
291000000   -3927.4542    3415.7891    13005.971   -1020.7747     8364.018    311.68183    15411 
292000000   -3737.7989    3602.9026    12811.522   -966.76154    8307.4631    307.02194    15405 
293000000   -3715.4837    3694.6487    13091.056   -954.11137    8364.2438    313.72083    15394 
294000000   -3829.1884    3539.8461    12877.311   -916.47364    8285.5081    308.59853    15391 
295000000   -3829.5208    3318.1931    13031.641   -1094.6106    8242.3244    312.29698    15429 
296000000    -3874.936    3288.7181    13007.904   -1106.4182    8270.0723    311.72813    15408 
297000000    -3830.675    3533.6076    12984.739   -881.39012    8245.6727    311.17301    15390 
298000000   -3694.7092    3714.5803     12813.78   -854.34041    8263.6299    307.07604    15389 
299000000   -3724.9804    3600.4916    12948.796   -920.62414    8246.0962    310.31165    15392 
300000000   -3752.4464     3598.262    13059.397   -947.39855    8298.1069    312.96214    15400 
301000000   -3843.9959    3347.8354    12801.934   -1055.2021    8247.0333    306.79217    15417 
302000000   -3866.4682     3442.717    12886.884   -962.21795    8271.4031    308.82796    15399 
303000000   -3829.2566    3441.9616    13030.606   -1004.3184    8275.5366    312.27219    15398 
304000000   -3800.0436    3343.2493    13010.024   -1177.6409    8320.9338    311.77894    15420 
305000000   -3828.1889    3457.0079    12941.497   -896.01214     8181.209    310.13673    15389 
306000000   -3891.0447    3382.8113    12886.135   -984.04425    8257.9003    308.81002    15411 
307000000   -3860.4878    3390.5109    12802.192   -1035.8636    8286.8623    306.79836    15404 
308000000   -3796.8374    3421.0654    12915.521   -1036.5301    8254.4329    309.51424    15410 
309000000   -3879.5555    3427.5517     12752.11   -952.40102    8259.5082    305.59815    15392 
310000000   -3885.1584    3386.9505    12899.865   -985.99285    8258.1017    309.13905    15404 
311000000   -3816.9254    3567.1629    12960.028   -912.61669     8296.705    310.58082    15375 
312000000   -3936.3926     3298.785    13036.884   -1032.4715    8267.6491    312.42263    15430 
313000000   -3778.3004    3372.6023     12974.83   -1081.0231    8231.9257    310.93554    15406 
314000000   -3761.0525    3568.4066    12950.905   -1035.6846    8365.1437    310.36217    15423 
315000000   -3703.7784    3434.8275    12957.425   -1092.5089    8231.1147    310.51844    15412 
316000000   -3835.7499    3245.3301    12979.534   -1109.8475    8190.9275    311.04828    15416 
317000000   -3771.5906     3602.557    12909.643   -907.06244    8281.2101    309.37335    15406 
318000000   -3839.0537     3160.991    12919.591   -1175.9858    8176.0305    309.61175    15425 
319000000   -3788.0343      3396.32    13046.665   -1052.0484    8236.4026    312.65702    15407 
320000000   -3701.1435    3424.8839    12919.799   -1029.9281    8155.9555    309.61673    15419 
321000000   -3743.0989     3456.732    12991.058   -999.34215     8199.173    311.32442    15416 
322000000   -3905.1716    3328.3068    12914.193   -1047.0172    8280.4956     309.4824    15411 
323000000   -3888.5204    3376.1856      12863.9   -1004.9189    8269.6249    308.27716    15420 
324000000   -3839.9044    3415.3231     13278.72    -1011.605    8266.8326     318.2181    15392 
325000000    -3789.807    3238.8654    12916.485    -1078.804    8107.4764    309.53734    15402 
326000000   -3792.7166    3531.0156    12844.643   -880.50203    8204.2342    307.81566    15376 
327000000    -3742.865    3627.5655    13018.561   -856.59878    8227.0293    311.98353    15382 
328000000   -3875.3831    3368.4436    12908.825   -958.73664    8202.5633    309.35376    15406 
329000000   -3842.7996    3382.3342    13075.981   -982.20927     8207.343    313.35957    15412 
330000000   -3829.5515    3527.8857    12975.061   -862.74658    8220.1837    310.94108    15388 
331000000   -3885.9374    3364.8437    12890.198   -1004.4727    8255.2538    308.90737    15413 
332000000   -3791.7249    3468.8151    13041.136   -959.96181    8220.5019    312.52453    15409 
333000000   -3853.8317    3501.8998    12950.492   -932.13699    8287.8685    310.35228    15393 
334000000   -3726.7127    3502.2535     12883.16   -1046.9663    8275.9325     308.7387    15414 
335000000   -3922.1291    3262.9994    12815.775   -1101.7901    8286.9186    307.12386    15423 
336000000   -3860.9214    3464.4545    12944.973   -943.29781    8268.6738    310.22002    15405 
337000000   -3856.4022    3490.3044    13062.933   -917.21781    8263.9245    313.04689    15404 
338000000   -3798.0516    3470.3545    12919.552   -980.59725    8249.0034    309.61084    15412 
339000000   -3879.0761    3251.1004    12921.404   -1018.4795     8148.656    309.65522    15397 
340000000   -3850.5854    3604.9831    12835.989    -947.9998    8403.5684    307.60828    15399 
341000000   -3840.7064    3481.5562    12986.224    -982.8782    8305.1408    311.20858    15418 
342000000   -3891.1142    3559.8424    13016.384   -872.78375    8323.7404    311.93136    15385 
343000000   -3882.8726     3371.099    13037.669   -982.80984    8236.7815    312.44145    15402 
344000000   -3801.0888    3391.3821    12942.025   -1046.1518    8238.6227    310.14938    15395 
345000000   -3775.5434    3508.3929    12732.166   -966.44032    8250.3766     305.1202    15392 
346000000   -3801.9897    3421.9035    13008.874   -898.44086     8122.334    311.75139    15401 
347000000   -3861.5868    3360.6241    12961.084   -1031.1435    8253.3545    310.60613    15408 
348000000   -3888.0448     3537.559    12997.332   -864.78593    8290.3898    311.47479    15376 
349000000    -3951.489    3354.0622    12850.626    -989.1422    8294.6934    307.95906    15414 
350000000   -3915.3284     3356.108    13033.507   -1011.2028    8282.6392     312.3417    15403 
351000000   -3925.1002    3393.4197    12957.298   -956.68057    8275.2005    310.51538    15410 
352000000   -3792.2555    3533.9533    12963.611    -1020.467    8346.6758    310.66668    15406 
353000000   -3890.3962    3360.3994    13008.781   -869.11764    8119.9132    311.74917    15415 
354000000   -3746.2439    3449.0959    13027.597   -1011.8328    8207.1726    312.20007    15405 
355000000   -3824.8528    3496.8879    12934.967   -968.92115    8290.6619    309.98024    15421 
356000000   -3831.7878    3520.4814    12982.905   -1010.0295    8362.2987    311.12905    15409 
357000000   -3801.2139    3451.4762    12825.509    -1009.362    8262.0521    307.35714    15409 
358000000   -3857.6682    3198.0592     12979.65   -1155.5673    8211.2947    311.05106    15426 
359000000   -3805.1149    3466.6483    13033.129   -931.09025    8202.8535    312.33264    15420 
360000000   -3774.2493    3417.6223    12892.718   -987.89944     8179.771    308.96775    15399 
361000000   -3819.8915    3311.6112    13054.653        -1080    8211.5027    312.84845    15411 
362000000   -3870.3506    3337.2425     12957.64   -946.48334    8154.0764    310.52358    15402 
363000000   -3745.1569     3713.367    13056.215   -964.69297    8423.2168    312.88589    15406 
364000000   -3824.7218    3578.5303    13059.209    -994.4408    8397.6928    312.95765    15396 
365000000   -3797.3217    3535.2871    12864.275   -987.77914    8320.3879    308.28615    15387 
366000000   -3742.5438    3735.9297    12968.299   -927.30915    8405.7826    310.77904    15394 
367000000   -3809.7693    3547.9091    12906.518   -955.95721    8313.6357    309.29848    15382 
368000000   -3749.1711    3415.6739    12675.081   -1013.4528    8178.2977    303.75221    15408 
369000000   -3847.9299    3537.0823    12815.028   -905.49407    8290.5063    307.10595    15399 
370000000   -3709.5701    3539.0766    12812.921   -993.52015    8242.1668    307.05547    15402 
371000000   -3811.2203    3454.9647      12984.3   -1014.9875    8281.1725    311.16248    15407 
372000000   -3838.3257    3311.2042    12961.296   -1152.0569    8301.5869     310.6112    15410 
373000000   -3840.4815    3540.6519    12944.035   -931.86965    8313.0031    310.19754    15394 
374000000   -3960.5067     3363.033     12970.64   -1020.0284    8343.5681    310.83514    15420 
375000000   -3748.7344    3447.5387    12981.507   -982.70857    8178.9817    311.09555    15397 
376000000   -3844.0842    3460.3651    13143.316   -973.06117    8277.5104    314.97323    15409 
377000000   -3828.9249    3403.6472    12893.915   -995.92459    8228.4967    308.99646    15412 
378000000   -3709.7065    3474.5369    12815.113   -959.58657      8143.83    307.10799    15385 
379000000   -3801.3906    3307.9281    13069.955   -1103.7277    8213.0463    313.21517    15407 
380000000   -3790.1286    3629.8857    12998.342    -952.2678    8372.2821    311.49899    15388 
381000000   -3897.9121    3585.0698    12859.869   -844.23196    8327.2139    308.18055    15392 
382000000   -3854.1305    3383.7188    12848.535   -1078.3699    8316.2192    307.90893    15408 
383000000   -3814.3236    3379.9395    13022.392   -988.05676    8182.3198    312.07533    15403 
384000000    -3848.892    3413.1643    13026.737   -946.18585    8208.2422    312.17946    15405 
385000000   -3838.9944    3454.3762     12893.09   -1029.5747    8322.9454    308.97668    15418 
386000000   -3783.1707    3577.9265     12980.19   -940.63308    8301.7303    311.06399    15388 
387000000   -3729.7713    3432.2339    12899.415   -1061.5298     8223.535    309.12824    15402 
388000000    -3736.214    3515.8647    12828.005   -959.13666    8211.2154    307.41694    15396 
389000000   -3854.6279    3442.2084    12944.533   -1100.8665    8397.7028    310.20947    15425 
390000000   -3777.5744    3533.3497    12936.971   -982.62775    8293.5518    310.02826    15401 
391000000   -3735.1774     3673.582    12997.733   -901.58132    8310.3407    311.48439    15406 
392000000   -3919.2203    3403.7373    12887.542   -1025.8808    8348.8384    308.84372    15402 
393000000   -3799.7282    3412.5145    12735.942   -1069.1898    8281.4325     305.2107    15400 
394000000   -3824.9021    3477.6462    12833.696   -1088.2584    8390.8067    307.55334    15420 
395000000   -3796.7179    3342.0401    12862.438   -1039.4797    8178.2376    308.24211    15404 
396000000   -3727.6073     3380.217    12876.043   -990.04569      8097.87    308.56816    15411 
397000000   -3793.9527    3692.8803    12861.738   -861.07248    8347.9054    308.22534    15385 
398000000   -3774.3473    3295.3788    13030.349    -1212.988    8282.7141    312.26602    15423 
399000000   -3678.0364    3832.7037    12783.993    -857.2092    8367.9493    306.36223    15369 
400000000   -3797.1921    3445.4181    12915.967   -967.86983    8210.4801    309.52491    15412 
Loop time of 159979 on 28 procs for 400000000 steps with 14000 atoms

Performance: 5400.696 ns/day, 0.004 hours/ns, 2500.322 timesteps/s
99.5% CPU use with 28 MPI tasks x no OpenMP threads

MPI task timing breakdown:
Section |  min time  |  avg time  |  max time  |%varavg| %total
---------------------------------------------------------------
Pair    | 18620      | 23420      | 27013      |1360.3 | 14.64
Bond    | 4704.5     | 6178.3     | 8725.4     |2356.7 |  3.86
Neigh   | 51956      | 52455      | 53331      | 153.9 | 32.79
Comm    | 38150      | 45523      | 52983      |1742.4 | 28.46
Output  | 0.66936    | 0.6705     | 0.67199    |   0.1 |  0.00
Modify  | 20781      | 20916      | 21090      |  49.7 | 13.07
Other   |            | 1.149e+04  |            |       |  7.18

Nlocal:    500 ave 537 max 459 min
Histogram: 1 1 2 2 7 7 2 3 2 1
Nghost:    791.464 ave 1062 max 423 min
Histogram: 1 2 1 3 3 4 5 3 2 4
Neighs:    6766.29 ave 8269 max 4876 min
Histogram: 1 2 2 1 7 3 4 2 3 3

Total # of neighbors = 189456
Ave neighs/atom = 13.5326
Ave special neighs/atom = 8.79957
Neighbor list builds = 79940369
Dangerous builds = 0
write_restart final_state_${fName}.restart
write_restart final_state_Run1.restart
Total wall time: 44:26:25
