
units           real
boundary p p p
atom_style      full

read_restart final_state_b70_N200_L300.restart
  restoring atom style full from restart
  orthogonal box = (-420 -420 -420) to (420 420 420)
  2 by 2 by 7 MPI processor grid
  restoring pair style lj/cut from restart
  restoring bond style hybrid from restart
  restoring angle style cosine from restart
  14000 atoms
  15734 bonds
  13600 angles
  3 = max # of 1-2 neighbors
  4 = max # of 1-3 neighbors
  8 = max # of 1-4 neighbors
  56 = max # of special neighbors
  special bonds CPU = 0.420497 secs
  read_restart CPU = 0.504988 secs
mass 1 100
mass 2 100
mass 3 100
mass 4 100

neighbor 1.9 bin
neigh_modify every 1 delay 1 check yes

angle_style  cosine
angle_coeff   *  2  # K (energy unit)

bond_style 		hybrid harmonic harmonic/shift/cut
bond_coeff   1   harmonic 3   10
bond_coeff   2   harmonic 3   10
bond_coeff	3	harmonic/shift/cut 3.60	11.22	12.72

pair_style lj/cut 25
# atom-typ1, atom-typ2, energy-well, sigma (bead-diameter), cut-off (distance)
pair_coeff  * * 0.18 10 25

special_bonds lj  0 1 1 angle yes
  3 = max # of 1-2 neighbors
  4 = max # of 1-3 neighbors
  8 = max # of 1-4 neighbors
  42672 = # of 1-3 neighbors before angle trim
  27200 = # of 1-3 neighbors after angle trim
  56 = max # of special neighbors
  special bonds CPU = 0.0012326 secs

# further equilibriate the system before bond formation takes place
fix fxlan all langevin $T $T 1000 ${seed}
fix fxlan all langevin 310 $T 1000 ${seed}
fix fxlan all langevin 310 310 1000 ${seed}
fix fxlan all langevin 310 310 1000 83802
fix fxnve all nve
timestep 0.1
run 10000
Unused restart file global fix info:
  fix style: colvars, fix ID: CV_Rg
Neighbor list info ...
  update every 1 steps, delay 1 steps, check yes
  max neighbors/atom: 2000, page size: 100000
  master list distance cutoff = 26.9
  ghost atom cutoff = 26.9
  binsize = 13.45, bins = 63 63 63
  1 neighbor lists, perpetual/occasional/extra = 1 0 0
  (1) pair lj/cut, perpetual
      attributes: half, newton on
      pair build: half/bin/newton
      stencil: half/bin/3d/newton
      bin: standard
Per MPI rank memory allocation (min/avg/max) = 1.103 | 7.739 | 16.65 Mbytes
Step Temp E_pair E_mol TotEng Press 
250000000    30.664295   -6667.5495    6354.7416    966.76285   -4.0321422 
250010000    261.97432   -6543.8784    5231.4567     9619.337      1.28194 
Loop time of 4.97523 on 28 procs for 10000 steps with 14000 atoms

Performance: 17.366 ns/day, 1.382 hours/ns, 2009.957 timesteps/s
99.7% CPU use with 28 MPI tasks x no OpenMP threads

MPI task timing breakdown:
Section |  min time  |  avg time  |  max time  |%varavg| %total
---------------------------------------------------------------
Pair    | 0.00032357 | 0.79904    | 3.0163     | 115.6 | 16.06
Bond    | 0.00052607 | 0.11127    | 0.39341    |  41.1 |  2.24
Neigh   | 0.013737   | 0.014442   | 0.015847   |   0.7 |  0.29
Comm    | 0.0015963  | 1.2053     | 3.16       | 103.9 | 24.23
Output  | 8.581e-05  | 0.00042514 | 0.00076668 |   0.0 |  0.01
Modify  | 0.00093645 | 0.24141    | 0.84639    |  60.5 |  4.85
Other   |            | 2.603      |            |       | 52.33

Nlocal:    500 ave 1761 max 0 min
Histogram: 16 0 0 2 1 2 1 3 0 3
Nghost:    547.286 ave 1744 max 0 min
Histogram: 14 2 0 0 1 5 2 0 1 3
Neighs:    10700.2 ave 39094 max 0 min
Histogram: 16 0 1 1 3 0 2 2 0 3

Total # of neighbors = 299607
Ave neighs/atom = 21.4005
Ave special neighs/atom = 8.28729
Neighbor list builds = 6
Dangerous builds = 0

unfix fxlan
unfix fxnve
reset_timestep 0

variable t equal step
variable steps equal 400000000
variable dt_thermo equal 1000000
variable dt_movie equal 10000000
variable dt_restart equal 40000000

group rxnSites type 1 3
4000 atoms in group rxnSites

# fix ID group-ID(atom-types) bond/create Nevery itype jtype Rmin bondtype (prob values = fraction seed) (iparam maxbond newType)
fix bondc rxnSites bond/create/random 20 1 3 12.72 3 prob 1 ${seed} iparam 1 1 jparam 1 3
fix bondc rxnSites bond/create/random 20 1 3 12.72 3 prob 1 83802 iparam 1 1 jparam 1 3

# fix ID group-ID bond/break Nevery bondtype Rmax keyword values ...
fix bondbr rxnSites bond/break 20 3 12.72 prob 1 ${seed}
fix bondbr rxnSites bond/break 20 3 12.72 prob 1 83802

variable frmbnd equal f_bondc[2]
variable brkbnd equal f_bondbr[2]
fix saveBond all print ${dt_thermo} "$t ${frmbnd} ${brkbnd}" file BondData_${fName}.dat screen no
fix saveBond all print 1000000 "$t ${frmbnd} ${brkbnd}" file BondData_${fName}.dat screen no
fix saveBond all print 1000000 "$t ${frmbnd} ${brkbnd}" file BondData_Run2.dat screen no

thermo_style    custom step epair pe ke ebond eangle temp bonds
thermo          ${dt_thermo}
thermo          1000000
fix saveThermo all print ${dt_thermo} "$t $(temp) $(ke) $(pe) $(epair) $(ebond) $(eangle) $(bonds)" file Thermo_${fName}.dat title "# Steps Temp KinEng PotEng Epair Ebond Eangle Bonds" screen no
fix saveThermo all print 1000000 "$t $(temp) $(ke) $(pe) $(epair) $(ebond) $(eangle) $(bonds)" file Thermo_${fName}.dat title "# Steps Temp KinEng PotEng Epair Ebond Eangle Bonds" screen no
fix saveThermo all print 1000000 "$t $(temp) $(ke) $(pe) $(epair) $(ebond) $(eangle) $(bonds)" file Thermo_Run2.dat title "# Steps Temp KinEng PotEng Epair Ebond Eangle Bonds" screen no

############################ Langevin Dynamics ###############################
fix fxlan all langevin $T $T 1000 ${seed}
fix fxlan all langevin 310 $T 1000 ${seed}
fix fxlan all langevin 310 310 1000 ${seed}
fix fxlan all langevin 310 310 1000 83802
fix fxnve all nve

comm_style tiled
fix fxbal all balance 1000 1.1 rcb

timestep 25

dump coor all custom ${dt_movie} traj_${fName}.dump id type mol mass x y z xu yu zu
dump coor all custom 10000000 traj_${fName}.dump id type mol mass x y z xu yu zu
dump coor all custom 10000000 traj_Run2.dump id type mol mass x y z xu yu zu

restart ${dt_restart} ${fName}_tp_*.restart
restart 40000000 ${fName}_tp_*.restart
restart 40000000 Run2_tp_*.restart
run ${steps}
run 400000000
Neighbor list info ...
  update every 1 steps, delay 1 steps, check yes
  max neighbors/atom: 2000, page size: 100000
  master list distance cutoff = 26.9
  ghost atom cutoff = 26.9
  binsize = 13.45, bins = 63 63 63
  2 neighbor lists, perpetual/occasional/extra = 1 1 0
  (1) pair lj/cut, perpetual
      attributes: half, newton on
      pair build: half/bin/newton
      stencil: half/bin/3d/newton
      bin: standard
  (2) fix bond/create/random, occasional, copy from (1)
      attributes: half, newton on
      pair build: copy
      stencil: none
      bin: none
Per MPI rank memory allocation (min/avg/max) = 17.81 | 18.31 | 19.33 Mbytes
Step E_pair PotEng KinEng E_bond E_angle Temp Bonds 
       0   -6543.8784   -1312.4217    10931.759   -2949.4692    8180.9259    261.97432    15734 
 1000000   -3663.9734    4040.5799    12928.259     -825.245    8529.7983    309.81949    15388 
 2000000   -3706.2177      3974.94    13075.322   -829.80036     8510.958    313.34377    15385 
 3000000   -3699.2824     3755.142    12808.959    -951.9418    8406.3662    306.96052    15395 
 4000000   -3734.7501    3671.3346    13008.638   -980.90249    8386.9872    311.74573    15413 
 5000000   -3724.5401    3602.5195    12997.521   -1031.1163    8358.1759    311.47931    15407 
 6000000   -3682.1642     3720.669    13013.431   -1009.8228     8412.656     311.8606    15414 
 7000000   -3626.8383    3699.3076    12989.543   -928.30546    8254.4513    311.28813    15392 
 8000000   -3756.1875    3599.7553    12955.424   -1000.6238    8356.5666    310.47049    15415 
 9000000   -3761.8281    3602.9612    13043.741   -962.97317    8327.7625    312.58696    15394 
10000000   -3677.8421    3799.4811    12836.896   -912.68551    8390.0087    307.63002    15390 
11000000   -3675.4099    3633.0661    12837.543   -1016.3881    8324.8641    307.64552    15427 
12000000   -3718.0159    3773.5528    12922.008       -937.8    8429.3687    309.66967    15375 
13000000   -3747.0466    3662.8297    12853.664   -886.68639    8296.5627    308.03184    15377 
14000000   -3654.8077    3591.8478    12937.698   -1020.8148    8267.4703    310.04569    15401 
15000000   -3787.9214    3470.8204    12979.107   -1056.2301    8314.9719    311.03804    15400 
16000000   -3842.0321    3450.6716    12849.984   -1019.1468    8311.8505    307.94365    15408 
17000000   -3721.6826    3645.1088    12881.028   -813.40636    8180.1978    308.68762    15394 
18000000   -3731.0179    3441.2778    12733.468   -1143.0069    8315.3026     305.1514    15427 
19000000   -3680.9696    3620.3023    12924.489   -1025.4162    8326.6882    309.72914    15402 
20000000   -3842.6292    3603.2226    12941.157   -972.39092    8418.2427    310.12857    15395 
21000000   -3786.8011    3491.5443    13002.009   -992.53523    8270.8806    311.58687    15417 
22000000   -3767.1109    3524.1882    12723.683   -1037.5135    8328.8126    304.91692    15414 
23000000   -3784.7989    3522.8671    12902.253   -948.94478    8256.6108    309.19627    15405 
24000000   -3892.2263    3321.4776    12990.514   -1010.0308    8223.7348    311.31139    15404 
25000000   -3834.4037    3342.4735    13013.071   -993.22565    8170.1029    311.85197    15396 
26000000   -3827.4939    3514.0672    12813.783   -966.34128    8307.9024    307.07612    15404 
27000000   -3827.0582    3285.7576    12942.307   -1089.0009    8201.8167    310.15615    15409 
28000000   -3771.7067    3428.1194    12856.055   -982.09781     8181.924    308.08916    15410 
29000000   -3740.1817    3429.8668    12880.137   -1091.4361    8261.4846    308.66628    15420 
30000000   -3807.4756    3322.1782    12742.686   -1002.0591    8131.7128    305.37233    15403 
31000000    -3877.783    3241.8565    12706.034   -1058.5507    8178.1902    304.49397    15414 
32000000   -3857.2818    3412.3968    12814.317   -954.50351    8224.1822    307.08891    15406 
33000000   -3809.9013    3647.9123    12863.595   -921.81081    8379.6244    308.26983    15388 
34000000   -3859.2682    3473.2577    12935.583   -970.82471    8303.3505    309.99499    15399 
35000000   -3709.9392    3408.4462    12918.077   -1047.9495    8166.3349    309.57548    15399 
36000000   -3790.9169    3544.7948    12874.331   -940.13102    8275.8428    308.52713    15385 
37000000   -3877.9858    3309.3707    13101.469   -969.26265    8156.6191    313.97037    15407 
38000000   -3771.1255    3548.3898    12782.703   -914.36302    8233.8784     306.3313    15395 
39000000   -3892.8662    3320.0321    12905.807   -1022.9319    8235.8302    309.28143    15396 
40000000   -3886.2316    3417.4719    12890.816   -1053.8091    8357.5126    308.92217    15423 
41000000   -3822.8239     3457.017    13027.888   -967.27764    8247.1185    312.20705    15407 
42000000   -3659.4322    3697.8387    12846.935    -1010.834    8368.1049    307.87059    15403 
43000000   -3728.0396    3496.1716     12854.84   -1000.5693    8224.7804    308.06003    15399 
44000000   -3766.2265    3565.5974    13093.661   -977.76747    8309.5913    313.78326    15392 
45000000   -3771.5341    3509.5337    12845.255   -1062.2837    8343.3515    307.83034    15418 
46000000   -3823.4011    3490.6496    13138.003   -1035.1474    8349.1981    314.84591    15404 
47000000   -3819.6475    3527.6617    12785.497   -993.66707    8340.9763    306.39827    15405 
48000000   -3699.6385    3722.5448    12890.467   -866.11682    8288.3001    308.91381    15392 
49000000   -3795.4599    3401.9934    12650.607   -1098.2046    8295.6579    303.16569    15412 
50000000   -3771.4641     3387.249    12894.213   -1020.7067    8179.4198    309.00359    15381 
51000000   -3736.6695    3675.3409    12854.476    -867.4079    8279.4183     308.0513    15386 
52000000   -3831.9807    3455.2747    13128.644   -1039.4176    8326.6731    314.62161    15412 
53000000   -3835.2789    3447.0654    12804.298   -1017.7772    8300.1216    306.84881    15414 
54000000   -3785.6991    3542.4268    12863.217    -1028.844    8356.9698    308.26077    15410 
55000000   -3723.8081    3558.7067    12875.625   -998.26534    8280.7802    308.55814    15397 
56000000   -3750.9685    3594.8154    13001.614   -867.22888    8213.0128     311.5774    15397 
57000000   -3883.3502    3376.5853    13005.985   -1046.5622    8306.4977    311.68215    15404 
58000000   -3816.8777    3396.2495    12979.307   -972.14843    8185.2756    311.04283    15397 
59000000    -3864.069    3507.4923    12911.008   -954.77453    8326.3358    309.40607    15419 
60000000   -3811.4133    3393.9554    12821.993   -1061.7822    8267.1509    307.27286    15400 
61000000   -3833.1138    3343.8109     13090.24   -1059.7858    8236.7106    313.70128    15425 
62000000   -3859.9198    3358.4932    12979.337   -1026.4193    8244.8322    311.04355    15435 
63000000   -3758.3033    3529.5896    12948.441   -984.44452    8272.3374    310.30314    15406 
64000000   -3723.4977    3622.5749    13044.475   -953.35608    8299.4286    312.60455    15408 
65000000   -3847.0657    3406.8773    12851.274   -922.34888    8176.2919    307.97458    15399 
66000000   -3911.6549    3415.5758    12914.792   -997.40781    8324.6385    309.49675    15409 
67000000   -3824.5652    3268.3304     13026.71   -1084.3488    8177.2443    312.17881    15410 
68000000   -3767.7182    3434.4312    12901.296   -1075.7468    8277.8961    309.17333    15414 
69000000   -3771.3992    3437.0619    13023.645   -1009.1104    8217.5715    312.10538    15402 
70000000   -3844.8673    3278.3948    13002.782   -1130.5813    8253.8434     311.6054    15427 
71000000   -3805.4029    3456.6561    12857.914   -1038.3981     8300.457    308.13369    15419 
72000000   -3855.4092    3331.8681    13061.016   -1063.7125    8250.9898    313.00095    15406 
73000000   -3710.2171    3748.4408    12843.971   -811.22608    8269.8839    307.79957    15374 
74000000   -3814.0211    3532.4573    12989.252   -983.83553    8330.3139    311.28116    15413 
75000000   -3797.9043    3468.7787    13050.403   -972.49159    8239.1746    312.74661    15395 
76000000    -3845.184    3611.9868     12900.35   -973.32522     8430.496    309.15066    15383 
77000000   -3781.0285    3460.5733    13049.288   -1056.6176    8298.2195    312.71989    15419 
78000000   -3784.3145    3423.0649    12847.657   -991.54229    8198.9217     307.8879    15424 
79000000   -3780.6152    3399.9735    12784.055   -991.57757    8172.1663     306.3637    15422 
80000000    -3815.701    3521.3115     12764.45   -996.78957    8333.8021    305.89388    15420 
81000000    -3884.252    3349.4021    12810.996   -940.76462    8174.4187    307.00933    15397 
82000000   -3765.1595    3594.7093    13027.828   -987.36991    8347.2387    312.20562    15407 
83000000    -3839.435     3322.116    12947.724   -1082.2981    8243.8491    310.28596    15431 
84000000   -3848.1423    3539.4538     12833.11   -891.91022    8279.5064    307.53929    15407 
85000000   -3816.3722    3493.5665    12975.481   -960.58075    8270.5195    310.95114    15404 
86000000   -3801.4236    3362.0641    13022.831   -1059.9967    8223.4844    312.08587    15410 
87000000   -3784.2541    3363.9609    12982.809   -1005.3537    8153.5688    311.12675    15406 
88000000   -3779.6997    3475.5991    13000.958   -979.50408    8234.8029    311.56167    15386 
89000000   -3843.6675    3338.5395    13020.763   -1132.7331    8314.9402    312.03631    15426 
90000000   -3879.8114    3347.5668    13001.715    -1015.268    8242.6462    311.57982    15410 
91000000   -3867.5906    3432.7227    12904.875    -1036.427    8336.7402     309.2591    15435 
92000000   -3790.3064    3585.2656    12984.869   -944.59701     8320.169    311.17611    15405 
93000000    -3882.747    3378.4303    12865.208   -1061.6705    8322.8478     308.3085    15412 
94000000   -3783.2565    3373.1839    12958.169   -1127.0523    8283.4927    310.53627    15410 
95000000   -3776.0122    3584.2347    12982.995   -888.62444    8248.8713     311.1312    15380 
96000000   -3872.5163    3314.2669     12897.53   -1141.2852    8328.0684    309.08309    15407 
97000000   -3720.6724    3537.0463    12864.022   -973.96976    8231.6885    308.28007    15416 
98000000   -3809.9873    3443.2935    12935.802   -972.84512    8226.1259    310.00024    15393 
99000000   -3861.4354    3462.5744    12909.735   -940.77834    8264.7882    309.37556    15411 
100000000   -3846.0192    3476.4117    12906.644   -1070.9027    8393.3335     309.3015    15416 
101000000    -3729.069    3646.0944    13017.541   -967.88167     8343.045    311.95909    15418 
102000000   -3760.1989    3610.8574     12981.19    -950.0847    8321.1411    311.08795    15400 
103000000   -3802.8745    3480.1419    12794.251   -966.65046    8249.6669    306.60806    15412 
104000000   -3780.5469    3408.7638    12919.399   -1008.8756    8198.1863    309.60716    15395 
105000000   -3819.2277     3411.715    12937.868   -1028.2817    8259.2245    310.04976    15396 
106000000   -3757.4237    3407.7497    12964.773   -1117.7958    8282.9692    310.69453    15422 
107000000   -3901.2396    3228.2464    12798.558   -1089.3767    8218.8627    306.71127    15420 
108000000   -3893.5546    3483.6741    12902.817   -1046.5343    8423.7629    309.20979    15404 
109000000   -3756.8207    3635.6388    12870.416    -895.0465     8287.506     308.4333    15403 
110000000   -3776.5283    3554.6669    12922.432   -913.67051    8244.8657    309.67984    15408 
111000000   -3719.5726     3505.029    12856.333    -1066.362    8290.9636    308.09582    15420 
112000000   -3749.1008    3498.7646    12842.876    -1034.284    8282.1494    307.77333    15405 
113000000   -3800.3491    3666.9468    12885.793   -922.73405    8390.0299     308.8018    15393 
114000000   -3722.5112    3601.8388    13017.301   -963.61999      8287.97    311.95334    15427 
115000000   -3801.2723    3467.7143    12965.431   -1005.8919    8274.8786    310.71029    15388 
116000000   -3891.5344     3340.974    13017.798   -961.71148    8194.2199    311.96525    15411 
117000000   -3760.3541    3467.7336    13087.561   -1050.0601    8278.1478    313.63709    15403 
118000000   -3897.8191    3410.9952    12936.151   -1064.1247     8372.939    310.00861    15436 
119000000    -3697.542    3560.8829     13021.16   -998.82426    8257.2491    312.04582    15410 
120000000    -3863.655    3487.5482    12848.335   -954.15031    8305.3535    307.90414    15399 
121000000   -3785.2095    3367.1827    13077.403   -1025.4601    8177.8523    313.39365    15404 
122000000   -3792.8877     3415.213    12780.828   -1040.8794      8248.98    306.28637    15408 
123000000   -3761.9842    3423.4322    13059.934   -1014.8398    8200.2563    312.97501    15418 
124000000   -3798.6123    3534.4546    12937.976   -974.61628    8307.6832    310.05235    15389 
125000000   -3809.4538    3602.3774    13001.391   -914.37956    8326.2107    311.57206    15394 
126000000   -3764.9515    3541.9396    13024.856   -875.43754    8182.3286    312.13439    15392 
127000000   -3803.2517    3580.7354    12767.714   -973.13574    8357.1228    305.97211    15411 
128000000     -3675.14    3508.1136    13003.978   -950.16843    8133.4221    311.63406    15402 
129000000   -3797.5801    3369.5646    12908.758   -1138.9713    8306.1159    309.35216    15427 
130000000   -3766.4512    3524.3757    13018.168   -1006.3378    8297.1647     311.9741    15394 
131000000   -3886.6595    3457.5746    12966.886   -969.27824    8313.5123    310.74517    15392 
132000000   -3787.9837    3333.3161    12962.695   -1003.4911     8124.791    310.64474    15430 
133000000    -3857.528    3278.5141    12860.625    -1007.482    8143.5241    308.19867    15397 
134000000   -3829.4834    3524.5981    12776.798   -925.07933    8279.1608    306.18981    15391 
135000000   -3848.1464    3688.3883    12860.191   -892.55543    8429.0901    308.18828    15395 
136000000   -3759.4172    3564.9392    13010.943   -937.07923    8261.4356    311.80096    15397 
137000000   -3887.3022    3543.2518    12843.717   -879.48809    8310.0421    307.79347    15390 
138000000    -3842.254    3536.1807    12991.224   -959.88818    8338.3229    311.32841    15401 
139000000   -3695.4473    3657.6671    12923.534   -1028.1759    8381.2904    309.70626    15393 
140000000   -3848.2304    3277.5825    12785.949   -1055.6626    8181.4756     306.4091    15423 
141000000   -3885.1642    3387.7186    12975.608   -997.17445    8270.0572    310.95417    15415 
142000000   -3827.3817    3398.9956    12917.584   -970.73276      8197.11    309.56368    15393 
143000000   -3855.7184      3186.88     12941.68   -1149.0054    8191.6039    310.14112    15437 
144000000   -3745.0736    3517.8691    12907.773   -997.10412    8260.0468    309.32854    15383 
145000000   -3844.0864    3373.9308    12872.224   -1071.1263    8289.1435    308.47663    15420 
146000000    -3773.774    3433.4808    12796.823   -1004.6737    8211.9286    306.66969    15399 
147000000   -3838.5362    3438.8483    12797.109   -915.82653    8193.2111    306.67654    15384 
148000000   -3770.9677    3544.1065    13063.163   -1015.8029    8330.8772    313.05239    15400 
149000000   -3820.0542    3411.9875    12965.719   -1039.5992    8271.6409    310.71719    15403 
150000000   -3873.1176    3294.0072     13085.89   -1042.4645    8209.5893    313.59703    15420 
151000000   -3809.0961    3458.0787    12978.195   -977.01182    8244.1866    311.01617    15409 
152000000   -3876.2527    3395.6834     12917.83   -971.14856    8243.0847    309.56955    15418 
153000000   -3845.2363    3241.4817    12949.911   -1090.6092    8177.3272    310.33837    15421 
154000000   -3883.3526    3312.4116    12891.285   -1086.0749    8281.8391    308.93342    15406 
155000000   -3842.6629    3308.8514    12820.744   -1033.1032    8184.6176    307.24294    15405 
156000000   -3870.5645    3518.0376     13033.48   -832.69031    8221.2924    312.34106    15399 
157000000   -3938.0125    3350.3748    12879.354   -946.90748    8235.2948    308.64751    15412 
158000000   -3894.0571    3422.0003    12979.857    -962.2424    8278.2998      311.056    15407 
159000000   -3777.1123    3272.0012    13028.998   -1137.8416    8186.9552    312.23365    15426 
160000000   -3863.5592    3372.7289    12969.013   -994.47281    8230.7609    310.79614    15417 
161000000   -3833.3137    3373.3559    12998.926    -1024.462    8231.1316    311.51298    15413 
162000000   -3716.2017    3629.7926    12808.172   -996.76843    8342.7627    306.94166    15418 
163000000   -3791.0098    3405.6088    12918.203   -905.61528    8102.2339    309.57849    15388 
164000000    -3928.626    3223.1737    12901.865   -1099.5366    8251.3363    309.18697    15446 
165000000   -3880.0017    3459.2656    12891.837   -887.57141    8226.8387    308.94665    15380 
166000000   -3876.4157    3317.2475    12911.598   -1058.9601    8252.6232    309.42022    15399 
167000000   -3806.7017    3447.3448    12935.392   -994.22254     8248.269    309.99043    15405 
168000000   -3859.7538    3341.0354    12804.165   -1030.9951    8231.7843    306.84562    15405 
169000000   -3816.3362     3384.349    12869.425   -1039.1262    8239.8114    308.40956    15404 
170000000   -3781.0558    3460.6362    12820.953   -1061.7866    8303.4786    307.24795    15403 
171000000   -3811.6441     3507.702    12681.311   -994.14427    8313.4904    303.90149    15400 
172000000   -3764.7889    3575.3638    12974.209   -1007.8531    8348.0059    310.92066    15399 
173000000   -3878.1002     3369.487    13025.198   -972.53194    8220.1192    312.14258    15401 
174000000   -3784.2742    3471.1504    12912.375   -1045.7429    8301.1675    309.43884    15414 
175000000   -3823.4697    3502.7382    12962.601   -953.29821    8279.5061    310.64248    15385 
176000000   -3815.5993    3520.1011    12813.321   -1063.5751    8399.2755    307.06506    15418 
177000000   -3768.4225    3543.7303    12883.721   -1034.1689    8346.3217    308.75215    15415 
178000000   -3728.8138    3425.9526    12990.665   -1094.4221    8249.1886    311.31502    15418 
179000000   -3810.5419    3443.1887    12912.457   -1023.2865    8277.0171     309.4408    15410 
180000000   -3769.8701    3529.8708    12872.832   -1013.6231     8313.364    308.49122    15385 
181000000   -3758.6486      3330.43    13066.504   -1088.2518    8177.3304    313.13246    15439 
182000000   -3765.6016     3460.974     12888.39   -967.01735    8193.5929    308.86404    15407 
183000000   -3786.3152    3456.0136    12910.374   -856.33564    8098.6644    309.39088    15398 
184000000   -3769.7689    3582.3001    12920.506   -912.74774    8264.8167     309.6337    15394 
185000000   -3746.0179    3523.6928    12853.845   -979.16621    8248.8769     308.0362    15410 
186000000   -3872.6003    3465.9294    12831.661   -1020.2175    8358.7471    307.50456    15407 
187000000   -3793.7124    3496.0951    12946.008   -930.42351     8220.231    310.24483    15391 
188000000   -3857.6959    3434.2754    12962.707   -1034.2419    8326.2133    310.64501    15405 
189000000    -3807.027    3300.6374    12846.525   -1118.9809    8226.6453    307.86078    15417 
190000000    -3859.878    3489.1356    13042.258   -943.24323    8292.2568    312.55142    15400 
191000000   -3755.1576    3571.0798    12861.747   -932.28368    8258.5211    308.22555    15394 
192000000   -3795.6214    3469.6895    12892.743     -917.398    8182.7089    308.96836    15398 
193000000   -3869.5438    3372.5852    12844.278   -1109.9584    8352.0874    307.80691    15416 
194000000   -3759.1458    3414.9837    12911.047   -1007.9598    8182.0893    309.40701    15407 
195000000   -3762.8027    3675.9723    12904.525   -948.64428    8387.4192    309.25072    15406 
196000000   -3809.7558    3419.4591    12931.281   -956.97389    8186.1888    309.89191    15392 
197000000   -3709.9622    3538.9485     12885.89   -1015.0565    8263.9672    308.80413    15388 
198000000   -3880.1283    3300.5458    12831.929   -1162.8301    8343.5042    307.51099    15431 
199000000   -3749.6786    3678.5659    13035.792   -954.87908    8383.1236    312.39646    15402 
200000000   -3803.5176    3380.1845     12980.71   -1055.4605    8239.1625    311.07645    15402 
201000000   -3839.4037    3484.7106    12925.909   -925.87459    8249.9889    309.76317    15400 
202000000   -3853.2966    3293.7132    12915.135   -1017.5543    8164.5641    309.50498    15424 
203000000   -3829.4668    3553.7317    12946.408   -884.36311    8267.5617    310.25443    15381 
204000000   -3896.8004    3464.9551    12979.212    -920.6858    8282.4413    311.04055    15389 
205000000   -3697.9926    3564.1191    12702.543   -886.28906    8148.4008    304.41031    15383 
206000000   -3772.4726    3564.7478    12923.759   -930.85127    8268.0717    309.71164    15385 
207000000    -3827.849    3443.6863    12937.157   -929.06171    8200.5971    310.03273    15410 
208000000    -3858.293    3433.4866    12811.983   -961.25145    8253.0311    307.03299    15402 
209000000   -3796.6823    3365.4359    13009.274   -1126.1118    8288.2299    311.76096    15434 
210000000   -3826.4381    3441.0294    12860.756    -1080.907    8348.3746    308.20182    15445 
211000000   -3828.5358    3531.4438    12935.433    -974.2606    8334.2402    309.99141    15421 
212000000   -3800.9718    3369.5488    12842.381   -1097.8458    8268.3665    307.76147    15442 
213000000    -3788.143     3427.698    12887.417   -1064.9493    8280.7903    308.84073    15397 
214000000   -3753.2209    3448.9352    12888.887   -1065.3378    8267.4939    308.87596    15422 
215000000   -3738.9247    3527.8202    12874.496   -982.42703     8249.172    308.53107    15401 
216000000   -3745.3353    3555.1886    12909.599   -1000.6573    8301.1812    309.37231    15390 
217000000   -3844.5427    3412.2031    12859.686   -1046.0755    8302.8213    308.17616    15420 
218000000   -3878.5317    3490.5042    12922.693   -1099.1124    8468.1483    309.68611    15428 
219000000    -3745.167     3388.064    13044.103   -965.08657    8098.3176    312.59562    15395 
220000000   -3715.6795    3432.6781     13023.85   -1081.8839    8230.2415    312.11028    15411 
221000000   -3714.4669    3537.8019    12945.193    -1049.602    8301.8709    310.22529    15414 
222000000   -3790.6855    3560.7234    12960.226   -889.08424    8240.4931    310.58556    15386 
223000000    -3785.892    3572.7831    13109.583   -945.55184    8304.2269    314.16482    15406 
224000000   -3834.6243    3483.7129    12981.215   -1016.2328      8334.57    311.08855    15436 
225000000    -3800.039    3410.3772    12781.799   -1090.0413    8300.4575    306.30964    15409 
226000000   -3732.8577    3588.7446    12889.799   -947.35367     8268.956    308.89781    15397 
227000000   -3764.3216    3326.4712    12789.271   -1069.8817    8160.6745     306.4887    15403 
228000000   -3868.9063    3270.0055    12945.504   -1148.8314    8287.7432    310.23276    15428 
229000000   -3880.7797    3361.5179    12855.414   -974.96042     8217.258    308.07378    15386 
230000000   -3814.2018    3509.8966    12823.579   -958.42367    8282.5222    307.31088    15426 
231000000    -3798.538    3430.1649     12664.61   -1040.0523    8268.7552    303.50126    15405 
232000000    -3760.214    3645.3169    13055.621   -997.15767    8402.6885    312.87166    15386 
233000000   -3789.2678    3626.6227    12973.195   -948.33222    8364.2228    310.89635    15415 
234000000   -3831.0906    3488.2194    12928.032   -932.62332    8251.9333    309.81405    15402 
235000000   -3929.4673    3401.9966     12933.54   -988.40148    8319.8654    309.94605    15407 
236000000   -3796.6794    3495.0011    12995.195   -992.61895    8284.2995    311.42357    15408 
237000000   -3714.3436     3592.285    12762.338   -918.80678    8225.4354    305.84326    15377 
238000000   -3827.7546    3444.2672    12909.256   -1047.5866    8319.6084     309.3641    15410 
239000000   -3866.9198    3435.6616    13039.258   -990.64424    8293.2256    312.47953    15404 
240000000     -3803.04    3480.1793    12862.388   -932.48559    8215.7048    308.24092    15403 
241000000    -3807.279    3408.8461    12856.673   -1048.8732    8264.9983    308.10396    15427 
242000000    -3836.339    3481.5868     13006.67   -959.57808    8277.5039    311.69857    15411 
243000000   -3865.6986    3343.6959    13213.798   -1030.0912    8239.4856    316.66229    15426 
244000000   -3903.7232    3383.4282    12881.938   -1046.9125    8334.0639    308.70943    15417 
245000000   -3914.5977    3390.3697    13054.641   -985.28433    8290.2517    312.84816    15403 
246000000   -3800.8186    3414.0173    13038.372   -1121.7964    8336.6322    312.45829    15435 
247000000   -3811.5063     3570.389    12775.967   -967.58253    8349.4778    306.16989    15398 
248000000   -3797.4483    3587.9486    13083.184   -826.76927    8212.1662    313.53219    15360 
249000000   -3778.1847    3502.2532    12986.052   -930.27425    8210.7122    311.20447    15409 
250000000   -3739.2264    3551.8363    12916.784   -1022.0509    8313.1136     309.5445    15393 
251000000   -3689.9409    3682.1003    12813.176   -954.30731    8326.3485    307.06158    15406 
252000000   -3767.3566    3568.4915     12901.44   -968.34242    8304.1905    309.17677    15412 
253000000   -3826.1427    3260.5095    13021.224   -1112.6365    8199.2886    312.04736    15408 
254000000   -3765.8117    3523.6462    13050.634    -1118.084    8407.5418    312.75214    15445 
255000000   -3781.7911    3527.8543    12942.786   -904.96584    8214.6112    310.16761    15390 
256000000   -3896.4522    3344.9177    13013.274   -1099.7966    8341.1665    311.85682    15424 
257000000   -3872.4887     3340.825    12975.276   -1087.1384    8300.4521    310.94622    15433 
258000000   -3863.0262     3354.408    13009.988   -1010.3757    8227.8099    311.77807    15415 
259000000   -3714.6493    3459.4804    12955.938    -1066.469    8240.5988    310.48281    15383 
260000000   -3841.2923    3231.1453    12915.013   -1159.8622    8232.2998    309.50206    15423 
261000000   -3818.8405    3446.6898     12938.89   -1035.5612    8301.0915    310.07426    15415 
262000000   -3854.6997    3300.3206    13015.141   -1035.1665    8190.1868    311.90156    15413 
263000000   -3841.1439    3457.3104    12867.379   -1085.7811    8384.2354    308.36054    15422 
264000000   -3839.5449    3467.9191    13013.051   -967.45141    8274.9154    311.85149    15410 
265000000   -3944.9534    3337.1713    12887.322   -963.33867    8245.4634    308.83845    15404 
266000000   -3876.2012    3404.8799    13061.473   -1005.8097    8286.8909     313.0119    15406 
267000000     -3840.03    3370.0904    12810.904   -927.49661     8137.617    307.00714    15380 
268000000   -3885.8133    3377.5434    12944.649   -978.29619    8241.6529    310.21226    15429 
269000000   -3861.1333    3377.2826    12924.308   -1008.4941      8246.91    309.72481    15403 
270000000   -3869.8579    3273.1333    12962.284   -1084.0072    8226.9984    310.63489    15402 
271000000   -3861.9141     3280.787    12877.138   -1007.5574    8150.2585     308.5944    15391 
272000000   -3810.6251    3420.8881     12985.11   -1076.5578    8308.0709     311.1819    15414 
273000000   -3681.0151    3733.8542    13001.984   -868.01423    8282.8835    311.58626    15387 
274000000   -3841.8377    3429.6741    12956.146   -1052.5049    8324.0167    310.48779    15399 
275000000   -3945.6392    3390.1605    12882.806   -1004.4541    8340.2539    308.73022    15423 
276000000   -3808.5142     3423.546    12789.864   -1044.2531    8276.3133    306.50292    15406 
277000000   -3799.5895    3522.0902    12959.003   -975.52195    8297.2017    310.55626    15395 
278000000   -3967.8998    3209.4629    12793.481   -1099.8156    8277.1783     306.5896    15444 
279000000    -3855.239    3390.1608    13120.872   -961.37348    8206.7732    314.43537    15402 
280000000     -3805.73     3392.802    12843.782   -1043.3617    8241.8937    307.79505    15413 
281000000   -3890.0326    3463.1587    12903.933   -961.94401    8315.1353    309.23653    15413 
282000000   -3873.7612    3305.8463    12877.593   -1059.1369    8238.7444     308.6053    15420 
283000000   -3867.0625    3225.0118    12972.642   -1151.8253    8243.8996     310.8831    15431 
284000000   -3794.8514    3559.6792    12885.833    -873.7214     8228.252    308.80276    15380 
285000000   -3794.1398    3436.3852    12910.627   -953.76859    8184.2935    309.39695    15404 
286000000   -3834.5576    3521.7385    12933.668   -945.94447    8302.2405    309.94912    15407 
287000000   -3753.9647    3545.7851    12915.751   -979.34129     8279.091    309.51973    15390 
288000000   -3901.0759    3365.5044    12830.324   -989.61803    8256.1983    307.47251    15400 
289000000   -3806.8439    3433.8543     12959.45   -1140.2983    8380.9965    310.56697    15441 
290000000   -3858.1594    3460.5097    12977.752   -1016.6119     8335.281    311.00556    15418 
291000000   -3770.7053    3494.6057    12953.204   -977.49156    8242.8026    310.41728    15410 
292000000   -3749.7888    3468.0411    12864.821   -1048.6901    8266.5199    308.29922    15393 
293000000   -3835.7154    3358.6991    12909.063   -1011.7169    8206.1314    309.35945    15423 
294000000   -3753.1482    3559.8508    12896.509   -999.53298     8312.532     309.0586    15414 
295000000   -3759.8316    3684.9644    12905.137   -927.70805    8372.5041    309.26539    15394 
296000000   -3810.8068    3298.5325    12960.345   -1103.7099    8213.0492    310.58842    15420 
297000000    -3841.819    3431.4618    12776.464   -1116.5437    8389.8245     306.1818    15432 
298000000   -3754.1028    3628.9563    12868.403   -965.18711    8348.2463    308.38506    15394 
299000000   -3834.4426     3178.724     12884.53   -1146.5083    8159.6749    308.77153    15417 
300000000   -3828.3248    3528.1774    13035.978   -939.60034    8296.1025    312.40092    15403 
301000000   -3871.5925    3319.0052    12988.857   -1050.3921    8240.9898    311.27169    15419 
302000000   -3819.2289    3485.1539    12906.403   -970.22212     8274.605    309.29572    15410 
303000000   -3864.8181    3357.5083    12897.652   -958.40937    8180.7357      309.086    15386 
304000000   -3868.0858    3366.4171    12895.187   -1028.1408    8262.6437    309.02692    15400 
305000000   -3914.1977    3317.7031    12959.156   -1017.7372     8249.638    310.55992    15391 
306000000   -3813.8948    3343.2202    13078.554   -1019.4422    8176.5572    313.42124    15416 
307000000   -3764.6825    3511.3503    12923.058   -960.36178    8236.3946    309.69483    15385 
308000000   -4005.6911    3298.2898    12909.889   -911.48588    8215.4668    309.37925    15395 
309000000   -3903.9526    3406.8583    13132.364   -945.46813    8256.2791    314.71076    15411 
310000000   -3903.2817    3357.5367     12967.36   -1009.3197    8270.1381    310.75653    15410 
311000000   -3861.5383    3353.7068    12896.466   -954.67536    8169.9205    309.05757    15405 
312000000   -3901.6703    3348.6021     12862.36   -946.55415    8196.8265    308.24026    15411 
313000000   -3896.1219    3434.1337    12868.221   -902.10511    8232.3607    308.38072    15380 
314000000   -3907.0841    3279.4718    12827.925   -1032.8974    8219.4533    307.41502    15431 
315000000   -3889.0863    3388.6516    12768.573   -981.05666    8258.7945    305.99269    15409 
316000000   -3870.1649    3396.4295    12954.015   -1013.0793    8279.6737    310.43672    15406 
317000000   -3764.5193    3478.0358    13046.097   -943.07369    8185.6288    312.64341    15388 
318000000   -3814.4166    3301.8122    12907.804   -1063.4682     8179.697     309.3293    15403 
319000000   -3873.8918    3492.4015    12908.735   -918.91163     8285.205     309.3516    15378 
320000000   -3804.7933    3335.5004    13015.569   -1055.8702     8196.164    311.91182    15407 
321000000   -3848.7092    3487.8862    12788.011   -922.71427    8259.3096     306.4585    15413 
322000000    -3804.774    3388.6525     12893.31   -1030.2924    8223.7188    308.98196    15417 
323000000   -3837.8787    3380.6717     12985.03   -1002.2349    8220.7853    311.17998    15392 
324000000   -3757.7293    3496.5727    13071.061   -910.48841    8164.7903    313.24167    15386 
325000000   -3777.0553    3531.1103     12901.46    -1015.509    8323.6746    309.17727    15410 
326000000   -3863.4628    3418.9233    12905.366   -988.36082    8270.7469    309.27087    15418 
327000000    -3878.887    3431.4656    12999.753   -975.02306    8285.3756    311.53282    15405 
328000000   -3848.7755     3389.995    12971.751   -1005.0899    8243.8603    310.86174    15400 
329000000   -3812.3524    3366.6937    12940.172   -980.70852    8159.7546    310.10497    15411 
330000000   -3828.6361    3522.6064    12917.022   -896.88072    8248.1232     309.5502    15398 
331000000   -3945.8934    3275.8277    12959.886   -994.14836    8215.8695    310.57741    15423 
332000000   -3854.7223    3267.1168    12933.218   -1057.2873    8179.1264    309.93834    15409 
333000000   -3837.3844    3488.3758    12967.542   -1002.6079     8328.368    310.76088    15403 
334000000   -3808.1577    3489.2064    12937.785   -848.02231    8145.3864    310.04778    15411 
335000000   -3838.8513    3371.7148    12887.632   -982.64528    8193.2114    308.84589    15411 
336000000   -3901.9906    3456.9376    12957.132   -986.24548    8345.1737    310.51141    15415 
337000000   -3869.2533    3255.1077    12831.949   -998.47444    8122.8355    307.51146    15418 
338000000   -3856.8057    3625.2079    12937.434   -916.70117    8398.7148    310.03935    15393 
339000000   -3776.8613    3426.0502    12889.681   -1040.8562    8243.7676    308.89498    15392 
340000000   -3773.5683     3495.298    13030.385   -1021.6112    8290.4775    312.26689    15412 
341000000   -3796.0264    3441.5683    12999.937   -1033.9658    8271.5605    311.53721    15415 
342000000   -3885.2455    3289.0208    12944.243   -1010.6966    8184.9629    310.20254    15405 
343000000   -3830.7943    3522.1153    12796.723   -821.74737     8174.657    306.66729    15364 
344000000   -3845.4618    3459.5985    12890.157   -890.36931    8195.4296    308.90639    15403 
345000000   -3778.6825    3622.1204    12927.794   -1010.7818    8411.5847    309.80835    15412 
346000000   -3777.9375       3759.4    12829.987   -800.83843    8338.1759    307.46445    15372 
347000000   -3814.4119     3401.785    12980.046   -1061.2071     8277.404    311.06054    15409 
348000000   -3804.3155    3431.0298    12908.753   -981.03489    8216.3802    309.35202    15386 
349000000   -3729.7261    3621.8421    12956.462   -925.79434    8277.3625    310.49535    15408 
350000000    -3816.837    3313.4833    12858.489   -1067.9226    8198.2429    308.14748    15444 
351000000   -3779.1234    3459.2068    12806.334   -958.28774    8196.6179    306.89762    15408 
352000000   -3798.4953    3575.3507    12951.109   -924.13825    8297.9843    310.36707    15395 
353000000   -3821.2511    3413.0669    12803.291   -1088.6291    8322.9472    306.82468    15432 
354000000    -3872.447    3369.8622    12894.624   -1014.3638     8256.673    309.01344    15419 
355000000   -3897.3023    3219.0763    12786.192   -1049.0087    8165.3873    306.41491    15415 
356000000   -3817.1143      3402.51    12918.925    -996.5668    8216.1911     309.5958    15391 
357000000   -3769.4161    3375.0787    13010.094   -999.79735    8144.2921    311.78063    15404 
358000000   -3934.9566     3157.539    12921.705   -1165.4313    8257.9269    309.66243    15428 
359000000   -3752.5264    3458.0612    12854.644   -957.85726    8168.4448    308.05535    15386 
360000000   -3811.4737    3596.4734    12732.439    -961.2888    8369.2359    305.12675    15400 
361000000   -3735.2259    3577.4202    12960.831   -1017.3127    8329.9588    310.60007    15410 
362000000     -3885.46     3261.531    12913.102   -1068.9916    8215.9826    309.45626    15410 
363000000   -3739.6141     3502.722    12953.252   -990.84047    8233.1765    310.41843    15396 
364000000   -3822.1084    3447.5141    12861.028   -987.28824    8256.9108    308.20833    15405 
365000000   -3845.4002    3412.1852    12864.951   -1005.0059    8262.5912    308.30233    15402 
366000000   -3768.8561    3497.1715    12997.056   -949.13785    8215.1654    311.46818    15400 
367000000   -3858.5087    3349.0691    12976.995   -984.37426    8191.9521    310.98743    15400 
368000000   -3777.6711    3369.1284     12844.86   -1064.8509    8211.6504    307.82088    15426 
369000000   -3774.6939     3463.119     12887.37   -1030.9868    8268.7997    308.83959    15414 
370000000   -3818.3138    3373.8221    12879.526   -1079.8847    8272.0206    308.65162    15429 
371000000   -3809.9028    3418.2522    12993.109   -1014.9589    8243.1139    311.37358    15398 
372000000   -3810.7322    3530.4063    12728.561   -946.60469    8287.7431    305.03381    15394 
373000000   -3879.2979    3377.1198    12829.719   -1044.4261    8300.8437    307.45802    15404 
374000000   -3861.8577    3305.6781    12866.339   -1075.1716    8242.7074     308.3356    15412 
375000000   -3795.9762     3465.318    13006.747   -1024.3353    8285.6295     311.7004    15425 
376000000   -3737.1558    3543.2793    12864.291   -1003.6679     8284.103    308.28653    15410 
377000000    -3804.487    3524.3838    12964.388   -915.02442    8243.8953     310.6853    15404 
378000000   -3809.5322    3336.2819    12953.645   -1143.9146    8289.7287    310.42784    15423 
379000000   -3795.8969    3396.2976    12918.136    -1048.231    8240.4255    309.57689    15422 
380000000   -3898.2579    3502.2519    12730.787   -893.16288    8293.6727    305.08716    15399 
381000000   -3832.1387    3394.7948    12864.138   -1015.7037    8242.6372    308.28285    15404 
382000000   -3821.4792    3135.8968    12958.526   -1118.4514    8075.8274    310.54481    15432 
383000000    -3883.331    3228.4297    12906.582   -1094.2229    8205.9836    309.30001    15418 
384000000   -3879.6418    3313.1878    12818.944   -1068.6062    8261.4359    307.19981    15426 
385000000   -3799.9726     3360.492    12966.187   -1082.3761    8242.8407    310.72842    15402 
386000000   -3769.2761    3577.1679    12841.212   -970.74247    8317.1864    307.73344    15385 
387000000   -3754.7885     3340.954    12944.898   -1093.7513    8189.4938    310.21823    15411 
388000000   -3810.4831    3475.3134    12804.023   -946.26915    8232.0656    306.84224    15421 
389000000   -3836.7119    3375.8408    12942.145   -974.63647    8187.1892    310.15227    15407 
390000000   -3742.2329    3565.5865    13050.443   -921.97293    8229.7924    312.74757    15392 
391000000    -3788.306    3380.3965    12880.467   -1120.8903    8289.5928    308.67419    15410 
392000000   -3786.1135    3469.3029    12968.992   -1035.1623    8290.5787    310.79564    15374 
393000000   -3839.5048    3353.1205    12970.437   -1015.4987    8208.1239    310.83027    15405 
394000000   -3767.3102    3585.9772    12864.976    -824.8239    8178.1113    308.30295    15373 
395000000   -3709.7795    3395.7085    12957.418   -1090.7932    8196.2812    310.51826    15423 
396000000   -3845.1363    3292.5435    12911.919     -1126.71    8264.3898     309.4279    15413 
397000000   -3723.3511    3434.1723    12970.706   -1019.4012    8176.9245     310.8367    15419 
398000000    -3762.719    3640.6475    13045.272   -956.61759     8359.984    312.62363    15397 
399000000   -3780.5403    3459.9416    12964.158   -930.89026    8171.3722     310.6798    15407 
400000000   -3818.1784    3424.9469    12847.745   -971.08479    8214.2101    307.89002    15416 
Loop time of 157130 on 28 procs for 400000000 steps with 14000 atoms

Performance: 5498.634 ns/day, 0.004 hours/ns, 2545.664 timesteps/s
99.5% CPU use with 28 MPI tasks x no OpenMP threads

MPI task timing breakdown:
Section |  min time  |  avg time  |  max time  |%varavg| %total
---------------------------------------------------------------
Pair    | 18349      | 23303      | 26923      |1490.9 | 14.83
Bond    | 4649.8     | 6025.8     | 8756.6     |2337.4 |  3.83
Neigh   | 52125      | 52832      | 53717      | 180.6 | 33.62
Comm    | 35039      | 42968      | 51413      |2052.8 | 27.35
Output  | 0.64872    | 0.64962    | 0.65097    |   0.1 |  0.00
Modify  | 20018      | 20234      | 20518      |  81.8 | 12.88
Other   |            | 1.177e+04  |            |       |  7.49

Nlocal:    500 ave 545 max 434 min
Histogram: 1 0 1 3 5 4 4 3 5 2
Nghost:    833.464 ave 1114 max 568 min
Histogram: 2 5 2 4 3 2 3 2 1 4
Neighs:    6797.71 ave 8521 max 4340 min
Histogram: 1 2 0 1 6 4 3 6 3 2

Total # of neighbors = 190336
Ave neighs/atom = 13.5954
Ave special neighs/atom = 8.80614
Neighbor list builds = 79940832
Dangerous builds = 0
write_restart final_state_${fName}.restart
write_restart final_state_Run2.restart
Total wall time: 43:38:56
