
units           real
boundary p p p
atom_style      full

read_restart final_state_b70_N200_L300.restart
  restoring atom style full from restart
  orthogonal box = (-420 -420 -420) to (420 420 420)
  2 by 2 by 7 MPI processor grid
  restoring pair style lj/cut from restart
  restoring bond style hybrid from restart
  restoring angle style cosine from restart
  14000 atoms
  15734 bonds
  13600 angles
  3 = max # of 1-2 neighbors
  4 = max # of 1-3 neighbors
  8 = max # of 1-4 neighbors
  56 = max # of special neighbors
  special bonds CPU = 0.823071 secs
  read_restart CPU = 0.839936 secs

neighbor 1.9 bin
neigh_modify every 1 delay 1 check yes

angle_style  cosine
angle_coeff   *  2  # K (energy unit)

bond_style 		hybrid harmonic harmonic/shift/cut
bond_coeff   1   harmonic 3   10
bond_coeff   2   harmonic 3   10
bond_coeff	3	harmonic/shift/cut 3.60	11.22	12.72

pair_style lj/cut 25
# atom-typ1, atom-typ2, energy-well, sigma (bead-diameter), cut-off (distance)
pair_coeff  * * 0.18 10 25

special_bonds lj  0 1 1 angle yes
  3 = max # of 1-2 neighbors
  4 = max # of 1-3 neighbors
  8 = max # of 1-4 neighbors
  42672 = # of 1-3 neighbors before angle trim
  27200 = # of 1-3 neighbors after angle trim
  56 = max # of special neighbors
  special bonds CPU = 0.00279056 secs

# further equilibriate the system before bond formation takes place
fix fxlan all langevin $T $T 500 ${seed}
fix fxlan all langevin 310 $T 500 ${seed}
fix fxlan all langevin 310 310 500 ${seed}
fix fxlan all langevin 310 310 500 33592
fix fxnve all nve
timestep 0.1
run 10000
Unused restart file global fix info:
  fix style: colvars, fix ID: CV_Rg
Neighbor list info ...
  update every 1 steps, delay 1 steps, check yes
  max neighbors/atom: 2000, page size: 100000
  master list distance cutoff = 26.9
  ghost atom cutoff = 26.9
  binsize = 13.45, bins = 63 63 63
  1 neighbor lists, perpetual/occasional/extra = 1 0 0
  (1) pair lj/cut, perpetual
      attributes: half, newton on
      pair build: half/bin/newton
      stencil: half/bin/3d/newton
      bin: standard
Per MPI rank memory allocation (min/avg/max) = 1.103 | 7.739 | 16.65 Mbytes
Step Temp E_pair E_mol TotEng Press 
250000000    306.64295   -6667.5495    6354.7416      12482.9   -3.1439606 
250010000    309.62549   -6510.4006    6755.4932    13165.256    -1.887917 
Loop time of 5.49596 on 28 procs for 10000 steps with 14000 atoms

Performance: 15.721 ns/day, 1.527 hours/ns, 1819.519 timesteps/s
99.6% CPU use with 28 MPI tasks x no OpenMP threads

MPI task timing breakdown:
Section |  min time  |  avg time  |  max time  |%varavg| %total
---------------------------------------------------------------
Pair    | 0.00035888 | 0.83081    | 3.3245     | 119.4 | 15.12
Bond    | 0.00055398 | 0.11501    | 0.4279     |  42.4 |  2.09
Neigh   | 0.0051011  | 0.0054566  | 0.0061973  |   0.6 |  0.10
Comm    | 0.0014511  | 1.3794     | 3.5887     | 108.7 | 25.10
Output  | 8.9893e-05 | 0.00047644 | 0.00085052 |   0.0 |  0.01
Modify  | 0.00099364 | 0.24942    | 0.92809    |  62.4 |  4.54
Other   |            | 2.915      |            |       | 53.05

Nlocal:    500 ave 1765 max 0 min
Histogram: 16 0 0 2 1 2 2 2 0 3
Nghost:    548.607 ave 1742 max 0 min
Histogram: 14 2 0 0 1 4 3 0 1 3
Neighs:    10698.4 ave 39220 max 0 min
Histogram: 16 0 1 1 3 0 2 2 0 3

Total # of neighbors = 299556
Ave neighs/atom = 21.3969
Ave special neighs/atom = 8.28729
Neighbor list builds = 2
Dangerous builds = 0

unfix fxlan
unfix fxnve
reset_timestep 0

variable t equal step
variable steps equal 160000000
variable dt_thermo equal 1000000
variable dt_movie equal 10000000
variable dt_restart equal 40000000

group rxnSites type 1 3
4000 atoms in group rxnSites

# fix ID group-ID(atom-types) bond/create Nevery itype jtype Rmin bondtype (prob values = fraction seed) (iparam maxbond newType)
fix bondc rxnSites bond/create/random 20 1 3 12.72 3 prob 1 ${seed} iparam 1 1 jparam 1 3
fix bondc rxnSites bond/create/random 20 1 3 12.72 3 prob 1 33592 iparam 1 1 jparam 1 3

# fix ID group-ID bond/break Nevery bondtype Rmax keyword values ...
fix bondbr rxnSites bond/break 20 3 12.72 prob 1 ${seed}
fix bondbr rxnSites bond/break 20 3 12.72 prob 1 33592

variable frmbnd equal f_bondc[2]
variable brkbnd equal f_bondbr[2]
fix saveBond all print ${dt_thermo} "$t ${frmbnd} ${brkbnd}" file BondData_${fName}.dat screen no
fix saveBond all print 1000000 "$t ${frmbnd} ${brkbnd}" file BondData_${fName}.dat screen no
fix saveBond all print 1000000 "$t ${frmbnd} ${brkbnd}" file BondData_Run3f.dat screen no

thermo_style    custom step epair pe ke ebond eangle temp bonds
thermo          ${dt_thermo}
thermo          1000000
fix saveThermo all print ${dt_thermo} "$t $(temp) $(ke) $(pe) $(epair) $(ebond) $(eangle) $(bonds)" file Thermo_${fName}.dat title "# Steps Temp KinEng PotEng Epair Ebond Eangle Bonds" screen no
fix saveThermo all print 1000000 "$t $(temp) $(ke) $(pe) $(epair) $(ebond) $(eangle) $(bonds)" file Thermo_${fName}.dat title "# Steps Temp KinEng PotEng Epair Ebond Eangle Bonds" screen no
fix saveThermo all print 1000000 "$t $(temp) $(ke) $(pe) $(epair) $(ebond) $(eangle) $(bonds)" file Thermo_Run3f.dat title "# Steps Temp KinEng PotEng Epair Ebond Eangle Bonds" screen no

############################ Langevin Dynamics ###############################
fix fxlan all langevin $T $T 500 ${seed}
fix fxlan all langevin 310 $T 500 ${seed}
fix fxlan all langevin 310 310 500 ${seed}
fix fxlan all langevin 310 310 500 33592
fix fxnve all nve

comm_style tiled
fix fxbal all balance 1000 1.1 rcb

timestep 30

dump coor all custom ${dt_movie} traj_${fName}.dump id type mol mass x y z xu yu zu
dump coor all custom 10000000 traj_${fName}.dump id type mol mass x y z xu yu zu
dump coor all custom 10000000 traj_Run3f.dump id type mol mass x y z xu yu zu

restart ${dt_restart} ${fName}_tp_*.restart
restart 40000000 ${fName}_tp_*.restart
restart 40000000 Run3f_tp_*.restart
run ${steps}
run 160000000
Neighbor list info ...
  update every 1 steps, delay 1 steps, check yes
  max neighbors/atom: 2000, page size: 100000
  master list distance cutoff = 26.9
  ghost atom cutoff = 26.9
  binsize = 13.45, bins = 63 63 63
  2 neighbor lists, perpetual/occasional/extra = 1 1 0
  (1) pair lj/cut, perpetual
      attributes: half, newton on
      pair build: half/bin/newton
      stencil: half/bin/3d/newton
      bin: standard
  (2) fix bond/create/random, occasional, copy from (1)
      attributes: half, newton on
      pair build: copy
      stencil: none
      bin: none
Per MPI rank memory allocation (min/avg/max) = 17.81 | 18.31 | 19.33 Mbytes
Step E_pair PotEng KinEng E_bond E_angle Temp Bonds 
       0   -6510.4006     245.0926    12920.164    -1993.139    8748.6323    309.62549    15734 
 1000000   -4472.5281    2947.4667    13029.319    -1099.843    8519.8378    312.24134    15466 
 2000000   -4086.9283    3369.8633    13006.471   -1013.9626    8470.7542     311.6938    15390 
 3000000   -3971.5027    3441.2127     13080.65   -1105.2992    8518.0146    313.47147    15425 
 4000000   -3862.0327    3640.7654    12852.212   -977.37202    8480.1701    307.99705    15407 
 5000000   -3686.0191    3805.3607    12946.758   -931.40317    8422.7829    310.26282    15384 
 6000000   -3708.5831    3866.4732    12915.469   -859.24351    8434.2998    309.51298    15378 
 7000000   -3659.9966    3828.1729    12909.092   -967.47426    8455.6438    309.36016    15388 
 8000000   -3604.2105    4019.0515    12897.444   -1049.5647    8672.8267    309.08102    15399 
 9000000   -3609.8665    3706.1291    12840.672   -1110.5894     8426.585     307.7205    15399 
10000000   -3624.0246    3893.5539     13037.39   -1006.5128    8524.0913    312.43476    15386 
11000000   -3623.2686    3854.9774    12936.232    -974.2313    8452.4773    310.01056    15398 
12000000   -3654.3582    3897.9407    12839.593    -965.8204    8518.1194    307.69466    15396 
13000000   -3633.1483    3825.9831    13158.025   -1017.4777    8476.6091    315.32571    15390 
14000000   -3674.1809    3928.3381    12868.671   -977.66238    8580.1814    308.39148    15408 
15000000   -3630.5318    3896.7357     12975.06   -967.83407    8495.1016    310.94106    15399 
16000000     -3643.38    3737.2458     12703.32    -1062.655    8443.2808    304.42893    15398 
17000000   -3662.2149    3803.0748    13116.892    -1009.994    8475.2837    314.33998    15390 
18000000   -3624.9531    3748.8078    12933.913   -1022.3618    8396.1227    309.95498    15406 
19000000   -3591.4101    3784.2978    13002.521   -977.22628    8352.9342    311.59915    15374 
20000000   -3611.3541    3730.9295    12836.099   -1032.2756    8374.5592    307.61092    15408 
21000000    -3538.398    3890.6473    13103.334   -973.85413    8402.8995    314.01507    15406 
22000000   -3593.3795    3897.9477    12793.251   -963.57417    8454.9014    306.58408    15379 
23000000   -3608.4594     3813.641    13078.848    -1002.887    8424.9875    313.42827    15373 
24000000   -3551.7085    3894.4282    12885.593   -1035.1906    8481.3273      308.797    15388 
25000000   -3532.8578    3895.7328    13023.162   -985.60375    8414.1944    312.09379    15381 
26000000   -3585.9944    3868.7996    12887.236   -989.73077    8444.5247    308.83638    15380 
27000000   -3580.5496    3716.0618    12851.656   -1058.1729    8354.7843    307.98374    15387 
28000000   -3669.0403    3834.8255    12882.568   -941.30063    8445.1664    308.72452    15358 
29000000   -3646.2301    3894.2911    12964.598   -967.32783     8507.849    310.69033    15380 
30000000   -3574.8494    3927.4199    13082.809   -927.87185    8430.1411    313.52321    15380 
31000000   -3592.3267    3894.3753    12880.103   -971.09181    8457.7938    308.66545    15390 
32000000   -3655.0907     3799.411     13035.16   -937.82303    8392.3247    312.38132    15392 
33000000   -3661.8124     3834.537    12911.397   -924.88028    8421.2297    309.41541    15385 
34000000   -3726.4804    3661.6266    12879.724    -1068.409    8456.5159    308.65637    15387 
35000000   -3663.3993    3643.8911    12990.242   -1094.1178    8401.4082    311.30488    15395 
36000000   -3609.0203    3764.5695    12968.705   -1058.5809    8432.1708    310.78876    15396 
37000000   -3683.1748    3862.9885    13043.483    -919.7492    8465.9125    312.58077    15379 
38000000   -3643.5285    3947.8509     12789.77   -914.13571    8505.5151    306.50067    15378 
39000000    -3677.418    3735.8361    12813.136   -905.53429    8318.7884    307.06062    15381 
40000000   -3643.4572    3778.2215    12843.805   -989.97333    8411.6521    307.79559    15412 
41000000   -3722.7309    3725.8013    12911.284   -1022.4201    8470.9524    309.41269    15396 
42000000   -3630.2648     3866.947    12920.042     -909.557    8406.7688    309.62256    15384 
43000000   -3694.6089    3685.4046    12921.852   -1036.0536    8416.0671    309.66594    15404 
44000000   -3739.6933    3727.7694    12945.647   -900.09946    8367.5621    310.23618    15382 
45000000   -3646.2203    3760.6875    13039.981   -1043.6767    8450.5845    312.49685    15387 
46000000   -3640.6525    3759.6234    12981.038   -1016.4148    8416.6906    311.08431    15387 
47000000   -3686.1646    3560.1488    13004.497   -1090.9139    8337.2273    311.64649    15398 
48000000   -3716.4674    3769.9961    12842.844   -922.83978    8409.3032    307.77256    15391 
49000000   -3693.3483    3745.6645    12804.735   -931.13603    8370.1488     306.8593    15372 
50000000   -3656.8208    3982.2203    13069.353   -819.33642    8458.3775    313.20073    15359 
51000000   -3641.2468    3718.1592    12842.616   -1035.3706    8394.7766     307.7671    15407 
52000000   -3672.3585     3883.722    12849.235   -814.24576    8370.3263    307.92571    15356 
53000000   -3783.4009    3566.8459    13037.194     -1090.58    8440.8268    312.43005    15413 
54000000   -3725.8409    3621.0041    12919.462   -1077.4474    8424.2924    309.60867    15412 
55000000   -3779.5542    3581.9296    13070.383   -1051.6565    8413.1403    313.22542    15413 
56000000   -3667.1211    3838.7459    12847.106   -901.44032    8407.3073    307.87469    15393 
57000000   -3650.0594    3865.8496    12981.954   -976.38402    8492.2931    311.10626    15399 
58000000   -3649.5314    3742.9429    12971.862   -963.12421    8355.5985    310.86441    15398 
59000000   -3672.9315     3723.254     12929.21   -993.07535    8389.2609    309.84228    15411 
60000000   -3645.2867    3619.8534    12921.092   -1135.0012    8400.1412    309.64773    15432 
61000000   -3610.9131    3772.4189    12666.836   -986.41467    8369.7467     303.5546    15386 
62000000   -3632.2193    3770.0127    12995.867   -946.47221    8348.7042    311.43969    15372 
63000000   -3565.7719    3763.7846    12822.367   -1015.1081    8344.6645    307.28184    15390 
64000000   -3636.6249    3706.0742    12869.504   -1016.3103    8359.0094    308.41146    15389 
65000000   -3623.8015    3732.3494    13066.899   -1000.9119    8357.0628    313.14193    15368 
66000000   -3642.9064    3769.4469    13158.504   -907.50412    8319.8575     315.3372    15353 
67000000   -3619.2389    3704.5445    12937.674   -902.25062     8226.034    310.04512    15386 
68000000   -3700.2836     3636.628    12903.503   -1037.5798    8374.4914    309.22621    15413 
69000000    -3652.103    3558.5528    13000.571   -1130.3293     8340.985    311.55242    15423 
70000000   -3645.1056    3812.4092    12880.338   -865.07104    8322.5858    308.67108    15371 
71000000   -3611.8041    3759.0519    12644.693   -958.68891    8329.5449    303.02396    15391 
72000000   -3546.8175     3939.728    12930.211   -908.68224    8395.2277    309.86626    15369 
73000000   -3709.2257      3731.87     12919.02   -898.98142    8340.0771    309.59808    15385 
74000000   -3625.6165    3855.9263    13080.305   -839.77505    8321.3178    313.46318    15358 
75000000    -3635.453    3652.3326    12944.655   -1035.1412    8322.9268    310.21241    15395 
76000000   -3646.5764     3880.147    13037.307   -877.25992    8403.9834    312.43277    15376 
77000000   -3638.3469     3639.948    12958.026   -994.96987    8273.2648    310.53285    15380 
78000000   -3692.8629    3606.5387    13027.348   -1064.1022    8363.5038    312.19411    15388 
79000000   -3655.8484    3673.7208     12817.52   -1095.2919    8424.8611    307.16567    15401 
80000000   -3705.6129    3725.7447    12847.756   -963.24629    8394.6039    307.89026    15383 
81000000   -3666.7844    3694.8791    12817.722   -1026.7238    8388.3872    307.17052    15393 
82000000   -3700.3173     3733.003    12951.359   -916.00104    8349.3213    310.37306    15375 
83000000   -3670.3863    3604.1669    12853.292   -988.99555    8263.5488    308.02293    15382 
84000000   -3645.8479    3630.8642    13031.223   -1008.9646    8285.6766    312.28696    15398 
85000000   -3685.7751    3651.7688    12899.282   -1047.9645    8385.5083    309.12507    15398 
86000000   -3662.4155     3654.706    13053.341   -979.41582    8296.5373    312.81702    15401 
87000000   -3651.7495      3613.02    12924.764   -972.46459    8237.2341    309.73572    15388 
88000000   -3751.6258    3684.7007     13115.86   -891.12994    8327.4565    314.31525    15388 
89000000   -3723.1739    3551.7072     12902.13   -1042.1038    8316.9849    309.19332    15411 
90000000   -3734.0025    3716.3874    12874.185    -906.2472    8356.6371    308.52364    15382 
91000000   -3733.1311    3637.0898    12613.679   -978.09773    8348.3186    302.28073    15400 
92000000   -3716.4573    3508.9684    12914.291    -1071.889    8297.3146    309.48476    15412 
93000000   -3673.6204    3711.7503    13022.492   -967.90527    8353.2759    312.07772    15401 
94000000   -3629.6481    3736.2954    12963.828   -952.15501    8318.0985    310.67189    15389 
95000000   -3663.1612    3791.4085    12917.659   -914.86392    8369.4337    309.56546    15386 
96000000   -3608.9075    3668.6379    12945.841   -1011.3786     8288.924    310.24082    15411 
97000000   -3623.6254    3647.5153     12928.89   -1078.3951    8349.5358     309.8346    15403 
98000000   -3675.4821     3778.751    12928.375   -963.46176    8417.6948    309.82226    15404 
99000000   -3764.0528    3695.1235    13010.564    -1015.196    8474.3723     311.7919    15404 
100000000   -3672.0026    3750.6927    12786.988   -930.44094    8353.1362    306.43399    15382 
101000000   -3654.6223    3735.1555    12919.162   -1004.8295    8394.6073    309.60148    15407 
102000000   -3743.8266    3830.8541    12982.999   -837.92507    8412.6058     311.1313    15371 
103000000   -3754.2399    3566.1196    12892.299   -1009.0403    8329.3997    308.95773    15402 
104000000   -3739.6713     3531.539     13046.98   -1133.1475    8404.3579    312.66457    15426 
105000000   -3722.2896    3620.7752    12941.824   -1034.7619    8377.8268    310.14456    15399 
106000000   -3739.7714    3564.0892    12841.569   -1080.9485    8384.8092      307.742    15426 
107000000   -3763.0417    3739.2125    12952.663    -940.4895    8442.7437    310.40431    15398 
108000000   -3660.3537    3611.4465    12786.303   -1013.3744    8285.1746    306.41759    15404 
109000000   -3705.9888    3834.9306    12972.456    -810.1836     8351.103    310.87865    15383 
110000000   -3667.7505    3589.2564    12890.166   -1058.1463    8315.1532    308.90662    15401 
111000000   -3594.3377    3655.5379    13021.429   -946.38931    8196.2649    312.05226    15404 
112000000    -3702.673      3523.64    12982.663   -1084.3156    8310.6285    311.12324    15383 
113000000   -3707.6649    3772.6127    12848.758   -879.66823    8359.9458    307.91429    15390 
114000000   -3691.6203    3786.8072    12973.606   -972.01711    8450.4446     310.9062    15385 
115000000   -3727.1867    3625.6677    12932.131   -1041.2181    8394.0725    309.91228    15393 
116000000   -3803.9917    3604.5062     13021.75   -1053.6287    8462.1265    312.05995    15406 
117000000   -3696.7392    3755.4939    13027.014   -946.74691    8398.9799     312.1861    15384 
118000000    -3663.716    3745.7034    13028.549   -999.00918    8408.4285    312.22288    15415 
119000000   -3734.4176    3687.1042    13096.446   -1050.7321    8472.2539    313.85001    15406 
120000000    -3732.692    3585.8155    12938.203   -1077.3335     8395.841     310.0578    15417 
121000000   -3679.6076    3708.6538    12894.525   -968.79779    8357.0592    309.01107    15386 
122000000   -3744.8041    3641.7399    13019.773   -897.67119    8284.2151    312.01258    15404 
123000000   -3706.2815    3530.4815      13092.1   -1035.9795    8272.7425    313.74585    15437 
124000000   -3741.1435    3529.9471    12879.178   -1073.2051    8344.2957    308.64327    15397 
125000000   -3698.0507    3702.0935    12971.919   -1001.2531    8401.3973    310.86577    15409 
126000000    -3688.627    3499.2952    12890.499   -1122.6345    8310.5567    308.91459    15409 
127000000   -3687.1363     3555.564    12995.759   -1098.0313    8340.7315     311.4371    15412 
128000000   -3683.3281    3520.2314    12849.792   -1013.0466    8216.6061    307.93907    15400 
129000000   -3706.4198     3534.016    12910.526   -1063.1034    8303.5392    309.39451    15423 
130000000   -3774.8847    3594.8211    12904.613   -1015.0621    8384.7679    309.25283    15405 
131000000   -3767.8077    3500.8179    12950.529    -1098.253    8366.8786    310.35317    15403 
132000000   -3766.3409    3642.5761    12728.736   -995.60629    8404.5233      305.038    15369 
133000000   -3757.9897     3618.828    12944.599   -1000.7866    8377.6043    310.21108    15422 
134000000   -3687.9661    3605.2908    12937.237   -1042.0534    8335.3103    310.03463    15400 
135000000   -3751.0309    3540.1122    12903.128   -1016.9479     8308.091    309.21724    15409 
136000000   -3766.0966    3519.4223    12753.751   -1050.4938    8336.0127     305.6375    15395 
137000000   -3776.3606    3460.6551    12794.272   -1028.2831    8265.2988    306.60856    15408 
138000000   -3738.4769    3625.7926    13061.083   -1035.7832    8400.0527    313.00255    15402 
139000000   -3816.6065    3383.6625    13040.806   -998.31105    8198.5801    312.51663    15404 
140000000   -3821.1048    3497.7079    12760.109   -1063.0356    8381.8484    305.78986    15427 
141000000   -3867.6651    3352.8794    12952.014   -1132.3603    8352.9049    310.38877    15426 
142000000   -3831.2536    3491.2308    12892.012   -999.83387    8322.3182    308.95083    15406 
143000000   -3845.0125    3560.8404    13080.728     -956.741    8362.5939    313.47332    15403 
144000000   -3773.0894    3538.6075    13006.789   -1028.9126    8340.6095    311.70141    15419 
145000000   -3847.5905    3496.5792    12885.727   -1130.1263     8474.296    308.80022    15412 
146000000   -3765.5684    3497.4218    12884.279   -1016.4684    8279.4586    308.76553    15392 
147000000    -3816.745    3555.4239    12920.122   -948.54212     8320.711    309.62447    15400 
148000000   -3715.5829    3619.8611     12906.97   -873.55219    8208.9962    309.30931    15390 
149000000   -3717.0028    3528.0212    13002.684   -1039.9647    8284.9887    311.60304    15417 
150000000   -3817.3276    3569.0338    12750.228   -1069.5876    8455.9489    305.55305    15407 
151000000   -3820.6082    3604.9687    12934.378   -1014.3941     8439.971    309.96613    15398 
152000000   -3784.2956    3529.5576    12907.559    -929.0293    8242.8826    309.32341    15399 
153000000   -3784.2293    3687.2954     12881.47   -948.50738    8420.0321    308.69821    15379 
154000000   -3839.7651    3271.9433    12986.783   -1150.8939    8262.6023    311.22198    15413 
155000000    -3843.596    3413.0086    12725.779   -1101.1492    8357.7538    304.96716    15425 
156000000   -3890.7581    3319.3801     12939.24   -1074.2375    8284.3757    310.08263    15423 
157000000   -3881.8036    3454.0513    12904.812   -927.45152    8263.3065     309.2576    15382 
158000000    -3864.382    3253.0759    13055.711   -1093.2098    8210.6677     312.8738    15415 
159000000   -3824.1735    3431.8406    12971.946   -1005.0758    8261.0899    310.86641    15411 
160000000   -3851.5801    3354.7216      12921.2   -1056.0413     8262.343    309.65032    15395 
Loop time of 48449 on 28 procs for 160000000 steps with 14000 atoms

Performance: 8559.931 ns/day, 0.003 hours/ns, 3302.443 timesteps/s
99.6% CPU use with 28 MPI tasks x no OpenMP threads

MPI task timing breakdown:
Section |  min time  |  avg time  |  max time  |%varavg| %total
---------------------------------------------------------------
Pair    | 7601.1     | 8771.3     | 11300      |1060.1 | 18.10
Bond    | 1793.2     | 2479       | 3668.7     |1521.1 |  5.12
Neigh   | 10012      | 10097      | 10225      |  55.2 | 20.84
Comm    | 12642      | 15880      | 18157      |1342.0 | 32.78
Output  | 0.25818    | 0.2585     | 0.25887    |   0.0 |  0.00
Modify  | 7535.4     | 7751.3     | 8025       | 230.1 | 16.00
Other   |            | 3470       |            |       |  7.16

Nlocal:    500 ave 530 max 474 min
Histogram: 6 2 1 3 0 6 3 4 1 2
Nghost:    803.643 ave 1063 max 555 min
Histogram: 4 3 2 2 4 4 1 0 5 3
Neighs:    6873.61 ave 8535 max 5497 min
Histogram: 1 5 3 4 3 3 5 2 0 2

Total # of neighbors = 192461
Ave neighs/atom = 13.7472
Ave special neighs/atom = 8.76829
Neighbor list builds = 14797817
Dangerous builds = 0
write_restart final_state_${fName}.restart
write_restart final_state_Run3f.restart
Total wall time: 13:27:37
