
units           real
boundary p p p
atom_style      full

read_restart final_state_b70_N200_L300.restart
  restoring atom style full from restart
  orthogonal box = (-420 -420 -420) to (420 420 420)
  2 by 2 by 7 MPI processor grid
  restoring pair style lj/cut from restart
  restoring bond style hybrid from restart
  restoring angle style cosine from restart
  14000 atoms
  15734 bonds
  13600 angles
  3 = max # of 1-2 neighbors
  4 = max # of 1-3 neighbors
  8 = max # of 1-4 neighbors
  56 = max # of special neighbors
  special bonds CPU = 0.698521 secs
  read_restart CPU = 1.06285 secs
mass 1 100
mass 2 100
mass 3 100
mass 4 100

neighbor 1.9 bin
neigh_modify every 1 delay 1 check yes

angle_style  cosine
angle_coeff   *  2  # K (energy unit)

bond_style 		hybrid harmonic harmonic/shift/cut
bond_coeff   1   harmonic 3   10
bond_coeff   2   harmonic 3   10
bond_coeff	3	harmonic/shift/cut 3.60	11.22	12.72

pair_style lj/cut 25
# atom-typ1, atom-typ2, energy-well, sigma (bead-diameter), cut-off (distance)
pair_coeff  * * 0.18 10 25

special_bonds lj  0 1 1 angle yes
  3 = max # of 1-2 neighbors
  4 = max # of 1-3 neighbors
  8 = max # of 1-4 neighbors
  42672 = # of 1-3 neighbors before angle trim
  27200 = # of 1-3 neighbors after angle trim
  56 = max # of special neighbors
  special bonds CPU = 0.0158665 secs

# further equilibriate the system before bond formation takes place
fix fxlan all langevin $T $T 1000 ${seed}
fix fxlan all langevin 310 $T 1000 ${seed}
fix fxlan all langevin 310 310 1000 ${seed}
fix fxlan all langevin 310 310 1000 74344
fix fxnve all nve
timestep 0.1
run 10000
Unused restart file global fix info:
  fix style: colvars, fix ID: CV_Rg
Neighbor list info ...
  update every 1 steps, delay 1 steps, check yes
  max neighbors/atom: 2000, page size: 100000
  master list distance cutoff = 26.9
  ghost atom cutoff = 26.9
  binsize = 13.45, bins = 63 63 63
  1 neighbor lists, perpetual/occasional/extra = 1 0 0
  (1) pair lj/cut, perpetual
      attributes: half, newton on
      pair build: half/bin/newton
      stencil: half/bin/3d/newton
      bin: standard
Per MPI rank memory allocation (min/avg/max) = 1.103 | 7.739 | 16.65 Mbytes
Step Temp E_pair E_mol TotEng Press 
250000000    30.664295   -6667.5495    6354.7416    966.76285   -4.0321422 
250010000    261.12872   -6502.8102    5267.7948    9661.4577    1.1656645 
Loop time of 6.68027 on 28 procs for 10000 steps with 14000 atoms

Performance: 12.934 ns/day, 1.856 hours/ns, 1496.946 timesteps/s
99.7% CPU use with 28 MPI tasks x no OpenMP threads

MPI task timing breakdown:
Section |  min time  |  avg time  |  max time  |%varavg| %total
---------------------------------------------------------------
Pair    | 0.00035806 | 0.88557    | 3.8116     | 123.9 | 13.26
Bond    | 0.00051708 | 0.12305    | 0.49196    |  43.9 |  1.84
Neigh   | 0.016641   | 0.017451   | 0.019027   |   0.7 |  0.26
Comm    | 0.001994   | 1.7349     | 4.2509     | 116.4 | 25.97
Output  | 8.7142e-05 | 0.00042034 | 0.00074485 |   0.0 |  0.01
Modify  | 0.0010033  | 0.2657     | 1.0651     |  64.5 |  3.98
Other   |            | 3.653      |            |       | 54.69

Nlocal:    500 ave 1754 max 0 min
Histogram: 16 0 0 2 1 2 1 3 0 3
Nghost:    547.571 ave 1753 max 0 min
Histogram: 14 2 0 0 1 5 2 0 1 3
Neighs:    10696.6 ave 38992 max 0 min
Histogram: 16 0 1 1 3 0 2 2 0 3

Total # of neighbors = 299505
Ave neighs/atom = 21.3932
Ave special neighs/atom = 8.28729
Neighbor list builds = 6
Dangerous builds = 0

unfix fxlan
unfix fxnve
reset_timestep 0

variable t equal step
variable steps equal 400000000
variable dt_thermo equal 1000000
variable dt_movie equal 10000000
variable dt_restart equal 40000000

group rxnSites type 1 3
4000 atoms in group rxnSites

# fix ID group-ID(atom-types) bond/create Nevery itype jtype Rmin bondtype (prob values = fraction seed) (iparam maxbond newType)
fix bondc rxnSites bond/create/random 20 1 3 12.72 3 prob 1 ${seed} iparam 1 1 jparam 1 3
fix bondc rxnSites bond/create/random 20 1 3 12.72 3 prob 1 74344 iparam 1 1 jparam 1 3

# fix ID group-ID bond/break Nevery bondtype Rmax keyword values ...
fix bondbr rxnSites bond/break 20 3 12.72 prob 1 ${seed}
fix bondbr rxnSites bond/break 20 3 12.72 prob 1 74344

variable frmbnd equal f_bondc[2]
variable brkbnd equal f_bondbr[2]
fix saveBond all print ${dt_thermo} "$t ${frmbnd} ${brkbnd}" file BondData_${fName}.dat screen no
fix saveBond all print 1000000 "$t ${frmbnd} ${brkbnd}" file BondData_${fName}.dat screen no
fix saveBond all print 1000000 "$t ${frmbnd} ${brkbnd}" file BondData_Run5.dat screen no

thermo_style    custom step epair pe ke ebond eangle temp bonds
thermo          ${dt_thermo}
thermo          1000000
fix saveThermo all print ${dt_thermo} "$t $(temp) $(ke) $(pe) $(epair) $(ebond) $(eangle) $(bonds)" file Thermo_${fName}.dat title "# Steps Temp KinEng PotEng Epair Ebond Eangle Bonds" screen no
fix saveThermo all print 1000000 "$t $(temp) $(ke) $(pe) $(epair) $(ebond) $(eangle) $(bonds)" file Thermo_${fName}.dat title "# Steps Temp KinEng PotEng Epair Ebond Eangle Bonds" screen no
fix saveThermo all print 1000000 "$t $(temp) $(ke) $(pe) $(epair) $(ebond) $(eangle) $(bonds)" file Thermo_Run5.dat title "# Steps Temp KinEng PotEng Epair Ebond Eangle Bonds" screen no

############################ Langevin Dynamics ###############################
fix fxlan all langevin $T $T 1000 ${seed}
fix fxlan all langevin 310 $T 1000 ${seed}
fix fxlan all langevin 310 310 1000 ${seed}
fix fxlan all langevin 310 310 1000 74344
fix fxnve all nve

comm_style tiled
fix fxbal all balance 1000 1.1 rcb

timestep 25

dump coor all custom ${dt_movie} traj_${fName}.dump id type mol mass x y z xu yu zu
dump coor all custom 10000000 traj_${fName}.dump id type mol mass x y z xu yu zu
dump coor all custom 10000000 traj_Run5.dump id type mol mass x y z xu yu zu

restart ${dt_restart} ${fName}_tp_*.restart
restart 40000000 ${fName}_tp_*.restart
restart 40000000 Run5_tp_*.restart
run ${steps}
run 400000000
Neighbor list info ...
  update every 1 steps, delay 1 steps, check yes
  max neighbors/atom: 2000, page size: 100000
  master list distance cutoff = 26.9
  ghost atom cutoff = 26.9
  binsize = 13.45, bins = 63 63 63
  2 neighbor lists, perpetual/occasional/extra = 1 1 0
  (1) pair lj/cut, perpetual
      attributes: half, newton on
      pair build: half/bin/newton
      stencil: half/bin/3d/newton
      bin: standard
  (2) fix bond/create/random, occasional, copy from (1)
      attributes: half, newton on
      pair build: copy
      stencil: none
      bin: none
Per MPI rank memory allocation (min/avg/max) = 17.81 | 18.31 | 19.33 Mbytes
Step E_pair PotEng KinEng E_bond E_angle Temp Bonds 
       0   -6502.8102   -1235.0154    10896.473   -2938.6707    8206.4655    261.12872    15734 
 1000000   -3594.6452    3849.6369    13023.815   -957.52206    8401.8042    312.10945    15390 
 2000000    -3568.149    3993.7691    13011.631   -922.02783     8483.946    311.81746    15413 
 3000000   -3702.4766    3856.9178    12994.365   -852.53305    8411.9274    311.40369    15381 
 4000000   -3586.5479    3881.7939    12932.824   -967.58631    8435.9281    309.92888    15372 
 5000000   -3707.7714     3746.449    12873.771   -1007.1192    8461.3396    308.51372    15426 
 6000000   -3780.9546    3671.9863    12906.033   -1028.5905    8481.5314    309.28684    15405 
 7000000   -3692.8726    3493.0875    12848.298   -1031.5853    8217.5454    307.90326    15393 
 8000000     -3732.85    3787.5179    13026.781   -921.53858    8441.9065    312.18051    15395 
 9000000   -3734.1527    3630.8056    13038.847   -1073.6518    8438.6101    312.46968    15428 
10000000   -3771.2045    3386.5214    12831.776   -1109.0335    8266.7594    307.50733    15417 
11000000   -3842.8463    3485.8458    12856.178   -1007.9129     8336.605    308.09211    15405 
12000000   -3850.4979    3424.9509    13054.022   -1132.7279    8408.1768    312.83334    15421 
13000000   -3849.6844    3559.8239    12953.131   -886.23804    8295.7463    310.41553    15404 
14000000    -3822.568    3290.7548    13035.588   -1053.8439    8167.1667    312.39157    15425 
15000000   -3783.9202    3445.3603    12827.505   -1036.8949    8266.1754    307.40497    15420 
16000000   -3804.4841    3347.0907      12872.5   -1045.8407    8197.4155    308.48325    15414 
17000000   -3769.0968    3454.0522    12956.169   -1099.7826    8322.9316    310.48834    15403 
18000000   -3804.9374    3343.1699    12862.159   -1053.0464    8201.1537    308.23542    15427 
19000000   -3754.6523     3505.608     13015.18   -998.73164    8258.9919    311.90251    15393 
20000000   -3873.1817    3448.9804    12865.818   -1024.6485    8346.8106    308.32313    15415 
21000000   -3903.0453    3326.0307     13071.08   -1030.5648    8259.6408    313.24211    15413 
22000000   -3833.9666    3584.3947    12898.442   -909.84319    8328.2045    309.10494    15391 
23000000   -3779.4775    3538.2867    12930.239   -899.31291    8217.0771    309.86693    15395 
24000000   -3772.8511     3494.956    12960.405   -961.00448    8228.8116    310.58985    15393 
25000000   -3702.6912    3548.4277    12932.512   -926.99896    8178.1178    309.92142    15365 
26000000   -3834.0772    3314.3365    12790.013   -1068.8605    8217.2742    306.50649    15422 
27000000   -3789.8165    3318.4083    12975.384   -1038.8637    8147.0886    310.94881    15409 
28000000   -3805.3067    3380.7577    12924.705   -1096.9117    8282.9761    309.73431    15415 
29000000   -3784.4149    3457.3053    12862.146   -949.77978    8191.4999    308.23512    15420 
30000000   -3732.5486    3471.3012    13028.048   -1022.9795    8226.8293    312.21089    15378 
31000000   -3806.8587    3440.4846    12750.942   -1039.3651    8286.7084    305.57017    15418 
32000000   -3899.4101    3268.3384    13017.142   -1056.3893    8224.1378    311.94953    15408 
33000000   -3940.5379     3421.588    12798.004   -914.47538    8276.6014    306.69798    15404 
34000000   -3805.0847     3365.936    13009.884   -1125.2356    8296.2564    311.77558    15409 
35000000   -3900.0004    3394.8254    12883.784   -974.15351    8268.9793    308.75367    15395 
36000000   -3737.4559    3476.8392    12931.091    -1011.261    8225.5561    309.88736    15397 
37000000    -3731.202    3599.6288    12976.292   -1019.3656    8350.1965    310.97058    15402 
38000000   -3868.4432    3414.9186    12886.407   -999.90261    8283.2644    308.81653    15402 
39000000   -3704.0019    3605.4708    13099.512   -883.63356    8193.1063    313.92349    15386 
40000000   -3802.7826    3345.7527    12962.936    -1065.948    8214.4833     310.6505    15395 
41000000   -3744.1317    3618.2197    12989.325   -962.28911    8324.6405     311.2829    15400 
42000000   -3764.3116    3274.1252    12777.368   -1134.1096    8172.5464    306.20345    15425 
43000000   -3937.8931    3290.0347    12981.512   -1040.8288    8268.7566    311.09568    15412 
44000000   -3819.7762    3363.6266    13054.962   -1097.0821    8280.4849    312.85587    15439 
45000000    -3717.867    3668.7638    13012.529    -929.8843    8316.5151    311.83897    15412 
46000000   -3785.5677    3407.0826    13007.352   -993.06455    8185.7149    311.71492    15410 
47000000   -3753.9458    3674.6002    12926.269   -910.99212    8339.5381    309.77179    15401 
48000000    -3658.238    3686.7687    12928.328   -849.57151    8194.5783    309.82115    15386 
49000000   -3940.3592    3366.6706    13014.803   -1087.8578    8394.8875    311.89347    15414 
50000000   -3831.4795    3425.5947    13022.981   -1019.7725    8276.8467    312.08946    15427 
51000000   -3903.0151    3398.5506    12914.448   -953.28838    8254.8541    309.48851    15390 
52000000   -3815.7956    3575.0397    12975.355   -962.49397    8353.3292    310.94811    15407 
53000000   -3766.7597    3568.0923    12928.341   -913.24757    8248.0996    309.82145    15392 
54000000   -3750.7228     3574.007    12875.444   -955.29377    8280.0236     308.5538    15420 
55000000   -3757.5671    3407.1357    13131.422    -1064.535    8229.2378     314.6882    15414 
56000000   -3861.5382    3282.9816    12901.606   -1097.1242     8241.644    309.18076    15419 
57000000   -3874.0042    3474.5221    12839.069   -836.90515    8185.4314    307.68209    15401 
58000000   -3886.5408     3236.955    12951.236   -1066.0652     8189.561    310.37012    15420 
59000000   -3788.7929    3471.1785    12933.579   -979.26238    8239.2337    309.94697    15390 
60000000   -3880.9948    3560.1089      12720.7   -890.41173    8331.5154    304.84544    15398 
61000000   -3802.8056    3516.3707    13028.685   -948.46795    8267.6442    312.22615    15392 
62000000   -3805.2976    3521.1642     12970.03   -1019.0713    8345.5332    310.82052    15399 
63000000   -3844.4607    3437.2342    12995.167    -1054.129    8335.8238    311.42289    15402 
64000000   -3777.5096    3636.8601    12991.719   -965.98332    8380.3531    311.34028    15406 
65000000   -3859.9078    3320.2779    12832.824   -951.58754    8131.7733    307.53243    15388 
66000000    -3857.662     3351.588    13030.884   -1132.4835    8341.7335    312.27884    15421 
67000000   -3788.6258    3522.3636     12795.33   -942.91603    8253.9055    306.63391    15397 
68000000   -3871.2935    3468.7231    12855.338   -948.98497    8289.0015    308.07198    15394 
69000000    -3804.104     3488.767    12864.413   -972.50074    8265.3718    308.28944    15424 
70000000   -3830.5336    3401.1433    12875.453   -1056.7889    8288.4658    308.55401    15414 
71000000   -3670.3535    3602.2196    13075.228   -881.89772    8154.4708    313.34154    15379 
72000000   -3745.0142    3527.6285    12879.726   -960.48257    8233.1253     308.6564    15403 
73000000   -3886.1508    3394.8797    12928.263   -1027.3748    8308.4054    309.81959    15420 
74000000   -3852.3947    3333.0861    13151.049   -1035.4956    8220.9764    315.15855    15428 
75000000   -3738.6657    3563.2405    12942.214   -963.71774    8265.6239    310.15392    15400 
76000000    -3793.777    3522.8336    12924.839   -1028.4316    8345.0423    309.73752    15421 
77000000   -3759.3173    3415.5386    12965.439   -1050.4232    8225.2791    310.71049    15392 
78000000   -3818.3646    3411.6828    12822.475   -1048.4403    8278.4877    307.28442    15416 
79000000   -3813.0763    3308.5273    12932.869   -1052.9725    8174.5762    309.92997    15428 
80000000   -3777.7721    3511.0691    12934.173   -938.89597    8227.7371    309.96121    15398 
81000000   -3813.9236    3323.9358    12898.817   -1031.1295    8168.9889    309.11391    15407 
82000000   -3848.1915    3413.0563    12964.578     -933.907    8195.1549    310.68986    15403 
83000000   -3751.9379    3461.2264    12811.099   -1071.7931    8284.9575     307.0118    15412 
84000000   -3892.6915    3501.2905    12938.176   -1003.3909    8397.3729    310.05715    15411 
85000000   -3790.6654    3580.3777    13009.191    -902.0206    8273.0636    311.75898    15388 
86000000   -3793.1626    3546.9373    12992.444   -923.57512     8263.675    311.35766    15394 
87000000   -3898.3542    3455.8192     12746.31   -891.46061     8245.634    305.45918    15389 
88000000     -3901.97    3245.0167    13083.418   -1057.1916    8204.1782     313.5378    15424 
89000000   -3777.5794    3511.5007    13018.809   -1002.9817    8292.0618    311.98947    15409 
90000000   -3755.8412    3528.4571    13073.902   -972.60217    8256.9005    313.30975    15394 
91000000   -3789.8551    3420.6249    12909.025   -1088.3062    8298.7863    309.35854    15431 
92000000   -3730.2395    3508.2653    12952.259   -975.08086    8213.5857    310.39464    15409 
93000000   -3876.8303    3299.2194    12846.978   -1122.2854     8298.335    307.87162    15420 
94000000   -3735.9569    3581.3703     12912.08   -1042.5332    8359.8603    309.43176    15436 
95000000   -3737.9039    3487.7562    12961.573   -1024.4316    8250.0917    310.61783    15405 
96000000   -3778.0172    3355.5922     12907.21   -1023.5346    8157.1439    309.31505    15413 
97000000   -3735.1248    3508.0622    12821.303   -973.23681    8216.4238    307.25634    15399 
98000000   -3766.7741    3540.7739    12806.838   -995.23114    8302.7791    306.90968    15401 
99000000   -3848.5068    3499.7712    12879.104   -997.88346    8346.1614    308.64152    15402 
100000000   -3689.7526    3395.2417     12957.63   -1008.1972    8093.1915    310.52336    15404 
101000000   -3826.5746    3350.7959    12904.059   -1014.8889    8192.2594    309.23954    15399 
102000000    -3754.088    3471.9034    13021.661   -1051.4623    8277.4537    312.05781    15419 
103000000   -3817.4068     3551.596    12904.391   -890.32473    8259.3275    309.24749    15376 
104000000   -3763.5155    3424.8501    12874.632   -1002.5921    8190.9577    308.53435    15397 
105000000   -3754.4174    3473.2292    13027.193   -1019.7035    8247.3501    312.19039    15416 
106000000   -3792.0851    3495.6443    12937.389   -972.21214    8259.9415    310.03828    15407 
107000000   -3800.0418      3561.73    12733.979    -913.5238    8275.2956    305.16366    15397 
108000000   -3718.7464     3530.223    12974.571   -1045.6108    8294.5802    310.92932    15406 
109000000   -3776.4948    3585.4604    13002.886   -837.01628    8198.9715    311.60789    15397 
110000000   -3713.5348    3416.1997    12754.673    -1057.311    8187.0455    305.65958    15416 
111000000   -3730.0707    3627.6638    12836.453   -875.70466    8233.4391    307.61939    15395 
112000000   -3806.5158    3524.1246     12908.07   -910.47342    8241.1138    309.33567    15398 
113000000   -3844.9357    3540.1634    12847.117   -1015.5289    8400.6279    307.87496    15405 
114000000   -3882.6991    3300.7992    12901.298   -1058.5438    8242.0421    309.17339    15437 
115000000   -3856.9735    3345.7872    12963.554   -977.29731     8180.058    310.66531    15415 
116000000   -3734.3865    3523.8831    12926.491   -1000.2734     8258.543    309.77712    15398 
117000000   -3798.2285    3591.3322    12862.877   -868.30788    8257.8686    308.25265    15387 
118000000   -3843.6528    3551.4577    12968.147    -947.9949    8343.1054    310.77538    15399 
119000000   -3817.0405    3632.0018    13076.436    -976.8884    8425.9308    313.37047    15409 
120000000   -3811.2286     3473.804    13062.493   -980.26563    8265.2983    313.03634    15411 
121000000    -3898.032    3236.6356    12921.042   -1053.4834     8188.151    309.64654    15411 
122000000   -3850.6523    3349.9722    12811.693   -967.01716    8167.6416    307.02603    15410 
123000000   -3861.4294    3367.8017    13002.099   -1042.5338     8271.765    311.58903    15409 
124000000   -3861.9867    3355.2093    13069.636    -1001.936    8219.1321    313.20752    15409 
125000000   -3877.7341    3400.7129     12943.57   -956.49645    8234.9434    310.18642    15408 
126000000   -3848.2289    3376.0158    12979.249   -1002.5094    8226.7541    311.04143    15403 
127000000   -3881.5405       3441.9    12956.763   -968.44279    8291.8833    310.50257    15408 
128000000   -3873.1452    3383.4719     13016.23   -960.99764    8217.6147    311.92766    15409 
129000000   -3793.8258    3375.6695    12803.834   -1083.8395    8253.3349    306.83771    15422 
130000000   -3798.0266    3392.1942    12992.676   -1082.8282    8273.0491    311.36321    15427 
131000000   -3856.0073    3416.2627    12909.022    -946.6701    8218.9401    309.35847    15413 
132000000    -3850.278    3234.0256     12809.34   -1094.8972    8179.2008    306.96966    15429 
133000000   -3851.3852    3352.3039    12912.716    -1039.127    8242.8162      309.447    15409 
134000000   -3740.7501    3500.3862    13215.303    -938.2789    8179.4152    316.69835    15396 
135000000   -3709.6298    3664.0803    12930.836   -888.62021    8262.3303    309.88123    15401 
136000000   -3763.3865    3601.5459    12955.901     -851.214    8216.1463     310.4819    15392 
137000000   -3799.4273    3516.4868    12982.996    -931.7763    8247.6903    311.13122    15410 
138000000   -3719.5831    3539.3693    12940.444    -1014.878    8273.8304    310.11149    15407 
139000000    -3862.317    3402.7828    12772.171   -978.66902    8243.7688    306.07891    15403 
140000000   -3815.4783    3370.2317    13147.347   -1121.5385    8307.2485    315.06981    15407 
141000000   -3763.6107    3566.3722    12825.112   -992.44114     8322.424    307.34761    15398 
142000000   -3723.8801    3589.2132    12900.029   -1001.5032    8314.5965    309.14296    15417 
143000000   -3774.9428    3395.1578    12851.285   -1110.4105     8280.511    307.97483    15408 
144000000   -3745.9841    3388.2946    12863.531   -1037.8956    8172.1742     308.2683    15423 
145000000   -3670.6658    3616.0825    12942.914   -960.74583    8247.4942    310.17069    15400 
146000000   -3793.4528    3482.9188     12913.93   -985.21885    8261.5905    309.47609    15406 
147000000   -3808.1855    3571.3711    12967.492   -963.48175    8343.0384    310.75968    15415 
148000000   -3810.8291    3372.0967    13006.501   -1120.0251     8302.951    311.69452    15421 
149000000   -3803.9987    3298.5843    13078.894   -1048.0343    8150.6173    313.42937    15408 
150000000   -3857.5011    3391.2345    12897.935   -952.60081    8201.3364    309.09279    15386 
151000000   -3709.0007     3644.017    12802.145   -922.76311    8275.7808    306.79722    15388 
152000000   -3763.3597    3536.8974    12978.572   -1044.5786    8344.8356    311.02522    15402 
153000000   -3743.5397    3465.8463    12951.478   -994.41551    8203.8015    310.37592    15401 
154000000    -3886.121    3394.7375    13018.591   -992.23579    8273.0943    311.98425    15408 
155000000   -3862.7852    3395.0652    12923.586   -1035.9436     8293.794    309.70751    15410 
156000000   -3836.8622    3438.4514    13087.246   -1030.1762    8305.4898    313.62953    15406 
157000000   -3829.6313     3434.632    12970.402   -1020.5229    8284.7862    310.82941    15396 
158000000   -3759.7501    3589.0188    12937.816    -988.8329    8337.6018     310.0485    15399 
159000000   -3819.9365    3537.2026    12984.429   -878.48863    8235.6278    311.16558    15398 
160000000   -3773.9398    3435.8741    13011.124   -986.08741    8195.9013     311.8053    15406 
161000000   -3781.9225    3529.6331    12968.115   -1052.0561    8363.6117    310.77462    15405 
162000000   -3838.7917    3411.4741    12831.001   -981.84222     8232.108    307.48874    15395 
163000000   -3684.3217    3712.2023    12850.673   -779.24585    8175.7698    307.96018    15390 
164000000   -3724.4307    3632.1092    12969.096   -935.75076    8292.2907    310.79812    15400 
165000000    -3832.161    3403.1147    12892.679   -1052.9371    8288.2127    308.96682    15432 
166000000   -3827.3606    3473.7445    12799.813   -946.37393    8247.4791    306.74134    15410 
167000000   -3863.9131    3499.8922    12944.902   -971.91601    8335.7213    310.21832    15406 
168000000   -3864.4993    3515.1183    12992.436    -914.5959    8294.2135    311.35747    15404 
169000000   -3772.5033    3585.0062    12919.624   -1044.1305    8401.6399    309.61256    15402 
170000000   -3807.0866    3343.7016    13084.843   -1040.8952    8191.6834    313.57194    15398 
171000000   -3738.4902    3752.7521    13047.766   -865.30281    8356.5451    312.68342    15376 
172000000   -3932.6442    3245.3728    12816.151   -1037.4512    8215.4683    307.13286    15412 
173000000   -3831.9012    3361.4193    12846.669   -948.64378    8141.9643    307.86422    15400 
174000000   -3825.1475    3543.1593    12932.914    -962.3097    8330.6165    309.93105    15386 
175000000    -3900.076    3379.2659     12868.17   -1058.7171    8338.0589    308.37949    15399 
176000000   -3841.4719    3461.1291    12962.773   -914.04477    8216.6458     310.6466    15402 
177000000   -3803.1575    3481.1529    12831.773   -979.34301    8263.6534    307.50725    15399 
178000000   -3738.1451    3537.4175    12951.655    -991.2844     8266.847    310.38015    15406 
179000000   -3855.6254    3438.3564    12983.816   -947.38432    8241.3662    311.15087    15399 
180000000   -3795.8489    3298.5932    12970.316   -1119.3108    8213.7529    310.82737    15422 
181000000    -3860.408    3506.5796    12830.775   -978.82314    8345.8108    307.48333    15427 
182000000    -3787.418    3453.6029     12942.96   -1029.9039    8270.9248    310.17178    15433 
183000000   -3723.6068    3658.1978    12971.741     -948.072    8329.8766    310.86152    15407 
184000000   -3785.4438    3327.4736    12919.463   -1056.0257    8168.9431     309.6087    15419 
185000000   -3825.8985    3549.4973    12788.605   -983.65941    8359.0552    306.47274    15408 
186000000   -3699.4018    3510.6304     12904.85   -981.48502    8191.5172     309.2585    15390 
187000000   -3747.9654    3432.1827    13027.873    -1010.792    8190.9401    312.20669    15416 
188000000   -3793.4539    3274.7211    12889.185   -1076.4187    8144.5937    308.88309    15430 
189000000   -3843.5791    3405.7233    13032.634   -956.54618    8205.8485    312.32078    15412 
190000000   -3786.7951    3448.1964    12895.593   -949.30107    8184.2925    309.03667    15385 
191000000   -3783.5894    3567.4157    12942.904   -946.19104    8297.1961    310.17044    15397 
192000000   -3804.5961    3551.8375    13050.165   -958.63887    8315.0725    312.74091    15410 
193000000   -3807.8391    3468.2622    12840.952   -958.04328    8234.1445    307.72721    15399 
194000000   -3883.9093    3331.0243    12765.952   -1078.3644     8293.298    305.92989    15417 
195000000    -3848.843    3327.1887    12838.311   -1005.5831    8181.6148    307.66392    15395 
196000000   -3896.3155    3245.0073    12881.285   -1080.7634    8222.0862    308.69377    15421 
197000000   -3942.1612    3190.5437    12848.286   -1111.4816    8244.1866    307.90297    15440 
198000000   -3827.9726    3494.5078    12859.207   -1062.0438    8384.5242    308.16468    15407 
199000000   -3864.1875    3377.7529    12985.611   -912.20532    8154.1457    311.19389    15403 
200000000   -3805.1222    3624.1835     12821.95   -887.72126     8317.027    307.27184    15395 
201000000    -3832.098    3466.7293    12653.899   -1014.7957     8313.623    303.24458    15411 
202000000   -3735.5789    3527.3739    12916.168   -1049.0138    8311.9666    309.52973    15394 
203000000   -3809.1584    3473.4772    13020.035   -971.61383    8254.2495    312.01884    15381 
204000000   -3899.2624    3313.0447     12967.48   -1006.6877    8218.9948    310.75939    15414 
205000000   -3820.0207    3352.5024    13043.873   -991.98727    8164.5104    312.59011    15401 
206000000    -3814.859    3465.1747    12804.624   -1031.6511    8311.6847    306.85664    15416 
207000000   -3851.0715    3496.6117    12973.748   -885.21666    8232.8998    310.90961    15407 
208000000   -3789.1509    3517.8575    12991.359   -979.62609    8286.6345    311.33166    15408 
209000000   -3815.8036    3344.4382    12859.438   -1080.3186    8240.5603    308.17021    15424 
210000000   -3772.3191    3467.6302    12967.874   -980.83903    8220.7883    310.76885    15425 
211000000   -3842.7284    3255.8317    12860.175   -1114.9046    8213.4647    308.18788    15421 
212000000   -3963.9902    3060.3956    13036.475    -1056.286    8080.6718    312.41284    15427 
213000000   -3840.7959    3513.0293    12916.586   -971.87564    8325.7009    309.53974    15394 
214000000   -3846.3018    3444.4177    13047.411   -948.46385    8239.1834    312.67491    15387 
215000000   -3783.6883     3572.118    13023.173   -974.00301    8329.8093    312.09406    15413 
216000000   -3805.5889      3390.78    12904.065   -995.63402     8192.003     309.2397    15404 
217000000   -3813.0392    3339.5946    12911.464   -1135.0257    8287.6595      309.417    15413 
218000000   -3783.1126    3602.4577    12893.539   -944.61799    8330.1882    308.98743    15383 
219000000   -3783.4569    3467.8251    13016.692   -1007.0021    8258.2841    311.93875    15408 
220000000   -3881.1415     3440.992    13017.398   -1033.1665       8355.3    311.95566    15396 
221000000   -3819.2697    3423.7919     13046.06   -1079.8519    8322.9134    312.64252    15399 
222000000   -3815.2553    3457.0109    12926.682   -1025.8174    8298.0836    309.78169    15416 
223000000   -3781.0742    3487.8324    12747.929   -1090.1034      8359.01    305.49796    15419 
224000000    -3911.059    3507.3012    12922.965   -938.35488    8356.7151    309.69263    15407 
225000000   -3808.2155    3401.6695    12994.599   -1036.6322    8246.5171    311.40928    15414 
226000000   -3840.6465    3496.2652    12846.198   -931.18275    8268.0945    307.85294    15393 
227000000   -3764.8832    3460.2344    12889.187   -1009.8004     8234.918    308.88314    15402 
228000000    -3798.712    3505.7667    12928.726   -1095.2532    8399.7318    309.83067    15404 
229000000   -3838.8646    3335.1623    12882.379   -1172.4903    8346.5173       308.72    15442 
230000000   -3824.7307    3589.5945    13087.346   -948.54761    8362.8728    313.63193    15403 
231000000   -3761.8041     3609.958     12933.31   -860.05038    8231.8124    309.94052    15403 
232000000   -3865.9639    3362.2779    13063.833   -892.57998    8120.8217    313.06846    15407 
233000000   -3800.8058    3393.5128    12886.279   -1002.9304    8197.2489    308.81346    15406 
234000000   -3831.6724    3336.2144    12956.872   -1064.9545    8232.8413    310.50519    15408 
235000000   -3857.9974    3352.1689    12845.003   -1037.1292    8247.2954    307.82429    15395 
236000000   -3729.8817    3632.2232    12983.294   -899.02032    8261.1252    311.13837    15389 
237000000   -3725.1126    3630.3733    12955.987   -1022.3065    8377.7924    310.48397    15409 
238000000   -3780.9864     3561.394    12971.617   -954.75563     8297.136    310.85855    15395 
239000000   -3726.1637    3456.2916    12904.464   -1006.0903    8188.5456    309.24924    15399 
240000000   -3801.6933    3505.4556    12975.785   -982.28089    8289.4298    310.95841    15397 
241000000   -3794.3889    3509.4116     12989.51   -1023.1135     8326.914    311.28734    15421 
242000000   -3857.9204    3529.5626    12791.193   -972.64895    8360.1319    306.53476    15411 
243000000   -3770.2793    3451.6089    12968.051   -1009.1825    8231.0707    310.77308    15428 
244000000   -3758.0662    3391.5464    13013.402   -1118.6079    8268.2204    311.85989    15413 
245000000   -3860.6955    3262.5098    12977.417   -1051.9837     8175.189    310.99754    15416 
246000000   -3780.7846    3472.2782     13036.74   -936.04541    8189.1082    312.41917    15404 
247000000    -3817.448    3380.4285    12979.386   -1086.6961    8284.5726    311.04472    15417 
248000000   -3789.2017    3387.8053    12972.883    -1034.709    8211.7159    310.88888    15419 
249000000   -3884.1355    3324.6916    12968.348   -1089.1385    8297.9656     310.7802    15431 
250000000   -3838.3073    3626.9444    12972.928   -866.01645    8331.2681    310.88996    15373 
251000000    -3824.332    3510.0545    12906.518   -914.27563    8248.6621    309.29848    15399 
252000000   -3885.2958    3437.9326    12942.234   -992.86142    8316.0898    310.15438    15402 
253000000   -3795.9557    3598.0474    12974.568   -943.91096    8337.9141    310.92926    15410 
254000000    -3711.648    3736.9444    12905.951   -841.29332    8289.8857    309.28489    15396 
255000000   -3808.8804    3511.4467    13031.377   -1026.9672    8347.2942    312.29066    15403 
256000000   -3833.4505    3388.3879    12986.373    -908.5814    8130.4198    311.21216    15405 
257000000   -3849.3315    3445.6088    12811.988   -1013.1956    8308.1358    307.03311    15424 
258000000   -3842.3079    3567.7662    12854.379   -971.65778    8381.7319      308.049    15402 
259000000   -3787.3461    3580.8023    12878.183   -984.82939    8352.9777    308.61943    15418 
260000000    -3792.618     3368.234    12945.861   -1066.7239    8227.5759     310.2413    15412 
261000000   -3828.1327    3407.2106    12931.624   -1020.1312    8255.4746    309.90013    15403 
262000000   -3824.0684     3355.993    13117.397   -1016.2346    8196.2959    314.35209    15420 
263000000   -3794.8599    3419.1314    12882.454   -1005.7394    8219.7307    308.72179    15398 
264000000   -3914.7299    3406.9572    12814.258   -1068.8188    8390.5059    307.08751    15413 
265000000   -3793.9784    3437.4679     12954.71   -946.78064     8178.227    310.45338    15402 
266000000   -3816.6374    3482.2874    12859.864   -874.43968    8173.3645    308.18042    15379 
267000000   -3704.3429    3678.4776    12877.919   -937.52699    8320.3475     308.6131    15392 
268000000   -3827.1358     3468.324     13025.17   -903.66555    8199.1254     312.1419    15388 
269000000   -3687.2848    3551.1509    13054.795   -1038.8612    8277.2969    312.85186    15427 
270000000   -3730.8321    3635.1773    12981.446   -864.93168     8230.941    311.09408    15391 
271000000   -3913.3438    3391.3203    12953.575   -922.21096     8226.875    310.42617    15413 
272000000   -3788.0805    3521.6164     12955.17    -950.0691     8259.766    310.46441    15397 
273000000    -3787.107    3582.9247    13014.003   -916.94306    8286.9747    311.87431    15408 
274000000   -3792.1945    3416.2299    12761.358   -1004.4555    8212.8799    305.81978    15406 
275000000   -3857.4157    3489.0132    12895.903   -972.51187    8318.9408    309.04409    15400 
276000000   -3838.7973    3255.2876    12926.189   -1171.4821    8265.5669    309.76988    15425 
277000000    -3777.815    3540.9094    12941.497   -980.65667    8299.3811    310.13673    15398 
278000000   -3768.0377    3444.0393     12882.19   -982.44079    8194.5178    308.71546    15394 
279000000    -3840.263    3358.7745    12831.825   -1065.8529    8264.8904     307.5085    15421 
280000000   -3819.0129    3517.5519    12923.588   -897.62029    8234.1851    309.70755    15392 
281000000   -3895.0589      3239.07    12969.425   -1078.3183    8212.4472    310.80601    15436 
282000000   -3791.4938    3304.3091    13038.852   -1103.2626    8199.0655     312.4698    15436 
283000000    -3760.162    3546.6428    12904.406    -979.7805    8286.5853    309.24785    15407 
284000000   -3794.9542    3580.8691    13000.727    -1011.096    8386.9194    311.55614    15415 
285000000   -3887.2992    3417.2148    13025.169   -1072.8349    8377.3489     312.1419    15417 
286000000   -3863.8755    3478.1978    12939.494   -976.54476    8318.6181    310.08872    15410 
287000000   -3820.6859    3646.9585    12861.329   -905.23224    8372.8767    308.21555    15388 
288000000   -3805.0837    3483.1731    12965.628    -986.7938    8275.0505    310.71503    15410 
289000000   -3701.6128    3605.4062     12755.41   -915.69772    8222.7167    305.67725    15388 
290000000   -3876.7723    3490.3091    13083.619   -885.01411    8252.0955     313.5426    15383 
291000000   -3874.5987    3480.2425    12729.797   -994.96128    8349.8024    305.06344    15402 
292000000   -3823.3542    3473.9746    12890.496    -1099.571    8396.8999    308.91451    15413 
293000000   -3880.4981    3408.4262    12955.678   -969.35093    8258.2752    310.47657    15398 
294000000   -3765.1436    3494.1581    13142.442   -987.76215    8247.0639    314.95227    15373 
295000000   -3761.5321    3484.6929    12862.127   -976.64073    8222.8657    308.23467    15412 
296000000   -3873.6311    3264.2133    12843.701   -1126.8243    8264.6686     307.7931    15416 
297000000   -3902.5636    3362.7677    13058.966    -1066.605    8331.9363    312.95182    15421 
298000000    -3822.147    3440.3562    12939.234    -1031.597    8294.1002     310.0825    15406 
299000000    -3769.157    3437.4927    12963.413   -998.34531     8204.995    310.66193    15396 
300000000   -3848.6816    3313.3373    12903.811   -1128.4243    8290.4432     309.2336    15413 
301000000   -3822.9123    3470.4442    12895.118   -975.96639    8269.3229    309.02528    15388 
302000000   -3850.6538    3569.1884     12926.06   -932.65039    8352.4927    309.76679    15400 
303000000   -3727.7982    3543.9536    12970.194   -1047.2736    8319.0254    310.82444    15396 
304000000   -3820.0644    3398.4905    12771.352   -999.53542    8218.0903    306.05929    15404 
305000000    -3722.693     3602.253    12929.274   -990.54956    8315.4956    309.84381    15393 
306000000   -3774.9687     3576.692    12995.803   -983.52905    8335.1898    311.43815    15415 
307000000   -3806.1715    3507.0842    12829.583   -993.37254    8306.6283    307.45476    15412 
308000000   -3787.3942    3491.1117    13049.039   -993.22746    8271.7334    312.71391    15394 
309000000   -3787.9283    3512.3823    12930.462   -1037.3385    8337.6491    309.87229    15408 
310000000   -3817.7738    3410.2164    12950.602   -1025.0975    8253.0877    310.35492    15403 
311000000   -3799.5077     3431.684    12937.727   -983.77203    8214.9637    310.04639    15418 
312000000   -3760.0816    3415.1782    13075.421   -1134.1851    8309.4449    313.34616    15406 
313000000    -3819.947    3424.6714    12768.075   -980.87647    8225.4948    305.98075    15394 
314000000   -3834.7609    3463.1045    12876.704   -920.43189    8218.2973    308.58399    15402 
315000000   -3818.0386    3500.7749    12889.704   -880.89553     8199.709    308.89554    15398 
316000000   -3791.6698    3334.2281    12942.845   -1036.1064    8162.0043    310.16903    15414 
317000000   -3853.5193    3437.2757    13002.392   -975.84217    8266.6371    311.59604    15405 
318000000   -3773.4722    3519.8163    12863.524   -943.52371    8236.8123    308.26813    15371 
319000000   -3942.0335    3284.7671    12896.406   -1002.1704    8228.9711    309.05615    15411 
320000000   -3829.5093    3516.2584    12914.252   -905.31903    8251.0867    309.48382    15403 
321000000   -3866.2049     3286.896    12983.252   -1036.3158    8189.4167    311.13738    15417 
322000000   -3778.2111    3404.1644    12946.371   -1039.2324    8221.6079    310.25353    15441 
323000000   -3759.3019    3343.7526    13034.939   -1105.5176    8208.5722    312.37602    15402 
324000000   -3722.6988    3696.4258    12878.798   -892.82923    8311.9539    308.63418    15374 
325000000   -3779.8696    3400.0356    13042.418   -1059.2489    8239.1541    312.55524    15417 
326000000   -3824.0692      3316.72    12797.973   -1063.0868     8203.876    306.69723    15439 
327000000   -3758.2924    3658.1556    12939.831   -880.58401     8297.032    310.09679    15384 
328000000   -3945.4899     3353.336    12954.775    -1071.355     8370.181    310.45492    15406 
329000000    -3817.384    3299.0487    12938.756   -1048.0483    8164.4811    310.07104    15419 
330000000   -3755.4584    3456.8477    13007.814   -972.29949    8184.6056    311.72599    15398 
331000000   -3750.2897    3668.3202    13123.867    -964.1934    8382.8034    314.50713    15402 
332000000   -3806.3651    3510.1637    12970.972    -979.7831    8296.3119    310.84307    15394 
333000000   -3822.5811    3601.9166     12928.19   -962.13105    8386.6288    309.81783    15416 
334000000    -3888.637    3429.6067    12962.685   -1004.9109    8323.1546    310.64448    15397 
335000000   -3832.8824    3452.9244    12911.793   -1021.5627    8307.3695     309.4249    15412 
336000000   -3749.3904    3268.8546    13044.858   -1105.0305    8123.2755    312.61372    15430 
337000000   -3758.7875    3544.2751    12990.905   -853.12921    8156.1918    311.32077    15403 
338000000   -3796.5313    3469.3539     12931.71   -988.74655    8254.6318    309.90218    15415 
339000000   -3793.1442    3357.8586    13045.705   -1085.6503    8236.6531    312.63403    15425 
340000000    -3896.728    3439.5031    12991.245   -1050.8711    8387.1022    311.32892    15415 
341000000   -3795.8676    3488.9034     13011.58   -968.86014    8253.6312    311.81624    15403 
342000000   -3749.4031    3476.3614    12880.996   -980.63711    8206.4016    308.68686    15416 
343000000   -3931.0037    3280.1971    12911.979   -1010.0387    8221.2395    309.42933    15403 
344000000   -3785.0814    3414.3751    12995.849   -991.12791    8190.5844    311.43924    15410 
345000000   -3793.7818    3559.8164    13106.194   -971.72247    8325.3206     314.0836    15404 
346000000    -3799.431    3408.7678    12944.137   -1011.9283     8220.127        310.2    15407 
347000000   -3708.9243     3647.797    12932.101   -877.60168     8234.323    309.91155    15400 
348000000   -3875.9348     3609.962    12751.158   -953.55598    8439.4528    305.57535    15385 
349000000   -3785.9436    3471.7609    12950.593   -993.37339    8251.0779     310.3547    15418 
350000000   -3778.2789    3425.7104     12905.67   -1052.0404    8256.0297    309.27816    15407 
351000000    -3742.272    3517.4791    13000.097   -1039.2687    8299.0198    311.54106    15401 
352000000   -3772.3539    3685.3185    12942.013   -1010.3637    8468.0361    310.14908    15394 
353000000   -3736.8415     3563.233    12943.225   -929.02263    8229.0972    310.17815    15382 
354000000   -3793.6614    3591.9615    12775.447   -976.21131    8361.8342    306.15741    15389 
355000000   -3722.7463    3599.2914    12836.529   -1070.8714     8392.909    307.62123    15405 
356000000   -3784.8598     3468.011    12908.137   -1013.4326    8266.3035    309.33727    15409 
357000000   -3796.7736    3502.6652    12818.693   -1026.8325    8326.2713    307.19379    15424 
358000000   -3657.5048    3735.9875    12866.015   -806.56286    8200.0551    308.32785    15382 
359000000   -3810.4392    3464.2018     12980.23   -1021.3681    8296.0092    311.06494    15405 
360000000   -3859.7946     3329.996    12857.772   -1011.0433     8200.834    308.13029    15426 
361000000   -3823.6082    3299.9928    12882.024    -992.1617    8115.7627    308.71149    15418 
362000000   -3920.0866    3382.8516    12871.668   -860.53129    8163.4695    308.46331    15417 
363000000   -3915.5372    3339.5494    13090.819   -998.21897    8253.3056    313.71516    15436 
364000000   -3780.9221    3528.7686    12875.795   -986.10833     8295.799    308.56221    15409 
365000000    -3849.655    3600.9835    12888.376   -916.15308    8366.7915    308.86372    15418 
366000000   -3878.2112    3350.4612     12908.34   -1022.0772    8250.7497    309.34213    15402 
367000000   -3887.2805    3336.7853    12911.033   -1054.4128    8278.4785    309.40667    15416 
368000000   -3888.6743    3264.2941    12996.951   -1073.7997    8226.7681    311.46565    15405 
369000000   -3769.9627    3595.6028     12933.61   -938.43777    8304.0032    309.94772    15401 
370000000   -3840.6621    3370.5741    12926.464   -1108.8649    8320.1011    309.77646    15424 
371000000   -3770.5091    3487.2862    12862.552    -913.8961    8171.6913    308.24485    15389 
372000000    -3838.957    3498.7509    13067.203   -948.13104    8285.8389    313.14922    15396 
373000000   -3715.0599    3518.8509    12874.799   -970.86332    8204.7741    308.53834    15405 
374000000   -3847.1177    3422.7667    12803.697   -1038.8423    8308.7267    306.83441    15408 
375000000   -3833.7685    3373.4084    12917.798   -1001.5399    8208.7168    309.56879    15413 
376000000    -3906.978     3386.554    12877.749   -950.94023    8244.4723    308.60904    15402 
377000000   -3862.5013    3424.7491    12933.571   -948.21365     8235.464    309.94679    15401 
378000000   -3845.1807    3431.9191    12862.312   -1065.8066    8342.9064    308.23909    15428 
379000000   -3785.1186    3463.0054    13002.179   -953.80011    8201.9241    311.59093    15404 
380000000   -3787.9603    3511.0394    13105.206   -983.45508    8282.4548    314.05993    15407 
381000000   -3735.4518    3542.2132    12797.123   -960.99531    8238.6603    306.67687    15406 
382000000    -3709.199    3728.6271    12845.601   -863.48207    8301.3082    307.83862    15382 
383000000   -3792.7409    3519.1617    12972.093   -1053.2695    8365.1721    310.86994    15401 
384000000   -3807.7207    3552.8069     12707.67   -924.54094    8285.0685    304.53318    15385 
385000000   -3757.7478    3504.4336    12877.143   -1013.9462    8276.1276    308.59452    15402 
386000000   -3761.3928    3504.2051    13027.446   -947.89205    8213.4899    312.19645    15401 
387000000   -3754.4759    3530.8546    12978.722   -1006.6088    8291.9393     311.0288    15384 
388000000   -3830.0829    3418.1021    12804.098   -1015.4939    8263.6789    306.84403    15416 
389000000   -3871.9167    3286.4919     12931.45   -1079.4253    8237.8338    309.89595    15398 
390000000   -3843.4838    3200.0364    12911.949   -1058.4745    8101.9946    309.42863    15414 
391000000   -3826.1453    3354.6582    13038.609   -1079.8698    8260.6733    312.46397    15436 
392000000   -3893.5942    3374.0234    12884.212   -986.61916    8254.2368    308.76392    15406 
393000000   -3913.4128    3478.0507    12949.281   -958.60525    8350.0687    310.32326    15409 
394000000   -3814.6616    3480.2766    12908.462   -998.37636    8293.3146    309.34505    15419 
395000000   -3768.4863    3386.7072    13029.016   -974.17594    8129.3695    312.23407    15391 
396000000   -3838.7972     3405.428    12884.594   -969.44934    8213.6746    308.77308    15396 
397000000   -3827.2917     3390.012    13063.992   -969.35598    8186.6597    313.07227    15396 
398000000   -3856.5018    3396.0722    12961.954   -983.63976    8236.2138    310.62698    15405 
399000000   -3808.9641    3412.1779    12978.544   -974.71846    8195.8604    311.02455    15385 
400000000   -3883.9585    3429.7332    12900.483   -989.40897    8303.1006    309.15385    15400 
Loop time of 177697 on 28 procs for 400000000 steps with 14000 atoms

Performance: 4862.222 ns/day, 0.005 hours/ns, 2251.029 timesteps/s
99.5% CPU use with 28 MPI tasks x no OpenMP threads

MPI task timing breakdown:
Section |  min time  |  avg time  |  max time  |%varavg| %total
---------------------------------------------------------------
Pair    | 20607      | 23857      | 27805      |1348.5 | 13.43
Bond    | 4533.9     | 6524.6     | 9076.7     |2207.1 |  3.67
Neigh   | 55565      | 56262      | 57207      | 201.6 | 31.66
Comm    | 43403      | 51653      | 58471      |1714.2 | 29.07
Output  | 0.73149    | 0.73277    | 0.73488    |   0.1 |  0.00
Modify  | 22424      | 22991      | 23402      | 205.8 | 12.94
Other   |            | 1.641e+04  |            |       |  9.23

Nlocal:    500 ave 539 max 436 min
Histogram: 1 0 0 1 5 6 5 6 2 2
Nghost:    819.107 ave 1089 max 562 min
Histogram: 3 5 2 1 4 5 0 1 1 6
Neighs:    6927.93 ave 8404 max 5236 min
Histogram: 2 1 2 3 4 3 5 3 4 1

Total # of neighbors = 193982
Ave neighs/atom = 13.8559
Ave special neighs/atom = 8.77843
Neighbor list builds = 79939842
Dangerous builds = 0
write_restart final_state_${fName}.restart
write_restart final_state_Run5.restart
Total wall time: 49:21:45
