
units           real
boundary p p p
atom_style      full

read_restart final_state_Run4_ext.restart
  restoring atom style full from restart
  orthogonal box = (-420 -420 -420) to (420 420 420)
  2 by 2 by 7 MPI processor grid
  restoring pair style lj/cut from restart
  restoring bond style hybrid from restart
  restoring angle style cosine from restart
  14000 atoms
  15558 bonds
  13600 angles
  3 = max # of 1-2 neighbors
  6 = max # of 1-3 neighbors
  17 = max # of 1-4 neighbors
  56 = max # of special neighbors
  special bonds CPU = 0.40459 secs
  read_restart CPU = 0.480233 secs
mass 1 100
mass 2 100
mass 3 100
mass 4 100

neighbor 1.9 bin
neigh_modify every 1 delay 1 check yes

angle_style  cosine
angle_coeff   *  2  # K (energy unit)

bond_style 		hybrid harmonic harmonic/shift/cut
bond_coeff   1   harmonic 3   10
bond_coeff   2   harmonic 3   10
bond_coeff	3	harmonic/shift/cut 3.60	11.22	12.72

pair_style lj/cut 25
# atom-typ1, atom-typ2, energy-well, sigma (bead-diameter), cut-off (distance)
pair_coeff  * * 0.18 10 25

special_bonds lj  0 1 1 angle yes
  3 = max # of 1-2 neighbors
  6 = max # of 1-3 neighbors
  17 = max # of 1-4 neighbors
  38016 = # of 1-3 neighbors before angle trim
  27200 = # of 1-3 neighbors after angle trim
  56 = max # of special neighbors
  special bonds CPU = 0.00194467 secs

# further equilibriate the system before bond formation takes place
fix fxlan all langevin $T $T 1000 ${seed}
fix fxlan all langevin 310 $T 1000 ${seed}
fix fxlan all langevin 310 310 1000 ${seed}
fix fxlan all langevin 310 310 1000 70184
fix fxnve all nve
timestep 0.1
run 10000
Neighbor list info ...
  update every 1 steps, delay 1 steps, check yes
  max neighbors/atom: 2000, page size: 100000
  master list distance cutoff = 26.9
  ghost atom cutoff = 26.9
  binsize = 13.45, bins = 63 63 63
  1 neighbor lists, perpetual/occasional/extra = 1 0 0
  (1) pair lj/cut, perpetual
      attributes: half, newton on
      pair build: half/bin/newton
      stencil: half/bin/3d/newton
      bin: standard
WARNING: Inconsistent image flags (../domain.cpp:784)
Per MPI rank memory allocation (min/avg/max) = 1.103 | 7.13 | 16.77 Mbytes
Step Temp E_pair E_mol TotEng Press 
400000000     310.5004   -3004.1568     6378.008    16330.523 -0.032344338 
400010000    311.09724   -3014.9906     6490.324    16456.911 -0.047251158 
Loop time of 6.43631 on 28 procs for 10000 steps with 14000 atoms

Performance: 13.424 ns/day, 1.788 hours/ns, 1553.686 timesteps/s
99.7% CPU use with 28 MPI tasks x no OpenMP threads

MPI task timing breakdown:
Section |  min time  |  avg time  |  max time  |%varavg| %total
---------------------------------------------------------------
Pair    | 0.00036198 | 0.41003    | 3.2904     | 130.2 |  6.37
Bond    | 0.0004929  | 0.11074    | 0.73083    |  58.0 |  1.72
Neigh   | 0.023548   | 0.025092   | 0.027524   |   0.9 |  0.39
Comm    | 0.0018468  | 2.0526     | 4.6029     | 131.8 | 31.89
Output  | 8.7094e-05 | 0.00052926 | 0.00093726 |   0.0 |  0.01
Modify  | 0.00093767 | 0.24118    | 1.559      |  84.4 |  3.75
Other   |            | 3.596      |            |       | 55.87

Nlocal:    500 ave 3276 max 0 min
Histogram: 19 1 4 1 0 0 1 0 1 1
Nghost:    451.357 ave 2522 max 0 min
Histogram: 16 2 4 2 1 1 1 0 0 1
Neighs:    5450.11 ave 40235 max 0 min
Histogram: 20 3 1 1 0 0 1 1 0 1

Total # of neighbors = 152603
Ave neighs/atom = 10.9002
Ave special neighs/atom = 7.46071
Neighbor list builds = 7
Dangerous builds = 0

unfix fxlan
unfix fxnve
reset_timestep 0

variable t equal step
variable steps equal 500000000
variable dt_thermo equal 1000000
variable dt_movie equal 10000000
variable dt_restart equal 50000000

group rxnSites type 1 3
4000 atoms in group rxnSites

# fix ID group-ID(atom-types) bond/create Nevery itype jtype Rmin bondtype (prob values = fraction seed) (iparam maxbond newType)
fix bondc rxnSites bond/create/random 20 1 3 12.72 3 prob 1 ${seed} iparam 1 1 jparam 1 3
fix bondc rxnSites bond/create/random 20 1 3 12.72 3 prob 1 70184 iparam 1 1 jparam 1 3

# fix ID group-ID bond/break Nevery bondtype Rmax keyword values ...
fix bondbr rxnSites bond/break 20 3 12.72 prob 1 ${seed}
fix bondbr rxnSites bond/break 20 3 12.72 prob 1 70184

variable frmbnd equal f_bondc[2]
variable brkbnd equal f_bondbr[2]
fix saveBond all print ${dt_thermo} "$t ${frmbnd} ${brkbnd}" file BondData_${fName}.dat screen no
fix saveBond all print 1000000 "$t ${frmbnd} ${brkbnd}" file BondData_${fName}.dat screen no
fix saveBond all print 1000000 "$t ${frmbnd} ${brkbnd}" file BondData_Run4_final.dat screen no

thermo_style    custom step epair pe ke ebond eangle temp bonds
thermo          ${dt_thermo}
thermo          1000000
fix saveThermo all print ${dt_thermo} "$t $(temp) $(ke) $(pe) $(epair) $(ebond) $(eangle) $(bonds)" file Thermo_${fName}.dat title "# Steps Temp KinEng PotEng Epair Ebond Eangle Bonds" screen no
fix saveThermo all print 1000000 "$t $(temp) $(ke) $(pe) $(epair) $(ebond) $(eangle) $(bonds)" file Thermo_${fName}.dat title "# Steps Temp KinEng PotEng Epair Ebond Eangle Bonds" screen no
fix saveThermo all print 1000000 "$t $(temp) $(ke) $(pe) $(epair) $(ebond) $(eangle) $(bonds)" file Thermo_Run4_final.dat title "# Steps Temp KinEng PotEng Epair Ebond Eangle Bonds" screen no

############################ Langevin Dynamics ###############################
fix fxlan all langevin $T $T 1000 ${seed}
fix fxlan all langevin 310 $T 1000 ${seed}
fix fxlan all langevin 310 310 1000 ${seed}
fix fxlan all langevin 310 310 1000 70184
fix fxnve all nve

comm_style tiled
fix fxbal all balance 1000 1.1 rcb

timestep 25

dump coor all custom ${dt_movie} traj_${fName}.dump id type mol mass x y z xu yu zu
dump coor all custom 10000000 traj_${fName}.dump id type mol mass x y z xu yu zu
dump coor all custom 10000000 traj_Run4_final.dump id type mol mass x y z xu yu zu

restart ${dt_restart} ${fName}_tp_*.restart
restart 50000000 ${fName}_tp_*.restart
restart 50000000 Run4_final_tp_*.restart
run ${steps}
run 500000000
Neighbor list info ...
  update every 1 steps, delay 1 steps, check yes
  max neighbors/atom: 2000, page size: 100000
  master list distance cutoff = 26.9
  ghost atom cutoff = 26.9
  binsize = 13.45, bins = 63 63 63
  2 neighbor lists, perpetual/occasional/extra = 1 1 0
  (1) pair lj/cut, perpetual
      attributes: half, newton on
      pair build: half/bin/newton
      stencil: half/bin/3d/newton
      bin: standard
  (2) fix bond/create/random, occasional, copy from (1)
      attributes: half, newton on
      pair build: copy
      stencil: none
      bin: none
WARNING: Inconsistent image flags (../domain.cpp:784)
Per MPI rank memory allocation (min/avg/max) = 17.81 | 18.23 | 19.72 Mbytes
Step E_pair PotEng KinEng E_bond E_angle Temp Bonds 
       0   -3014.9906    3475.3334    12981.577   -1471.7536    7962.0776    311.09724    15558 
 1000000   -2954.3744    3501.8694    12958.124    -1657.609    8113.8528    310.53517    15593 
 2000000   -2912.3784    3764.9773    12753.424   -1463.8634    8141.2191    305.62965    15559 
 3000000   -3051.0145     3535.109    12965.199   -1616.4825    8202.6061    310.70473    15575 
 4000000   -3032.6521    3666.7851    12917.887   -1523.6026    8223.0398    309.57093    15563 
 5000000   -3098.5507     3494.565    12894.907   -1584.5592    8177.6749    309.02022    15575 
 6000000   -3031.4028    3438.0639    12696.723   -1585.2046    8054.6713    304.27085    15577 
 7000000   -2943.1582    3530.9483    13033.924    -1504.264    7978.3706     312.3517    15576 
 8000000   -3033.2844      3527.01    12834.561   -1567.2847    8127.5791    307.57405    15565 
 9000000    -2980.817    3418.1257    13002.502   -1574.2667    7973.2094    311.59867    15592 
10000000   -2900.6736    3745.8796    13027.071   -1475.2446    8121.7977    312.18746    15582 
11000000   -2949.1414    3653.6957    12915.271    -1595.275    8198.1121    309.50823    15571 
12000000   -3006.3897    3489.2253    12783.383    -1645.165      8140.78    306.34759    15580 
13000000   -3061.8951    3482.5222    12877.069   -1537.1608    8081.5781    308.59275    15563 
14000000   -3058.7456    3437.2473    12883.422   -1573.2991    8069.2921    308.74499    15585 
15000000   -2950.9386    3708.6138    12893.191   -1475.8605    8135.4129     308.9791    15555 
16000000   -3077.3705    3472.3708    12922.246   -1629.6632    8179.4045     309.6754    15595 
17000000   -3026.7046    3589.4333    12937.363   -1527.1531    8143.2911    310.03766    15565 
18000000   -2905.1629     3785.478    12740.637   -1541.1127    8231.7536    305.32322    15580 
19000000   -2930.1494    3681.7183    12932.024   -1600.9002    8212.7678    309.90971    15573 
20000000   -2993.4615    3463.0822    13000.416   -1600.5133     8057.057    311.54868    15579 
21000000   -2906.3502    3698.8491    12889.284   -1554.5953    8159.7946    308.88547    15586 
22000000   -2978.4234    3545.2974    13241.696   -1630.7749    8154.4957    317.33086    15595 
23000000   -2954.1784    3491.6268    13046.981   -1738.2645    8184.0697     312.6646    15582 
24000000   -2991.0153    3415.4294    12737.097   -1659.0027    8065.4474    305.23838    15563 
25000000   -3080.7195    3560.4503    12928.585   -1593.2573    8234.4271    309.82731    15579 
26000000   -3022.4004    3857.5497    13022.535     -1390.83      8270.78    312.07877    15542 
27000000   -3020.1362    3386.7819     13001.65   -1674.2468    8081.1648    311.57826    15607 
28000000   -2960.8493    3666.7071    12917.609   -1555.6356     8183.192    309.56426    15573 
29000000     -3098.57    3439.4136    12759.701   -1623.2137    8161.1973    305.78007    15582 
30000000   -3109.1384    3495.7493    12979.649   -1546.9996    8151.8874    311.05103    15578 
31000000   -3078.7336    3550.4094    12800.236    -1572.829     8201.972    306.75149    15572 
32000000    -2896.857    3681.1792    13070.657   -1588.0657     8166.102    313.23199    15582 
33000000   -3027.4197    3505.1603    13027.081   -1622.4749    8155.0549    312.18771    15609 
34000000   -2947.6307     3689.322    13057.104    -1499.334    8136.2867    312.90719    15568 
35000000   -3048.7425    3632.9958    12997.219   -1588.0282    8269.7665    311.47208    15585 
36000000   -2929.1346    3715.0112    12940.495    -1525.255    8169.4008    310.11271    15570 
37000000   -2906.9252    3516.6973    12866.418   -1654.4477    8078.0702    308.33749    15580 
38000000   -2951.0484    3594.4514    12891.113   -1591.8949    8137.3946    308.92929    15591 
39000000   -2875.7167    3801.1847    12961.401   -1498.5556    8175.4571    310.61371    15569 
40000000   -2928.9049    3628.1119    12834.061   -1628.3215    8185.3383    307.56209    15580 
41000000   -2923.7892    3513.8111    13172.175    -1706.732    8144.3324    315.66481    15606 
42000000   -2929.3504    3665.4488    13091.695   -1585.4403    8180.2395    313.73615    15578 
43000000   -2925.8264    3726.6161    12861.847   -1498.9505     8151.393    308.22796    15574 
44000000   -2890.7727    3687.8106    13017.491   -1580.6463    8159.2297     311.9579    15570 
45000000    -2930.672    3779.0861    12800.735   -1618.1053    8327.8634    306.76344    15585 
46000000   -3001.9168    3616.0847    13065.688   -1624.2475    8242.2491     313.1129    15583 
47000000   -2969.7719    3597.7416    12758.608   -1584.8756    8152.3892    305.75389    15595 
48000000   -3008.8503    3719.6164    13047.936   -1459.6374    8188.1042     312.6875    15568 
49000000   -2897.1954     3667.182     13071.62   -1556.6304    8121.0078    313.25507    15596 
50000000   -2912.5904    3855.7714    12928.488   -1501.0954    8269.4572    309.82496    15570 
51000000   -2991.8669    3603.0451    13043.126   -1590.8763    8185.7883    312.57222    15576 
52000000   -3012.4313    3707.5776    12808.376   -1592.5399    8312.5488    306.94654    15595 
53000000   -3012.3476     3412.199    12931.305    -1703.491    8128.0376    309.89247    15593 
54000000   -2989.5876    3685.6816    12846.353   -1514.8544    8190.1235    307.85664    15548 
55000000   -3051.8833     3507.725    12951.407   -1594.3094    8153.9176    310.37422    15589 
56000000     -2936.49    3760.3934    13008.855   -1466.2503    8163.1337    311.75094    15570 
57000000   -2944.5252    3714.9525     12883.74   -1504.1546    8163.6323     308.7526    15573 
58000000   -2993.2882    3570.0089    13002.447   -1519.5974    8082.8945    311.59738    15557 
59000000   -3062.6447    3396.4289    12824.885   -1703.7194     8162.793    307.34217    15587 
60000000   -2982.8663    3696.7325    13022.106    -1575.606    8255.2048    312.06849    15581 
61000000   -3016.9588    3415.8594    12857.688   -1609.9866    8042.8048    308.12829    15595 
62000000   -2978.6644    3561.9641    13088.921   -1641.2891    8181.9176    313.66968    15579 
63000000   -2947.4941    3642.9291    12877.445   -1642.2886    8232.7118    308.60174    15571 
64000000   -2954.7544    3692.5676    12927.137   -1520.3825    8167.7045    309.79259    15569 
65000000   -2986.7126    3733.3357    13170.222   -1545.8982    8265.9464    315.61802    15573 
66000000   -2953.3073    3542.5782    13018.469   -1555.6733    8051.5588    311.98132    15568 
67000000   -2978.3229    3462.9653    13000.806   -1613.6517      8054.94    311.55803    15594 
68000000   -3025.6556    3399.2433    12834.305   -1659.2376    8084.1366    307.56792    15597 
69000000   -3025.6724    3412.6559    13116.558   -1647.4462    8085.7745    314.33197    15578 
70000000   -2956.4869    3592.2447    12778.867   -1605.3252    8154.0569    306.23937    15577 
71000000   -2952.1879    3498.1192    12940.947   -1589.8645    8040.1717    310.12354    15578 
72000000   -2935.1589     3557.186    12933.077   -1600.2778    8092.6228    309.93494    15575 
73000000   -3065.4716     3680.711    12970.634   -1451.8168    8197.9994    310.83498    15579 
74000000   -3114.0804    3357.0481     12774.69   -1612.5539    8083.6824    306.13929    15576 
75000000   -2984.0109    3582.8168    12989.343   -1587.1826    8154.0103    311.28333    15579 
76000000    -3049.039    3536.3857    12964.326   -1539.0283    8124.4531    310.68381    15556 
77000000   -3107.1825    3421.5551    12841.852   -1620.5749    8149.3126    307.74879    15588 
78000000   -3000.9696    3616.6848    13040.596   -1494.9386     8112.593    312.51159    15568 
79000000   -3086.8397    3512.6288    12986.899   -1517.7095    8117.1779    311.22476    15574 
80000000   -3088.6624    3385.5609    12803.862   -1613.0271    8087.2504    306.83838    15553 
81000000   -2912.9947    3563.5054    12880.047   -1633.4265    8109.9266    308.66411    15589 
82000000   -2964.4762    3511.0161     12913.67   -1607.5503    8083.0426    309.46987    15575 
83000000   -3037.8837    3756.1265    13064.019   -1385.5568    8179.5669    313.07291    15555 
84000000   -3063.1139    3653.5759    12985.076   -1483.1052    8199.7949    311.18108    15571 
85000000   -3043.9018    3708.9914    12891.661   -1437.7493    8190.6425    308.94243    15563 
86000000   -3066.4053    3697.0058    12907.452   -1536.4655    8299.8767    309.32085    15575 
87000000   -2992.0673    3632.6057    13017.701   -1574.5848    8199.2577    311.96293    15567 
88000000   -3033.5025    3494.0731     13018.02   -1605.2879    8132.8635    311.97057    15595 
89000000   -3015.1316    3587.0109    12895.353   -1580.7563    8182.8988    309.03091    15578 
90000000   -3096.0414    3563.6739    12996.703   -1502.4473    8162.1626    311.45971    15587 
91000000   -3174.0563    3421.9707    12912.378   -1551.5718    8147.5987     309.4389    15579 
92000000   -3073.1194    3576.7746    12894.311   -1606.2864    8256.1804    309.00594    15575 
93000000   -3073.9678    3596.9085    12881.079   -1577.0131    8247.8894    308.68885    15575 
94000000   -3087.0201    3419.9567    12835.036   -1589.9256    8096.9025    307.58545    15578 
95000000   -3066.1752    3579.9514     13006.69   -1504.7953     8150.922    311.69904    15579 
96000000   -2983.5189    3681.6117    13038.625   -1457.7927    8122.9233    312.46434    15534 
97000000   -2987.5083    3571.2973    12889.508   -1546.1635    8104.9691    308.89083    15577 
98000000   -3122.8831    3508.1611    12982.267   -1566.0881    8197.1323    311.11377    15593 
99000000   -3031.7181    3446.8686    12933.323   -1583.3684    8061.9551    309.94084    15567 
100000000   -3067.6196    3465.5764    12927.115   -1634.4035    8167.5996    309.79208    15587 
101000000   -3084.7964    3519.7506    13045.639   -1509.6852    8114.2322    312.63245    15574 
102000000   -3141.6219    3354.0526     12821.13   -1623.1374    8118.8119     307.2522    15590 
103000000   -3046.6388    3559.2319    12915.312   -1573.4147    8179.2854    309.50923    15568 
104000000   -2931.0192     3756.534    12885.773   -1518.7626    8206.3159    308.80133    15571 
105000000   -3042.1263     3569.478    13001.424   -1545.2775    8156.8818    311.57285    15576 
106000000   -3047.4997    3429.8767    12916.526   -1697.5624    8174.9388    309.53831    15591 
107000000    -3102.438     3505.207    12934.836    -1612.881     8220.526     309.9771    15576 
108000000   -3085.0486    3283.8141    12924.976   -1700.6399    8069.5027     309.7408    15595 
109000000   -3012.8376    3651.4561    12925.162   -1575.4481    8239.7418    309.74528    15575 
110000000   -3006.1914    3413.9825    12932.014   -1682.8543    8103.0283    309.90946    15577 
111000000   -3010.1833    3612.3598    12885.096   -1510.1854    8132.7285     308.7851    15572 
112000000   -3034.4237    3530.2547    12937.601   -1510.5733    8075.2518    310.04337    15576 
113000000   -3029.5496     3451.696    13049.599   -1605.8347    8087.0803    312.72734    15560 
114000000   -3032.3718    3710.1469    13003.401   -1466.4825    8209.0013    311.62022    15587 
115000000   -3033.0831    3507.4004    12802.519   -1557.9184     8098.402    306.80619    15590 
116000000   -2923.5477    3554.7525    13032.118   -1597.2442    8075.5443    312.30843    15581 
117000000   -2893.6879     3558.661    12845.132   -1603.4878    8055.8368     307.8274    15588 
118000000   -2908.8825    3562.0257    12904.562   -1681.2929    8152.2011     309.2516    15578 
119000000   -2917.4067    3759.8751    13147.685   -1580.2837    8257.5654    315.07792    15578 
120000000   -3037.4899     3654.731    12826.902   -1490.6963    8182.9171    307.39052    15557 
121000000   -3119.1963    3520.8024    12814.134   -1528.0149    8168.0136    307.08455    15574 
122000000   -2971.9238    3477.2217    12895.234   -1620.6509    8069.7964    309.02805    15586 
123000000    -3003.004    3493.0644    13029.634   -1543.9284    8039.9967    312.24889    15571 
124000000    -3046.627    3555.2459    12922.971    -1554.285     8156.158    309.69275    15588 
125000000   -3170.1476    3357.9472    12807.336   -1633.4752      8161.57    306.92161    15580 
126000000   -3177.3341    3281.9922    12915.012   -1595.2934    8054.6197    309.50203    15600 
127000000   -3094.0493    3550.0963    13011.745   -1523.4351    8167.5807    311.82019    15576 
128000000   -3098.5633    3541.6842    12954.339    -1566.968    8207.2155    310.44449    15574 
129000000   -2997.4394    3445.0767    12928.163    -1726.485    8169.0011    309.81718    15589 
130000000    -3036.825    3553.8834    13016.762    -1529.813    8120.5213    311.94041    15576 
131000000   -3096.8651    3414.6012    12852.269   -1610.8516    8122.3179    307.99842    15575 
132000000   -3044.5122    3665.4917    12945.496    -1446.529    8156.5328    310.23257    15562 
133000000   -3128.8966    3470.6121    12872.731   -1638.0475    8237.5562    308.48879    15574 
134000000   -3098.0383    3309.9091    12804.994   -1569.7767    7977.7242    306.86549    15575 
135000000   -2984.2284     3486.333    12833.912   -1523.4508    7994.0122    307.55851    15576 
136000000   -3068.5371    3565.8482    12905.367   -1539.2705    8173.6558    309.27088    15574 
137000000   -3013.6885    3514.1654    12977.209   -1614.1565    8142.0104    310.99256    15563 
138000000   -3070.9653    3563.3616    12941.767   -1588.0817    8222.4085     310.1432    15575 
139000000   -3004.2583    3566.2494    13061.276   -1557.1095    8127.6172    313.00716    15560 
140000000   -3018.3116    3492.1385     12792.43   -1621.2035    8131.6536    306.56441    15579 
141000000   -3086.7995    3493.3251    12795.686   -1535.9257    8116.0503    306.64244    15566 
142000000   -3057.7653    3430.9691    12865.338   -1604.3979    8093.1323    308.31162    15585 
143000000   -3106.0719    3446.8991    13052.021   -1525.1124    8078.0835    312.78538    15586 
144000000   -3098.9138    3265.6995    13022.043   -1646.0186    8010.6319    312.06698    15584 
145000000   -3073.8697    3580.4386    13011.153   -1549.4191    8203.7274      311.806    15564 
146000000   -2906.8989    3693.9633    12872.057    -1468.521    8069.3833    308.47264    15574 
147000000   -3036.4763    3546.3506    12952.443   -1562.1413    8144.9683    310.39904    15585 
148000000   -2900.3699    3651.1636     13045.63   -1612.0786    8163.6122    312.63223    15566 
149000000   -2981.7484    3659.3174    12941.673   -1526.5562     8167.622    310.14095    15567 
150000000   -3015.7158    3580.0008    12916.151   -1515.9545     8111.671    309.52933    15568 
151000000   -3094.4727    3415.0329    12850.641   -1549.0053    8058.5109    307.95941    15574 
152000000   -3087.7009    3477.5805    12903.177   -1567.3013    8132.5827    309.21842    15586 
153000000   -3052.7458     3527.356    12962.225   -1533.1644    8113.2662    310.63347    15568 
154000000   -3022.3798    3511.1402    12819.382   -1698.5652    8232.0852    307.21031    15575 
155000000   -3086.3033    3454.2691    12964.412   -1575.0209    8115.5933    310.68587    15576 
156000000    -3082.103    3535.9877     13016.22   -1427.2767    8045.3675    311.92742    15571 
157000000   -3100.7323     3559.131    12880.493   -1456.2366    8116.0999     308.6748    15554 
158000000   -3048.2704    3763.3898    13017.562   -1414.8055    8226.4657    311.95959    15567 
159000000   -2982.1316    3438.9473    13000.899   -1689.8019    8110.8807    311.56026    15598 
160000000   -2971.1659    3592.7477     12919.02   -1486.8634     8050.777    309.59807    15570 
161000000   -2998.9774    3659.3739    12874.073   -1494.1157    8152.4671    308.52095    15568 
162000000   -3044.8268     3627.794    12878.527   -1555.5494    8228.1702    308.62769    15568 
163000000   -3022.3651    3662.9445    12851.387   -1492.6245    8177.9342    307.97728    15566 
164000000   -3070.5967     3507.556    12906.479   -1587.2746    8165.4272    309.29755    15596 
165000000   -2941.3307    3549.5821    12813.288   -1551.4222     8042.335    307.06426    15561 
166000000   -2972.9986    3526.7842    12856.265   -1634.4102     8134.193    308.09418    15583 
167000000   -3045.7837     3432.072    12910.789   -1473.4272    7951.2829    309.40083    15574 
168000000   -3105.6383     3460.895    12973.732   -1545.5188    8112.0521    310.90923    15566 
169000000   -3183.6847    3568.5025    13008.584   -1434.5089    8186.6961    311.74443    15561 
170000000   -3052.7916    3475.1873    13074.005   -1585.2702    8113.2491    313.31223    15574 
171000000   -2945.1136    3571.5378    12915.549   -1653.9769    8170.6283     309.5149    15591 
172000000    -3026.103    3495.4707    13058.705   -1537.9815    8059.5551    312.94556    15577 
173000000    -2994.015    3469.8642    12883.411   -1680.7996    8144.6788    308.74474    15597 
174000000   -3053.4279    3465.0574    13010.205   -1619.6712    8138.1566    311.78328    15576 
175000000   -3051.4801    3281.0132    12890.915   -1747.2573    8079.7505    308.92456    15600 
176000000   -3051.7989    3718.9222    12815.175   -1487.5644    8258.2855    307.10948    15562 
177000000   -3059.3215      3644.34    12932.447   -1442.0869    8145.7485    309.91985    15543 
178000000   -3081.5712    3491.7335     12899.22   -1595.2046    8168.5094    309.12357    15586 
179000000   -2972.7295    3705.6527    13007.154    -1521.612    8199.9942    311.71018    15570 
180000000   -2922.4818    3679.1379    12844.607   -1525.5211    8127.1409     307.8148    15578 
181000000   -2871.1303    3753.1139    12845.684   -1522.2232    8146.4674    307.84061    15585 
182000000   -3112.5082    3394.6773    13008.467   -1556.9703    8064.1558    311.74163    15566 
183000000   -3110.2889     3652.847    12934.035   -1513.0216    8276.1575    309.95791    15577 
184000000   -3097.5908    3612.8996    12822.833   -1481.9793    8192.4697    307.29299    15562 
185000000   -2994.1996    3784.1664    12856.464   -1425.9232    8204.2893    308.09896    15553 
186000000   -2981.9658     3527.734    12966.298   -1556.2247    8065.9245    310.73108    15552 
187000000   -3085.6552    3459.5499     12925.57   -1633.4215    8178.6266    309.75505    15577 
188000000   -2962.8112    3678.7934    12918.818   -1442.0588    8083.6634    309.59323    15563 
189000000   -3070.6885    3533.1336    12977.598   -1498.4255    8102.2476    311.00187    15567 
190000000   -3060.9225    3581.9882    12928.546    -1622.258    8265.1688    309.82637    15599 
191000000   -2937.2163    3557.3473     12853.35    -1552.411    8046.9746    308.02433    15586 
192000000   -3077.3957    3550.6777    12840.708   -1584.9898    8213.0632    307.72137    15573 
193000000   -3008.5786    3551.7506    12782.776   -1605.8974    8166.2266    306.33307    15591 
194000000   -3067.4188    3533.5051    13051.519   -1672.3881     8273.312    312.77336    15588 
195000000    -3030.883    3422.7672    12983.789   -1645.6895    8099.3397    311.15023    15593 
196000000   -2993.8093     3407.485     12981.17   -1624.3644    8025.6587    311.08748    15576 
197000000   -3068.3524    3812.6455    13040.403   -1395.4153    8276.4132    312.50696    15554 
198000000   -3042.2487    3556.6388    12962.898   -1617.3211    8216.2086     310.6496    15587 
199000000     -2990.78     3586.652    12979.702   -1606.2885    8183.7205    311.05229    15571 
200000000   -2957.6043    3515.4395    12826.391   -1595.6409    8068.6847    307.37827    15570 
201000000   -3006.8511    3586.9264    12845.257   -1540.9006     8134.678    307.83039    15577 
202000000   -3016.1186    3453.2058    12828.275   -1638.7094    8108.0338    307.42341    15586 
203000000   -3039.3287    3535.8963    12861.872   -1499.8092    8075.0341    308.22855    15576 
204000000   -3010.5362    3506.7132     13027.72   -1638.6475    8155.8969    312.20302    15572 
205000000   -3170.4744    3520.9511    12995.296    -1493.353    8184.7785    311.42598    15558 
206000000   -3014.7135    3662.4177    12960.465   -1629.0302    8306.1614    310.59128    15585 
207000000   -2935.6128    3608.4407    13065.758   -1609.0758    8153.1292    313.11459    15576 
208000000   -2921.6678     3664.219    12917.718   -1603.5769    8189.4638    309.56687    15563 
209000000     -2903.45    3624.9367    12872.321   -1652.0258    8180.4125    308.47896    15586 
210000000   -2969.0229    3632.5192    12974.571   -1583.2515    8184.7936    310.92934    15568 
211000000    -3031.961    3426.9074    12985.761   -1595.8838    8054.7521     311.1975    15593 
212000000   -3051.3901    3440.9586    12933.927   -1568.8185    8061.1672    309.95531    15598 
213000000   -3004.9964      3536.53    12848.991    -1524.919    8066.4454    307.91987    15563 
214000000    -2992.926    3731.7821    12891.858   -1438.7055    8163.4136    308.94716    15568 
215000000   -2945.7473    3636.8737    12958.558   -1540.4996    8123.1206    310.54558    15575 
216000000   -3017.2444    3600.8246    12853.391   -1492.7539     8110.823     308.0253    15569 
217000000   -3044.3481    3506.4001    12939.983   -1635.7265    8186.4747    310.10046    15585 
218000000   -3034.3702    3578.8257    12955.972   -1443.4561    8056.6519     310.4836    15565 
219000000   -2967.2511    3535.1328    12890.451   -1573.7384    8076.1223    308.91344    15605 
220000000   -2974.5084    3541.8211    13034.629   -1645.8981    8162.2276    312.36859    15587 
221000000   -3058.0483    3593.6162    12899.405   -1526.5209    8178.1854    309.12801    15578 
222000000   -2970.0098    3698.4146    13061.173   -1497.2652    8165.6896     313.0047    15582 
223000000   -3003.2689    3554.9369    12864.172   -1618.4682     8176.674    308.28366    15561 
224000000   -3052.5657    3496.2967    12939.805   -1572.3029    8121.1653    310.09619    15570 
225000000    -2948.899    3606.6846    12909.874   -1578.1093    8133.6929    309.37891    15579 
226000000   -2963.3593    3534.8529     12868.15   -1610.4299    8108.6421    308.37899    15565 
227000000    -3079.888    3484.6871    13049.737   -1568.3745    8132.9496    312.73065    15573 
228000000   -2939.7604    3581.9962    12848.339   -1563.4198    8085.1764    307.90425    15581 
229000000   -3013.8982    3593.0498    12872.029   -1539.0386    8145.9866    308.47195    15586 
230000000   -2941.2621    3671.1288    13105.175   -1593.7429    8206.1338     314.0592    15572 
231000000   -2966.9322    3692.2932    12992.938   -1477.6621    8136.8875    311.36948    15564 
232000000   -2938.6159    3528.1093    12968.824    -1656.909    8123.6342    310.79161    15584 
233000000   -2971.0326    3614.7501    12928.537   -1498.6082    8084.3909    309.82615    15597 
234000000   -3033.4384    3623.4258    12955.877   -1531.7652    8188.6295    310.48134    15558 
235000000   -2985.9203    3594.2514    12794.547   -1580.6432    8160.8149    306.61514    15581 
236000000   -3008.7059    3503.7223        12807   -1583.0181    8095.4463    306.91357    15591 
237000000   -2937.9036    3774.3782    12951.792   -1499.6564    8211.9382    310.38345    15570 
238000000   -2940.6479    3626.7824    12994.564    -1589.198    8156.6283    311.40845    15595 
239000000    -2934.024    3601.0944    13008.422   -1494.0022    8029.1206    311.74056    15594 
240000000   -2957.8708    3393.4696    13121.635   -1753.7827    8105.1231    314.45365    15584 
241000000   -3002.3798    3714.2113    12937.013   -1571.9991    8288.5902    310.02927    15580 
242000000   -3001.3432    3444.6474    13036.038   -1583.7539    8029.7445    312.40237    15583 
243000000   -3052.8665    3532.7582    12885.354   -1506.5782    8092.2029     308.7913    15574 
244000000   -2983.2922     3684.511    12795.759   -1474.6295    8142.4327    306.64418    15564 
245000000   -2952.9976     3419.797    12984.261   -1661.9967    8034.7913    311.16153    15583 
246000000   -3092.8993    3405.9803    12928.966   -1641.7967    8140.6762    309.83643    15573 
247000000   -3055.7356    3325.1209    12920.069   -1631.9687    8012.8252    309.62322    15576 
248000000   -3095.3829    3433.3424    12847.972   -1576.7951    8105.5204    307.89544    15595 
249000000   -3080.6617    3287.7929    13021.251   -1588.3298    7956.7845      312.048    15584 
250000000   -3089.7796    3614.0065    12977.219   -1515.3447    8219.1308    310.99279    15565 
251000000   -3069.2561    3566.9322    12895.128   -1652.8837     8289.072    309.02551    15588 
252000000   -2992.6137    3737.1517    12961.467   -1387.8455     8117.611    310.61529    15552 
253000000   -3046.4648    3611.2953    12816.135   -1461.1318    8118.8918    307.13248    15567 
254000000   -3029.8005    3504.4291     12943.38   -1594.4277    8128.6574    310.18186    15582 
255000000   -3013.8465    3604.4783    12785.607   -1524.2137    8142.5384    306.40091    15583 
256000000    -3029.702      3407.67    12742.532   -1576.6362    8014.0082    305.36863    15579 
257000000   -3028.7651    3512.8432    13009.797   -1598.9851    8140.5934    311.77351    15602 
258000000   -3062.7306    3475.6849    12982.345   -1602.6957    8141.1112    311.11562    15583 
259000000   -3167.6972    3471.1477    12879.735    -1556.857    8195.7019    308.65663    15587 
260000000   -3077.8511    3554.6258    12809.095   -1506.8311     8139.308    306.96377    15581 
261000000   -3065.7577    3560.4461     12916.54   -1567.4083    8193.6121    309.53865    15572 
262000000    -2987.899    3484.6011    12961.256   -1657.9251    8130.4252    310.61025    15584 
263000000   -3064.9068    3529.8727    12946.208   -1589.0782    8183.8577    310.24962    15590 
264000000   -3014.1137     3499.657    12870.143   -1628.6687    8142.4394    308.42677    15591 
265000000   -3047.9116    3428.6403    12881.289   -1641.0537    8117.6056    308.69387    15596 
266000000    -2998.144    3595.0319    12939.696   -1503.8092    8096.9851    310.09358    15574 
267000000   -3102.7735    3618.8797    12935.423   -1548.2518     8269.905    309.99117    15569 
268000000     -3012.45    3634.8741     12905.84   -1488.8506    8136.1747    309.28222    15557 
269000000   -2937.3932    3446.3422    13096.068   -1637.7672    8021.5026    313.84094    15584 
270000000   -2982.2474    3476.0975    13017.028    -1634.939    8093.2839    311.94679    15584 
271000000   -3007.7726     3619.333     12859.72    -1495.233    8122.3387    308.17698    15583 
272000000   -2949.0626    3440.3087    12810.733   -1751.1625    8140.5338    307.00302    15593 
273000000   -3031.1363    3744.7531    12924.007   -1531.8873    8307.7767    309.71758    15567 
274000000   -3008.0957     3623.092    13035.546   -1519.3176    8150.5053    312.39057    15576 
275000000   -3029.7318    3580.9156    12961.749   -1521.1629    8131.8103    310.62206    15575 
276000000   -3065.2759    3482.7087     12961.92   -1622.5508    8170.5354    310.62616    15587 
277000000   -2964.0567    3692.5956    12901.715   -1464.3124    8120.9646    309.18337    15557 
278000000   -2987.0586     3526.614    12973.012   -1604.2148    8117.8874    310.89197    15573 
279000000   -2979.9653    3653.9699     12913.74    -1543.003    8176.9382    309.47154    15563 
280000000   -2979.0221    3604.3119    13107.792   -1564.2609    8147.5949     314.1219    15580 
281000000   -2963.3351    3572.2507    12881.177   -1570.9594    8106.5451     308.6912    15591 
282000000   -3039.6545    3602.1351    12754.572    -1521.649    8163.4385    305.65716    15588 
283000000   -2984.7101    3674.8107    12944.289   -1516.0213    8175.5421    310.20364    15571 
284000000   -2921.3345    3697.5312    13110.564   -1557.8083    8176.6739    314.18833    15560 
285000000   -2851.8621    3640.5368    12887.781   -1597.4208    8089.8197    308.84946    15576 
286000000   -2984.5623    3626.0325    12859.016   -1498.2122    8108.8069    308.16011    15568 
287000000   -2907.6458    3692.3004    12817.245    -1550.482    8150.4282    307.15909    15564 
288000000   -3086.3662    3476.0482    12909.499   -1592.9087    8155.3231    309.36992    15587 
289000000   -3121.4085    3621.2595    12855.952   -1477.2393    8219.9073    308.08669    15576 
290000000   -3096.2736    3420.3446     12876.56    -1615.835    8132.4532    308.58054    15579 
291000000   -2925.7607    3720.2519    12978.137   -1520.2872    8166.2998    311.01479    15558 
292000000   -3018.9488    3601.6174     12854.24    -1618.973    8239.5392    308.04565    15577 
293000000   -3102.1624    3477.7406    12989.229   -1543.2988    8123.2018     311.2806    15606 
294000000   -3016.8984    3576.4069    12748.265   -1619.9694    8213.2747    305.50601    15602 
295000000   -3041.0105    3475.4562    12975.205   -1544.0742    8060.5409    310.94453    15587 
296000000   -2980.8531    3455.4744     12875.81   -1657.2553    8093.5829    308.56257    15580 
297000000   -2995.5937     3699.632    12900.171   -1434.1765    8129.4022    309.14637    15575 
298000000   -3065.3747    3554.6705    12980.679   -1613.0151    8233.0602     311.0757    15572 
299000000   -3053.7434    3517.9555    13057.516   -1588.8072    8160.5061    312.91706    15576 
300000000   -3115.9294     3439.229    13041.698   -1610.6102    8165.7686      312.538    15581 
301000000   -2965.9332    3644.5728    13038.495    -1540.253     8150.759    312.46124    15583 
302000000   -3066.0723    3412.6963      12983.6   -1601.1923    8079.9609     311.1457    15582 
303000000   -3049.7521    3547.8076    12938.892   -1524.7541    8122.3138     310.0743    15579 
304000000    -2936.422    3600.5179    12968.545   -1545.6348    8082.5748    310.78492    15568 
305000000   -2883.6455    3626.3414    12968.402   -1571.8999    8081.8868    310.78149    15601 
306000000   -2983.0481    3514.9159    12775.397   -1681.6942    8179.6581    306.15622    15588 
307000000   -2959.4379    3594.7932    12922.633   -1566.3662    8120.5973    309.68465    15573 
308000000   -2913.4604     3741.373     12862.25   -1555.7777    8210.6111     308.2376    15557 
309000000   -3050.6515    3650.2251    12879.173   -1559.0048    8259.8814    308.64317    15568 
310000000   -3076.9904    3449.0141    12887.306   -1545.4012    8071.4057    308.83808    15586 
311000000   -3144.0685    3439.4925    12924.046   -1577.6202    8161.1811    309.71851    15580 
312000000   -3053.1544    3534.3862    12846.406   -1532.8429    8120.3836    307.85791    15557 
313000000   -3049.1454    3537.2918    12970.946   -1576.2159    8162.6531    310.84245    15587 
314000000   -3059.5761     3572.446    12967.656   -1498.7826    8130.8048    310.76362    15570 
315000000   -2982.1166    3496.0018    12976.094   -1649.2959    8127.4143    310.96583    15580 
316000000   -2830.9882    3659.1565    12857.898   -1615.3816    8105.5263    308.13332    15588 
317000000   -2953.7669    3675.2641    12951.021   -1633.9399    8262.9709    310.36496    15583 
318000000   -3033.0686    3498.4349    13063.595   -1657.2725     8188.776    313.06274    15595 
319000000   -3036.8726    3624.3003    12777.222   -1500.6391    8161.8121    306.19996    15582 
320000000   -3020.6003    3467.2387    12950.272   -1685.8164    8173.6555    310.34702    15598 
321000000   -3078.6823    3359.4957    13095.188   -1655.8542    8094.0322    313.81987    15567 
322000000   -2989.1635    3532.8316    12989.981   -1609.2811    8131.2761    311.29862    15586 
323000000   -2997.1281    3501.9849    12830.675    -1543.588     8042.701    307.48093    15574 
324000000   -3008.0988    3641.4827    12896.369   -1519.4845     8169.066    309.05526    15562 
325000000   -3018.4604    3535.2193    12899.308   -1543.1395    8096.8193    309.12568    15569 
326000000   -3008.1872    3462.1573    12922.098   -1594.8344    8065.1789    309.67184    15593 
327000000   -3086.4036    3246.1268    12881.867   -1669.8897    8002.4201    308.70774    15591 
328000000    -3167.279    3531.5945    12856.533     -1508.33    8207.2036    308.10062    15570 
329000000   -3079.6513    3685.6271    12858.585   -1489.4462    8254.7245    308.14977    15600 
330000000   -3060.0093    3385.2934    12927.374    -1605.716    8051.0188    309.79829    15581 
331000000    -2987.687    3559.0902    13045.839   -1527.5103    8074.2874    312.63724    15597 
332000000   -3018.9313    3728.4397    12870.727   -1475.8862    8223.2572    308.44077    15569 
333000000   -2955.2689    3677.7917    12884.103   -1543.4352    8176.4958    308.76131    15576 
334000000   -3003.4011    3592.4098    12879.556   -1534.1256    8129.9365    308.65235    15601 
335000000    -3012.172    3638.7478    12888.395   -1627.3971     8278.317    308.86415    15602 
336000000   -2982.1537    3495.3622    12899.196   -1582.8414    8060.3572    309.12301    15577 
337000000   -2979.6548    3670.7835     12972.59   -1465.5631    8116.0014    310.88185    15554 
338000000   -2955.9335    3650.5321    12692.833   -1560.2202    8166.6858    304.17762    15586 
339000000    -2906.913    3871.8826    13060.432    -1409.399    8188.1945    312.98695    15568 
340000000   -3019.4826    3364.0082    12894.527   -1680.7174    8064.2081    309.01111    15586 
341000000   -3084.8589     3471.269    13078.136   -1624.3764    8180.5043    313.41122    15571 
342000000   -2986.4506    3660.2881    12921.203   -1489.3984    8136.1371    309.65038    15577 
343000000   -2917.1581    3447.8157    12820.592   -1667.7738    8032.7476     307.2393    15586 
344000000   -3085.4482    3487.5955    12861.235   -1605.9264      8178.97    308.21329    15576 
345000000   -3046.0934    3664.8157    12928.752   -1520.8433    8231.7524    309.83129    15570 
346000000   -3021.6473     3414.734     12981.82   -1695.3467    8131.7281    311.10306    15576 
347000000   -2999.4986    3566.0628    12861.804   -1556.4489    8122.0102    308.22692    15571 
348000000   -2912.8556    3718.0211    12966.197   -1482.6483     8113.525    310.72865    15565 
349000000   -3062.5339    3570.4235     12857.82   -1539.9765    8172.9339    308.13145    15578 
350000000   -3037.7763    3424.0974    12873.585   -1584.5301    8046.4037    308.50925    15568 
351000000   -3015.6321    3608.8549    13012.505   -1520.9695    8145.4566     311.8384    15579 
352000000   -2965.6133    3736.7935     13114.96   -1509.8334    8212.2402    314.29368    15587 
353000000   -2975.0338    3563.2691    12884.828   -1617.0626    8155.3655    308.77869    15569 
354000000   -2911.9666    3684.7098    12850.796   -1539.4627    8136.1391    307.96311    15584 
355000000   -3024.0471      3469.43    12885.155   -1734.6612    8228.1383    308.78651    15587 
356000000   -2972.0999    3711.7223    12847.195   -1444.4193    8128.2415    307.87683    15584 
357000000   -3007.2492    3408.1056     12934.74   -1706.9043    8122.2592     309.9748    15602 
358000000   -3042.8975    3671.3479    12911.706   -1508.6291    8222.8745     309.4228    15568 
359000000   -2937.5117    3754.2335      12873.5    -1481.854    8173.5992     308.5072    15578 
360000000   -2901.2501    3537.7633    12933.491    -1687.843    8126.8564    309.94486    15579 
361000000    -2994.731    3627.2529    12929.771   -1595.9882    8217.9721    309.85571    15581 
362000000   -3040.7778    3432.8149    12807.147   -1638.3397    8111.9323    306.91711    15583 
363000000   -2965.1998    3583.0554     13026.81   -1547.1907    8095.4459     312.1812    15587 
364000000   -2955.2591    3632.2697    12991.038    -1596.783    8184.3119    311.32395    15579 
365000000   -2921.1336    3575.4121    12868.338   -1606.4641    8103.0098     308.3835    15593 
366000000   -2945.3616    3638.1241    12871.134   -1600.8782    8184.3639    308.45052    15566 
367000000   -3122.0451     3534.993    13089.699   -1538.4169     8195.455    313.68833    15558 
368000000   -3077.7811    3470.7367    12865.946   -1666.6142    8215.1321    308.32617    15580 
369000000   -2960.3746     3588.143    12729.826    -1570.735    8119.2526    305.06414    15578 
370000000   -2839.3551    3722.8552    12930.102   -1523.5324    8085.7426    309.86365    15579 
371000000    -2942.357    3679.5929    13091.936   -1569.3136    8191.2635    313.74192    15561 
372000000   -2909.4167    3660.5074     12858.54   -1618.9272    8188.8513    308.14869    15586 
373000000   -3002.5974    3602.3829    12908.205   -1561.1893    8166.1696     309.3389    15586 
374000000   -3077.5709     3529.344    12920.468   -1561.7202    8168.6351    309.63278    15572 
375000000   -3051.3996    3717.2767    12919.405   -1449.2044    8217.8806    309.60731    15560 
376000000   -3021.5549    3527.2127    12976.773   -1659.6322    8208.3998    310.98209    15571 
377000000   -3039.6534     3416.664      12944.5   -1682.2776    8138.5949    310.20869    15582 
378000000    -3200.107    3265.0893    12944.229   -1649.2969    8114.4932     310.2022    15572 
379000000   -3063.0546    3610.1871    12986.385   -1510.9895    8184.2312    311.21244    15571 
380000000    -3159.509    3387.7069    12983.722   -1582.4472    8129.6632    311.14863    15586 
381000000   -3092.2511    3499.3904    12792.074   -1525.8604     8117.502    306.55589    15575 
382000000   -3059.8377    3500.3115     12988.39   -1620.9804    8181.1296    311.26049    15576 
383000000   -3083.3315    3537.3452     12978.65   -1479.0499    8099.7266    311.02707    15558 
384000000   -3025.4064    3631.5185    12777.935   -1463.8338    8120.7586    306.21703    15578 
385000000   -2962.1687    3551.6342    13047.603   -1541.1943    8054.9973     312.6795    15567 
386000000   -3035.5101    3525.8841    12848.294   -1504.7469    8066.1411    307.90316    15557 
387000000   -3026.3229    3611.5651     12891.45   -1659.0611    8296.9491    308.93739    15565 
388000000   -2987.4261     3453.663    13011.012   -1650.7624    8091.8516    311.80263    15597 
389000000    -2948.722    3620.8168     13094.44   -1527.9768    8097.5157    313.80192    15592 
390000000    -3007.798    3586.7166    12870.238   -1548.8384    8143.3531    308.42903    15575 
391000000   -3083.1011    3488.0681    12890.483   -1545.7095    8116.8787    308.91421    15567 
392000000   -3061.3999    3574.6191    12865.206   -1422.8803    8058.8994    308.30845    15569 
393000000   -3020.8114    3957.0782    12963.488    -1379.461    8357.3506    310.66373    15548 
394000000   -2987.4235    3730.3643    12790.397   -1525.2335    8243.0213    306.51569    15580 
395000000    -2948.426    3555.4541    13052.728   -1594.0869     8097.967    312.80232    15574 
396000000   -3055.9119    3557.0431    12957.236   -1558.1122    8171.0672     310.5139    15567 
397000000   -3104.4456    3583.4162    12895.605   -1431.0097    8118.8715    309.03695    15561 
398000000   -3060.6369    3547.5333    13038.505   -1542.1515    8150.3217    312.46147    15574 
399000000   -2949.7736     3685.344    12793.611   -1513.6481    8148.7658    306.59271    15568 
400000000   -2973.9551    3748.0895    12839.391   -1451.0323    8173.0769    307.68982    15559 
401000000    -2968.985    3766.3715    12899.806   -1484.6441    8220.0006    309.13761    15556 
402000000   -2936.5776    3669.6777     12765.11   -1547.4669    8153.7222    305.90971    15567 
403000000   -3007.2268    3578.0973    12994.338   -1573.4569     8158.781    311.40304    15584 
404000000   -3020.5897    3662.6614    13006.435   -1527.3555    8210.6066    311.69293    15573 
405000000   -2907.7088    3616.3888    12877.382   -1587.4608    8111.5584    308.60025    15582 
406000000   -2937.8369    3506.5203    12891.049   -1627.3106    8071.6678    308.92777    15584 
407000000   -3007.5385    3476.3114    12945.082   -1602.2237    8086.0736    310.22264    15563 
408000000   -2989.3939    3643.6461    12924.948   -1550.4523    8183.4923    309.74014    15574 
409000000   -3006.2092    3535.6257    13043.832   -1618.4786    8160.3135    312.58914    15585 
410000000   -3138.4585    3513.2665    12936.051   -1497.9595    8149.6845    310.00623    15589 
411000000   -3029.6305    3393.5682    12957.214   -1554.4735    7977.6722    310.51338    15593 
412000000   -3127.8796    3584.1137     12993.67   -1461.0428    8173.0361    311.38702    15565 
413000000   -3103.6693    3600.9233    12832.446   -1482.6751    8187.2677    307.52337    15591 
414000000   -3075.5039    3402.8887    12808.887   -1528.4869    8006.8796    306.95879    15569 
415000000   -3080.0228    3465.7433    12971.797   -1559.4903    8105.2564    310.86286    15570 
416000000   -3078.1896    3675.9687    12869.864   -1492.7634    8246.9217    308.42007    15565 
417000000   -3015.4251    3461.4562    12881.819   -1694.3851    8171.2664    308.70658    15592 
418000000   -3150.7364    3447.8907    12863.661   -1562.4777    8161.1048    308.27142    15586 
419000000   -2997.3613    3433.8339    12799.653    -1630.463    8061.6582     306.7375    15587 
420000000   -3078.8707    3431.5298    12941.849    -1542.234    8052.6345    310.14515    15582 
421000000    -2946.137    3618.3786    12913.389   -1603.4605     8167.976    309.46314    15580 
422000000   -2974.0664    3620.3378    12871.186   -1616.2476    8210.6518    308.45175    15594 
423000000   -2968.4931    3502.4589    12816.284    -1625.155    8096.1069    307.13606    15576 
424000000   -2987.6289    3750.0883    12861.587    -1484.351    8222.0682    308.22171    15573 
425000000    -2942.473    3680.2848    12904.053    -1564.257    8187.0148     309.2394    15589 
426000000   -2979.2156    3597.1855    12872.554   -1576.8973    8153.2984    308.48455    15567 
427000000   -2989.4737    3719.6361    12881.463   -1487.4105    8196.5202    308.69804    15569 
428000000   -3035.6958    3616.6204    12841.353    -1522.508    8174.8242    307.73682    15579 
429000000   -2986.0221    3528.3726    12974.315   -1572.9586    8087.3533    310.92319    15585 
430000000   -2950.6847    3515.6282    13015.149   -1627.2714    8093.5843    311.90177    15593 
431000000   -2971.3789    3538.9777    12978.408   -1571.1182    8081.4748    311.02128    15590 
432000000   -2980.4001    3741.8143    12759.704   -1479.6713    8201.8857    305.78015    15573 
433000000   -2957.3453     3502.402    12872.799    -1621.544    8081.2912    308.49042    15585 
434000000   -3068.0166    3338.1436    13118.953   -1607.3125    8013.4728    314.38937    15570 
435000000   -3117.0483    3537.6835    13064.889   -1573.0938    8227.8256    313.09375    15570 
436000000   -2993.0032    3511.4131    13041.083   -1567.6452    8072.0615    312.52325    15573 
437000000   -3093.9858    3512.2458     12986.76   -1567.6412    8173.8727    311.22143    15564 
438000000   -3133.3949     3499.235    13112.398   -1544.5923    8177.2223    314.23229    15582 
439000000   -3125.8506    3439.3834    13053.949   -1574.2291    8139.4632    312.83157    15595 
440000000   -2980.4111    3581.7523    12968.756   -1514.5613    8076.7247    310.78997    15577 
441000000   -3021.9825    3573.1927    13054.424   -1664.0156    8259.1909    312.84297    15599 
442000000   -2961.9346    3629.6428      12805.2   -1560.4484    8152.0259    306.87044    15568 
443000000   -2953.8186    3472.8816    12923.603   -1559.4338     7986.134    309.70791    15569 
444000000   -3004.2244     3460.632    13010.799   -1554.6304    8019.4868    311.79751    15570 
445000000    -3009.076    3704.5468    12957.415   -1433.9274    8147.5502    310.51819    15584 
446000000   -3020.2582    3534.3233    12982.483   -1495.3339    8049.9153    311.11894    15563 
447000000   -3018.2962     3640.266    12978.632   -1608.3028    8266.8649    311.02666    15565 
448000000    -3095.061    3441.3529    12862.503   -1481.6717    8018.0856    308.24368    15559 
449000000   -3125.7118    3564.7869    13008.945   -1490.7967    8181.2953    311.75308    15566 
450000000   -2955.2426    3395.6289    12948.339   -1578.6401    7929.5116    310.30069    15570 
451000000   -2994.2489    3729.3692    13023.548   -1472.7418      8196.36    312.10305    15561 
452000000   -3054.4907    3373.0581    12989.297   -1529.6317    7957.1806    311.28224    15560 
453000000   -3080.6467    3265.2899    13176.315   -1653.0808    7999.0174    315.76403    15605 
454000000   -3098.1593    3394.2228     12897.31   -1590.3475    8082.7297    309.07781    15593 
455000000    -3125.371    3570.9091    12840.564   -1475.3523    8171.6324    307.71792    15569 
456000000   -2987.3005    3755.8247    12955.079   -1481.3583    8224.4835    310.46221    15573 
457000000   -3012.6209    3513.8703    12906.088   -1579.5853    8106.0765    309.28818    15582 
458000000   -3077.4943    3576.2895    12928.424   -1517.1854    8170.9692    309.82345    15581 
459000000   -3064.4104     3483.856    12886.269   -1572.6003    8120.8668    308.81321    15586 
460000000   -3100.5388    3350.9544    12894.145   -1682.8472    8134.3404    309.00195    15584 
461000000   -3099.6622    3494.0118    12966.117    -1630.575     8224.249    310.72674    15572 
462000000   -2969.6486    3556.7539    12977.909   -1607.9163    8134.3187    311.00932    15574 
463000000   -3187.0991    3424.6261    12885.305   -1548.7878     8160.513    308.79011    15584 
464000000   -2965.5002    3608.6793    12966.666   -1607.4162    8181.5957     310.7399    15569 
465000000    -3033.767     3610.821    12871.965   -1586.5129    8231.1009    308.47042    15568 
466000000   -2992.7483    3691.1353    12969.653   -1437.5243    8121.4079    310.81147    15558 
467000000   -3039.7972    3526.3817    12886.975   -1599.7736    8165.9526    308.83014    15586 
468000000   -3029.5533    3655.7741    13024.597   -1508.3476    8193.6749    312.12819    15581 
469000000   -3059.9615    3402.6766    12980.773   -1635.0782    8097.7163    311.07795    15597 
470000000    -3007.606    3522.5331    12862.731    -1669.165    8199.3041    308.24913    15585 
471000000   -3003.0663    3604.9089    13033.013    -1527.784    8135.7591    312.32986    15581 
472000000   -3015.7802     3637.164     12941.27   -1543.5512    8196.4953    310.13128    15572 
473000000   -3000.3062    3665.7236    12943.214   -1450.3587    8116.3885    310.17788    15561 
474000000   -2904.9734    3802.6226    12890.704   -1476.8206    8184.4166     308.9195    15572 
475000000   -2985.7608    3636.0589    12906.946   -1499.8363    8121.6559    309.30872    15558 
476000000   -2945.3756    3854.1524    12803.519   -1400.5265    8200.0545    306.83016    15557 
477000000   -2997.2922    3638.2858    13082.613   -1566.7702    8202.3483    313.51849    15582 
478000000   -2999.3253    3691.3023    12853.986   -1518.3474     8208.975    308.03956    15577 
479000000   -3004.6328    3696.7769    12984.177   -1534.1973     8235.607    311.15954    15562 
480000000   -2950.3379    3623.5423     12867.95   -1602.6547    8176.5349     308.3742    15584 
481000000   -2996.4658    3600.1097    13012.081   -1577.2554     8173.831    311.82823    15578 
482000000   -2977.9882    3558.9689     13004.69   -1671.9544    8208.9115    311.65112    15605 
483000000    -2842.326    3804.3837    12898.884   -1444.0025    8090.7123    309.11553    15567 
484000000   -2930.1283    3656.8692     12979.62   -1588.1314    8175.1289    311.05033    15553 
485000000   -2916.3607    3711.7059    12976.284   -1572.3152    8200.3818    310.97038    15568 
486000000    -2954.575    3558.3982    12905.791    -1576.437    8089.4102    309.28105    15573 
487000000   -2913.1266    3707.8728    12773.371   -1548.3096     8169.309    306.10766    15571 
488000000   -2968.4061    3584.0957    12880.624   -1562.4067    8114.9085    308.67795    15576 
489000000   -3105.3283    3520.3915    13004.203   -1574.5342    8200.2539    311.63944    15570 
490000000    -2923.889    3656.6602    12992.395   -1480.8083    8061.3576    311.35647    15569 
491000000   -2962.2798    3519.0744    12834.716   -1586.7682    8068.1224    307.57778    15586 
492000000   -3065.0763    3494.5637    12758.349   -1547.2295    8106.8695    305.74766    15563 
493000000    -3075.989     3639.801    13112.578   -1465.7631    8181.5531     314.2366    15572 
494000000   -2992.1115    3708.1667    12840.293   -1467.1822    8167.4605    307.71141    15571 
495000000   -2994.3144    3471.1728    12793.564   -1639.5727    8105.0599     306.5916    15590 
496000000   -3018.6669    3573.0606    13114.741   -1478.6086    8070.3361    314.28844    15562 
497000000   -2941.3744     3606.299    12906.077   -1546.9925    8094.6659     309.2879    15574 
498000000   -3050.1162    3527.2706     12771.66   -1554.5795    8131.9662    306.06668    15593 
499000000   -2950.7813    3720.2978    12908.944   -1527.8549     8198.934    309.35662    15593 
500000000   -2925.7836    3674.6655     12917.86   -1548.5797    8149.0288    309.57027    15584 
Loop time of 190704 on 28 procs for 500000000 steps with 14000 atoms

Performance: 5663.218 ns/day, 0.004 hours/ns, 2621.860 timesteps/s
99.6% CPU use with 28 MPI tasks x no OpenMP threads

MPI task timing breakdown:
Section |  min time  |  avg time  |  max time  |%varavg| %total
---------------------------------------------------------------
Pair    | 20286      | 24120      | 29309      |1374.2 | 12.65
Bond    | 5896.8     | 8826       | 11747      |2968.7 |  4.63
Neigh   | 60154      | 60689      | 61531      | 155.8 | 31.82
Comm    | 48844      | 55814      | 63815      |1876.5 | 29.27
Output  | 0.83392    | 0.8395     | 0.84636    |   0.2 |  0.00
Modify  | 25886      | 26099      | 26859      | 125.0 | 13.69
Other   |            | 1.515e+04  |            |       |  7.95

Nlocal:    500 ave 544 max 455 min
Histogram: 2 3 1 0 10 3 1 4 3 1
Nghost:    699.857 ave 1039 max 450 min
Histogram: 5 3 3 3 4 2 1 3 3 1
Neighs:    5349.39 ave 7254 max 4131 min
Histogram: 6 4 2 4 3 4 0 1 2 2

Total # of neighbors = 149783
Ave neighs/atom = 10.6988
Ave special neighs/atom = 8.14129
Neighbor list builds = 99910569
Dangerous builds = 0
write_restart final_state_${fName}.restart
write_restart final_state_Run4_final.restart
Total wall time: 52:58:32
