
units           real
boundary p p p
atom_style      full

read_restart final_state_Run5_ext.restart
  restoring atom style full from restart
  orthogonal box = (-420 -420 -420) to (420 420 420)
  2 by 2 by 7 MPI processor grid
  restoring pair style lj/cut from restart
  restoring bond style hybrid from restart
  restoring angle style cosine from restart
  14000 atoms
  15589 bonds
  13600 angles
  3 = max # of 1-2 neighbors
  6 = max # of 1-3 neighbors
  17 = max # of 1-4 neighbors
  56 = max # of special neighbors
  special bonds CPU = 0.297042 secs
  read_restart CPU = 0.481593 secs
mass 1 100
mass 2 100
mass 3 100
mass 4 100

neighbor 1.9 bin
neigh_modify every 1 delay 1 check yes

angle_style  cosine
angle_coeff   *  2  # K (energy unit)

bond_style 		hybrid harmonic harmonic/shift/cut
bond_coeff   1   harmonic 3   10
bond_coeff   2   harmonic 3   10
bond_coeff	3	harmonic/shift/cut 3.60	11.22	12.72

pair_style lj/cut 25
# atom-typ1, atom-typ2, energy-well, sigma (bead-diameter), cut-off (distance)
pair_coeff  * * 0.18 10 25

special_bonds lj  0 1 1 angle yes
  3 = max # of 1-2 neighbors
  6 = max # of 1-3 neighbors
  17 = max # of 1-4 neighbors
  38276 = # of 1-3 neighbors before angle trim
  27200 = # of 1-3 neighbors after angle trim
  56 = max # of special neighbors
  special bonds CPU = 0.00150618 secs

# further equilibriate the system before bond formation takes place
fix fxlan all langevin $T $T 1000 ${seed}
fix fxlan all langevin 310 $T 1000 ${seed}
fix fxlan all langevin 310 310 1000 ${seed}
fix fxlan all langevin 310 310 1000 21920
fix fxnve all nve
timestep 0.1
run 10000
Neighbor list info ...
  update every 1 steps, delay 1 steps, check yes
  max neighbors/atom: 2000, page size: 100000
  master list distance cutoff = 26.9
  ghost atom cutoff = 26.9
  binsize = 13.45, bins = 63 63 63
  1 neighbor lists, perpetual/occasional/extra = 1 0 0
  (1) pair lj/cut, perpetual
      attributes: half, newton on
      pair build: half/bin/newton
      stencil: half/bin/3d/newton
      bin: standard
Per MPI rank memory allocation (min/avg/max) = 1.103 | 7.656 | 16.68 Mbytes
Step Temp E_pair E_mol TotEng Press 
400000000    314.74467   -2972.9603    6623.6324    16784.451  0.081964492 
400010000    312.94828   -2950.5319    6632.0537     16740.34 0.0020485738 
Loop time of 4.63396 on 28 procs for 10000 steps with 14000 atoms

Performance: 18.645 ns/day, 1.287 hours/ns, 2157.983 timesteps/s
99.7% CPU use with 28 MPI tasks x no OpenMP threads

MPI task timing breakdown:
Section |  min time  |  avg time  |  max time  |%varavg| %total
---------------------------------------------------------------
Pair    | 0.00035787 | 0.39479    | 2.2553     | 103.6 |  8.52
Bond    | 0.00052535 | 0.10943    | 0.52086    |  47.2 |  2.36
Neigh   | 0.018837   | 0.019571   | 0.021338   |   0.6 |  0.42
Comm    | 0.0016353  | 1.4187     | 3.195      | 100.5 | 30.62
Output  | 8.2609e-05 | 0.00038606 | 0.00069887 |   0.0 |  0.01
Modify  | 0.00096825 | 0.23923    | 1.1278     |  69.3 |  5.16
Other   |            | 2.452      |            |       | 52.91

Nlocal:    500 ave 2365 max 0 min
Histogram: 16 3 2 1 0 2 0 1 2 1
Nghost:    454.786 ave 1770 max 0 min
Histogram: 13 3 1 5 1 1 0 1 2 1
Neighs:    5350.04 ave 27866 max 0 min
Histogram: 18 2 2 0 1 1 0 2 1 1

Total # of neighbors = 149801
Ave neighs/atom = 10.7001
Ave special neighs/atom = 7.51114
Neighbor list builds = 8
Dangerous builds = 0

unfix fxlan
unfix fxnve
reset_timestep 0

variable t equal step
variable steps equal 500000000
variable dt_thermo equal 1000000
variable dt_movie equal 10000000
variable dt_restart equal 50000000

group rxnSites type 1 3
4000 atoms in group rxnSites

# fix ID group-ID(atom-types) bond/create Nevery itype jtype Rmin bondtype (prob values = fraction seed) (iparam maxbond newType)
fix bondc rxnSites bond/create/random 20 1 3 12.72 3 prob 1 ${seed} iparam 1 1 jparam 1 3
fix bondc rxnSites bond/create/random 20 1 3 12.72 3 prob 1 21920 iparam 1 1 jparam 1 3

# fix ID group-ID bond/break Nevery bondtype Rmax keyword values ...
fix bondbr rxnSites bond/break 20 3 12.72 prob 1 ${seed}
fix bondbr rxnSites bond/break 20 3 12.72 prob 1 21920

variable frmbnd equal f_bondc[2]
variable brkbnd equal f_bondbr[2]
fix saveBond all print ${dt_thermo} "$t ${frmbnd} ${brkbnd}" file BondData_${fName}.dat screen no
fix saveBond all print 1000000 "$t ${frmbnd} ${brkbnd}" file BondData_${fName}.dat screen no
fix saveBond all print 1000000 "$t ${frmbnd} ${brkbnd}" file BondData_Run5_final.dat screen no

thermo_style    custom step epair pe ke ebond eangle temp bonds
thermo          ${dt_thermo}
thermo          1000000
fix saveThermo all print ${dt_thermo} "$t $(temp) $(ke) $(pe) $(epair) $(ebond) $(eangle) $(bonds)" file Thermo_${fName}.dat title "# Steps Temp KinEng PotEng Epair Ebond Eangle Bonds" screen no
fix saveThermo all print 1000000 "$t $(temp) $(ke) $(pe) $(epair) $(ebond) $(eangle) $(bonds)" file Thermo_${fName}.dat title "# Steps Temp KinEng PotEng Epair Ebond Eangle Bonds" screen no
fix saveThermo all print 1000000 "$t $(temp) $(ke) $(pe) $(epair) $(ebond) $(eangle) $(bonds)" file Thermo_Run5_final.dat title "# Steps Temp KinEng PotEng Epair Ebond Eangle Bonds" screen no

############################ Langevin Dynamics ###############################
fix fxlan all langevin $T $T 1000 ${seed}
fix fxlan all langevin 310 $T 1000 ${seed}
fix fxlan all langevin 310 310 1000 ${seed}
fix fxlan all langevin 310 310 1000 21920
fix fxnve all nve

comm_style tiled
fix fxbal all balance 1000 1.1 rcb

timestep 25

dump coor all custom ${dt_movie} traj_${fName}.dump id type mol mass x y z xu yu zu
dump coor all custom 10000000 traj_${fName}.dump id type mol mass x y z xu yu zu
dump coor all custom 10000000 traj_Run5_final.dump id type mol mass x y z xu yu zu

restart ${dt_restart} ${fName}_tp_*.restart
restart 50000000 ${fName}_tp_*.restart
restart 50000000 Run5_final_tp_*.restart
run ${steps}
run 500000000
Neighbor list info ...
  update every 1 steps, delay 1 steps, check yes
  max neighbors/atom: 2000, page size: 100000
  master list distance cutoff = 26.9
  ghost atom cutoff = 26.9
  binsize = 13.45, bins = 63 63 63
  2 neighbor lists, perpetual/occasional/extra = 1 1 0
  (1) pair lj/cut, perpetual
      attributes: half, newton on
      pair build: half/bin/newton
      stencil: half/bin/3d/newton
      bin: standard
  (2) fix bond/create/random, occasional, copy from (1)
      attributes: half, newton on
      pair build: copy
      stencil: none
      bin: none
Per MPI rank memory allocation (min/avg/max) = 17.8 | 18.22 | 19.45 Mbytes
Step E_pair PotEng KinEng E_bond E_angle Temp Bonds 
       0   -2950.5319    3681.5218    13058.818   -1539.7057    8171.7594    312.94828    15589 
 1000000   -3084.0847    3384.8473    12825.375   -1586.2244    8055.1563    307.35393    15571 
 2000000   -3006.3573    3604.0551    12976.759   -1579.0651    8189.4774    310.98176    15582 
 3000000   -2999.4325     3574.913    12904.885   -1592.0253    8166.3709    309.25933    15593 
 4000000   -3017.4548    3517.2338    12924.317   -1593.6431    8128.3318    309.72501    15585 
 5000000   -2990.7106     3565.161    12926.406   -1554.9553    8110.8269    309.77508    15590 
 6000000   -3061.1382    3612.2351    13043.902   -1568.4548    8241.8281    312.59081    15586 
 7000000    -2981.887    3386.6873    12923.295   -1639.1832    8007.7576    309.70053    15595 
 8000000   -3032.0488    3586.6606    12979.938   -1642.8357    8261.5452    311.05794    15585 
 9000000   -3033.5476    3608.6766    12863.126   -1505.5123    8147.7364     308.2586    15572 
10000000   -2958.4562    3563.3044    12818.504   -1616.9054     8138.666    307.18926    15572 
11000000   -2988.0211    3597.6713    13008.065   -1536.2844    8121.9768      311.732    15576 
12000000   -2961.5803    3542.8235    12942.156   -1626.4053    8130.8091    310.15253    15594 
13000000   -3082.0283    3433.4263    12925.263   -1652.2675     8167.722    309.74768    15572 
14000000   -3095.2124    3451.1458    12973.596   -1586.5475    8132.9057    310.90597    15574 
15000000   -2997.9321    3559.2811    12941.992   -1565.6326    8122.8458    310.14859    15584 
16000000   -3068.6856    3653.6294    13085.183   -1592.3905    8314.7055     313.5801    15585 
17000000   -3020.1168    3463.3838    12836.018   -1634.8571    8118.3576    307.60898    15597 
18000000   -2959.4127    3529.5831    12943.297   -1646.6308    8135.6267    310.17987    15578 
19000000   -3001.6235    3459.8284    12888.609    -1650.323    8111.7749    308.86928    15600 
20000000   -3055.2436    3460.2235    13034.497    -1657.184     8172.651    312.36542    15584 
21000000   -3038.4232    3560.1725    12846.925   -1641.7048    8240.3005    307.87036    15583 
22000000   -2925.7607    3694.8502    12914.819   -1551.8371     8172.448    309.49739    15580 
23000000   -2926.6982    3585.8688    13117.876   -1523.3583    8035.9253    314.36357    15574 
24000000   -2956.3638    3733.1223    12920.785   -1511.5339      8201.02    309.64037    15572 
25000000   -2896.5609    3701.6835    12990.195   -1594.1885    8192.4329    311.30376    15587 
26000000   -2901.6058    3587.2275     13077.55   -1633.6069    8122.4402    313.39718    15590 
27000000   -3000.9727    3665.3627    12879.701   -1485.1337    8151.4691    308.65582    15546 
28000000   -3037.7383    3376.3124    13017.646   -1628.3022    8042.3529    311.96161    15577 
29000000   -2984.2062    3622.7003     12958.73   -1512.4457    8119.3522    310.54971    15570 
30000000   -3010.3544    3536.3066    12879.472   -1607.8888    8154.5497    308.65032    15595 
31000000   -2974.1167    3426.2209    12915.132   -1722.6343    8122.9719    309.50489    15602 
32000000   -2929.7682    3627.8372    12837.277   -1581.0103    8138.6158    307.63915    15585 
33000000   -2998.2885    3685.4359    12795.675   -1512.1184    8195.8427    306.64218    15568 
34000000   -3017.1924    3531.5999    13017.631   -1601.5456    8150.3379    311.96124    15582 
35000000   -2990.5816    3655.4689    12952.997   -1533.7844    8179.8349    310.41232    15572 
36000000   -3016.3643    3704.1276    12931.299   -1426.2596    8146.7514    309.89235    15555 
37000000   -2916.7615    3303.7387    13054.283   -1782.4283    8002.9284    312.83959    15606 
38000000    -3014.746    3535.9675    13026.729   -1537.9452    8088.6587    312.17927    15563 
39000000   -2967.9249    3572.6495     12908.07   -1573.4284    8114.0028    309.33566    15566 
40000000   -2992.4917    3666.2995     12761.38   -1560.1823    8218.9735     305.8203    15567 
41000000   -2960.3471    3512.0717    12939.327   -1635.5617    8107.9806    310.08472    15600 
42000000    -3057.931    3574.8731    12979.645   -1612.2134    8245.0175    311.05094    15585 
43000000   -3053.9605    3553.1947    12839.235   -1488.1476    8095.3028    307.68608    15556 
44000000   -3092.1942    3423.1969    13146.589   -1517.9125    8033.3037    315.05166    15585 
45000000   -3054.9954    3495.6193    13030.962   -1513.6969    8064.3116    312.28071    15567 
46000000   -3169.0103     3458.513    12983.264   -1571.8307     8199.354    311.13764    15584 
47000000   -3110.6987    3486.6551    13042.796   -1564.6491    8162.0029    312.56432    15562 
48000000   -2946.6402    3688.7106    12897.454   -1476.2586    8111.6093    309.08125    15585 
49000000   -2990.5209     3717.106     12900.12   -1490.4513    8198.0782    309.14515    15578 
50000000   -3001.3581    3380.4065    13003.557   -1656.5896    8038.3542    311.62397    15602 
51000000   -2950.4509    3598.2242    12925.365   -1592.2426    8140.9177    309.75014    15592 
52000000   -3061.8547    3546.6983     12951.78   -1509.1162    8117.6692    310.38315    15569 
53000000   -2954.1105     3692.458    12936.976   -1509.2019    8155.7704    310.02839    15559 
54000000   -3041.0254    3578.7446    12841.812   -1541.2327    8161.0028    307.74783    15562 
55000000   -3055.6654    3488.3075    12858.879        -1574    8117.9729    308.15682    15577 
56000000   -3031.3148    3408.2236    13021.739   -1594.7958    8034.3343    312.05968    15600 
57000000   -3001.8909     3566.054    13154.097   -1526.6557    8094.6006    315.23159    15573 
58000000   -3114.3647    3462.3724    12950.609    -1562.688    8139.4251     310.3551    15574 
59000000   -2973.0971     3652.246    13125.772   -1441.9304    8067.2734    314.55279    15560 
60000000   -3039.5655    3603.9808    12986.007   -1568.5878    8212.1341     311.2034    15575 
61000000   -2954.3184    3728.6281    12909.689   -1460.4988    8143.4454    309.37447    15575 
62000000    -3020.387     3528.877    12893.163   -1621.7409    8171.0049    308.97843    15588 
63000000   -2939.1491    3621.9255    12786.204   -1579.5616    8140.6362     306.4152    15563 
64000000   -3073.8662    3591.9395    12824.916   -1497.3974     8163.203    307.34292    15568 
65000000   -2982.4341    3513.3034    13109.065   -1595.5492    8091.2866    314.15242    15564 
66000000   -3036.3604    3460.0721    12717.621   -1613.7796    8110.2121    304.77164    15581 
67000000     -3057.08    3526.8946    12876.552   -1558.5756    8142.5502    308.58035    15562 
68000000    -2990.395    3469.9245    12980.986   -1662.0567    8122.3761    311.08306    15591 
69000000   -2933.5413    3681.6508    13025.151   -1578.7675    8193.9596    312.14145    15574 
70000000   -2993.3453    3560.2745    13035.068   -1647.0219    8200.6416    312.37912    15589 
71000000   -3001.2924     3511.763    12802.951   -1586.3781    8099.4335    306.81654    15595 
72000000   -3023.1398    3670.6519    12912.589   -1479.0916    8172.8832    309.44397    15568 
73000000   -3034.1217    3536.5808     13044.64   -1597.0772    8167.7797    312.60851    15581 
74000000   -2941.1738    3522.7984    12985.056   -1660.2527     8124.225    311.18059    15575 
75000000   -3015.2437    3628.5088    13092.428   -1563.5543    8207.3068    313.75371    15572 
76000000   -3005.1597    3539.5194    12962.832   -1553.4119     8098.091    310.64802    15588 
77000000   -3020.3034    3543.3065    12936.671   -1613.4503    8177.0601    310.02108    15566 
78000000   -3077.8654     3554.249    12904.306   -1555.9649    8188.0794    309.24547    15591 
79000000   -2945.4166    3440.3999    12891.008   -1686.4366    8072.2531    308.92678    15598 
80000000   -2885.3094    3614.7437    12914.096   -1567.8381    8067.8911    309.48008    15604 
81000000   -2948.0738    3612.0723    13030.001   -1596.5665    8156.7127    312.25768    15581 
82000000    -2997.226    3579.9372    13029.583   -1594.8334    8171.9966    312.24766    15565 
83000000   -3026.3848    3449.5216    12959.781   -1677.7174    8153.6238     310.5749    15584 
84000000   -3019.9843    3684.7615    13054.726   -1546.7121    8251.4579    312.85021    15588 
85000000   -2892.7462    3702.9898    13032.294   -1494.3534    8090.0894    312.31264    15557 
86000000   -2905.8157    3771.2972    12886.023   -1491.2691    8168.3821    308.80732    15564 
87000000   -2964.9019    3515.5707    12898.997   -1736.2623    8216.7349    309.11823    15592 
88000000   -3011.2516    3569.6359    12905.869   -1609.2101    8190.0976    309.28291    15565 
89000000   -2945.8798    3803.7434    12966.973   -1418.2458     8167.869    310.74725    15577 
90000000   -2942.7245    3740.8912    12922.548   -1524.5982    8208.2139    309.68263    15578 
91000000   -2950.1433    3614.4908    12886.646   -1542.2583    8106.8924    308.82225    15575 
92000000   -2966.2366    3772.4402    12757.786   -1463.1386    8201.8154    305.73418    15573 
93000000   -2957.4005    3601.1493    13007.587   -1535.7681    8094.3179    311.72055    15574 
94000000   -3115.3706    3336.3766    12846.234    -1645.335    8097.0822    307.85379    15590 
95000000   -2997.6719     3586.308    12972.987   -1535.1063    8119.0861    310.89136    15583 
96000000   -3110.0798    3387.5225    12919.804   -1580.8061    8078.4084    309.61687    15582 
97000000   -3022.2758    3410.7671    12866.475   -1537.7791     7970.822    308.33886    15589 
98000000   -3053.0434    3439.8997    13017.085   -1600.9748    8093.9179    311.94815    15578 
99000000   -2971.4499     3575.255    12892.363   -1536.2416    8082.9464    308.95926    15590 
100000000   -2977.8631    3535.4065    12940.213   -1647.1751    8160.4447    310.10596    15584 
101000000   -2933.3465    3602.9892    12987.437   -1521.9658    8058.3015    311.23766    15569 
102000000   -2948.9416    3689.9464    12801.789   -1550.9496    8189.8376    306.78869    15557 
103000000   -2969.7507    3557.5285     12807.02   -1541.3309    8068.6101    306.91405    15569 
104000000   -2988.0637    3553.3935    12873.853   -1596.3554    8137.8126    308.51566    15575 
105000000   -3041.2561    3573.7181    12869.795   -1520.6794    8135.6536    308.41842    15570 
106000000   -3038.0478    3521.9998    12866.826   -1580.3568    8140.4044    308.34726    15574 
107000000   -3052.8443    3377.8173    12879.807   -1607.0724     8037.734    308.65837    15573 
108000000   -2954.6884    3500.1747    12979.196   -1558.0593    8012.9224    311.04016    15573 
109000000   -3037.3198    3485.5002    12848.685   -1623.4003    8146.2203    307.91253    15569 
110000000   -3011.4634    3552.5742    12934.049   -1404.9048    7968.9424    309.95825    15574 
111000000    -3099.162    3428.1854    13083.221    -1474.334    8001.6814    313.53306    15571 
112000000   -2996.0818    3438.1113    13024.967   -1497.8435    7932.0366    312.13704    15575 
113000000    -3037.029    3452.3147    12923.497   -1637.6097    8126.9533    309.70537    15596 
114000000   -2990.1383    3676.7412    13134.903   -1526.4884    8193.3678    314.77161    15571 
115000000   -2981.3544    3529.0867    12891.144   -1503.7755    8014.2166    308.93005    15589 
116000000   -3016.4308    3682.9021    12895.452   -1468.1375    8167.4705    309.03329    15571 
117000000   -3043.5396    3507.5757    12743.134   -1630.4161    8181.5314    305.38305    15582 
118000000   -3032.6393    3438.1053    12801.215   -1648.5789    8119.3235    306.77493    15593 
119000000   -2929.7828    3615.0122    12968.657    -1695.795      8240.59     310.7876    15590 
120000000   -2961.2461    3330.8278    12723.982   -1711.7198    8003.7938    304.92409    15590 
121000000   -2995.0183    3568.6167    12923.598   -1624.9042    8188.5392    309.70778    15582 
122000000   -3064.8442    3443.1628    12949.822   -1614.2113    8122.2182    310.33624    15585 
123000000   -3048.0868    3674.8248    12892.748   -1473.6247    8196.5364    308.96848    15549 
124000000   -3045.2091    3516.8744    13005.231   -1581.7704    8143.8539    311.66407    15581 
125000000   -2998.9834    3585.3337    12891.772   -1562.6341    8146.9512    308.94509    15584 
126000000   -3036.2382    3583.5404    13074.712   -1457.4322    8077.2107    313.32915    15561 
127000000   -2997.9615    3466.3893    12937.464   -1693.1348    8157.4856    310.04009    15589 
128000000   -3025.4428    3662.9678    12965.163   -1507.2792    8195.6898    310.70387    15584 
129000000   -2976.4699    3516.4296     12977.36   -1648.2594    8141.1588    310.99618    15585 
130000000   -3009.1368    3465.2541    12977.161    -1626.787    8101.1779    310.99139    15598 
131000000   -3044.2749    3518.3074    12903.901   -1578.2245    8140.8068    309.23576    15595 
132000000   -2892.4271    3634.3136    13042.576   -1578.9787    8105.7195    312.55903    15578 
133000000   -3037.9465    3640.5062    12936.644     -1522.64    8201.0926    310.02042    15580 
134000000   -3004.3481    3518.1252    12906.558   -1563.1791    8085.6525    309.29943    15587 
135000000    -3050.415     3538.327    12882.587    -1552.254     8140.996    308.72497    15591 
136000000   -2994.9216    3689.9958    12898.078   -1450.9065    8135.8239    309.09622    15570 
137000000   -2960.3424    3596.9381    12914.838   -1596.8296    8154.1101    309.49786    15574 
138000000    -3024.355    3572.4863    12898.184   -1600.8475    8197.6888    309.09876    15576 
139000000   -3039.8071    3479.5979    13107.627   -1644.5142    8163.9192    314.11795    15574 
140000000   -2942.3483    3639.0784    12879.846   -1551.0668    8132.4935    308.65928    15574 
141000000   -3052.0503    3500.8718    12944.016   -1609.4203    8162.3424    310.19709    15590 
142000000   -2968.9326    3431.8593    12931.537   -1689.8403    8090.6322    309.89803    15591 
143000000   -3031.0054    3402.1303      12858.5   -1614.6676    8047.8034    308.14775    15577 
144000000   -2917.1293    3665.2064    12958.419   -1585.7538    8168.0895    310.54226    15580 
145000000   -3049.1743     3633.558    12919.224   -1498.9818    8181.7142    309.60297    15584 
146000000   -2932.7617    3805.2523    13114.134   -1460.9227    8198.9367    314.27389    15569 
147000000   -2961.4856    3669.4401    13020.252   -1671.3756    8302.3014    312.02406    15603 
148000000   -3015.4469      3408.71    12847.592   -1643.6434    8067.8003    307.88633    15595 
149000000   -3084.8233    3410.7311     12933.36   -1544.0221    8039.5765    309.94173    15560 
150000000   -3083.9222      3442.86    12952.469    -1534.201    8060.9831    310.39966    15580 
151000000   -3104.3704    3355.7739    12976.377   -1686.5909    8146.7352     310.9726    15581 
152000000   -3006.3273    3577.9058    12993.006    -1529.072     8113.305    311.37112    15564 
153000000   -2986.0758    3549.0812     12855.75   -1706.3685    8241.5254    308.08184    15596 
154000000   -2995.9358    3634.5911    13022.474   -1534.9938    8165.5207    312.07729    15593 
155000000   -3128.6984    3588.4987    12993.468   -1549.6162    8266.8133    311.38219    15574 
156000000   -3008.7382    3603.9187    12905.126   -1502.7608    8115.4177    309.26512    15559 
157000000   -3066.7039    3489.3535    12852.184   -1614.8578    8170.9153    307.99639    15592 
158000000   -3121.0582    3506.0357     12970.93   -1607.1122    8234.2061    310.84208    15568 
159000000   -2908.5299     3698.478    12960.228   -1537.6841     8144.692    310.58561    15573 
160000000   -3088.2757     3502.603    12903.215   -1581.7712    8172.6499    309.21931    15573 
161000000   -3066.9767    3618.5965    13025.287   -1511.7855    8197.3587    312.14472    15579 
162000000   -3119.3672    3578.2506    12949.491   -1548.1802     8245.798     310.3283    15585 
163000000   -2976.4231    3623.7322    13011.839   -1520.0725    8120.2278    311.82245    15573 
164000000   -3088.5877    3474.8422    12946.245   -1600.2262    8163.6561    310.25051    15580 
165000000   -3100.6056    3527.0013    12891.798   -1485.5135    8113.1204    308.94571    15566 
166000000   -3180.8641     3344.074     12874.14   -1606.7218    8131.6599    308.52254    15578 
167000000   -3117.9315    3359.4209    12995.965   -1556.1895    8033.5419    311.44203    15591 
168000000   -3067.9992    3825.3862    12912.338   -1437.9646    8331.3499    309.43794    15565 
169000000   -3021.3753    3517.3875    12911.888   -1554.8638    8093.6267    309.42717    15595 
170000000    -3056.152    3538.0642     13004.22   -1562.8131    8157.0293    311.63986    15569 
171000000   -3162.7806    3539.0234    12917.857   -1496.3091    8198.1131    309.57021    15576 
172000000   -3088.0145    3720.8199     13029.64   -1451.3718    8260.2062    312.24904    15564 
173000000   -3162.2242     3584.569    12690.447   -1508.5596    8255.3528    304.12042    15573 
174000000   -2956.3776    3607.2285     12990.31   -1545.8383    8109.4444    311.30651    15576 
175000000   -3004.6643    3432.4979    12837.912   -1632.5768     8069.739    307.65436    15581 
176000000   -3086.1106    3573.9736    12654.261   -1483.2685    8143.3528    303.25325    15558 
177000000   -3014.4605    3500.4749    12704.419   -1621.7178    8136.6531    304.45526    15585 
178000000   -2949.9476    3566.3609    13028.658   -1555.1497    8071.4582     312.2255    15594 
179000000   -2981.0398    3600.9053    12913.236   -1548.5952    8130.5403    309.45946    15589 
180000000   -2954.0771    3730.0432    13013.237   -1559.3516    8243.4719    311.85594    15577 
181000000   -2981.7356    3898.1843    12976.292   -1384.2712    8264.1911    310.97058    15545 
182000000   -3009.3407    3519.5674    13137.715   -1604.7184    8133.6264    314.83901    15572 
183000000   -3039.7775    3608.5391    12934.324   -1439.3563    8087.6728    309.96483    15570 
184000000   -2968.7725    3736.7758    12881.858   -1533.2493    8238.7975    308.70751    15584 
185000000   -3051.8141    3523.1972    13003.893     -1617.04    8192.0513    311.63202    15578 
186000000   -3072.9208    3649.7399    12822.134   -1543.8332     8266.494    307.27624    15570 
187000000   -3059.5488    3591.0077    12884.885   -1545.2377    8195.7943    308.78006    15571 
188000000   -3085.0165     3402.736    12802.118   -1569.0043    8056.7569    306.79659    15565 
189000000   -3037.7928    3626.8764    12817.523   -1494.3086    8158.9778    307.16574    15561 
190000000   -3028.2821    3617.7344    13003.765   -1531.7807    8177.7973    311.62895    15559 
191000000   -3022.7955    3455.2452    13016.027   -1535.8372    8013.8779     311.9228    15564 
192000000   -3041.4264    3661.5914    12938.217   -1447.4073    8150.4251    310.05811    15576 
193000000    -3090.013    3471.2842    12977.891   -1473.8461    8035.1433    311.00889    15564 
194000000    -3028.906    3596.7543    13009.484   -1530.4858    8156.1461      311.766    15586 
195000000   -3013.7803    3475.3228    12981.737   -1637.9037    8127.0069    311.10106    15592 
196000000   -3068.5806    3545.5065    12893.999   -1547.2407    8161.3278    308.99845    15576 
197000000   -3000.0836      3545.46    13061.577   -1469.9162    8015.4598    313.01439    15565 
198000000   -3036.8749     3372.433      12893.3   -1583.6257    7992.9337    308.98171    15606 
199000000   -3076.8584    3421.4022    12996.349   -1598.8566    8097.1171    311.45122    15586 
200000000   -2993.3664    3666.1911    12903.198   -1459.4631    8119.0205     309.2189    15560 
201000000   -2975.7658    3630.7691    12704.202   -1548.4167    8154.9517    304.45007    15562 
202000000     -3068.06    3505.4267    12770.509   -1492.6659    8066.1526    306.03908    15568 
203000000   -3059.4085    3367.8347    13075.143   -1675.9782    8103.2215    313.33949    15585 
204000000   -3068.6824    3471.6655    12972.702   -1558.0273    8098.3752    310.88453    15562 
205000000   -3105.9218    3328.1948    12855.323   -1602.4406    8036.5572    308.07161    15583 
206000000   -3026.4378    3515.6274    12854.367   -1560.9201    8102.9852     308.0487    15584 
207000000   -3146.1018     3520.469    12819.952   -1495.0986    8161.6694    307.22396    15590 
208000000   -3000.0987    3661.3768    13147.208   -1558.8611    8220.3366     315.0665    15580 
209000000   -3062.8194    3454.9753    12947.559   -1672.8766    8190.6713    310.28199    15601 
210000000   -3029.6487    3513.7261    13081.488   -1605.0826    8148.4574    313.49155    15581 
211000000   -2870.3459    3626.5462    13047.488   -1579.7437    8076.6358    312.67676    15592 
212000000   -3031.3831    3609.9548    12897.806     -1475.87    8117.2079    309.08969    15581 
213000000   -2993.5353    3512.2941    12864.787   -1639.5976     8145.427    308.29841    15604 
214000000   -2996.4589    3545.6279    12935.048   -1538.0317    8080.1186    309.98219    15587 
215000000   -2996.5788    3393.7472    12961.671   -1686.6676    8076.9936    310.62018    15592 
216000000   -3093.7028    3496.7284    12970.929   -1656.5749    8247.0061    310.84205    15578 
217000000   -3081.8253    3506.9549     12943.61   -1599.4589    8188.2391    310.18735    15579 
218000000    -3078.192    3438.5634    12928.178   -1570.8649    8087.6202    309.81754    15588 
219000000   -2995.2219    3683.2174    12984.946   -1528.1722    8206.6115    311.17796    15577 
220000000   -2996.1896    3595.1457    13012.715   -1615.1076    8206.4429    311.84344    15574 
221000000   -3002.1166    3595.8392    12967.398   -1553.4416    8151.3973    310.75743    15566 
222000000   -3004.0037    3671.3191    12862.281   -1473.3371    8148.6599    308.23837    15585 
223000000    -2925.728    3611.0975     12797.58   -1616.0777    8152.9033    306.68782    15560 
224000000   -2984.6569    3439.4756    12955.759   -1643.2449    8067.3774     310.4785    15600 
225000000   -2987.0648    3705.9201    13062.379   -1492.1232     8185.108    313.03361    15570 
226000000   -2956.8851    3575.0952    12839.827   -1636.6325    8168.6128    307.70025    15594 
227000000   -2942.1364    3643.4477    12925.584   -1611.1691    8196.7533    309.75539    15585 
228000000   -2972.6556    3607.7944    12854.829   -1570.6672    8151.1172    308.05976    15590 
229000000   -2953.6573    3649.2629     13027.87   -1574.3929    8177.3131    312.20661    15575 
230000000     -2927.68    3564.6226    12877.512   -1657.0196    8149.3222    308.60336    15583 
231000000   -3066.0484      3511.13     13025.29   -1576.0211    8153.1996     312.1448    15590 
232000000   -3030.2814    3631.4462    12926.662   -1503.3351    8165.0627    309.78122    15592 
233000000   -3007.4203    3482.4275    12974.046   -1639.1132     8128.961    310.91676    15574 
234000000   -3132.7794    3526.1209    13075.347    -1514.483    8173.3832    313.34438    15562 
235000000   -2972.4995    3570.5867    12725.276   -1513.7029     8056.789     304.9551    15552 
236000000   -3071.2256    3553.2999    12963.106    -1534.549    8159.0745    310.65458    15572 
237000000   -2983.8485     3518.109    12934.575   -1610.7394    8112.6968    309.97085    15579 
238000000   -2991.2947    3533.6995    12812.297   -1647.3768     8172.371     307.0405    15591 
239000000   -2982.7262    3683.7912    12953.432   -1525.1941    8191.7115    310.42273    15575 
240000000   -3030.7064    3537.1276    12669.677   -1683.2074    8251.0413    303.62269    15579 
241000000   -2943.2396    3646.8917    13023.189   -1558.8147    8148.9461    312.09443    15548 
242000000   -3017.0684    3602.7319    12876.381   -1515.8585    8135.6588    308.57626    15563 
243000000   -3114.3561    3526.7855    12860.298   -1497.7792    8138.9207    308.19084    15559 
244000000   -3010.3239    3642.5771    12900.341   -1562.2011    8215.1021    309.15044    15573 
245000000   -3123.5867    3525.6098    12969.775   -1533.8573    8183.0539    310.81439    15560 
246000000   -3081.2377    3551.8061    13022.098   -1491.2845    8124.3283     312.0683    15577 
247000000   -2971.4281    3611.1622    13021.063   -1526.7407     8109.331    312.04349    15564 
248000000   -2994.0425    3581.8606    12951.831   -1567.2046    8143.1077    310.38438    15576 
249000000   -2990.9843    3700.6242    12962.804   -1472.5085     8164.117    310.64734    15579 
250000000   -2975.3638     3690.097    13013.833   -1483.1871    8148.6479    311.87023    15570 
251000000   -2961.8429    3690.6768    12853.838   -1525.0454    8177.5651    308.03602    15573 
252000000   -3014.1483     3494.436    13094.776   -1593.1972    8101.7815    313.80998    15580 
253000000   -2917.9735    3629.6703    13021.691   -1623.3244    8170.9682    312.05855    15587 
254000000   -3035.3317    3384.6918    12937.438   -1676.3522    8096.3757    310.03945    15595 
255000000   -3006.8456    3675.6803    12919.886    -1566.184    8248.7099    309.61883    15581 
256000000   -3119.2301    3407.2011    12868.507   -1658.3814    8184.8126    308.38755    15582 
257000000   -3078.6011    3447.7794    13010.324   -1588.2682    8114.6487    311.78613    15563 
258000000   -3041.3507    3423.7071    12960.083    -1496.707    7961.7648    310.58212    15560 
259000000   -3020.4943    3415.5346    12941.118   -1613.5525    8049.5813    310.12765    15586 
260000000   -3025.4772    3605.3896    13049.744   -1531.2712     8162.138    312.73081    15572 
261000000   -2925.1839    3708.3466    13037.933    -1543.356    8176.8865    312.44777    15591 
262000000   -3025.7454    3585.6303    12830.171   -1574.3063    8185.6821    307.46886    15587 
263000000   -2966.6324     3582.225    13027.346   -1595.4687     8144.326    312.19405    15578 
264000000   -3057.8414    3512.3205    12962.118   -1590.1203    8160.2823     310.6309    15579 
265000000    -3001.739    3557.8919    12945.226   -1545.3613    8104.9922    310.22609    15568 
266000000   -3156.2642    3517.5635    12913.698   -1529.5441    8203.3717    309.47055    15583 
267000000   -3081.2997    3635.0102    12942.117   -1461.3178    8177.6276    310.15157    15560 
268000000   -3068.9672    3671.3288     12980.26   -1444.0386    8184.3345    311.06567    15565 
269000000   -3014.7608    3647.8462    13133.494   -1483.3594    8145.9664    314.73785    15567 
270000000   -2990.7545     3624.861    13043.866   -1470.0254    8085.6409    312.58995    15558 
271000000   -2931.9138    3689.0676    12890.597   -1529.2351    8150.2164    308.91692    15572 
272000000   -2986.3855    3693.2229    12967.561   -1515.5833    8195.1917    310.76134    15589 
273000000   -3062.3772    3574.3261    12917.337   -1517.7167      8154.42    309.55775    15574 
274000000   -2989.2265    3443.8934    12766.537   -1617.8447    8050.9646    305.94389    15594 
275000000   -3039.0472    3585.3553    12813.929   -1516.6398    8141.0423    307.07961    15563 
276000000   -3037.0984    3492.9636    12867.193   -1618.7973    8148.8593    308.35607    15585 
277000000   -3107.7284    3518.0263    12926.631   -1557.8041    8183.5589    309.78047    15581 
278000000   -3098.4399    3612.9062    12890.266   -1469.1994    8180.5455    308.90901    15562 
279000000   -3051.4967    3378.6706    12945.712   -1578.4385    8008.6058    310.23774    15582 
280000000   -3018.4742     3641.335    12843.756   -1477.1726    8136.9819    307.79441    15575 
281000000   -3086.5537    3442.8128    13037.598   -1531.5158    8060.8823    312.43974    15564 
282000000   -3097.2488    3720.8607    12866.196   -1460.0535     8278.163    308.33216    15551 
283000000   -3106.3485    3387.5248    12876.819   -1607.7296    8101.6029    308.58675    15567 
284000000   -2978.5764    3536.2939    12922.434   -1657.7416    8172.6119     309.6799    15583 
285000000   -3079.4048    3561.4005    12884.491    -1525.601    8166.4063    308.77061    15587 
286000000   -3087.6295    3464.2545     12836.23   -1616.2618    8168.1458    307.61405    15570 
287000000   -3059.2107    3582.9266    12966.816   -1548.5606    8190.6979    310.74349    15562 
288000000   -3021.3078    3517.8536     12857.37   -1571.2357    8110.3971    308.12068    15564 
289000000   -2944.2414    3652.9071    12890.655   -1436.9024    8034.0509    308.91832    15557 
290000000   -3058.9835    3562.3299    12903.415   -1507.0607     8128.374     309.2241    15584 
291000000   -3041.4096    3446.8937    12939.116   -1624.9927     8113.296    310.07967    15589 
292000000   -3107.6474    3590.7373    12934.263   -1427.0107    8125.3954    309.96336    15556 
293000000   -3090.3386    3459.1772    12965.536    -1557.245    8106.7608    310.71281    15564 
294000000   -3031.8341    3505.2365    13066.136    -1561.839    8098.9096    313.12363    15561 
295000000   -3013.5415    3376.2245    13055.674   -1682.8176    8072.5836    312.87292    15579 
296000000   -3007.1423    3628.6867    12869.296   -1518.9821     8154.811    308.40646    15583 
297000000   -3098.9375    3486.4613    13001.789   -1569.4635    8154.8622    311.58161    15568 
298000000     -2992.38    3576.6078    12904.734   -1602.9716    8171.9595    309.25571    15570 
299000000   -3041.7715    3664.9999    12926.981   -1510.0633    8216.8347    309.78885    15578 
300000000   -3128.3689    3428.4557     12902.32   -1544.9966    8101.8212    309.19786    15595 
301000000    -3100.895    3359.1374    12807.435   -1660.0249    8120.0572    306.92401    15578 
302000000   -2995.8524    3549.6033    12864.945   -1624.2777    8169.7333     308.3022    15587 
303000000   -3120.7179    3545.1379    12791.556   -1529.5527    8195.4085    306.54345    15563 
304000000   -2981.3145    3488.5315    12978.214   -1596.8384    8066.6845    311.01664    15572 
305000000   -3037.1298    3510.3618    12942.537   -1629.7645     8177.256    310.16164    15582 
306000000   -2987.7436    3438.0332    12929.834   -1619.4044    8045.1811    309.85723    15599 
307000000   -2931.9052    3583.1802    12840.998   -1628.0929    8143.1783    307.72833    15577 
308000000   -2991.1278    3521.8415    12964.019   -1605.6352    8118.6046    310.67646    15584 
309000000   -3017.3178    3595.9768    12839.888   -1511.7235    8125.0181    307.70173    15587 
310000000   -3100.8419    3426.0916    12894.744   -1597.1403    8124.0738    309.01631    15587 
311000000   -3000.4095     3460.644    12953.406   -1623.6864    8084.7399    310.42213    15567 
312000000   -2986.4652    3551.1193    12965.299   -1628.5542    8166.1387    310.70714    15587 
313000000   -3137.0166    3409.1659    12912.563   -1594.1091    8140.2917    309.44333    15599 
314000000   -3072.3691    3384.7318    12741.427   -1665.5784    8122.6793    305.34215    15581 
315000000   -3050.0169     3358.164    13002.698   -1636.6158    8044.7967    311.60338    15592 
316000000   -2982.5744    3294.0649    12830.038   -1711.1284    7987.7677    307.46566    15592 
317000000   -2963.9565    3649.9508    12824.348   -1522.5733    8136.4806    307.32932    15577 
318000000   -2919.3601    3603.5338    13105.584   -1569.3085    8092.2024      314.069    15595 
319000000   -2969.3557    3592.8852    12797.365   -1602.3849    8164.6258    306.68267    15575 
320000000     -3011.01    3622.6233    12836.821   -1539.7655    8173.3987    307.62821    15560 
321000000   -3016.8775    3505.4914    13171.422   -1628.6357    8151.0045    315.64677    15579 
322000000   -2927.8363    3618.9615    12904.257   -1500.9984    8047.7962     309.2443    15582 
323000000   -3058.1804    3512.9134    12901.819    -1472.797    8043.8908    309.18587    15560 
324000000   -3073.8541     3511.375    12939.447   -1560.9591    8146.1883    310.08761    15574 
325000000   -3043.5454    3580.3587    12960.458   -1483.5728    8107.4769    310.59112    15563 
326000000   -2979.9346    3629.9423     12970.18   -1450.2845    8060.1615     310.8241    15531 
327000000   -3066.3429    3318.7542    12885.961   -1642.4603    8027.5575    308.80584    15571 
328000000   -3050.0543    3604.9755    12887.155   -1543.2741     8198.304    308.83445    15565 
329000000   -2976.4775    3567.6692    12981.989   -1592.9238    8137.0705    311.10711    15566 
330000000   -3065.6644    3614.3066    12973.733   -1455.6491    8135.6201    310.90925    15560 
331000000   -2940.4303    3648.7584    12887.511   -1539.7248    8128.9135    308.84299    15577 
332000000    -2945.585    3396.8257    12841.313   -1708.7443     8051.155    307.73587    15591 
333000000    -3025.985    3516.4894    12909.045   -1607.8511    8150.3255    309.35902    15577 
334000000   -2979.1714    3360.9625    12903.029    -1662.153    8002.2868    309.21485    15596 
335000000   -2926.0617    3542.4189    12833.406   -1575.3031    8043.7837    307.54638    15569 
336000000   -2889.3531    3589.5682    12810.985   -1593.4687      8072.39    307.00907    15590 
337000000   -3063.5769    3404.5515    13066.605   -1616.5226    8084.6511    313.13487    15582 
338000000   -2884.9126    3822.2019    12905.806   -1553.3736    8260.4881    309.28141    15564 
339000000   -2947.1198    3521.5051    13049.712   -1580.2341     8048.859    312.73004    15568 
340000000   -2916.3448    3800.0676    12956.303   -1496.9691    8213.3815    310.49156    15571 
341000000   -2994.3159    3483.3912    12808.611   -1603.7527    8081.4598    306.95218    15587 
342000000    -3070.948    3633.5584    12949.907   -1497.8367    8202.3431    310.33828    15583 
343000000    -3128.346     3373.909     13010.97   -1576.6877    8078.9428    311.80161    15590 
344000000   -2934.8824    3569.6759    12979.234   -1676.1319    8180.6902    311.04107    15565 
345000000   -3115.9761    3507.5414    12932.022   -1581.3092    8204.8267    309.90965    15580 
346000000   -2975.2197    3656.0644    12941.665   -1454.6006    8085.8846    310.14076    15567 
347000000   -2955.7556    3751.9105     12910.62   -1488.9763    8196.6425    309.39678    15571 
348000000   -3003.0652    3522.3154    13094.302   -1505.2089    8030.5895    313.79863    15559 
349000000   -3031.1739    3510.2211    12949.418   -1539.5036    8080.8985    310.32656    15568 
350000000   -3045.6317    3690.2558    12825.597   -1596.3711    8332.2585    307.35924    15565 
351000000   -3058.8755     3612.275    12975.357   -1519.2457    8190.3961    310.94816    15573 
352000000   -2967.7712    3546.4583    13062.962   -1584.3105      8098.54    313.04757    15573 
353000000   -3064.9782    3643.2362     13007.94    -1419.411    8127.6254    311.72901    15551 
354000000   -2916.0789    3722.2564    12942.704   -1521.9503    8160.2856    310.16566    15583 
355000000   -2961.0888    3643.1158    12809.103   -1614.4419    8218.6465    306.96398    15598 
356000000   -2841.9645    3592.0975    12944.882   -1610.8254    8044.8874    310.21784    15593 
357000000   -2915.6582    3809.7892    12879.219   -1489.6752    8215.1226    308.64428    15571 
358000000   -2914.1155    3766.7281    12905.857   -1580.8336    8261.6772    309.28263    15582 
359000000   -2807.6632    3881.6851    12918.947   -1585.5511    8274.8995    309.59632    15570 
360000000   -2926.1635    3568.4114    12733.128   -1575.8747    8070.4496    305.14326    15579 
361000000   -2928.4116    3586.3231    12912.841   -1572.7903     8087.525       309.45    15563 
362000000   -2925.4443    3790.5675    12869.496   -1442.2063     8158.218    308.41127    15568 
363000000   -3005.8812    3850.4245     12841.62   -1458.0995    8314.4052    307.74323    15574 
364000000   -2990.5207    3499.8432    12888.198   -1577.5848    8067.9487    308.85943    15569 
365000000   -2805.3196    3639.1692    12955.064   -1608.7698    8053.2586    310.46186    15588 
366000000   -2916.7527    3830.7926     12931.75   -1511.1644    8258.7097    309.90314    15562 
367000000    -3043.858    3599.9581     12954.66   -1501.7193    8145.5354    310.45218    15583 
368000000   -2908.7753    3696.2819    12946.706   -1529.6524    8134.7095    310.26155    15581 
369000000   -2972.7576    3595.4101    12984.258   -1578.3444    8146.5121    311.16148    15583 
370000000   -2982.2298    3679.3363    12911.376   -1528.1064    8189.6725    309.41488    15567 
371000000   -3064.6748    3550.7392    12823.111   -1638.9471     8254.361    307.29968    15583 
372000000   -2968.6836    3713.8239     12996.43   -1493.3019    8175.8095    311.45317    15569 
373000000   -2950.6019    3737.4803    12896.489   -1459.5578      8147.64    309.05814    15572 
374000000   -2989.5781    3509.9773    13009.695   -1685.0761    8184.6314    311.77107    15578 
375000000   -3013.5173    3582.6734    12836.901   -1622.1568    8218.3474    307.63013    15593 
376000000   -2962.7403    3634.0117    12886.606   -1538.6226    8135.3746     308.8213    15586 
377000000   -2958.8436    3496.3131    12820.085   -1609.2083    8064.3651    307.22715    15581 
378000000   -3054.5254    3326.2813    12863.111   -1662.2103     8043.017    308.25825    15593 
379000000   -3004.4479    3709.3023    12744.601   -1498.4638     8212.214    305.41821    15556 
380000000   -3089.7521     3310.994    12807.934   -1683.0709     8083.817    306.93595    15610 
381000000   -3075.9815    3526.7046    12870.347    -1501.706    8104.3921    308.43165    15567 
382000000   -3003.4046    3497.3568    13002.715    -1593.146    8093.9074    311.60379    15574 
383000000    -3060.071    3622.1094     12931.86   -1482.5294    8164.7098    309.90578    15573 
384000000   -3022.9527    3474.9677    12813.773   -1567.8072    8065.7275    307.07589    15575 
385000000   -3057.8121    3554.4803    12889.862   -1495.7039    8107.9963    308.89933    15568 
386000000   -3021.8916     3572.361    13093.338   -1513.0252    8107.2777    313.77552    15567 
387000000   -3043.4133     3754.515    12915.258    -1451.905    8249.8333    309.50793    15553 
388000000   -3022.3363    3629.8756    12873.879   -1478.8991     8131.111    308.51629    15547 
389000000   -3006.5834    3605.7561    12877.026     -1480.38    8092.7194    308.59172    15560 
390000000    -3018.417     3481.457    12959.418   -1628.8909    8128.7649     310.5662    15581 
391000000   -2987.9653    3705.3461    12983.606   -1493.8276    8187.1391    311.14585    15576 
392000000    -2920.224    3539.8012    13019.421   -1653.5127     8113.538    312.00413    15584 
393000000   -2951.7584    3636.5905     12790.29   -1555.4114    8143.7603    306.51312    15594 
394000000   -2926.2489    3575.3245     12864.11   -1568.3275     8069.901     308.2822    15574 
395000000   -3062.1654    3614.9183    13052.193   -1493.8774    8170.9612    312.78949    15564 
396000000   -3061.9514    3549.4028    12984.736   -1591.1745    8202.5287    311.17292    15577 
397000000   -3022.1415    3545.7442    12918.913   -1554.8601    8122.7458    309.59552    15556 
398000000   -2939.5555    3669.7227    13020.952   -1585.4966    8194.7749    312.04082    15558 
399000000   -3011.4189    3474.8195     12876.45   -1574.7436     8060.982     308.5779    15571 
400000000   -2983.5061    3628.5064    13138.712   -1506.6763    8118.6889    314.86288    15562 
401000000   -2849.8577    3755.9503    13162.695   -1617.0473    8222.8553    315.43763    15576 
402000000   -2928.7877    3550.3876    12952.872   -1633.7871    8112.9624    310.40932    15588 
403000000   -2967.9067    3618.1426    12945.903   -1574.7348    8160.7841    310.24232    15591 
404000000    -2931.865    3757.8509    12916.904   -1539.0089    8228.7248    309.54738    15592 
405000000   -2950.5642    3714.3177    13026.257   -1564.5713    8229.4533    312.16797    15562 
406000000   -2960.6752    3572.1078    12870.939   -1583.9814    8116.7644    308.44584    15585 
407000000   -2870.1352    3597.5842    13092.591   -1628.7724    8096.4918    313.75762    15588 
408000000   -2986.7757    3672.2356    12961.234   -1557.4056    8216.4168    310.60971    15562 
409000000   -2914.2107    3615.7457    13003.967   -1687.2738    8217.2302    311.63379    15582 
410000000   -3016.2587    3516.1238    13065.913   -1602.8938    8135.2762     313.1183    15555 
411000000   -2923.5909     3835.416     12998.76   -1452.2287    8211.2357    311.50901    15568 
412000000   -3028.0282     3731.211    12829.479   -1441.6196    8200.8588    307.45227    15569 
413000000   -3083.1885    3481.5545    12953.351   -1551.5559    8116.2989    310.42081    15575 
414000000   -3039.5676    3557.6267    13013.929   -1558.3292    8155.5235    311.87252    15572 
415000000    -3117.328    3513.8191    12754.798    -1638.591     8269.738    305.66257    15588 
416000000    -2979.313    3623.0812    12929.155   -1558.6647    8161.0589    309.84096    15568 
417000000   -2946.6063    3580.2908    12991.358   -1647.7819     8174.679    311.33163    15587 
418000000   -2888.3571     3639.494    12741.351   -1658.3989    8186.2501    305.34032    15600 
419000000   -3057.7782    3577.0955    12904.924   -1612.9793     8247.853    309.26027    15569 
420000000   -2882.9184    3678.1856    12897.803   -1621.2607    8182.3646    309.08963    15598 
421000000   -2950.6467    3667.3723    12971.731   -1585.9673    8203.9864    310.86127    15576 
422000000     -2993.45    3637.7628    12812.391   -1504.9297    8136.1425    307.04276    15576 
423000000   -2968.7347    3788.3223    13056.212    -1506.212     8263.269    312.88581    15562 
424000000    -2981.069    3670.8758    12995.766   -1581.6675    8233.6123    311.43725    15577 
425000000   -3040.1107    3671.4528    13083.529   -1461.6946    8173.2581    313.54047    15564 
426000000   -3014.3822    3588.8278    12762.141   -1530.4097    8133.6197    305.83854    15580 
427000000   -2983.8306    3549.4121    13068.843   -1585.6882    8118.9309     313.1885    15568 
428000000   -3030.9768    3611.8371     12973.23   -1524.1655    8166.9795    310.89719    15559 
429000000   -2976.3987    3563.9034     12807.21   -1489.4785    8029.7806     306.9186    15566 
430000000   -3043.0844    3453.9927    12955.963   -1629.5948    8126.6719    310.48341    15595 
431000000   -2966.0596    3648.5043    13054.339   -1504.7917    8119.3557    312.84094    15574 
432000000   -3045.3969    3497.0062    12980.625   -1643.9932    8186.3964     311.0744    15585 
433000000   -2965.2467    3563.3586    13074.545   -1616.9535    8145.5588    313.32516    15585 
434000000   -2994.9066    3616.6984    12837.826   -1628.3363    8239.9413     307.6523    15592 
435000000    -3006.093    3684.3293    12904.434    -1564.215    8254.6373    309.24852    15592 
436000000   -2961.3837    3461.8126    12982.344   -1677.4971    8100.6933    311.11562    15606 
437000000   -2949.9466    3550.5933    13098.237   -1602.5567    8103.0966    313.89292    15586 
438000000   -2907.9642    3586.5582    12772.722   -1617.8969    8112.4193    306.09211    15597 
439000000   -2968.1279    3440.3626    12663.544   -1676.9633    8085.4538    303.47571    15586 
440000000    -2963.287     3740.724    12719.311   -1436.8905    8140.9015    304.81214    15583 
441000000   -2932.9135    3704.3055    12993.263   -1563.0905    8200.3096    311.37727    15574 
442000000   -2953.7096    3629.3192    12989.301   -1613.7352    8196.7641    311.28233    15585 
443000000   -2989.6314    3533.0675    13036.329   -1582.4991    8105.1979    312.40934    15570 
444000000   -2962.2444    3650.3689    12794.127   -1552.9385    8165.5518    306.60508    15579 
445000000   -2957.8299    3665.2571    12926.427   -1586.8281    8209.9151    309.77558    15567 
446000000   -2957.5263    3652.5214    12917.283   -1460.4152    8070.4629    309.55645    15574 
447000000   -2934.2429    3656.5758    12884.143   -1512.2915    8103.1103    308.76226    15564 
448000000   -2884.6119    3744.0424    12948.002   -1472.0741    8100.7284    310.29262    15569 
449000000   -2966.4006    3487.4637    13090.907   -1611.4017    8065.2661    313.71728    15592 
450000000   -2952.4274    3656.7674    12866.119   -1527.9248    8137.1196    308.33033    15588 
451000000   -2954.6238      3614.91    12952.966    -1590.453    8159.9868    310.41157    15572 
452000000   -2954.0176     3575.694    12919.434   -1593.2114     8122.923      309.608    15579 
453000000   -2878.2864    3577.9781    12729.149   -1610.3235     8066.588    305.04791    15578 
454000000   -2941.0739    3699.1829    13076.105   -1527.9272    8168.1841    313.36253    15589 
455000000   -2988.9435    3321.6215    13037.173   -1738.5266    8049.0916    312.42956    15602 
456000000   -2949.8622     3407.142    12994.737   -1704.6814    8061.6857     311.4126    15580 
457000000   -3048.8069    3578.4106    12822.704   -1543.6523    8170.8698    307.28991    15568 
458000000   -3040.9852    3399.7939    12991.566   -1649.7991    8090.5782    311.33661    15593 
459000000   -3022.4021    3494.9625    12912.899   -1588.9062    8106.2708     309.4514    15581 
460000000   -3102.4539     3171.948    12895.215   -1781.3592    8055.7611    309.02761    15598 
461000000   -3117.6811    3422.7453    12994.093   -1610.0882    8150.5145    311.39718    15575 
462000000   -3141.4765    3247.3322    12878.678   -1661.6415    8050.4502    308.63131    15591 
463000000   -3151.7962     3386.782     12599.05   -1628.8323    8167.4105    301.93016    15589 
464000000   -3050.9234    3408.9945    12925.423   -1589.6188    8049.5366    309.75152    15573 
465000000   -3085.8057    3611.2387    12977.317   -1525.3561    8222.4005    310.99513    15562 
466000000   -3036.4147    3287.0118    12883.579   -1646.9892    7970.4158    308.74875    15593 
467000000   -2964.1166    3639.7094    12917.129   -1563.5884    8167.4144    309.55276    15582 
468000000   -3107.4047      3552.39    12900.334   -1544.5526    8204.3473    309.15029    15550 
469000000   -3119.5007    3465.4908    12934.965   -1516.4413    8101.4328    309.98019    15562 
470000000   -3073.6483    3548.3417    13009.104   -1503.8861    8125.8762    311.75689    15579 
471000000   -3080.2625     3619.745    12740.631   -1596.0457    8296.0532    305.32308    15584 
472000000   -2910.1735    3568.8064    13105.437   -1548.0957    8027.0757    314.06547    15579 
473000000   -3051.3085    3601.4333     12889.83    -1578.226    8230.9679    308.89856    15587 
474000000   -2988.1814     3603.804    13031.413   -1547.8395     8139.825    312.29152    15579 
475000000   -3142.9156     3335.444     12805.62   -1685.4771    8163.8367     306.8805    15590 
476000000   -2901.7635    3553.3068    12936.515   -1615.8388    8070.9091    310.01733    15593 
477000000   -3007.6789    3458.9221    12859.636   -1618.5488    8085.1498    308.17498    15589 
478000000   -3018.0429    3494.7942    12914.592   -1589.9253    8102.7623    309.49196    15588 
479000000   -2945.6516    3622.0271    12823.913   -1529.2424    8096.9211    307.31888    15590 
480000000   -2978.2152    3629.2037    12915.132   -1536.7956    8144.2145    309.50491    15567 
481000000   -3083.3447    3480.4959     13018.08   -1515.5959    8079.4364    311.97201    15571 
482000000   -3056.2237    3434.7759    12981.474   -1541.6287    8032.6283    311.09475    15563 
483000000   -3057.7907    3647.0765    12981.259   -1536.4885    8241.3557    311.08961    15582 
484000000   -3022.7561    3581.1498      12827.9    -1603.666     8207.572    307.41443    15585 
485000000   -2971.9264    3640.5936    12947.612   -1536.3688    8148.8888    310.28327    15566 
486000000   -2946.7453    3688.1775    12856.375   -1575.0132    8209.9361    308.09683    15575 
487000000   -3090.9052     3439.099     12855.01   -1655.4198     8185.424    308.06411    15581 
488000000   -3096.5326    3593.1897    13016.706   -1517.9871    8207.7094    311.93907    15577 
489000000   -3095.4785    3344.1851    12827.039   -1641.9092    8081.5728    307.39379    15599 
490000000   -2919.6703    3592.4256    12878.415   -1591.0408    8103.1367    308.62499    15581 
491000000   -3021.6702    3508.5433     12897.45   -1667.9286    8198.1421    309.08117    15609 
492000000    -2871.456    3639.5419    12889.194   -1519.4765    8030.4743     308.8833    15562 
493000000   -2850.6702    3693.7267    12901.983   -1540.9368    8085.3338    309.18978    15594 
494000000   -2970.1511    3657.5346    12994.782   -1516.7358    8144.4215    311.41368    15578 
495000000   -2969.3316    3671.2591    13018.216   -1478.6628    8119.2534    311.97526    15571 
496000000   -2993.2142    3643.1201    12891.739   -1541.4499    8177.7842     308.9443    15578 
497000000    -3065.636    3572.9783    13035.494   -1495.9621    8134.5763    312.38932    15574 
498000000   -3054.7832    3503.3333    12895.662   -1587.3212    8145.4378    309.03831    15581 
499000000   -3008.9197    3680.6904    12832.851   -1508.5218    8198.1319    307.53308    15575 
500000000   -3022.8531    3693.2373    12983.713     -1396.85    8112.9404    311.14842    15571 
Loop time of 177160 on 28 procs for 500000000 steps with 14000 atoms

Performance: 6096.200 ns/day, 0.004 hours/ns, 2822.315 timesteps/s
99.6% CPU use with 28 MPI tasks x no OpenMP threads

MPI task timing breakdown:
Section |  min time  |  avg time  |  max time  |%varavg| %total
---------------------------------------------------------------
Pair    | 18457      | 23615      | 27560      |1451.9 | 13.33
Bond    | 5898.2     | 8038.3     | 11957      |3061.3 |  4.54
Neigh   | 58370      | 59046      | 59969      | 169.9 | 33.33
Comm    | 40294      | 49155      | 57126      |2148.4 | 27.75
Output  | 0.82254    | 0.82404    | 0.8256     |   0.1 |  0.00
Modify  | 24101      | 24198      | 24336      |  39.7 | 13.66
Other   |            | 1.311e+04  |            |       |  7.40

Nlocal:    500 ave 528 max 476 min
Histogram: 1 4 2 1 9 4 3 2 1 1
Nghost:    770.214 ave 1032 max 431 min
Histogram: 1 0 4 4 1 7 0 5 1 5
Neighs:    5438.96 ave 7375 max 3799 min
Histogram: 2 3 4 3 4 4 3 3 1 1

Total # of neighbors = 152291
Ave neighs/atom = 10.8779
Ave special neighs/atom = 8.16786
Neighbor list builds = 99910367
Dangerous builds = 0
write_restart final_state_${fName}.restart
write_restart final_state_Run5_final.restart
Total wall time: 49:12:46
