
units real
boundary p p p
atom_style full

neighbor 1.9 bin
neigh_modify every 1 delay 1 check yes

read_data b70_N200_L400.data extra/special/per/atom 50
  orthogonal box = (-420 -420 -420) to (420 420 420)
  2 by 2 by 7 MPI processor grid
  reading atoms ...
  14000 atoms
  scanning bonds ...
  51 = max bonds/atom
  scanning angles ...
  1 = max angles/atom
  reading bonds ...
  13800 bonds
  reading angles ...
  13600 angles
  2 = max # of 1-2 neighbors
  2 = max # of 1-3 neighbors
  4 = max # of 1-4 neighbors
  56 = max # of special neighbors
  special bonds CPU = 0.638445 secs
  read_data CPU = 0.721172 secs

angle_style cosine
angle_coeff * 2 # K (energy unit)

bond_style hybrid harmonic harmonic/shift/cut
bond_coeff 1 harmonic 3 10
bond_coeff 2 harmonic 3 10
bond_coeff 3 harmonic/shift/cut 3.60 11.22 12.72

pair_style lj/cut 25
# atom-typ1, atom-typ2, energy-well, sigma (bead-diameter), cut-off (distance)
pair_coeff * * 0.01 10 25
pair_coeff 2 2 0.18 10 25
pair_coeff 4 4 0.18 10 25

special_bonds lj 1 1 1 angle no
  2 = max # of 1-2 neighbors
  2 = max # of 1-3 neighbors
  4 = max # of 1-4 neighbors
  56 = max # of special neighbors
  special bonds CPU = 0.000523385 secs

minimize 1.0e-4 1.0e-6 100000 100000 # force_tol, energy_tol, maxiter, maxeval
WARNING: Using 'neigh_modify every 1 delay 0 check yes' setting during minimization (../min.cpp:168)
Neighbor list info ...
  update every 1 steps, delay 0 steps, check yes
  max neighbors/atom: 2000, page size: 100000
  master list distance cutoff = 26.9
  ghost atom cutoff = 26.9
  binsize = 13.45, bins = 63 63 63
  1 neighbor lists, perpetual/occasional/extra = 1 0 0
  (1) pair lj/cut, perpetual
      attributes: half, newton on
      pair build: half/bin/newton
      stencil: half/bin/3d/newton
      bin: standard
Per MPI rank memory allocation (min/avg/max) = 1.164 | 13.81 | 17.68 Mbytes
Step Temp E_pair E_mol TotEng Press 
       0            0 1.097855e+12      2649600 1.0978577e+12 5.0804878e+08 
    3165            0    -1749.261     5102.442     3353.181 0.0087270459 
Loop time of 0.851422 on 28 procs for 3165 steps with 14000 atoms

99.6% CPU use with 28 MPI tasks x no OpenMP threads

Minimization stats:
  Stopping criterion = energy tolerance
  Energy initial, next-to-last, final = 
     1.09785765867e+12      3353.38932291      3353.18099319
  Force two-norm initial, final = 8.92234e+10 1.58028
  Force max component initial, final = 1.04805e+09 0.193454
  Final line search alpha, max atom move = 0.612771 0.118543
  Iterations, force evaluations = 3165 3624

MPI task timing breakdown:
Section |  min time  |  avg time  |  max time  |%varavg| %total
---------------------------------------------------------------
Pair    | 0.051436   | 0.17155    | 0.29829    |  16.9 | 20.15
Bond    | 0.015309   | 0.04631    | 0.076049   |   7.3 |  5.44
Neigh   | 0.09597    | 0.098125   | 0.10043    |   0.4 | 11.52
Comm    | 0.1035     | 0.25002    | 0.40665    |  16.5 | 29.37
Output  | 0          | 0          | 0          |   0.0 |  0.00
Modify  | 0          | 0          | 0          |   0.0 |  0.00
Other   |            | 0.2854     |            |       | 33.52

Nlocal:    500 ave 826 max 174 min
Histogram: 1 3 4 4 2 2 8 1 1 2
Nghost:    338.893 ave 565 max 156 min
Histogram: 3 3 2 1 6 7 2 2 1 1
Neighs:    3508.14 ave 5788 max 1093 min
Histogram: 1 4 2 5 2 1 6 2 0 5

Total # of neighbors = 98228
Ave neighs/atom = 7.01629
Ave special neighs/atom = 5.82857
Neighbor list builds = 221
Dangerous builds = 0

# further equilibriate the system before bond formation takes place
fix fxlan all langevin $T $T 1000 ${seed}
fix fxlan all langevin 310 $T 1000 ${seed}
fix fxlan all langevin 310 310 1000 ${seed}
fix fxlan all langevin 310 310 1000 35398
fix fxnve all nve
timestep 0.1
run 10000
Per MPI rank memory allocation (min/avg/max) = 1.128 | 14 | 16.55 Mbytes
Step Temp E_pair E_mol TotEng Press 
    3165            0    -1749.261     5102.442     3353.181 0.0087270459 
   13165    223.95537   -1394.1032    8904.1763    16855.363   -1.7261292 
Loop time of 1.34155 on 28 procs for 10000 steps with 14000 atoms

Performance: 64.403 ns/day, 0.373 hours/ns, 7454.044 timesteps/s
99.6% CPU use with 28 MPI tasks x no OpenMP threads

MPI task timing breakdown:
Section |  min time  |  avg time  |  max time  |%varavg| %total
---------------------------------------------------------------
Pair    | 0.055353   | 0.18718    | 0.34614    |  19.1 | 13.95
Bond    | 0.037099   | 0.10753    | 0.17689    |  11.1 |  8.02
Neigh   | 0.0021379  | 0.0022294  | 0.0023258  |   0.1 |  0.17
Comm    | 0.27516    | 0.49051    | 0.67626    |  15.9 | 36.56
Output  | 6.7977e-05 | 9.3252e-05 | 0.00012075 |   0.0 |  0.01
Modify  | 0.088274   | 0.25078    | 0.41476    |  16.8 | 18.69
Other   |            | 0.3032     |            |       | 22.60

Nlocal:    500 ave 830 max 176 min
Histogram: 2 2 4 4 2 2 8 1 1 2
Nghost:    338.286 ave 570 max 158 min
Histogram: 3 3 2 1 7 6 2 2 1 1
Neighs:    3523.86 ave 5840 max 1123 min
Histogram: 3 2 2 5 2 1 6 2 0 5

Total # of neighbors = 98668
Ave neighs/atom = 7.04771
Ave special neighs/atom = 5.82857
Neighbor list builds = 5
Dangerous builds = 0

unfix fxlan
unfix fxnve
reset_timestep 0

variable t equal step
variable steps equal 500000000
variable dt_thermo equal 1000000
variable dt_movie equal 10000000
variable dt_restart equal 50000000

group rxnSites type 1 3
4000 atoms in group rxnSites

# fix ID group-ID(atom-types) bond/create Nevery itype jtype Rmin bondtype (prob values = fraction seed) (iparam maxbond newType)
fix bondc rxnSites bond/create/random 20 1 3 12.72 3 prob 1 ${seed} iparam 1 1 jparam 1 3
fix bondc rxnSites bond/create/random 20 1 3 12.72 3 prob 1 35398 iparam 1 1 jparam 1 3

# fix ID group-ID bond/break Nevery bondtype Rmax keyword values ...
fix bondbr rxnSites bond/break 20 3 12.72 prob 1 ${seed}
fix bondbr rxnSites bond/break 20 3 12.72 prob 1 35398

variable frmbnd equal f_bondc[2]
variable brkbnd equal f_bondbr[2]
fix saveBond all print ${dt_thermo} "$t ${frmbnd} ${brkbnd}" file BondData_${fName}.dat screen no
fix saveBond all print 1000000 "$t ${frmbnd} ${brkbnd}" file BondData_${fName}.dat screen no
fix saveBond all print 1000000 "$t ${frmbnd} ${brkbnd}" file BondData_Run5.dat screen no

thermo_style custom step epair pe ke ebond eangle temp bonds
thermo ${dt_thermo}
thermo 1000000
fix saveThermo all print ${dt_thermo} "$t $(temp) $(ke) $(pe) $(epair) $(ebond) $(eangle) $(bonds)" file Thermo_${fName}.dat title "# Steps Temp KinEng PotEng Epair Ebond Eangle Bonds" screen no
fix saveThermo all print 1000000 "$t $(temp) $(ke) $(pe) $(epair) $(ebond) $(eangle) $(bonds)" file Thermo_${fName}.dat title "# Steps Temp KinEng PotEng Epair Ebond Eangle Bonds" screen no
fix saveThermo all print 1000000 "$t $(temp) $(ke) $(pe) $(epair) $(ebond) $(eangle) $(bonds)" file Thermo_Run5.dat title "# Steps Temp KinEng PotEng Epair Ebond Eangle Bonds" screen no

############################ Langevin Dynamics ###############################
fix fxlan all langevin $T $T 1000 ${seed}
fix fxlan all langevin 310 $T 1000 ${seed}
fix fxlan all langevin 310 310 1000 ${seed}
fix fxlan all langevin 310 310 1000 35398
fix fxnve all nve

comm_style tiled
fix fxbal all balance 1000 1.1 rcb

timestep 25

dump coor all custom ${dt_movie} traj_${fName}.dump id type mol mass x y z xu yu zu
dump coor all custom 10000000 traj_${fName}.dump id type mol mass x y z xu yu zu
dump coor all custom 10000000 traj_Run5.dump id type mol mass x y z xu yu zu

restart ${dt_restart} ${fName}_tp_*.restart
restart 50000000 ${fName}_tp_*.restart
restart 50000000 Run5_tp_*.restart
run ${steps}
run 500000000
Neighbor list info ...
  update every 1 steps, delay 1 steps, check yes
  max neighbors/atom: 2000, page size: 100000
  master list distance cutoff = 26.9
  ghost atom cutoff = 26.9
  binsize = 13.45, bins = 63 63 63
  2 neighbor lists, perpetual/occasional/extra = 1 1 0
  (1) pair lj/cut, perpetual
      attributes: half, newton on
      pair build: half/bin/newton
      stencil: half/bin/3d/newton
      bin: standard
  (2) fix bond/create/random, occasional, copy from (1)
      attributes: half, newton on
      pair build: copy
      stencil: none
      bin: none
Per MPI rank memory allocation (min/avg/max) = 17.87 | 18.29 | 18.84 Mbytes
Step E_pair PotEng KinEng E_bond E_angle Temp Bonds 
       0   -1394.1032    7510.0731    9345.2904    3023.3242    5880.8522    223.95537    13800 
 1000000   -239.08041    9494.0119    12912.712    1346.8309    8386.2614    309.44692    14650 
 2000000   -242.44311    8905.0014    12950.631    853.32475    8294.1198    310.35561    14792 
 3000000   -231.21385    8698.6499    12971.121     708.0905    8221.7733    310.84664    14855 
 4000000   -223.43127    8695.5498     12881.23    695.46313    8223.5179    308.69245    14881 
 5000000    -243.9709    8391.6816    12861.013    451.25018    8184.4023    308.20797    14913 
 6000000   -209.84682     8597.216    12871.727    567.55359    8239.5092    308.46472    14891 
 7000000   -264.02414    8416.3663    12891.656    487.03554    8193.3549    308.94232    14911 
 8000000   -263.95609    8611.5068    12911.094    668.67307    8206.7899    309.40812    14889 
 9000000   -281.47773    8534.5557    12992.301    551.35441    8264.6791    311.35421    14901 
10000000   -239.41106    8571.4607     12803.49     549.4138    8261.4579    306.82945    14947 
11000000   -263.99391    8401.3921    12862.242    387.10527    8278.2807    308.23742    14942 
12000000   -258.85579    8272.9181    12840.302     367.0018    8164.7721    307.71164    14958 
13000000   -247.35961    8461.8927     12989.35    477.93281    8231.3195    311.28349    14940 
14000000   -252.02003    8441.1818    12973.052    475.82754    8217.3743    310.89292    14930 
15000000   -261.26181    8361.7036    13002.972    321.56727    8301.3982    311.60994    14965 
16000000   -239.05512    8545.0735    12967.503    617.50244    8166.6262    310.75994    14915 
17000000   -290.73473    8330.1117    12944.599    452.29148     8168.555    310.21106    14954 
18000000   -278.45583    8301.3278    12862.677    329.81339    8249.9702    308.24785    14965 
19000000   -285.24586    8420.8098    12761.785    441.04749    8265.0082    305.83002    14941 
20000000   -299.21535    8199.1135     12849.39    263.93774    8234.3911    307.92943    14983 
21000000   -292.76428    8262.1343    12879.889    302.79762     8252.101    308.66033    14993 
22000000   -299.08827    8195.9098    12887.515     339.2591     8155.739    308.84306    14994 
23000000   -293.17813     8265.301    12902.087    289.50078    8268.9784    309.19229    14976 
24000000   -286.30949    8274.7166    12864.999    298.40703    8262.6191    308.30348    14958 
25000000   -272.96747    8137.6182    12987.612    187.23415    8223.3515    311.24185    15009 
26000000   -299.67177     8161.761    12964.612    314.06488    8147.3679    310.69068    14993 
27000000   -291.98818     8185.858     12907.81    256.76969    8221.0765    309.32943    15031 
28000000   -301.93713    7984.4347    12679.476    115.49094    8170.8809    303.85751    15028 
29000000   -285.46356    8146.2128    12803.943    274.40418    8157.2722    306.84032    14992 
30000000   -298.59309    7990.2602    12952.943    127.03047    8161.8228    310.41102    15042 
31000000   -298.48444    8018.0729    12818.347    102.92429     8213.633     307.1855    15027 
32000000   -269.95531    8174.1714    12954.288    179.73512    8264.3916    310.44325    15003 
33000000   -278.65722    8290.0825    12946.778    333.08605    8235.6537    310.26328    15008 
34000000   -281.89175    8198.5323    12846.315    129.29746    8351.1266    307.85574    15034 
35000000   -291.41962    8128.8232    12899.603    138.45453    8281.7883    309.13276    15037 
36000000   -309.84982    8127.0793     12943.39    177.47576    8259.4534     310.1821    15020 
37000000   -298.57114    8359.6792    13075.108    310.60219    8347.6481    313.33864    14991 
38000000   -312.17545    8099.5453    12921.524    240.17249    8171.5483    309.65809    15014 
39000000   -303.80709    8136.8281    12908.873    225.75029    8214.8849    309.35491    14988 
40000000   -303.69097    8148.7674    12976.974    245.96692    8206.4915    310.98692    14984 
41000000   -293.71784    8131.4378    12913.761    275.57707    8149.5786    309.47204    15005 
42000000   -323.91765    8009.6968    12957.686    114.54681    8219.0676    310.52469    15012 
43000000    -290.4714    7889.5296    12858.753    83.328958     8096.672     308.1538    15043 
44000000   -317.13284    8177.5758    12969.803    185.75376    8308.9548    310.81506    15038 
45000000   -279.01773    8168.1501    12931.987    238.24355    8208.9242    309.90882    15007 
46000000   -279.71105    7935.0552    12922.771    71.594353    8143.1719    309.68797    15040 
47000000   -300.05943    8097.0808    12984.588    194.60836    8202.5319    311.16939    15002 
48000000   -299.95807    8099.8795    12886.192     249.3758    8150.4618    308.81137    15007 
49000000   -318.88223    8026.3746    12963.188     177.3907    8167.8661    310.65653    15019 
50000000   -296.04121    8163.5983    12991.189    224.33081    8235.3087    311.32758    14995 
51000000   -291.64804    8047.2519    13042.159    88.351132    8250.5488    312.54903    15053 
52000000   -273.70461    8202.6115    12865.848    277.08618    8199.2299    308.32383    15002 
53000000   -294.14356    8143.8129    13014.821    205.68955    8232.2669     311.8939    15021 
54000000   -274.95751     8040.345     12963.71    126.85242    8188.4501    310.66906    15024 
55000000   -281.35317    7880.4771    12826.738    43.220848    8118.6094    307.38659    15060 
56000000   -286.27045    7899.8466    12991.552    20.378115     8165.739    311.33628    15061 
57000000   -294.55675    8116.1873    13008.388    156.24935    8254.4947    311.73975    15042 
58000000   -351.34796     8038.016    13080.134    137.47628    8251.8877    313.45909    15034 
59000000   -303.37317    8004.4358     12916.64    127.63247    8180.1765    309.54103    15038 
60000000   -272.06181    7827.5244    12896.889    13.421588    8086.1647    309.06771    15063 
61000000   -327.10173    8067.7985    12933.046     94.53285    8300.3674    309.93421    15070 
62000000   -304.38648    8076.3239    12980.284    188.48459    8192.2258    311.06623    15053 
63000000   -323.44647    8041.2559    13048.083    23.976585    8340.7258    312.69102    15063 
64000000    -306.8762    7744.6253    13012.428   -90.806161    8142.3076    311.83656    15097 
65000000   -316.57467    7812.3244    12814.429   -32.340002    8161.2391    307.09161    15066 
66000000   -298.68126    7994.3084    13007.521    121.38657    8171.6031    311.71895    15042 
67000000   -304.72644    7980.3504    12942.501   -7.2007595    8292.2776    310.16079    15086 
68000000   -315.17979    7674.6984     12914.55   -138.94946    8128.8276    309.49095    15094 
69000000   -304.17703    7870.4359    13014.817    -3.682801    8178.2958    311.89381    15059 
70000000   -288.92435    8040.7323     12874.69    81.071801    8248.5848    308.53574    15060 
71000000   -297.30828    7990.4786    12853.046    106.76004    8181.0268    308.01703    15062 
72000000    -327.4472    7871.8651    12886.356     43.65616    8155.6562     308.8153    15054 
73000000   -286.59311    7971.4927    12911.205   -30.552872    8288.6386    309.41079    15074 
74000000   -317.87387    7936.8058    12956.816    43.530906    8211.1487    310.50384    15068 
75000000   -318.28481    7847.2624    12885.148    50.213085    8115.3341    308.78635    15079 
76000000    -331.9023    8066.3413    12878.585    207.07118    8191.1725    308.62907    15034 
77000000   -333.43581    7738.0932    12831.578   -45.939122    8117.4681    307.50258    15101 
78000000   -333.16753    7850.3088    12889.086   -28.470726    8211.9471    308.88072    15096 
79000000   -332.84599    7990.2891    12958.906    104.76936    8218.3657    310.55392    15033 
80000000   -332.44142    7845.4983    13117.269    64.825217    8113.1145    314.34903    15057 
81000000   -355.31435    7992.0926    12870.574    177.33909    8170.0678     308.4371    15040 
82000000   -306.08184    8010.1021    13021.273    49.024177    8267.1598    312.04852    15056 
83000000   -294.88394     7886.871    12888.577    19.507425    8162.2475    308.86854    15075 
84000000   -324.11172    8036.1915    12974.406    212.19492    8148.1083    310.92537    15012 
85000000   -312.79355    7924.9535    12849.678    25.497211    8212.2499    307.93633    15057 
86000000   -312.29604    7787.9361    12892.577   -71.617622    8171.8497    308.96439    15106 
87000000   -357.47095    7994.8794    12861.637    125.40356    8226.9468    308.22292    15047 
88000000   -331.00285     7685.871    12795.541    -136.3773    8153.2512    306.63897    15088 
89000000   -371.79227     7784.673     12875.71   -72.312833    8228.7781    308.56017    15089 
90000000   -295.61375    7910.8169    12750.805    7.4143468    8199.0163    305.56688    15071 
91000000   -326.31977    7625.0313    12902.143   -210.03505    8161.3861    309.19363    15103 
92000000   -344.29951    7735.7443    13004.772    -74.19256    8154.2363    311.65309    15080 
93000000   -316.20154    8024.3117    13017.671    27.351843    8313.1614    311.96221    15068 
94000000   -285.85114    7837.3715    13035.171    -12.87095    8136.0936    312.38157    15077 
95000000   -316.09855    7941.2262    12960.119   -20.978097    8278.3028    310.58301    15068 
96000000   -322.81716    7763.9168    13028.445   -55.947803    8142.6818     312.2204    15094 
97000000    -330.4892    7899.3971    12891.041   -6.4805344    8236.3668    308.92756    15076 
98000000   -331.72924    7840.8145    13018.414   -34.274686    8206.8184    311.98002    15096 
99000000   -354.33738    7828.8205     12914.93    23.481542    8159.6763    309.50006    15077 
100000000   -317.35645    7733.0566    12848.472   -149.96323    8200.3763    307.90743    15098 
101000000    -331.1666    7829.3998    12883.853   -17.083345    8177.6498    308.75532    15070 
102000000    -319.4078    7833.9113     12868.15   -78.554452    8231.8735      308.379    15092 
103000000     -331.029     7821.995    12978.739   -45.948681    8198.9727    311.02921    15074 
104000000   -353.95939    7883.3692    13052.492    5.3854551    8231.9431    312.79667    15069 
105000000   -314.28893    8026.0714    12913.774    75.544171    8264.8161    309.47236    15041 
106000000   -319.28004     7992.525    12879.871    45.806371    8265.9986    308.65988    15058 
107000000   -309.23623    7807.8873    13066.938    6.7552321    8110.3683    313.14286    15074 
108000000   -369.91143    7864.3314    12987.499   -15.074162     8249.317    311.23914    15084 
109000000   -321.23725    7930.3802    13100.785   -64.228973    8315.8464      313.954    15093 
110000000   -297.68668    7884.6469    12922.296    36.319617    8146.0139     309.6766    15075 
111000000   -302.86088     7768.255    13080.801   -110.49547    8181.6114    313.47509    15087 
112000000    -321.2458    7910.8793    12968.626    64.775862    8167.3493    310.78686    15073 
113000000   -340.22203    7932.2326    12912.085    32.676197    8239.7784    309.43188    15079 
114000000   -299.38561    7763.9437    12797.976   -51.207681     8114.537    306.69732    15081 
115000000   -299.97581    7902.7302    12873.773    32.947161    8169.7589    308.51375    15075 
116000000   -304.35418    7872.5742    12915.895    76.905194    8100.0232    309.52319    15072 
117000000   -310.05297     7951.769    12985.632    52.940089    8208.8819    311.19441    15065 
118000000   -347.39001     7729.317    12671.642   -67.986063    8144.6931     303.6698    15083 
119000000   -304.09367    7445.9352    12900.803   -268.37202    8018.4009    309.16152    15126 
120000000   -341.17669    7837.8989     12775.21   -14.108831    8193.1845    306.15174    15074 
121000000   -330.06723    7890.9096    13051.552   -20.636298    8241.6131    312.77415    15120 
122000000   -338.37889    7867.7946    13049.858    101.69416    8104.4794    312.73355    15066 
123000000   -326.07794    7834.4658    13107.311    29.988981    8130.5547    314.11038    15083 
124000000   -340.16081    7761.8441    12903.093   -32.433198    8134.4381    309.21638    15074 
125000000    -338.2573    7894.5991    12910.551   -15.030685     8247.887    309.39511    15079 
126000000   -346.36411     7783.709    12856.639    39.876916    8090.1962    308.10315    15074 
127000000   -351.29087    7900.1559    12926.477    53.662605    8197.7842    309.77677    15060 
128000000   -319.47135    7818.9953    12977.687   -69.524529    8207.9912    311.00401    15101 
129000000   -312.45385    7717.4766     13036.95   -111.19461    8141.1251    312.42421    15104 
130000000   -326.98316    7749.7904     13013.43    29.260209    8047.5134    311.86058    15091 
131000000   -337.00035    7797.8374    12935.473   -34.376886    8169.2146    309.99236    15078 
132000000   -293.77083    7734.2537    12918.873   -127.34405    8155.3686    309.59456    15112 
133000000   -372.93136    7807.8977    12877.573    36.338089     8144.491    308.60481    15079 
134000000   -331.72644    7733.9063    13072.369    -79.54435    8145.1771    313.27301    15088 
135000000   -331.73861    7796.5286    13022.028   -34.683994    8162.9512    312.06661    15084 
136000000   -343.53287    7968.7807    12923.907   -40.496062    8352.8096     309.7152    15090 
137000000   -357.05122    7907.4076     12973.97    140.78019    8123.6786    310.91493    15065 
138000000    -373.0854    7699.7845    12859.768   -6.3427483    8079.2126    308.17814    15098 
139000000   -349.18658    7727.9442    13013.319   -65.347699    8142.4785     311.8579    15115 
140000000   -333.13043    7754.8784    12957.474   -80.454464    8168.4633    310.51961    15081 
141000000   -359.51905    7577.7845    12853.716   -193.37564    8130.6792    308.03309    15120 
142000000   -328.82621    7886.4229    12882.763    -31.29732    8246.5464    308.72919    15097 
143000000   -349.23602    7757.5707    12805.248   -75.475938    8182.2827    306.87158    15112 
144000000   -360.80641    7772.7837    12886.086   -82.252605    8215.8427    308.80883    15097 
145000000   -334.61611    7673.4981    12901.184     -158.688    8166.8022    309.17065    15118 
146000000   -332.68339    7953.4745    12927.221    51.247319    8234.9106    309.79462    15081 
147000000   -306.62982      7796.11    12902.233   -25.138369    8127.8782    309.19579    15083 
148000000   -313.68793    7772.0227    12981.854   -28.337537    8114.0482    311.10386    15082 
149000000   -350.22645    7748.6925    12909.378   -22.426164    8121.3451      309.367    15091 
150000000   -335.17621    7659.8023    12931.723   -98.700197    8093.6787    309.90249    15124 
151000000   -363.72149    7673.8006    12951.518   -122.45818    8159.9803    310.37689    15127 
152000000   -348.22769    7725.6268    13040.194   -151.83893    8225.6935    312.50196    15114 
153000000    -336.7684    7734.9366    13002.307   -70.845722    8142.5507    311.59401    15086 
154000000   -336.21039    7643.0617    12941.063   -173.52738    8152.7995    310.12634    15118 
155000000   -353.05639    7631.0743    12956.933   -268.61553    8252.7462    310.50665    15154 
156000000   -367.46571    7789.8988    12899.639   -124.06359    8281.4281    309.13362    15110 
157000000   -312.42927    7842.4666    12790.148    11.735298    8143.1606    306.50972    15075 
158000000   -308.16079    7708.6829    13038.056   -55.476183    8072.3198    312.45073    15102 
159000000   -334.09968    7752.6163    12934.365   -163.76441    8250.4804    309.96581    15142 
160000000   -329.29468    7806.1656    12895.931   -90.037623    8225.4979    309.04475    15112 
161000000   -331.19521    7770.3659    13095.291   -56.254839    8157.8159    313.82233    15081 
162000000    -366.7485    7776.9735    13078.052    -19.39635    8163.1184     313.4092    15070 
163000000   -336.36192    7929.0972    12988.292   -4.9796892    8270.4388    311.25814    15093 
164000000   -348.96009    7866.6549    12969.421    128.46413    8087.1508    310.80592    15061 
165000000   -317.88584    7769.9814    13080.564   -143.74441    8231.6117    313.46941    15126 
166000000   -363.98111    7736.4905    12968.294   -213.07894    8313.5506    310.77891    15124 
167000000   -345.29361    7667.3276    13020.784   -182.68759    8195.3088    312.03679    15098 
168000000   -334.91392    7843.4836    13077.113   -82.875137    8261.2727     313.3867    15094 
169000000   -347.50507    7738.1683    13062.603   -157.72003    8243.3934    313.03896    15117 
170000000   -337.04533    7729.6589     12888.43   -115.95965    8182.6639    308.86499    15113 
171000000   -335.76829    7796.6887    13029.823   -134.56613    8267.0231    312.25341    15102 
172000000   -317.03843     7945.307    12905.874    27.883994    8234.4614    309.28305    15097 
173000000   -335.51417    7754.4446    12753.387   -106.97699    8196.9357    305.62876    15131 
174000000     -330.941    7834.3536    12839.431    -50.14281    8215.4374    307.69075    15082 
175000000   -340.83377    7671.2593    12865.752    -134.5553    8146.6484    308.32154    15107 
176000000   -365.58845    7693.8743    12879.033   -137.78327    8197.2461    308.63981    15116 
177000000   -340.10615    7733.3254    12827.535   -46.246543    8119.6781    307.40569    15093 
178000000   -352.91674    7697.6795     12975.19    -156.7181    8207.3143    310.94417    15128 
179000000   -323.57324    7836.3925    12810.805   -66.705051    8226.6708    307.00476    15093 
180000000   -311.68356    7780.5257    12887.577   -66.999084    8159.2084    308.84455    15102 
181000000   -324.09711    7675.8411     12960.39   -134.61991    8134.5581    310.58949    15105 
182000000   -343.79153    7830.1657    13016.681   -122.52213    8296.4794    311.93849    15116 
183000000   -353.05916    7746.4814    12915.345   -61.612441     8161.153    309.51001    15106 
184000000    -365.0007    7633.6381    12896.751   -125.72594    8124.3648    309.06441    15122 
185000000   -329.32002    7601.7449    12877.286   -145.04902     8076.114    308.59794    15094 
186000000   -328.90619    7686.8513    13054.244   -189.76302    8205.5205    312.83865    15130 
187000000   -355.64856     7637.852    12850.481   -99.467559    8092.9681    307.95557    15114 
188000000   -321.20039    7923.4987     13096.73    89.773599    8154.9255    313.85682    15063 
189000000   -318.31076    7590.9691    12976.394   -203.78818    8113.0681    310.97302    15125 
190000000   -341.09638     7656.536    12970.088   -82.130275    8079.7627     310.8219    15102 
191000000    -337.8755    7729.1457    12752.083   -52.139426    8119.1606    305.59751    15107 
192000000   -345.88615    7706.5965     12894.06   -71.685384     8124.168    308.99992    15097 
193000000   -325.35221    7674.1437    13046.157   -120.02781    8119.5237    312.64487    15096 
194000000   -333.43609    7866.3617    12925.846  -0.98875481    8200.7866    309.76166    15075 
195000000   -350.59849    7562.4497    12918.632   -151.31832    8064.3665    309.58877    15116 
196000000   -357.78544     7707.318    12923.421   -10.373678    8075.4771    309.70354    15106 
197000000   -326.48974    7770.9506    12995.868   -69.592779    8167.0331     311.4397    15092 
198000000   -342.43232    7761.9404        12836   -6.5912516    8110.9639    307.60854    15077 
199000000   -391.03611    7859.1091    12968.633    -6.169308    8256.3145    310.78704    15083 
200000000   -326.18764    7689.3438    12862.852   -95.462867    8110.9943    308.25204    15093 
201000000    -333.5464     7651.975    13036.538   -114.98314    8100.5046    312.41434    15096 
202000000   -344.08205     7701.412    12875.737   -55.534131    8101.0282    308.56083    15054 
203000000   -341.27592     7806.753    12958.133    10.039087    8137.9898    310.53541    15104 
204000000   -347.52823    7573.3692    12964.782   -216.60062    8137.4981    310.69473    15135 
205000000   -340.63479    7672.6279    12845.565   -63.445105    8076.7078    307.83777    15125 
206000000    -337.6221    7612.2169    13163.283   -190.06068    8139.8997    315.45173    15140 
207000000     -360.232    7826.2692    12901.581   -50.772125    8237.2734    309.18017    15087 
208000000   -325.71606    7703.4333    12943.939   -85.832648     8114.982    310.19526    15091 
209000000   -314.85719    7659.1473    12867.479   -101.76675    8075.7712    308.36292    15096 
210000000   -335.68345    7543.0214    12909.207   -214.12935    8092.8342    309.36291    15138 
211000000   -357.22613    7710.6447    12915.645   -161.72326    8229.5941    309.51721    15117 
212000000   -332.00076    7747.1469    12962.904   -37.015652    8116.1633    310.64973    15095 
213000000   -332.73194    7827.9206    12836.592   -46.872759    8207.5253    307.62273    15099 
214000000   -352.51093    7705.6169    12866.556   -188.33121     8246.459     308.3408    15122 
215000000   -375.45859    7646.8516    13000.471   -187.20135    8209.5115    311.55002    15107 
216000000   -340.51051    7863.6548     12931.98   -17.480074    8221.6453    309.90866    15090 
217000000    -309.5564    7599.9315    12843.226   -144.81342    8054.3013    307.78171    15130 
218000000   -329.59392    7551.8168     12919.47   -345.12733     8226.538    309.60885    15138 
219000000   -326.10605    7694.4757    12855.236   -136.46186    8157.0436    308.06952    15110 
220000000    -361.2592    7605.2611    13013.491   -233.08443    8199.6047    311.86204    15110 
221000000   -300.51846     7666.684    12866.267    -56.07317    8023.2756    308.33389    15099 
222000000   -317.85241    7883.0797    12927.283    6.1234135    8194.8087    309.79609    15100 
223000000   -354.37739     7787.767    12805.407   -86.305724    8228.4501    306.87541    15109 
224000000   -358.10453    7826.0567    12920.979   -30.273284    8214.4345    309.64502    15092 
225000000   -339.71761    7909.2931    12948.894   -4.1197235    8253.1304      310.314    15105 
226000000   -318.49457    7779.0627    12984.917    39.769784    8057.7875    311.17728    15098 
227000000   -362.08501    7588.9883    12958.022   -137.63115    8088.7045    310.53274    15104 
228000000   -312.79986    7648.4591    12797.965   -163.37904     8124.638    306.69706    15131 
229000000   -328.18834    7897.8823    13017.283   -34.089213    8260.1598     311.9529    15089 
230000000   -322.68009    7809.6325    12966.656   -125.25879    8257.5714    310.73966    15121 
231000000   -345.42803    7750.4668    13012.547   -32.549301    8128.4442    311.83941    15104 
232000000    -366.8419    7641.1143    12937.602   -140.98879     8148.945     310.0434    15118 
233000000   -371.38312    7756.5942    13027.952   -146.24382    8274.2212    312.20857    15126 
234000000   -351.77822    7615.4899    12966.816   -150.17606    8117.4442    310.74348    15119 
235000000   -341.37162    7781.3243    12826.606   -56.755142     8179.451    307.38343    15114 
236000000   -352.50943    7820.6141    13124.582   -48.313508    8221.4371    314.52428    15089 
237000000   -329.43855    7746.0496    12900.379   -61.247448    8136.7356    309.15136    15088 
238000000   -318.25631    7966.1672    12873.028    56.146507     8228.277    308.49589    15079 
239000000   -334.17078    7829.7712    12859.016   -26.102861    8190.0449    308.16011    15083 
240000000   -304.51288    7880.1435     12797.19   -36.570273    8221.2266    306.67849    15101 
241000000   -320.23024    7721.3739    12851.728    -96.10018    8137.7043    307.98546    15104 
242000000    -356.5972    7773.5697    12884.784   -111.40667    8241.5736    308.77762    15105 
243000000   -376.73464     7567.877    12907.952   -117.50756    8062.1192    309.33283    15101 
244000000   -365.06386    7810.0851    12963.625   -56.460925    8231.6099    310.66702    15099 
245000000   -335.60993     7801.781    12949.976    -56.99595    8194.3869    310.33992    15081 
246000000   -323.26599    7524.4518    12830.866   -236.94852    8084.6663    307.48551    15143 
247000000   -351.52865    7821.8285    12831.159   -105.84642    8279.2036    307.49253    15087 
248000000    -350.1001    7761.0986     12925.43   -128.51539    8239.7141     309.7517    15113 
249000000   -332.90012     7801.328    12950.307    18.854739    8115.3733    310.34787    15113 
250000000   -329.51628    7887.7207    12969.665     -6.28331    8223.5203    310.81177    15099 
251000000   -319.20572    7598.5381    13027.559   -203.93092    8121.6747    312.19917    15124 
252000000   -311.90558      7616.17    12823.421   -100.37397    8028.4496    307.30708    15102 
253000000    -327.0612    7713.0731    13004.617   -152.66388    8192.7982    311.64937    15107 
254000000   -348.86898    7705.2391    12791.579   -168.38707    8222.4951    306.54402    15104 
255000000   -337.80739    7585.0438    12983.689   -265.09513    8187.9463    311.14783    15126 
256000000   -339.51752    7674.0174    12961.378   -115.37744    8128.9124    310.61315    15125 
257000000   -368.88984     7664.669    12788.577   -37.378592    8070.9375    306.47206    15120 
258000000   -345.62161    7625.4986    12967.835   -127.18966    8098.3099    310.76791    15116 
259000000   -339.96304    7576.9573    12905.744   -179.91347    8096.8338    309.27992    15128 
260000000   -334.44781     7586.196    12989.022   -257.00555    8177.6494    311.27564    15139 
261000000   -349.77097    7600.7595    13008.721   -215.41043    8165.9409    311.74772    15137 
262000000    -336.8927    7682.0508    12929.608   -87.580579    8106.5241    309.85181    15102 
263000000   -337.35529    7898.0322    12955.162     20.10768    8215.2798    310.46421    15092 
264000000    -362.4973    7656.6848    12885.314   -126.72144    8145.9035    308.79033    15133 
265000000   -345.94305     7667.276     13048.34   -168.22845    8181.4475    312.69716    15125 
266000000   -336.47888    7723.1522    13052.136   -50.820837    8110.4519    312.78814    15092 
267000000   -308.54853    7722.4702    12818.988   -107.98573    8139.0045    307.20087    15108 
268000000   -294.35329    7703.8992    12656.922   -154.84606    8153.0986    303.31702    15102 
269000000   -303.36714    7829.9094    12974.641    5.6877229    8127.5888    310.93101    15061 
270000000    -316.1554    7700.2449    12756.652    -63.81173     8080.212      305.707    15084 
271000000   -341.26544    7581.0327    12956.893    -193.7373    8116.0355    310.50568    15109 
272000000    -320.6975     7680.833    12812.504    -195.3321    8196.8626    307.04548    15133 
273000000    -332.3881    7891.2635    12823.187    45.356521    8178.2951     307.3015    15100 
274000000   -364.71823    7599.5348    12903.957   -177.96495     8142.218    309.23709    15108 
275000000    -349.1426    7623.2843    13112.683   -190.14964    8162.5766    314.23913    15120 
276000000   -353.04682    7883.9018     13002.91    60.335228    8176.6134    311.60847    15051 
277000000   -316.77633    7785.2504    13047.561   -89.017403    8191.0442    312.67849    15100 
278000000   -322.29868    7883.3888    12960.199    45.019663    8160.6678    310.58492    15082 
279000000   -364.07797    7503.8365    12920.066   -285.11528    8153.0298    309.62313    15151 
280000000   -330.75249    7642.9718    12892.942   -138.06893    8111.7933    308.97313    15082 
281000000   -325.72272    7914.0098    13037.814   -103.52084    8343.2533    312.44491    15092 
282000000   -329.46412    7754.6589    12793.218   -130.52414    8214.6471    306.58328    15120 
283000000   -359.41397    7836.9054    12984.526    25.832303    8170.4871     311.1679    15076 
284000000   -335.63035    7726.8474    12900.339   -77.477272    8139.9551     309.1504    15112 
285000000   -320.60895    7736.2809    13034.299   -64.679325    8121.5692    312.36069    15105 
286000000   -340.25226     7853.543    13044.302   -100.81058    8294.6059    312.60041    15085 
287000000   -352.12971    7640.0411    13009.773   -140.99459    8133.1654    311.77293    15110 
288000000   -337.51928    7632.6105    12881.012   -216.04275    8186.1726    308.68723    15139 
289000000   -348.48257    7751.7521    12861.623   -50.061533    8150.2962     308.2226    15119 
290000000   -341.04256    7604.9949    13172.632   -178.26056     8124.298    315.67577    15134 
291000000   -318.58283    7625.2807     12895.41   -175.00488    8118.8684    309.03227    15126 
292000000   -375.59234    7770.7468    12872.682    8.5263936    8137.8127    308.48762    15077 
293000000   -371.80514    7732.3837    12898.889   -100.05047    8204.2393    309.11566    15115 
294000000   -332.44403     7775.461    13027.353   -47.092649    8154.9977    312.19423    15083 
295000000    -369.3908    7868.9283    13009.496   -59.952928     8298.272    311.76629    15086 
296000000   -328.86871    7843.3579     12933.03   -30.750773    8202.9774    309.93382    15088 
297000000   -333.41829     7886.165    13102.543   -25.352685     8244.936    313.99611    15081 
298000000   -356.38815    7677.0115    12959.032   -145.39253    8178.7922    310.55696    15094 
299000000    -309.0229     7635.539    12814.324   -200.97786    8145.5398    307.08909    15126 
300000000   -338.72248    7756.9877    12998.987   -73.415672    8169.1258    311.51444    15095 
301000000    -328.8826    7862.4467    12877.444     -113.701    8305.0303    308.60173    15110 
302000000   -309.37078    7691.5017    12895.658   -89.332025    8090.2045    309.03821    15106 
303000000   -331.65864    7612.2094    12903.434   -84.509712    8028.3777    309.22457    15093 
304000000   -354.17416    7738.3455    12819.125   -116.33624    8208.8559    307.20413    15114 
305000000   -358.36727    7855.1201    13124.967   -48.092842    8261.5802    314.53349    15101 
306000000    -298.0073    7779.1512    12957.802   -67.277612    8144.4361    310.52746    15090 
307000000    -324.3535    7744.6789    12834.996   -14.727309    8083.7597    307.58449    15080 
308000000   -343.21401    7787.7695    12991.294   -49.788736    8180.7722     311.3301    15110 
309000000   -359.22596    7698.8041    12923.443   -121.58648    8179.6166    309.70408    15086 
310000000   -342.98906    7683.4598    12907.266   -156.40777    8182.8566     309.3164    15104 
311000000   -321.06265    7933.1729    13026.488     8.625484    8245.6101    312.17349    15070 
312000000   -295.06999    7796.1541    12804.107   -107.40263    8198.6267    306.84425    15098 
313000000   -369.39609    7685.0471    12886.243   -94.689569    8149.1327    308.81259    15112 
314000000    -362.4064    7644.2253    12830.594   -40.540682    8047.1724      307.479    15108 
315000000   -343.66252    7619.0787    12809.957   -178.87361    8141.6148    306.98445    15116 
316000000   -319.47735    7812.5109    12893.938   -26.196771     8158.185    308.99701    15103 
317000000   -338.53122     7741.487     12870.01   -122.67899    8202.6972    308.42358    15135 
318000000   -309.86054    7801.7458     13024.17   -51.059776    8162.6661    312.11795    15072 
319000000    -304.7269    7804.3483    12915.057   -64.396087    8173.4713     309.5031    15076 
320000000   -343.14252    7940.9838    12920.941    91.635272     8192.491    309.64412    15060 
321000000   -329.14799    7745.7369    13014.874   -100.40667    8175.2916    311.89518    15106 
322000000   -369.67464    7764.0226    12783.532   -54.723796     8188.421    306.35116    15079 
323000000    -334.5799    7786.6383    12967.968   -135.76786     8256.986    310.77109    15091 
324000000   -353.11762    7815.0256    12980.326   -71.630892    8239.7741    311.06724    15096 
325000000   -330.23719    7717.7483    12861.727   -98.707486     8146.693    308.22507    15109 
326000000   -345.03193    7788.2649    12673.391   -8.3330685    8141.6299     303.7117    15095 
327000000   -332.72669    7811.2218    12842.481   -132.95172    8276.9003    307.76385    15127 
328000000    -325.1454    7723.9837    13064.308   -76.920235    8126.0493    313.07983    15091 
329000000   -315.06754    7964.3162    12958.061    93.521981    8185.8617    310.53367    15068 
330000000   -349.31556    7843.4257    12933.556   -86.203333    8278.9446    309.94644    15089 
331000000   -318.46495    7713.4605    12982.391   -49.958052    8081.8835    311.11672    15101 
332000000    -306.5138    7797.7675    12946.575   -23.200507    8127.4818    310.25841    15092 
333000000    -294.8825    7943.6521     12698.47    35.304289    8203.2303     304.3127    15081 
334000000   -335.70996    7805.8329    13027.242   -123.62155    8265.1644    312.19156    15117 
335000000   -318.19401    7828.9235    12790.116   -92.763941    8239.8814    306.50895    15087 
336000000     -353.171    7742.8417    13144.034   -70.648445    8166.6612    314.99044    15118 
337000000    -335.8996    7775.3467    12927.479   -63.011905    8174.2582     309.8008    15093 
338000000   -393.41505    7918.5886    12832.687   -3.2330956    8315.2367    307.52914    15082 
339000000     -330.421    7797.4485    12960.351     -90.2091    8218.0786    310.58856    15104 
340000000   -326.02137    7967.4841     12933.73    50.999989    8242.5055     309.9506    15082 
341000000    -369.7161    7806.1678    13005.621   -54.683829    8230.5677    311.67342    15105 
342000000    -361.8053    7622.4663    12996.785   -118.61118    8102.8828    311.46168    15124 
343000000   -354.72252    7821.6711    12788.425   -71.353339     8247.747    306.46843    15106 
344000000   -343.41936    7621.6176    13043.292   -141.54689    8106.5838    312.57621    15120 
345000000   -319.38939    7715.9455    12976.217    -178.5269    8213.8618    310.96877    15124 
346000000   -356.78111    7660.1991    12909.276   -122.69095    8139.6712    309.36456    15097 
347000000   -369.09558     7834.328    12943.386    33.272561     8170.151    310.18199    15102 
348000000   -338.19446    7587.7462    12984.147   -141.48876    8067.4294    311.15882    15122 
349000000   -341.28233    7675.9869     12792.63    -194.2799    8211.5492     306.5692    15103 
350000000   -344.93719    7622.8948    12924.149   -170.15295    8137.9849    309.72098    15102 
351000000   -315.86678    7653.1924    12734.302   -76.344396    8045.4036    305.17139    15112 
352000000    -331.7989     7718.369    12956.404   -8.8974211    8059.0653    310.49396    15083 
353000000    -328.9822    7955.4743     12912.77    49.312751    8235.1438    309.44829    15081 
354000000    -289.2739    7810.7792    12835.961   -43.117427    8143.1705    307.60762    15103 
355000000   -316.76559    7790.1438    12953.708   -22.143637    8129.0531    310.42935    15072 
356000000    -341.9259    7932.1258    12965.585    149.96307    8124.0886    310.71399    15073 
357000000   -321.94222     7564.871    12968.469   -234.68048    8121.4937    310.78311    15123 
358000000   -327.11941    7910.0917    12893.871    8.5696737    8228.6415    308.99538    15087 
359000000   -330.38922    7703.8189    12793.763   -118.67812    8152.8863    306.59636    15105 
360000000   -314.48242    7768.9815    12887.665   -188.31951    8271.7834    308.84667    15136 
361000000    -331.7247     7623.882    12767.704   -131.18173    8086.7884    305.97187    15120 
362000000   -326.18938    7767.1993    13122.152   -61.988058    8155.3768    314.46603    15101 
363000000   -329.55893    7881.9346    13015.846    45.704531     8165.789    311.91847    15069 
364000000   -334.84774    8083.4262    13041.391    117.21063    8301.0633    312.53063    15077 
365000000   -314.68529    7599.3771     13026.24   -210.57851    8124.6409    312.16754    15097 
366000000   -336.81681    7568.2574    13086.118   -177.41233    8082.4865    313.60249    15107 
367000000    -356.7237     7808.343    13064.846   -36.304275     8201.371    313.09274    15078 
368000000    -334.7505     7681.102    12974.906   -191.95034    8207.8028    310.93735    15107 
369000000   -388.86712    7725.1809    12838.305   -89.214263    8203.2622    307.66377    15073 
370000000   -322.06914    7674.0756    12951.304   -118.00498    8114.1497    310.37174    15087 
371000000    -333.9991    7708.4042    12924.565   -72.539444    8114.9427    309.73097    15091 
372000000   -349.76809    7694.4487    12995.288    -112.8998    8157.1166     311.4258    15098 
373000000   -329.17144     7689.451    12913.062   -131.69697    8150.3194     309.4553    15107 
374000000     -327.488    7853.1355    12745.313   -62.778349    8243.4018    305.43526    15093 
375000000   -352.01331    7769.6313    13066.553   -57.810365    8179.4549    313.13364    15085 
376000000   -334.19182    7641.1315    12865.004   -134.42829    8109.7516     308.3036    15112 
377000000   -323.75773    7746.7468    13108.338   -109.37196    8179.8764      314.135    15117 
378000000   -341.32783    7741.8289    12937.137   -98.122167    8181.2789    310.03224    15084 
379000000    -335.5932    7620.1082    12873.936   -200.32892    8156.0304    308.51766    15109 
380000000   -341.07744    7769.1093     12924.13    -101.7549    8211.9417    309.72055    15105 
381000000    -352.2844    7649.3853    12887.968   -197.21556    8198.8852    308.85393    15136 
382000000   -310.85036    7770.4164    12864.237   -108.98128     8190.248    308.28524    15120 
383000000   -327.54174    7800.9105    12907.012   -6.8110679    8135.2633    309.31031    15089 
384000000   -348.27104    7711.5079    12845.706   -45.552814    8105.3317    307.84114    15083 
385000000   -348.80407    7759.3135     12930.17   -93.224712    8201.3423    309.86527    15113 
386000000   -320.62265    7878.0487    13028.138   -17.727559    8216.3989    312.21305    15076 
387000000   -317.30815     7694.673    12942.212   -121.54587     8133.527    310.15387    15099 
388000000    -302.3588    7712.4941    13062.073   -113.17238    8128.0253    313.02626    15109 
389000000   -382.65134    7649.4065    12878.167   -101.76287    8133.8208    308.61904    15117 
390000000   -312.03925    7613.6682    13101.669   -65.426854    7991.1343    313.97518    15103 
391000000   -339.52339    7766.2327    12879.795   -126.40398    8232.1601    308.65808    15103 
392000000   -325.26571    7711.4466    12956.949   -45.282172    8081.9945    310.50704    15103 
393000000   -340.41398    7775.6149    12983.848    11.193896     8104.835    311.15164    15075 
394000000   -355.48163    7667.7409    12910.708   -195.32542     8218.548    309.39889    15126 
395000000   -348.87602    7768.9225    12764.246   -24.926452     8142.725    305.88899    15067 
396000000   -321.11307    7733.5436    12861.375   -95.226673    8149.8833    308.21665    15111 
397000000   -333.09887    7839.2298    12952.242    27.760583    8144.5681    310.39421    15075 
398000000   -320.65634     7819.641    12790.977   -64.928196    8205.2255     306.5296    15092 
399000000   -334.63822    7973.2745    12913.771   -18.140859    8326.0535    309.47228    15093 
400000000   -341.28372    7658.4113    12845.943   -52.400755    8052.0958    307.84681    15100 
401000000   -353.33235    7637.4318    12862.458   -69.770878    8060.5351    308.24259    15112 
402000000   -336.43635    7794.5654    12898.702   -46.729387    8177.7311    309.11117    15111 
403000000   -343.72841    7567.7523    12816.857    -287.4052    8198.8859    307.14978    15168 
404000000   -341.09478    7728.4527    12916.681   -152.20869    8221.7562    309.54204    15121 
405000000    -340.4708    7570.7036    12887.361   -188.83861     8100.013     308.8394    15095 
406000000   -379.64935    7658.9023    12845.244   -131.16047    8169.7121    307.83007    15108 
407000000   -335.39354     7689.881    12881.911   -78.773881    8104.0484    308.70877    15109 
408000000   -339.12588    7791.6389    12888.975   -43.454967    8174.2198    308.87806    15073 
409000000   -356.16956    7699.2871    12960.424   -89.851823    8145.3084     310.5903    15100 
410000000   -336.74924    7841.0924    12783.896   -8.5873888     8186.429    306.35989    15093 
411000000   -301.15322    7710.6603    13026.551   -96.420086    8108.2336      312.175    15088 
412000000   -311.63883    7653.3734    12969.133   -110.70323    8075.7155    310.79901    15117 
413000000   -361.92309    7704.3944    12834.555   -49.097944    8115.4154    307.57391    15100 
414000000   -371.32466    7966.4254    12893.178    85.627441    8252.1227    308.97879    15079 
415000000   -337.67876    7694.4033     12834.18   -157.62848    8189.7106    307.56494    15101 
416000000    -339.6646    7880.5397     12869.25    3.3396989    8216.8647    308.40535    15086 
417000000   -364.67844    7797.0755    12951.502   -87.297543    8249.0515    310.37649    15109 
418000000   -338.93593    7640.4342    12927.801   -193.01548    8172.3856     309.8085    15123 
419000000   -355.67398    7701.2983      12952.7   -92.445789     8149.418     310.4052    15106 
420000000   -351.55864    7555.6194    12950.169   -239.13251    8146.3105    310.34455    15131 
421000000    -353.4847    7796.9265    12707.865   -132.59435    8283.0056    304.53785    15144 
422000000   -339.81506    7778.6349    12985.765   -73.288911    8191.7388    311.19758    15120 
423000000   -330.63116    7766.5286     12816.13   -102.45128    8199.6111    307.13236    15108 
424000000   -348.04687    7840.6029    13041.294   -66.888719    8255.5385    312.52832    15086 
425000000   -306.10153    7840.0192    12996.055   -55.364134    8201.4849    311.44418    15098 
426000000   -331.73111    7702.3443     12893.81    -146.3942    8180.4696    308.99394    15107 
427000000   -352.73006    7679.4872    13032.767   -102.24335    8134.4606    312.32396    15117 
428000000   -331.49174    7855.2817    12905.763     15.95056    8170.8229    309.28039    15075 
429000000   -355.29225    7698.0861    13042.454   -77.579413    8130.9577    312.55611    15109 
430000000   -318.18644    7626.6661    13019.855   -197.72388    8142.5765    312.01454    15118 
431000000   -313.47523    7770.9741    12860.364    -60.70031    8145.1496    308.19241    15113 
432000000   -355.91568    7670.1373    13007.744   -161.42072    8187.4736    311.72431    15099 
433000000   -374.56621    7577.4348    12841.289   -190.58637    8142.5874     307.7353    15127 
434000000   -316.04754    7639.5637    12940.777   -197.61172     8153.223    310.11948    15114 
435000000   -323.27664    7894.9859    13053.949    51.396592    8166.8659    312.83158    15061 
436000000   -322.98693    7693.6833    12917.141   -114.80271    8131.4729    309.55305    15083 
437000000   -350.85084    7825.5629    12970.772   -7.8443062     8184.258    310.83829    15100 
438000000   -327.95506     7742.643    12985.376   -55.992127    8126.5902    311.18826    15110 
439000000    -334.9327    7790.6995    12789.374   -103.13163    8228.7638    306.49118    15082 
440000000   -324.29583     7714.009    12798.082   -151.05405    8189.3589    306.69985    15099 
441000000   -320.88388    7791.0724    13019.665   -73.004141    8184.9604    312.00999    15111 
442000000    -331.2658    7952.7858    13057.054    66.579721    8217.4719      312.906    15077 
443000000   -315.30544    7826.6192    12953.495    46.417376    8095.5072    310.42426    15060 
444000000   -292.45712    7720.8303    12865.598   -125.05215    8138.3396    308.31785    15096 
445000000   -313.32376    7844.0546    12924.859   -111.89782    8269.2762    309.73801    15095 
446000000    -336.9121    7638.6855    13070.759   -80.883492    8056.4811    313.23442    15098 
447000000   -364.42972    7839.7518    12883.377   -46.362543    8250.5441    308.74391    15112 
448000000   -334.43706    7740.3213    12999.215   -19.643738    8094.4021    311.51992    15057 
449000000   -333.39138    7757.0041    12835.852   -51.891965    8142.2875    307.60499    15097 
450000000   -331.39972    7730.0321    13081.188   -90.081324    8151.5131    313.48436    15096 
451000000   -341.28874    7978.7977    12929.275    117.20626    8202.8802    309.84384    15057 
452000000   -314.43832    7789.0064    12889.828   -65.894575    8169.3393    308.89851    15106 
453000000   -334.40735    7725.9084    12831.642    25.606071    8034.7097    307.50411    15065 
454000000   -342.22555    7411.0433    12867.346   -235.26426    7988.5331    308.35973    15119 
455000000   -327.46194    7625.4272    13162.155   -158.71418    8111.6033     315.4247    15117 
456000000   -349.07651    7602.8458    12983.813   -109.02339    8060.9457    311.15082    15110 
457000000   -349.21501       7640.3    12853.499   -66.037075    8055.5521    308.02791    15095 
458000000   -312.07867    7683.9858    12891.508   -114.22575    8110.2903    308.93878    15122 
459000000   -352.48072    7800.3443    12848.477   -37.395406    8190.2204    307.90755    15077 
460000000   -312.48487    7886.5949    12963.256   -30.166738    8229.2465    310.65817    15088 
461000000     -343.329    7738.4946    13125.926   -96.139915    8177.9635    314.55648    15107 
462000000   -325.40348    7497.1934    12937.549   -299.35949    8121.9564    310.04211    15149 
463000000   -330.97802    7675.0885    13093.077   -211.82845     8217.895    313.76927    15139 
464000000    -331.0867    7796.2761     12996.23   -119.18214    8246.5449    311.44838    15096 
465000000   -331.71771    7814.4266    12860.923    43.405289     8102.739     308.2058    15070 
466000000   -353.66781    7742.4369    12983.912   -202.09271    8298.1974    311.15318    15114 
467000000   -356.40456    7752.9191    12631.077    -133.0591    8242.3828    302.69767    15118 
468000000   -319.06875    7639.0517    12981.961   -110.40949      8068.53    311.10644    15094 
469000000   -319.99972    7646.3481    13066.537   -93.949932    8060.2977    313.13325    15099 
470000000   -324.96718    7689.9943    12811.569   -146.82852      8161.79    307.02306    15120 
471000000    -350.6264    7768.2836    12991.585   -7.4836201    8126.3936    311.33706    15077 
472000000   -335.94302    7788.1146     12791.38   -60.195906    8184.2535    306.53925    15099 
473000000   -337.09994    7773.2363    13033.863    19.833601    8090.5026    312.35023    15081 
474000000   -340.12297    7737.8849    12976.482   -30.803761    8108.8116    310.97513    15076 
475000000   -337.59445    7758.9185    12947.144   -39.162785    8135.6757    310.27205    15089 
476000000   -322.69125    7791.8312    12909.288   -34.048642    8148.5711    309.36487    15114 
477000000    -333.7364    7829.1041    12869.489    22.459835    8140.3806    308.41109    15090 
478000000   -340.79727    7754.3937    12797.701   -145.99833    8241.1893    306.69072    15132 
479000000   -374.61869    7750.3068    12970.194    63.137181    8061.7884    310.82444    15076 
480000000   -339.39508    7817.3897    12945.794   -51.805925    8208.5907    310.23971    15106 
481000000   -304.49054    7684.6938    13020.075   -79.531326    8068.7157    312.01982    15104 
482000000   -306.81768    7658.9034    12820.948   -209.13047    8174.8516    307.24784    15101 
483000000   -340.59748    7722.1004    12926.531   -65.371568    8128.0694    309.77807    15116 
484000000   -291.90917    7961.9922    12901.748     51.30202    8202.5993    309.18417    15103 
485000000   -302.64576    7723.4195    12901.374   -178.29531    8204.3606    309.17521    15120 
486000000   -322.21909    7786.8266    13106.642    16.234231    8092.8115    314.09434    15087 
487000000   -339.32299    7781.6439    12852.996   -23.874358    8144.8412    308.01584    15087 
488000000   -327.48353    7644.4077    12941.481   -176.25429    8148.1455    310.13634    15107 
489000000   -323.79685    7540.0754    13042.136   -242.78083    8106.6531     312.5485    15144 
490000000   -357.78263    7768.3777    12897.781   -27.776661     8153.937    309.08909    15083 
491000000   -330.51307    7827.6204    12785.434    21.908655    8136.2248    306.39675    15073 
492000000   -321.80208    7869.6569    12914.612    -2.454434    8193.9134    309.49244    15063 
493000000   -329.63033    7816.5862    12893.178    9.9901316    8136.2264    308.97878    15054 
494000000   -284.98825    7802.1387    12798.032   -39.859299    8126.9862    306.69865    15100 
495000000   -335.00189    7722.7534     12877.54   -155.03972    8212.7951    308.60404    15092 
496000000   -316.08529    7879.6892    12910.176    20.805869    8174.9686    309.38614    15079 
497000000   -313.72914    7834.6217    12843.079    12.047201    8136.3036    307.77819    15070 
498000000   -330.38168    7904.6548    12874.836   -30.593278    8265.6298    308.53924    15071 
499000000   -331.89462    7890.2753     12808.95    30.252741    8191.9172     306.9603    15091 
500000000   -340.62689    7542.4413    12935.986   -258.29071    8141.3589    310.00466    15136 
Loop time of 144787 on 28 procs for 500000000 steps with 14000 atoms

Performance: 7459.214 ns/day, 0.003 hours/ns, 3453.340 timesteps/s
99.3% CPU use with 28 MPI tasks x no OpenMP threads

MPI task timing breakdown:
Section |  min time  |  avg time  |  max time  |%varavg| %total
---------------------------------------------------------------
Pair    | 14524      | 16463      | 19246      | 675.3 | 11.37
Bond    | 5881.6     | 6451.1     | 11967      |1868.5 |  4.46
Neigh   | 44761      | 45305      | 45840      | 131.4 | 31.29
Comm    | 31968      | 40895      | 45029      |1201.6 | 28.25
Output  | 0.74425    | 0.74547    | 0.74704    |   0.1 |  0.00
Modify  | 22252      | 22400      | 23061      |  95.5 | 15.47
Other   |            | 1.327e+04  |            |       |  9.17

Nlocal:    500 ave 550 max 465 min
Histogram: 2 4 6 2 6 1 2 1 3 1
Nghost:    601.25 ave 821 max 423 min
Histogram: 1 3 5 2 6 2 4 4 0 1
Neighs:    4195.46 ave 4968 max 2684 min
Histogram: 1 0 0 1 5 4 5 5 2 5

Total # of neighbors = 117473
Ave neighs/atom = 8.39093
Ave special neighs/atom = 8.29386
Neighbor list builds = 99805111
Dangerous builds = 0
write_restart final_state_${fName}.restart
write_restart final_state_Run5.restart
Total wall time: 40:13:11
