
units real
boundary p p p
atom_style full

neighbor 1.9 bin
neigh_modify every 1 delay 1 check yes

read_data b70_N200_L400.data extra/special/per/atom 50
  orthogonal box = (-420 -420 -420) to (420 420 420)
  2 by 2 by 7 MPI processor grid
  reading atoms ...
  14000 atoms
  scanning bonds ...
  51 = max bonds/atom
  scanning angles ...
  1 = max angles/atom
  reading bonds ...
  13800 bonds
  reading angles ...
  13600 angles
  2 = max # of 1-2 neighbors
  2 = max # of 1-3 neighbors
  4 = max # of 1-4 neighbors
  56 = max # of special neighbors
  special bonds CPU = 0.702669 secs
  read_data CPU = 0.812045 secs

angle_style cosine
angle_coeff * 2 # K (energy unit)

bond_style hybrid harmonic harmonic/shift/cut
bond_coeff 1 harmonic 3 10
bond_coeff 2 harmonic 3 10
bond_coeff 3 harmonic/shift/cut 4.80 11.22 12.72

pair_style lj/cut 25
# atom-typ1, atom-typ2, energy-well, sigma (bead-diameter), cut-off (distance)
pair_coeff * * 0.18 10 25

special_bonds lj 1 1 1 angle no
  2 = max # of 1-2 neighbors
  2 = max # of 1-3 neighbors
  4 = max # of 1-4 neighbors
  56 = max # of special neighbors
  special bonds CPU = 0.000567395 secs

minimize 1.0e-4 1.0e-6 100000 100000 # force_tol, energy_tol, maxiter, maxeval
WARNING: Using 'neigh_modify every 1 delay 0 check yes' setting during minimization (../min.cpp:168)
Neighbor list info ...
  update every 1 steps, delay 0 steps, check yes
  max neighbors/atom: 2000, page size: 100000
  master list distance cutoff = 26.9
  ghost atom cutoff = 26.9
  binsize = 13.45, bins = 63 63 63
  1 neighbor lists, perpetual/occasional/extra = 1 0 0
  (1) pair lj/cut, perpetual
      attributes: half, newton on
      pair build: half/bin/newton
      stencil: half/bin/3d/newton
      bin: standard
Per MPI rank memory allocation (min/avg/max) = 1.164 | 13.81 | 17.68 Mbytes
Step Temp E_pair E_mol TotEng Press 
       0            0 2.4262116e+12      2649600 2.4262142e+12 1.1227655e+09 
    7035            0   -6144.0854    5742.4468   -401.63854  -0.02117856 
Loop time of 2.38502 on 28 procs for 7035 steps with 14000 atoms

99.6% CPU use with 28 MPI tasks x no OpenMP threads

Minimization stats:
  Stopping criterion = energy tolerance
  Energy initial, next-to-last, final = 
     2.42621421633e+12     -401.614938723     -401.638544729
  Force two-norm initial, final = 2.10957e+10 0.584999
  Force max component initial, final = 1.04817e+09 0.0848794
  Final line search alpha, max atom move = 0.948135 0.0804771
  Iterations, force evaluations = 7035 9919

MPI task timing breakdown:
Section |  min time  |  avg time  |  max time  |%varavg| %total
---------------------------------------------------------------
Pair    | 0.15674    | 0.50656    | 0.91236    |  31.7 | 21.24
Bond    | 0.044656   | 0.12757    | 0.21128    |  12.8 |  5.35
Neigh   | 0.25892    | 0.26216    | 0.26797    |   0.5 | 10.99
Comm    | 0.36026    | 0.77484    | 1.225      |  28.9 | 32.49
Output  | 0          | 0          | 0          |   0.0 |  0.00
Modify  | 0          | 0          | 0          |   0.0 |  0.00
Other   |            | 0.7139     |            |       | 29.93

Nlocal:    500 ave 824 max 176 min
Histogram: 2 2 4 3 3 2 5 4 0 3
Nghost:    338.464 ave 536 max 168 min
Histogram: 3 4 2 2 3 6 2 2 2 2
Neighs:    5465.89 ave 9884 max 1749 min
Histogram: 2 7 2 3 1 3 2 3 3 2

Total # of neighbors = 153045
Ave neighs/atom = 10.9318
Ave special neighs/atom = 5.82857
Neighbor list builds = 571
Dangerous builds = 0

# further equilibriate the system before bond formation takes place
fix fxlan all langevin $T $T 1000 ${seed}
fix fxlan all langevin 310 $T 1000 ${seed}
fix fxlan all langevin 310 310 1000 ${seed}
fix fxlan all langevin 310 310 1000 55637
fix fxnve all nve
timestep 0.1
run 10000
Per MPI rank memory allocation (min/avg/max) = 1.128 | 14 | 16.55 Mbytes
Step Temp E_pair E_mol TotEng Press 
    7035            0   -6144.0854    5742.4468   -401.63854  -0.02117856 
   17035    212.01043   -4899.5909    9476.4439    13423.701   -1.1414096 
Loop time of 1.61626 on 28 procs for 10000 steps with 14000 atoms

Performance: 53.457 ns/day, 0.449 hours/ns, 6187.126 timesteps/s
99.6% CPU use with 28 MPI tasks x no OpenMP threads

MPI task timing breakdown:
Section |  min time  |  avg time  |  max time  |%varavg| %total
---------------------------------------------------------------
Pair    | 0.088989   | 0.31628    | 0.63766    |  29.4 | 19.57
Bond    | 0.03884    | 0.10937    | 0.17645    |  12.1 |  6.77
Neigh   | 0.0027372  | 0.0028316  | 0.0029862  |   0.2 |  0.18
Comm    | 0.30133    | 0.6417     | 0.93942    |  23.4 | 39.70
Output  | 8.4274e-05 | 0.0001095  | 0.00014228 |   0.0 |  0.01
Modify  | 0.092054   | 0.25058    | 0.41245    |  17.2 | 15.50
Other   |            | 0.2954     |            |       | 18.28

Nlocal:    500 ave 824 max 172 min
Histogram: 2 2 4 3 3 2 5 4 0 3
Nghost:    340.464 ave 532 max 168 min
Histogram: 3 3 2 3 2 7 2 2 1 3
Neighs:    5464.71 ave 9954 max 1715 min
Histogram: 2 6 3 3 1 4 1 3 3 2

Total # of neighbors = 153012
Ave neighs/atom = 10.9294
Ave special neighs/atom = 5.82857
Neighbor list builds = 5
Dangerous builds = 0

unfix fxlan
unfix fxnve
reset_timestep 0

variable t equal step
variable steps equal 500000000
variable dt_thermo equal 1000000
variable dt_movie equal 10000000
variable dt_restart equal 50000000

group rxnSites type 1 3
4000 atoms in group rxnSites

# fix ID group-ID(atom-types) bond/create Nevery itype jtype Rmin bondtype (prob values = fraction seed) (iparam maxbond newType)
fix bondc rxnSites bond/create/random 20 1 3 12.72 3 prob 1 ${seed} iparam 1 1 jparam 1 3
fix bondc rxnSites bond/create/random 20 1 3 12.72 3 prob 1 55637 iparam 1 1 jparam 1 3

# fix ID group-ID bond/break Nevery bondtype Rmax keyword values ...
fix bondbr rxnSites bond/break 20 3 12.72 prob 1 ${seed}
fix bondbr rxnSites bond/break 20 3 12.72 prob 1 55637

variable frmbnd equal f_bondc[2]
variable brkbnd equal f_bondbr[2]
fix saveBond all print ${dt_thermo} "$t ${frmbnd} ${brkbnd}" file BondData_${fName}.dat screen no
fix saveBond all print 1000000 "$t ${frmbnd} ${brkbnd}" file BondData_${fName}.dat screen no
fix saveBond all print 1000000 "$t ${frmbnd} ${brkbnd}" file BondData_Run2.dat screen no

thermo_style custom step epair pe ke ebond eangle temp bonds
thermo ${dt_thermo}
thermo 1000000
fix saveThermo all print ${dt_thermo} "$t $(temp) $(ke) $(pe) $(epair) $(ebond) $(eangle) $(bonds)" file Thermo_${fName}.dat title "# Steps Temp KinEng PotEng Epair Ebond Eangle Bonds" screen no
fix saveThermo all print 1000000 "$t $(temp) $(ke) $(pe) $(epair) $(ebond) $(eangle) $(bonds)" file Thermo_${fName}.dat title "# Steps Temp KinEng PotEng Epair Ebond Eangle Bonds" screen no
fix saveThermo all print 1000000 "$t $(temp) $(ke) $(pe) $(epair) $(ebond) $(eangle) $(bonds)" file Thermo_Run2.dat title "# Steps Temp KinEng PotEng Epair Ebond Eangle Bonds" screen no

############################ Langevin Dynamics ###############################
fix fxlan all langevin $T $T 1000 ${seed}
fix fxlan all langevin 310 $T 1000 ${seed}
fix fxlan all langevin 310 310 1000 ${seed}
fix fxlan all langevin 310 310 1000 55637
fix fxnve all nve

comm_style tiled
fix fxbal all balance 1000 1.1 rcb

timestep 25

dump coor all custom ${dt_movie} traj_${fName}.dump id type mol mass x y z xu yu zu
dump coor all custom 10000000 traj_${fName}.dump id type mol mass x y z xu yu zu
dump coor all custom 10000000 traj_Run2.dump id type mol mass x y z xu yu zu

restart ${dt_restart} ${fName}_tp_*.restart
restart 50000000 ${fName}_tp_*.restart
restart 50000000 Run2_tp_*.restart
run ${steps}
run 500000000
Neighbor list info ...
  update every 1 steps, delay 1 steps, check yes
  max neighbors/atom: 2000, page size: 100000
  master list distance cutoff = 26.9
  ghost atom cutoff = 26.9
  binsize = 13.45, bins = 63 63 63
  2 neighbor lists, perpetual/occasional/extra = 1 1 0
  (1) pair lj/cut, perpetual
      attributes: half, newton on
      pair build: half/bin/newton
      stencil: half/bin/3d/newton
      bin: standard
  (2) fix bond/create/random, occasional, copy from (1)
      attributes: half, newton on
      pair build: copy
      stencil: none
      bin: none
Per MPI rank memory allocation (min/avg/max) = 17.88 | 18.29 | 18.88 Mbytes
Step E_pair PotEng KinEng E_bond E_angle Temp Bonds 
       0   -4899.5909     4576.853    8846.8476    3123.5713    6352.8726    212.01043    13800 
 1000000   -2235.4722    4280.5449    12939.612   -2020.7684    8536.7855    310.09156    15147 
 2000000   -2604.2754    3216.2196    13061.949   -2759.8181     8580.313     313.0233    15309 
 3000000   -2800.6246    2666.8695    12961.142   -3058.3413    8525.8354     310.6075    15376 
 4000000   -2941.5681     2470.204    12922.617   -3146.6583    8558.4304    309.68427    15423 
 5000000   -2869.8409    2446.1528    12816.841   -3279.7296    8595.7232     307.1494    15429 
 6000000   -2971.7881    2332.0723    13061.707   -3298.1005    8601.9609    313.01751    15449 
 7000000     -3119.72    2152.0329    12941.141   -3401.8722     8673.625     310.1282    15474 
 8000000   -3224.9252    1771.3834    12808.934   -3499.1933    8495.5019    306.95992    15491 
 9000000   -3238.1123    1805.7046    12929.934   -3669.2849    8713.1017    309.85963    15521 
10000000    -3296.935    1675.4354    12966.157   -3543.9219    8516.2922    310.72769    15503 
11000000   -3439.5102    1522.5611    12750.721    -3621.001    8583.0722    305.56488    15512 
12000000   -3431.1633    1523.6433    12853.987   -3597.0879    8551.8946    308.03959    15506 
13000000   -3340.2841    1431.9937    12746.821   -3763.0815    8535.3593    305.47141    15538 
14000000   -3403.0345    1358.0986    12853.301   -3785.5047    8546.6378    308.02315    15536 
15000000   -3475.3818    1358.4139    13012.552   -3728.9876    8562.7833    311.83953    15533 
16000000   -3419.2651    1298.4812    12902.378   -3757.7186    8475.4649    309.19926    15532 
17000000   -3514.1027    1179.9372    12978.073    -3890.388     8584.428    311.01326    15543 
18000000   -3432.1111     1287.158    12879.539   -3782.2319     8501.501    308.65194    15537 
19000000   -3561.5873    1239.1402    12846.421   -3703.4454    8504.1729    307.85827    15534 
20000000   -3532.8696    1296.1928    13045.381   -3776.2037    8605.2661    312.62625    15528 
21000000   -3514.6308    1085.1492    12903.067   -3864.0051    8463.7852    309.21578    15556 
22000000   -3602.8149    1113.6115    12961.023   -3784.2307    8500.6571    310.60466    15559 
23000000    -3633.902    1014.7166     12912.98   -3788.7185    8437.3371    309.45332    15555 
24000000   -3774.1729    835.17414    12995.968   -3954.5008    8563.8478    311.44211    15588 
25000000   -3613.9127    863.97156    13091.911   -3983.5015    8461.3857    313.74132    15580 
26000000   -3726.9722     736.9836    12944.618   -3971.0364    8434.9922    310.21152    15572 
27000000   -3648.2227     983.9163    12945.384   -3869.5792    8501.7182    310.22988    15571 
28000000   -3725.9008    758.08534    12999.038   -3970.1029    8454.0891    311.51566    15587 
29000000   -3758.4971    759.47639    12713.895    -3905.335    8423.3085    304.68235    15593 
30000000   -3876.0666    658.76207    12939.975   -3960.8608    8495.6895    310.10025    15596 
31000000   -3925.0385    576.39369     12983.38   -4024.9113    8526.3435    311.14042    15594 
32000000   -3893.0057    488.08219    12916.751   -4057.3311    8438.4189     309.5437    15609 
33000000   -3786.5152    630.17843    13032.434    -4000.847    8417.5407      312.316    15598 
34000000   -3886.6457    543.44308    13045.033   -4034.5174    8464.6062    312.61791    15596 
35000000   -3890.7228    479.97794    12888.346   -4090.0376    8460.7383    308.86299    15617 
36000000   -3865.8984    357.81572    13013.431   -4128.9642    8352.6783     311.8606    15610 
37000000     -3974.01     378.0149    12903.023   -4110.7684    8462.7933    309.21472    15611 
38000000   -3870.3596    566.29519     13033.23   -4026.9953    8463.6501    312.33506    15599 
39000000   -3910.9569     508.9409    12887.913   -4084.1715    8504.0693    308.85262    15605 
40000000   -3922.4826    563.87253    12975.323   -3967.7598     8454.115    310.94736    15605 
41000000   -3939.6063    199.98034    12984.377   -4075.0694    8214.6561    311.16432    15612 
42000000   -3896.5379     432.7484    12948.852   -4048.4838    8377.7701    310.31298    15602 
43000000   -3975.3324    396.46178    12933.622   -4057.2619    8429.0561      309.948    15615 
44000000   -4056.9583    64.930688    12914.597   -4147.2683    8269.1573    309.49209    15626 
45000000   -3921.5365    530.99759    12898.957   -3911.6112    8364.1453    309.11727    15591 
46000000   -4015.3723    434.50537    12745.576   -4021.6244     8471.502    305.44158    15591 
47000000   -4013.0311    246.49643    12876.144    -4105.149    8364.6766    308.57056    15621 
48000000    -3980.701    393.63502    12797.453   -4073.2931    8447.6291    306.68479    15606 
49000000   -4021.8987    322.20593    12852.505   -4075.3375    8419.4421    308.00407    15614 
50000000   -4109.5062     136.4185    12943.077   -4113.6139    8359.5387     310.1746    15620 
51000000   -4018.4252     258.1966    12986.805   -4124.9041    8401.5259    311.22252    15619 
52000000   -3978.9173    135.56048    12723.611   -4138.8182    8253.2959     304.9152    15617 
53000000   -3990.3154    168.62082    13068.249   -4121.0328    8279.9691    313.17427    15624 
54000000    -4055.664    296.54796    13074.408   -4079.9735    8432.1855    313.32186    15626 
55000000   -4048.1401    98.890143    12810.295   -4174.9034    8321.9337    306.99253    15629 
56000000    -4085.633   -18.292631    12922.049   -4234.6667    8302.0071    309.67065    15629 
57000000   -4148.2518    78.002937    12880.304   -4086.3004    8312.5552    308.67028    15623 
58000000   -4114.6184    87.762901    12926.783   -4161.8209    8364.2022    309.78411    15630 
59000000   -4142.5884   -45.369677    12897.768   -4225.9462    8323.1649    309.08877    15635 
60000000   -4068.0239   -154.84427    12826.771   -4259.9963     8173.176    307.38737    15637 
61000000   -4211.0665   -16.421346    12841.717   -4206.1204    8400.7656    307.74555    15626 
62000000   -4102.0556    121.77084    12865.422   -4149.0531    8372.8795    308.31362    15621 
63000000   -4161.3601     57.00404    13038.631    -4118.116    8336.4801     312.4645    15629 
64000000   -4010.0225    286.16238     13112.58   -4083.3986    8379.5835    314.23664    15630 
65000000    -4107.946   -32.447511    12861.511   -4289.3909    8364.8893     308.2199    15636 
66000000   -4134.8214   -126.77389    12998.679   -4302.5632    8310.6108    311.50707    15645 
67000000   -4105.5471    203.65707     12744.12   -4147.3789    8456.5831    305.40668    15637 
68000000    -4109.716   -37.369752    13051.257   -4214.3039    8286.6501    312.76707    15640 
69000000   -4167.5001    21.712681    12726.475   -4204.6179    8393.8306    304.98382    15627 
70000000   -4118.2556  -0.87473993    12853.403   -4213.1139    8330.4948    308.02559    15638 
71000000   -4170.4302    182.60431    12829.232   -4094.3827    8447.4172    307.44636    15628 
72000000   -4044.4646    191.60469    13096.572   -4107.5626    8343.6318    313.85302    15625 
73000000   -4093.7888    132.34651     13043.86   -4114.6612    8340.7966     312.5898    15630 
74000000   -4089.7098    227.42904    12975.149   -4171.2577    8488.3965    310.94319    15633 
75000000   -4066.3331    128.75431    12946.424   -4252.1461    8447.2336    310.25479    15645 
76000000   -4080.4394    103.44283    13052.478   -4258.9329    8442.8152    312.79633    15644 
77000000   -4114.8229    227.05534     12876.87   -4092.8012    8434.6794    308.58797    15634 
78000000   -4090.8098    142.23214    12942.173   -4111.8814    8344.9234    310.15294    15629 
79000000   -4067.7928    270.90318    12947.066   -4051.5836    8390.2796    310.27018    15626 
80000000    -4129.352    11.037691    12889.118   -4238.3865    8378.7762     308.8815    15643 
81000000   -4050.2786   -4.4257093     12945.11   -4234.9583    8280.8112    310.22332    15643 
82000000   -4024.9866    159.09458    12934.676   -4128.0895    8312.1706    309.97326    15632 
83000000   -4059.0578     178.9213    12921.784   -4184.3987    8422.3777    309.66432    15643 
84000000   -4054.8029    140.75391    12852.201   -4141.0583    8336.6151     307.9968    15618 
85000000   -4096.6747    45.355795    12822.658   -4137.6366     8279.667    307.28882    15625 
86000000    -4159.482    44.477958    12793.012   -4108.9382    8312.8982    306.57836    15624 
87000000   -4102.0091    106.79402    12936.725   -4124.4022    8333.2053    310.02238    15625 
88000000   -4184.0741   -32.416748    13028.268   -4132.7823    8284.4396    312.21616    15626 
89000000   -4089.4051    119.71117    13009.359   -4116.6629    8325.7792    311.76301    15642 
90000000   -3991.4411    306.00843     12745.02   -4051.4369    8348.8865    305.42826    15623 
91000000   -4109.1209    130.50445    12821.561   -4139.2373    8378.8626    307.26251    15623 
92000000   -4139.5571    142.02084    12959.166   -4208.7301     8490.308    310.56016    15639 
93000000   -4164.4887    97.297745    12772.822   -4083.2991    8345.0856    306.09451    15621 
94000000   -4213.1295   -116.05682    12874.168   -4250.8388    8347.9115    308.52323    15637 
95000000   -4088.9662    135.19603    13081.919   -4171.3307     8395.493    313.50187    15635 
96000000   -4180.7005   -113.47686    12985.508   -4251.5442    8318.7678    311.19144    15645 
97000000   -4103.9432    92.459386    12794.825   -4107.3796    8303.7822     306.6218    15633 
98000000   -4141.3837   -71.067361    12896.453   -4180.2527     8250.569    309.05728    15633 
99000000   -4236.0711   -34.303751      13073.2   -4127.7605    8329.5278    313.29294    15638 
100000000   -4232.2283   -12.292629    13069.234   -4174.1766    8394.1122    313.19789    15633 
101000000   -4278.0171   -109.44485    12955.633   -4206.4922    8375.0644    310.47549    15656 
102000000   -4223.9788    -144.1877    12973.879   -4190.0452    8269.8363    310.91275    15635 
103000000   -4241.4814   -52.092371    13021.825   -4223.1358    8412.5249    312.06174    15642 
104000000   -4198.5338   -14.853953    12998.485    -4220.643    8404.3229    311.50241    15639 
105000000   -4133.9441   -10.880136    13050.226   -4182.9048    8305.9688    312.74237    15635 
106000000   -4174.7545    113.11887    12874.951   -4112.6523    8400.5257    308.54199    15635 
107000000   -4155.5981    55.726231     13038.12   -4154.6451    8365.9694    312.45226    15639 
108000000   -4087.6082    105.97262    12983.338   -4169.1473    8362.7281    311.13944    15625 
109000000   -4160.8189   -12.496544    13028.328   -4241.4837     8389.806     312.2176    15642 
110000000   -4243.0255   -225.95233    12893.757   -4285.5346    8302.6078    308.99265    15644 
111000000   -4218.9465   -47.780463    12956.358   -4290.8307    8461.9967    310.49286    15648 
112000000   -4178.6157    104.23736    12884.643   -4163.9025    8446.7556    308.77424    15627 
113000000   -4271.7962   -50.554278    13046.362   -4183.5852    8404.8272    312.64976    15643 
114000000    -4176.188   -128.78002     12802.79   -4299.9295    8347.3375    306.81268    15650 
115000000   -4242.1629   -44.279381    12881.324   -4174.1844    8372.0679     308.6947    15638 
116000000   -4285.3508   -240.60878    12941.158   -4235.9305    8280.6725     310.1286    15649 
117000000   -4241.0998   -167.92002    12887.551    -4185.594    8258.7738    308.84393    15632 
118000000   -4180.0219    26.636403    12930.547   -4190.2458    8396.9041    309.87432    15638 
119000000   -4161.7539   -44.366266    13012.466    -4311.881    8429.2686    311.83747    15644 
120000000   -4154.1083   -163.68882    12856.284   -4309.0517    8299.4711    308.09465    15643 
121000000   -4186.2055   -96.072431    12990.808   -4278.8158    8368.9488    311.31843    15644 
122000000   -4177.8347    92.525206     12926.75   -4127.6903    8398.0502    309.78332    15631 
123000000    -4171.986   -113.84295    12938.447    -4180.306     8238.449    310.06365    15632 
124000000   -4248.3365    -287.0552    12978.776   -4251.0301    8212.3114    311.03009    15631 
125000000   -4252.1637   -64.396918    12791.818   -4164.1363    8351.9031    306.54975    15639 
126000000   -4205.2386   -139.48911    12911.623   -4242.8332    8308.5827    309.42081    15642 
127000000   -4247.3934   -265.74935    13023.641   -4294.2385    8275.8826    312.10528    15655 
128000000   -4191.7821    3.9849126    13022.113    -4230.992     8426.759    312.06866    15647 
129000000   -4262.5135   -61.551921    12950.149   -4171.0141    8371.9757    310.34407    15640 
130000000   -4190.7107   -125.83263     13104.96   -4226.5665    8291.4445    314.05404    15639 
131000000   -4238.9599   -16.693708    13013.223   -4113.3787    8335.6449     311.8556    15634 
132000000   -4259.7036   -101.60857    12804.949   -4095.8591    8253.9542    306.86443    15627 
133000000   -4175.2013   -157.14807    13101.398   -4226.7435    8244.7967    313.96868    15623 
134000000   -4212.5172   -47.310624    12804.047   -4140.3137    8305.5202    306.84281    15625 
135000000   -4257.2516   -231.05086    13073.031   -4302.1627    8328.3634    313.28889    15651 
136000000   -4153.4073   -137.24538    12944.951   -4256.4559    8272.6179     310.2195    15645 
137000000     -4228.83   -164.36766    12968.216   -4215.1105    8279.5728    310.77704    15638 
138000000   -4173.9135   -129.09673    12845.296   -4281.0608    8325.8776    307.83132    15653 
139000000   -4217.5573   -139.93116    12701.762   -4205.8178    8283.4439     304.3916    15626 
140000000   -4166.2194   -170.16417     12972.12   -4313.2545    8309.3097     310.8706    15645 
141000000   -4271.5102    -21.44526    12866.743   -4141.0446    8391.1096    308.34529    15632 
142000000   -4239.4396   -169.59323     12992.81   -4248.8253    8318.6716    311.36641    15632 
143000000   -4200.1461   -190.78641    12819.281   -4248.6813     8258.041    307.20789    15641 
144000000   -4195.0761   -54.110962    12841.506   -4116.1945    8257.1596    307.74048    15625 
145000000   -4103.6152     75.72149    13005.396   -4050.7576    8230.0943    311.66803    15622 
146000000   -4195.9391   -38.864898    12946.838   -4228.2224    8385.2966    310.26472    15632 
147000000   -4182.4316   -116.12623     12891.63   -4205.6214    8271.9268    308.94168    15635 
148000000   -4324.4352    -266.5855    12998.988   -4341.0683     8398.918    311.51446    15646 
149000000   -4262.9978   -17.389802    13015.212   -4118.1005    8363.7085    311.90328    15618 
150000000   -4225.6407   -302.11202    13069.383   -4264.8718    8188.4005    313.20145    15637 
151000000   -4288.7262   -281.21149    12904.599   -4281.4704    8288.9851    309.25249    15631 
152000000    -4241.472   -138.53394    12788.766   -4137.6408    8240.5789    306.47661    15635 
153000000   -4245.7785   -91.005124    12916.576   -4178.6307     8333.404    309.53951    15622 
154000000   -4223.1714   -95.574614    12618.735   -4124.2551    8251.8518     302.4019    15619 
155000000   -4253.5084   -223.49783    12894.095   -4199.8285    8229.8391    309.00077    15631 
156000000   -4228.4305    31.694456    12839.798    -4075.075    8335.1999    307.69956    15621 
157000000   -4236.7498   -99.263872    12929.095   -4186.6131    8324.0991    309.83952    15640 
158000000   -4223.7316   -157.83558    12883.765   -4155.8669    8221.7629     308.7532    15643 
159000000     -4262.74    -169.6745    12887.613   -4241.6841    8334.7496    308.84543    15632 
160000000   -4227.8963    -22.53218    13013.876   -4115.5275    8320.8916    311.87125    15637 
161000000   -4332.5526   -251.78163    12737.969   -4190.6197    8271.3907    305.25927    15626 
162000000   -4281.4594   -127.06422    12862.066   -4111.5632    8265.9584     308.2332    15619 
163000000   -4309.1604   -246.90833    12977.547   -4120.7943    8183.0464    311.00065    15639 
164000000   -4213.3468   -221.96035     12912.22   -4301.1053    8292.4918    309.43512    15649 
165000000   -4190.4069   -36.292298    12969.291   -4161.0573    8315.1719    310.80279    15635 
166000000   -4251.6501    -120.7198      12989.6   -4231.3675    8362.2978    311.28948    15633 
167000000   -4184.6188    13.755538    12838.986   -4135.6625    8334.0368    307.68011    15621 
168000000   -4250.6091   -87.326665     12906.91   -4129.8937    8293.1761    309.30787    15635 
169000000   -4247.1798   -302.62181    12817.197   -4338.9751    8283.5331    307.15794    15648 
170000000   -4178.5804   -128.47942    12907.183   -4192.5611     8242.662    309.31442    15626 
171000000   -4251.5111   -220.21174    12907.218   -4151.5437     8182.843    309.31525    15647 
172000000   -4288.2319   -283.58467    12870.732   -4184.0703    8188.7175    308.44089    15631 
173000000   -4364.3813   -303.63602    12896.447   -4133.3757     8194.121    309.05713    15639 
174000000   -4306.7833    -401.4158    12968.499   -4255.7624    8161.1299    310.78381    15651 
175000000   -4299.6422   -159.95874    13043.944   -4096.8888    8236.5722    312.59181    15633 
176000000   -4366.0529    -281.7111    12863.128   -4148.3899    8232.7316    308.25866    15636 
177000000   -4312.7076   -191.49096     12907.87   -4137.8684    8259.0851    309.33087    15642 
178000000   -4223.3759   -106.32287    12983.852   -4174.0409     8291.094    311.15176    15637 
179000000    -4231.998     -57.3126    12982.789    -4084.315    8259.0005    311.12628    15636 
180000000   -4268.1655   -359.14358    12931.753   -4269.9235    8178.9454    309.90322    15647 
181000000   -4309.8984   -294.12247    12810.445   -4209.1553    8224.9312    306.99614    15637 
182000000   -4281.9272   -307.60411    12925.105   -4200.9024    8175.2255    309.74391    15648 
183000000   -4295.5473   -349.10355     12841.99     -4275.68    8222.1238    307.75209    15640 
184000000   -4310.0317   -239.82909    13072.865   -4158.3579    8228.5604     313.2849    15622 
185000000    -4305.234   -291.45944    13010.342   -4209.2586    8223.0331    311.78657    15640 
186000000   -4206.4537   -314.12831    13010.319   -4271.9103    8164.2357    311.78602    15641 
187000000   -4294.6526   -389.52975    12878.639   -4236.8499    8141.9728    308.63038    15643 
188000000   -4191.3493   -231.07827    12685.095   -4236.9037    8197.1746    303.99218    15628 
189000000   -4260.1416   -197.03439    12995.383   -4194.0232    8257.1304    311.42809    15643 
190000000   -4301.3079   -136.99075    12940.267   -4149.7615    8314.0787    310.10725    15637 
191000000   -4260.6871   -248.87591    12938.828   -4215.4967    8227.3079    310.07277    15638 
192000000   -4298.6592   -189.08057    12969.398   -4191.0347    8300.6133    310.80537    15647 
193000000    -4176.628   -168.77644    12874.814   -4174.2562    8182.1078    308.53871    15647 
194000000   -4222.8369   -348.35204    12677.155   -4275.7401    8150.2249    303.80191    15648 
195000000   -4264.1089   -270.58084    12951.631   -4226.7981    8220.3262     310.3796    15632 
196000000    -4246.784   -28.906784    12963.491   -4095.7577    8313.6349    310.66381    15617 
197000000   -4319.5687   -286.04441    12984.326   -4230.8262    8264.3505    311.16309    15645 
198000000   -4336.0481    -338.2852     12993.72   -4200.6844    8198.4473    311.38822    15645 
199000000   -4269.9072   -256.44208    12961.309    -4195.658    8209.1231    310.61151    15630 
200000000   -4269.8126   -118.19648    12850.458   -4131.4771    8283.0932    307.95503    15634 
201000000   -4299.8265    -88.10135     13031.83    -4175.479    8387.2042     312.3015    15647 
202000000   -4222.0102   -119.62548    12913.189   -4170.3375    8272.7222    309.45835    15633 
203000000   -4194.4249    2.7122767    12976.259   -4128.9829    8326.1201    310.96978    15631 
204000000   -4317.0853   -178.48806     12959.02   -4196.3143    8334.9115    310.55666    15642 
205000000   -4259.7374   -211.40056    12906.534   -4222.2014    8270.5382    309.29887    15638 
206000000   -4298.1505   -227.48215     12911.02   -4249.4635    8320.1319    309.40637    15637 
207000000   -4277.5305   -193.02415    13089.227   -4135.5411    8220.0475    313.67701    15635 
208000000   -4301.9833   -294.03056    12754.974   -4255.5228    8263.4755    305.66679    15651 
209000000   -4285.5525   -306.92783    12844.015   -4243.0578    8221.6825    307.80062    15638 
210000000   -4330.2069    -354.1811     12980.68   -4274.8308    8250.8566    311.07574    15641 
211000000   -4215.5295   -167.26767    12835.538   -4260.9639    8309.2257    307.59747    15648 
212000000   -4235.4236   -148.55114    12908.295   -4195.6835    8282.5559    309.34105    15636 
213000000   -4215.1523   -325.63218    12941.976   -4301.5518    8191.0719    310.14821    15646 
214000000   -4131.1908   -72.756552    13044.689   -4209.5985    8268.0327    312.60967    15648 
215000000    -4261.139   -312.30914    13149.249   -4259.4834    8208.3132    315.11541    15642 
216000000   -4110.4993   -162.90047    12901.912   -4162.1901    8109.7889    309.18808    15630 
217000000   -4227.3275   -157.59006    12929.842    -4192.576    8262.3135    309.85742    15636 
218000000   -4222.7335   -79.159331    13030.814   -4089.1337    8232.7079    312.27717    15637 
219000000   -4195.2826   -266.56004    12973.628   -4235.9151    8164.6377    310.90672    15641 
220000000   -4251.0801   -263.26872    12900.949   -4223.0587    8210.8701    309.16502    15642 
221000000   -4190.2666    15.094437    12919.986   -4050.1352    8255.4963    309.62123    15627 
222000000   -4296.5917   -484.03564    12792.137   -4381.8907    8194.4468    306.55738    15654 
223000000   -4309.4872   -312.85287    12870.785   -4227.0292    8223.6635    308.44215    15636 
224000000   -4297.5596   -261.00195    13004.847   -4167.6269    8204.1845    311.65489    15640 
225000000   -4232.1501   -176.65556    12877.286   -4189.9887    8245.4832    308.59795    15648 
226000000   -4385.6688   -325.77523    12808.376   -4213.7999    8273.6935    306.94654    15650 
227000000   -4304.9277   -330.28429    12904.949   -4283.5056    8258.1489    309.26088    15647 
228000000   -4309.8204   -319.79525    13050.118   -4193.9604    8183.9855    312.73978    15642 
229000000   -4272.6594   -277.45215    12853.708    -4190.011    8185.2182     308.0329    15635 
230000000   -4271.5979   -303.92191    12984.188   -4173.7617    8141.4377    311.15979    15632 
231000000   -4291.8152   -365.48665    12907.251    -4351.519    8277.8475    309.31603    15640 
232000000   -4261.7263   -171.58769    12863.563   -4009.6615    8099.8002    308.26907    15619 
233000000   -4342.8086   -240.78417    12922.823   -4199.4402    8301.4647    309.68922    15630 
234000000   -4275.4454    -150.8011    13061.958   -4151.3495    8275.9938    313.02352    15634 
235000000   -4228.7833   -201.49649    12947.962   -4212.5052     8239.792    310.29166    15630 
236000000   -4259.9456   -416.52379    13014.671   -4327.4108    8170.8327     311.8903    15648 
237000000   -4324.2125   -296.24388    12996.932   -4275.5436    8303.5122    311.46521    15648 
238000000   -4247.9666   -187.86973    12929.342   -4243.1858    8303.2827    309.84543    15653 
239000000   -4222.0165   -136.20174    13091.421   -4250.4739    8336.2887    313.72959    15639 
240000000   -4200.7633   -127.85571    12996.251   -4193.8674     8266.775    311.44887    15634 
241000000   -4120.4629   -55.655942    12910.715   -4190.9621    8255.7691    309.39905    15641 
242000000   -4260.2759   -70.533836    12850.339   -4097.5887    8287.3307    307.95216    15625 
243000000   -4223.0391   -107.85968     13065.18    -4109.668    8224.8475    313.10073    15635 
244000000    -4247.664   -129.76583    12979.368    -4113.186    8231.0841    311.04429    15623 
245000000   -4212.0623   -1.6879408    12937.936   -4098.5365    8308.9109    310.05139    15633 
246000000   -4312.6009   -224.85374    12952.388   -4134.0179    8221.7651    310.39773    15638 
247000000   -4212.2608   -236.67033    13040.986   -4221.5538    8197.1443    312.52094    15646 
248000000   -4210.3521   -269.60445    12880.041   -4229.0806    8169.8282    308.66396    15642 
249000000   -4313.5343   -274.20212    12979.984   -4231.3469    8270.6791    311.05904    15645 
250000000   -4264.1008    -211.4323     12884.49   -4245.5354    8298.2039    308.77057    15651 
251000000   -4328.4881   -213.68101    12804.458   -4197.3994    8312.2065    306.85265    15639 
252000000   -4205.5872   -127.22133    13010.135   -4147.9668    8226.3327     311.7816    15634 
253000000   -4179.7886   -278.43301    12950.731   -4334.0374     8235.393    310.35801    15662 
254000000   -4252.7992   -152.83869    13049.551   -4146.6355     8246.596     312.7262    15632 
255000000   -4247.7957   -352.94743    12867.558   -4199.7486    8094.5969    308.36481    15647 
256000000   -4298.0562   -325.30665    13019.604   -4280.1549    8252.9044    312.00851    15643 
257000000    -4280.135   -222.21243    12787.328   -4278.5472    8336.4698    306.44215    15642 
258000000   -4264.7251   -321.10917    13083.056   -4190.0171     8133.633    313.52913    15616 
259000000   -4340.8471   -180.34166    12907.727   -4173.8441    8334.3495    309.32746    15638 
260000000   -4249.6096   -319.00946    12864.134   -4277.9841    8208.5843    308.28275    15641 
261000000   -4251.5661   -310.67804    13013.056   -4295.1551    8236.0432     311.8516    15648 
262000000   -4387.0859   -316.12704    12887.533   -4181.0205    8251.9794     308.8435    15640 
263000000   -4232.9117   -290.61291     13010.33   -4166.2098    8108.5086    311.78628    15645 
264000000   -4293.2793   -228.55605    13047.815   -4223.4955    8288.2188     312.6846    15639 
265000000    -4292.141   -119.35223    12816.263   -4124.9277    8297.7165    307.13556    15627 
266000000   -4263.1009   -100.98322    12886.283   -4062.8706    8224.9883    308.81355    15634 
267000000   -4161.3618    24.165181    12814.486   -4080.7732    8266.3001    307.09298    15619 
268000000   -4192.6332   -24.341405    12786.604   -4133.5912     8301.883     306.4248    15635 
269000000   -4241.4575   -207.19552    12817.608   -4210.4828    8244.7448    307.16779    15634 
270000000   -4230.2102   -256.09258    12832.351     -4238.21    8212.3275     307.5211    15642 
271000000   -4189.7773   -307.30135    12851.996   -4314.7335    8197.2094    307.99189    15651 
272000000   -4266.1774   -138.55459    12766.129    -4149.107    8276.7298    305.93412    15641 
273000000   -4227.2722   -165.66791     12922.73   -4170.4454    8232.0497    309.68698    15627 
274000000   -4271.8935   -336.45127    12821.664   -4260.4188     8195.861    307.26499    15634 
275000000   -4320.7231   -367.03549    12949.715   -4238.1737    8191.8613    310.33366    15635 
276000000   -4337.0465   -263.60323    12984.126   -4112.9495    8186.3927    311.15831    15640 
277000000    -4313.817   -310.83753    12822.101   -4174.9432    8177.9227    307.27545    15644 
278000000   -4210.2558   -96.468258    13012.351   -4190.0408    8303.8284    311.83471    15635 
279000000   -4305.7016   -232.93284    12942.526   -4233.2576    8306.0263    310.16139    15634 
280000000   -4359.5284   -83.148998    12973.727   -4141.6613    8418.0406    310.90911    15642 
281000000   -4348.0716   -249.99527    13053.245   -4223.1798    8321.2561    312.81472    15649 
282000000   -4329.0702   -250.84134    12977.484   -4232.7718    8311.0007    310.99914    15648 
283000000   -4306.3137   -337.16221    12862.583   -4176.0133    8145.1647    308.24559    15638 
284000000   -4291.3899   -282.22445    12841.907   -4279.0078    8288.1732    307.75011    15632 
285000000   -4220.0325   -182.00143    12989.998   -4191.0995    8229.1306    311.29904    15643 
286000000   -4366.3896   -503.17034    12760.801   -4325.9682    8189.1875    305.80643    15639 
287000000   -4355.2205   -238.72754    12736.039   -4217.3403    8333.8333    305.21302    15639 
288000000   -4303.5581   -83.020414    12987.114   -4066.6652    8287.2029    311.22991    15624 
289000000   -4245.7608   -328.48136    12882.062   -4244.2534    8161.5328    308.71239    15649 
290000000   -4293.5257   -305.39307     12962.88    -4152.198    8140.3307    310.64917    15633 
291000000   -4291.6047   -281.29768    12880.304   -4218.9412    8229.2482    308.67026    15636 
292000000    -4241.861   -180.02318    13015.237   -4233.2535    8295.0913    311.90388    15655 
293000000    -4248.389    -178.0796    12887.821   -4265.2973    8335.6067    308.85042    15638 
294000000   -4294.6446   -234.12543    13038.777   -4161.5127    8222.0319      312.468    15639 
295000000   -4259.3332   -125.73197    13024.324   -4230.4424    8364.0437    312.12164    15644 
296000000    -4293.323   -320.53822    12934.249   -4190.5212     8163.306    309.96303    15637 
297000000   -4172.2307    19.576218    13032.993   -4037.5793    8229.3862    312.32938    15623 
298000000   -4231.4562    -138.6333    13023.699   -4168.8835    8261.7063    312.10666    15637 
299000000   -4257.7054    -165.9528    12992.855   -4223.0391    8314.7916    311.36749    15649 
300000000   -4228.3696   -332.21951    12935.993   -4213.2759     8109.426    310.00482    15648 
301000000   -4261.5333   -293.62339     12931.52   -4214.5105    8182.4204    309.89763    15633 
302000000   -4276.7287   -276.52394    12909.228   -4233.0464    8233.2512    309.36342    15644 
303000000   -4219.2278   -288.38047    13089.452   -4283.6617    8214.5091    313.68239    15644 
304000000   -4154.6558   -84.845279    13021.942   -4228.0346    8297.8451    312.06454    15638 
305000000   -4183.5233    24.507879    12939.383    -4095.419    8303.4501    310.08607    15635 
306000000   -4167.2005   -54.073151    13027.775   -4093.3449    8206.4723    312.20435    15627 
307000000   -4261.1669   -190.00989    12839.743   -4172.8084    8243.9654    307.69825    15632 
308000000   -4237.5047    -150.8082     12837.49   -4116.8046    8203.5011    307.64424    15633 
309000000   -4337.4325   -202.87838    12896.276   -4174.4138    8308.9679    309.05304    15639 
310000000   -4247.3693   -88.999515    12860.358   -4149.8936    8308.2635    308.19226    15625 
311000000   -4195.2124   -184.93612     12910.53   -4283.3659    8293.6422    309.39462    15644 
312000000    -4298.677    -329.7318     12773.84   -4287.2643    8256.2095    306.11891    15651 
313000000   -4307.1655   -168.31492    12967.369    -4130.243    8269.0937    310.75674    15643 
314000000   -4209.8177    -116.3484    13015.836    -4129.995    8223.4643    311.91822    15624 
315000000   -4236.3767     -266.925    12880.395   -4247.4326    8216.8843    308.67245    15655 
316000000   -4275.0229   -153.57293    12905.066   -4221.0459    8342.4959    309.26368    15646 
317000000   -4181.9108   -163.15953    12892.481   -4213.6725    8232.4238    308.96208    15642 
318000000   -4255.3336   -37.571021    12867.452   -4107.5469    8325.3095    308.36229    15635 
319000000   -4125.3581   -100.06025    12800.238   -4235.3424    8260.6403    306.75153    15636 
320000000   -4256.2282   -90.104901    12929.921     -4190.14    8356.2633    309.85931    15638 
321000000   -4233.1079   -225.28454    12829.245   -4244.6755    8252.4989    307.44665    15641 
322000000   -4233.0713   -294.58231    12852.029   -4213.0547    8151.5437    307.99266    15638 
323000000   -4251.3482   -288.97926    12891.132   -4196.7332    8159.1021    308.92976    15644 
324000000   -4239.7201   -259.89609    12887.638    -4192.254     8172.078    308.84603    15628 
325000000   -4248.6856   -260.04655    13105.123   -4295.1318    8283.7708    314.05795    15643 
326000000   -4210.8972   -148.64424    12928.898   -4163.6467    8225.8997    309.83479    15631 
327000000   -4227.8992   -171.33913    12954.708    -4173.049    8229.6091    310.45333    15634 
328000000   -4194.4203   -150.94605    12992.489   -4200.4651    8243.9394    311.35872    15642 
329000000   -4259.4974   -269.07407    12893.366   -4245.0893    8235.5127    308.98328    15628 
330000000   -4322.3013    -209.5301    13062.196   -4177.6959    8290.4671    313.02922    15639 
331000000   -4303.6581   -216.18204    12830.243   -4113.1487    8200.6248    307.47059    15630 
332000000   -4272.3962    -76.74074    12835.282   -4123.0772    8318.7327    307.59133    15642 
333000000     -4228.07     -202.176    12820.915   -4206.1785    8232.0725    307.24703    15634 
334000000   -4224.3367   -125.85044    12883.289   -4072.1361    8170.6223    308.74181    15625 
335000000   -4201.5264   -110.24276    13041.584   -4116.0305    8207.3141    312.53526    15630 
336000000   -4189.3189   -306.73079    12976.303   -4237.9734    8120.5615    310.97085    15627 
337000000   -4284.5985   -338.92598    12940.159   -4200.7822    8146.4547    310.10466    15637 
338000000   -4296.2505   -241.61124    12870.832   -4194.9619    8249.6012    308.44328    15647 
339000000   -4338.9219   -376.38974     12948.58    -4274.622    8237.1541    310.30648    15656 
340000000   -4324.9706    -392.1008    12895.344   -4297.4186    8230.2885    309.03069    15648 
341000000   -4183.8163    4.0672001     12890.21   -4031.9365      8219.82    308.90766    15637 
342000000   -4200.0616   -240.73637    12961.839   -4241.8351    8201.1603    310.62421    15642 
343000000   -4282.1703    -276.9621    12906.793   -4215.7742    8220.9825    309.30507    15639 
344000000   -4269.0296   -195.30135    12924.328   -4243.6576    8317.3859    309.72528    15648 
345000000   -4236.1853   -83.591132    13151.889    -4137.571    8290.1651    315.17866    15636 
346000000   -4195.1841   -253.03511    12861.332   -4326.9462    8269.0952    308.21561    15643 
347000000   -4302.5575   -374.77545    12731.556   -4262.4584    8190.2405     305.1056    15651 
348000000   -4220.8797   -69.153214    12878.013   -4186.7383    8338.4648    308.61537    15628 
349000000   -4284.1863   -312.44828    12788.785   -4223.8695    8195.6075    306.47707    15618 
350000000   -4323.9867   -356.71912    12824.502   -4206.5108    8173.7784      307.333    15638 
351000000   -4286.4995   -117.49327    12952.368   -4179.3666    8348.3729    310.39725    15626 
352000000   -4165.1201   -74.782977    12817.728   -4142.9763    8233.3134    307.17068    15631 
353000000   -4203.8587    -175.3649    12745.344   -4192.8137    8221.3075    305.43601    15643 
354000000   -4357.6575   -435.28502     13104.07   -4339.7876    8262.1601     314.0327    15649 
355000000   -4284.7456   -234.13017    12902.184   -4103.9553    8154.5707    309.19462    15631 
356000000   -4259.9325   -265.81821    12774.372   -4234.7606    8228.8749    306.13167    15636 
357000000   -4255.5202   -245.60832    12861.631   -4170.1235    8180.0354    308.22277    15640 
358000000   -4397.9793   -339.12563    12834.631   -4247.3425    8306.1962    307.57573    15648 
359000000   -4279.8676   -274.97252    12826.293   -4251.4584    8256.3535    307.37593    15641 
360000000   -4185.0415   -245.84389    12987.833   -4245.3185    8184.5161    311.24714    15630 
361000000   -4325.2972   -467.64903    13038.468   -4328.3172    8185.9654    312.46059    15662 
362000000   -4226.9017   -156.82883    12870.742    -4222.842    8292.9148    308.44111    15658 
363000000    -4232.787   -247.69898    12879.008    -4240.748     8225.836    308.63921    15638 
364000000   -4331.0908   -354.15831     13102.84   -4205.0686     8182.001    314.00323    15641 
365000000   -4229.6961   -154.86931    13145.779   -4185.9048    8260.7316    315.03225    15635 
366000000   -4202.0008    15.554612    12930.143   -4132.2499    8349.8053    309.86464    15631 
367000000   -4038.0469    127.28182    13020.324   -4125.5027    8290.8314    312.02577    15634 
368000000   -4238.0834   -336.17984    12827.902   -4313.7779    8215.6815    307.41447    15647 
369000000   -4130.3508   -90.363383    12988.088   -4235.8542    8275.8416    311.25327    15622 
370000000   -4196.8977   -382.54681    12905.902    -4308.764    8123.1149    309.28372    15648 
371000000   -4234.4415   -76.975394    13003.764   -4122.8169    8280.2831    311.62892    15636 
372000000   -4239.2665   -146.64304    12960.352    -4220.274    8312.8974    310.58859    15642 
373000000   -4221.7345   -161.68209    12874.223   -4213.0671    8273.1195    308.52453    15652 
374000000   -4288.2751   -144.97165    13014.574   -4187.7309    8331.0343    311.88797    15634 
375000000    -4161.457   -126.73497     12987.13   -4100.4569     8135.179    311.23031    15626 
376000000    -4278.308   -133.79933    12996.608   -4135.7424    8280.2511    311.45743    15618 
377000000   -4362.8646   -251.00628    13081.517   -4204.3131    8316.1714    313.49224    15651 
378000000   -4261.1388   -149.83435    12963.093   -4243.4901    8354.7946    310.65426    15648 
379000000   -4200.5296   -190.39674    12856.614   -4275.7444    8285.8773    308.10255    15630 
380000000   -4248.7643   -124.44568    13034.671   -4142.1299    8266.4486     312.3696    15640 
381000000   -4269.5651   -170.94706    12936.098   -4165.2887    8263.9068    310.00735    15630 
382000000   -4254.4424   -153.12671     12949.42     -4211.35    8312.6657    310.32661    15647 
383000000   -4318.3978   -215.57234    13031.174   -4208.0391    8310.8645    312.28579    15641 
384000000    -4242.452   -201.96994    12902.716   -4273.7264    8314.2085    309.20735    15651 
385000000   -4285.4206   -178.04042    12889.469   -4171.1615    8278.5417    308.88991    15634 
386000000   -4325.6639    -176.3509    13030.091   -4230.3944    8379.7074    312.25984    15640 
387000000   -4314.8704    -354.4719    13085.819   -4312.2853    8272.6838    313.59533    15661 
388000000   -4260.9592   -219.13513    12970.161   -4197.3424    8239.1664    310.82365    15622 
389000000   -4304.7326    -301.1266    12996.387   -4285.2063    8288.8123    311.45214    15641 
390000000   -4235.8473   -179.41137     13036.22   -4235.0266    8291.4625    312.40671    15648 
391000000    -4273.293   -205.56358    12822.027   -4198.4512    8266.1805    307.27369    15638 
392000000   -4178.4425   -40.235095     12963.91   -4088.3183    8226.5258    310.67384    15617 
393000000   -4220.6471   -152.97662    13080.417   -4208.2834    8275.9538    313.46588    15638 
394000000   -4302.3447    -45.57415    12809.506   -4075.4412    8332.2117    306.97363    15626 
395000000   -4325.9433   -343.97544    13045.252   -4231.7559    8213.7238    312.62315    15634 
396000000   -4211.3393    -184.6819    12927.403   -4156.6327    8183.2901    309.79897    15628 
397000000   -4315.9615   -306.17629    12957.172   -4182.2257     8192.011    310.51237    15642 
398000000   -4305.1093   -316.85245    12906.883   -4213.5524    8201.8092    309.30721    15647 
399000000   -4263.5458   -330.99348    13069.595   -4212.0242    8144.5766    313.20653    15635 
400000000   -4392.4589   -415.89008     12924.05   -4222.7153    8199.2842    309.71862    15637 
401000000   -4312.9697   -278.51504    12906.801   -4174.6058    8209.0605    309.30524    15631 
402000000   -4370.4749   -389.33304     13006.91   -4181.6136    8162.7555    311.70431    15641 
403000000   -4208.5529   -152.82854    12793.501   -4190.7435    8246.4679    306.59007    15649 
404000000   -4294.6346   -212.77072    12845.936   -4141.2945    8223.1585    307.84666    15624 
405000000   -4268.7722   -316.87382    12925.374   -4183.4193    8135.3177    309.75034    15630 
406000000   -4327.9748    -325.4493    13032.466    -4255.872    8258.3975    312.31675    15631 
407000000    -4181.865   -193.98913    12957.227   -4153.1384    8141.0143    310.51369    15630 
408000000    -4290.974    -220.3002    12993.487   -4206.8484    8277.5221    311.38265    15638 
409000000   -4402.1938   -275.88579     12834.73   -4277.3214    8403.6294    307.57812    15640 
410000000    -4271.555   -356.09933    12875.194   -4239.5865    8155.0422     308.5478    15638 
411000000   -4272.5528   -440.66259    12892.874   -4337.6122    8169.5024    308.97149    15639 
412000000   -4230.5509   -230.34079     13122.92   -4218.4372    8218.6472    314.48444    15652 
413000000   -4319.4995   -439.21387    12856.021   -4278.7842    8159.0699    308.08833    15651 
414000000   -4309.5687   -247.36809    12975.094   -4211.9128    8274.1133    310.94187    15640 
415000000   -4377.0466   -321.94132    13019.159   -4207.9176    8263.0229    311.99787    15652 
416000000    -4386.275   -296.89735    12935.589   -4165.5286    8254.9062    309.99515    15625 
417000000    -4323.164   -600.88794    13005.409   -4355.6189     8077.895    311.66835    15649 
418000000   -4346.8254   -431.56791    13102.671   -4185.6058    8100.8632    313.99918    15642 
419000000   -4282.8847   -270.51386    12947.028   -4150.5986    8162.9694    310.26927    15638 
420000000    -4189.757   -178.14345    13134.566   -4204.9072    8216.5208    314.76352    15645 
421000000   -4298.7633   -283.62087    12852.256   -4266.8391    8281.9816    307.99811    15641 
422000000   -4333.8206   -432.48268    12958.274   -4255.2163    8156.5542    310.53878    15653 
423000000   -4244.5074   -176.43341    12908.132   -4203.6905    8271.7645    309.33714    15628 
424000000   -4252.3229   -213.94366    12877.784   -4203.7467    8242.1259    308.60989    15643 
425000000   -4246.2716   -265.65897    12934.823   -4221.3697    8201.9823     309.9768    15652 
426000000   -4321.2531   -320.65846    12973.558   -4269.4679    8270.0625    310.90506    15641 
427000000   -4397.0953   -301.70915    12978.026   -4189.6906    8285.0768    311.01213    15636 
428000000   -4361.1515    -306.6131    12990.449   -4222.3758    8276.9142    311.30983    15639 
429000000   -4327.5954   -242.00438    13056.816    -4190.242    8275.8331    312.90029    15633 
430000000   -4299.8806   -290.20844    13029.157   -4247.5098    8257.1819    312.23746    15633 
431000000   -4233.8375   -219.47593    12936.861   -4222.9703    8237.3318    310.02563    15635 
432000000   -4294.3846   -371.78882    12893.348   -4271.6169    8194.2127    308.98286    15650 
433000000   -4233.8951   -187.54032    13058.208   -4148.3535    8194.7083    312.93365    15621 
434000000   -4260.8386   -423.26751    12916.636   -4247.1114    8084.6826    309.54094    15631 
435000000   -4432.8294    -553.7701    12955.391   -4202.8656    8081.9249     310.4697    15639 
436000000   -4287.3238   -226.67475    12960.011   -4249.3673    8310.0163     310.5804    15652 
437000000   -4268.4534   -122.64342    12897.574   -4144.2461    8290.0561    309.08414    15640 
438000000   -4339.0816   -338.21249    12913.398   -4200.8037    8201.6728    309.46336    15649 
439000000   -4315.1054   -192.38433    12800.675    -4133.969    8256.6901      306.762    15619 
440000000   -4319.9116   -271.84455    13023.858   -4204.9975    8253.0646    312.11046    15648 
441000000   -4350.0199   -516.94428     13030.88    -4305.567    8138.6426    312.27874    15663 
442000000   -4372.2229   -394.32828    13008.276    -4244.572    8222.4666    311.73705    15655 
443000000   -4309.1765   -260.09531    12921.978   -4117.7018     8166.783    309.66897    15631 
444000000   -4329.7233   -463.04414    12987.197    -4327.462    8194.1411    311.23191    15644 
445000000   -4347.8241    -452.3017    12933.229   -4184.6861    8080.2085    309.93859    15635 
446000000   -4270.2643   -298.33907     12843.28   -4179.8811    8151.8063    307.78299    15634 
447000000   -4349.7529    -253.3455     12945.79   -4168.8983    8265.3056    310.23961    15632 
448000000   -4344.3248   -199.56484    12896.804   -4228.8734    8373.6334    309.06568    15637 
449000000   -4253.8418   -204.38213    13004.455   -4148.3043    8197.7639    311.64549    15646 
450000000   -4354.6609   -288.47107    12832.522   -4151.8352     8218.025     307.5252    15634 
451000000   -4418.8529   -430.01733    12815.898    -4221.599    8210.4346    307.12681    15643 
452000000   -4404.2482   -346.49596    12731.575   -4214.8758     8272.628    305.10604    15645 
453000000   -4436.0696   -371.60389    12843.804   -4189.5427    8254.0085    307.79557    15639 
454000000   -4293.1887    -253.6153     12987.13   -4177.8604    8217.4338    311.23031    15636 
455000000   -4290.6688   -314.56919    12817.395   -4162.0959    8138.1954    307.16269    15628 
456000000   -4331.7913   -339.17684    12863.308   -4200.3402    8192.9547    308.26298    15641 
457000000   -4248.7309   -531.42507    12847.046   -4346.2259    8063.5318    307.87325    15656 
458000000   -4324.3356   -400.29585    13034.834   -4299.0715    8223.1113    312.37349    15645 
459000000   -4274.1363   -323.85068    13000.699   -4156.9752    8107.2607    311.55547    15627 
460000000   -4282.5755    -205.9957    12900.093   -4153.3587    8229.9385    309.14449    15624 
461000000    -4178.832    -188.0814    13027.261   -4214.7811    8205.5317    312.19202    15642 
462000000   -4325.4848   -260.63872    13065.404   -4161.5854    8226.4314    313.10609    15629 
463000000   -4320.3747   -292.34052    13015.316   -4175.3963    8203.4305    311.90576    15626 
464000000   -4283.1847   -151.33586    12977.774   -4105.5006    8237.3494     311.0061    15636 
465000000   -4276.1467   -179.17035    12996.134   -4165.9401    8262.9164    311.44608    15622 
466000000   -4197.7351    -171.5233    12905.028   -4136.1182      8162.33    309.26275    15641 
467000000   -4288.0825   -309.38693    12909.762   -4299.1677    8277.8632    309.37621    15649 
468000000   -4331.0028   -396.05072    13037.417   -4298.7798    8233.7319    312.43541    15646 
469000000   -4227.7925   -213.85457    12714.408   -4252.6518    8266.5897    304.69464    15642 
470000000   -4188.7259   -164.50999    12856.694   -4143.6691     8167.885    308.10448    15633 
471000000   -4214.4481   -193.07641    12947.428   -4147.6777    8169.0494    310.27885    15628 
472000000   -4229.9518   -90.953288    12823.381   -4184.2589    8323.2574    307.30613    15635 
473000000   -4295.6509   -250.66305    12957.788    -4225.941    8270.9288    310.52714    15630 
474000000   -4289.4313   -188.81139    13000.282   -4155.1935    8255.8134    311.54548    15639 
475000000   -4243.6286   -371.70852    13017.955   -4304.9317    8176.8518    311.96902    15649 
476000000   -4303.1055   -166.05439    12964.608   -4188.2808     8325.332    310.69057    15629 
477000000    -4188.031    42.454275    12857.035   -4085.4958     8315.981    308.11263    15632 
478000000   -4318.9946   -125.70671    12959.781   -4166.0403    8359.3281    310.57488    15639 
479000000   -4206.6056   -214.19213    13025.365    -4159.987    8152.4005    312.14659    15631 
480000000   -4252.0597   -296.60707    13134.625   -4168.1534     8123.606    314.76495    15639 
481000000   -4302.9065   -285.25631    12803.934   -4148.3759     8166.026    306.84009    15637 
482000000    -4223.957   -82.590667    12826.541   -4158.1948    8299.5611    307.38186    15639 
483000000   -4278.7904   -281.36139    12969.161   -4254.2977    8251.7267    310.79968    15648 
484000000   -4232.5423   -352.68355    12992.672   -4300.3966    8180.2554    311.36312    15653 
485000000    -4281.668   -211.96423    12862.607   -4202.4589    8272.1626    308.24616    15648 
486000000   -4257.9276   -207.44526    12730.392   -4193.6118    8244.0941     305.0777    15644 
487000000   -4281.7172    -466.8665    12872.412     -4334.25    8149.1007    308.48114    15651 
488000000   -4223.4323    33.785696    12840.702   -4084.2846    8341.5026    307.72123    15632 
489000000   -4253.9764   -193.10236    12868.661   -4268.0606    8328.9347    308.39125    15641 
490000000   -4175.2985   -187.75938    13036.292   -4307.6452    8295.1844    312.40844    15650 
491000000   -4241.4209    -352.8586    12895.879   -4338.7906     8227.353    309.04351    15657 
492000000   -4310.5629   -378.93518    13039.689   -4277.7573     8209.385    312.48984    15651 
493000000   -4184.7261   -235.24805    13068.989   -4151.7581    8101.2361    313.19201    15649 
494000000   -4277.1836   -258.77293    12919.938   -4239.3174    8257.7281    309.62007    15655 
495000000   -4215.8948   -174.63809    12976.577   -4189.4445    8230.7012    310.97741    15650 
496000000   -4263.8603   -206.28333    12986.899   -4146.0714    8203.6483    311.22477    15638 
497000000   -4257.8272   -248.68812    12971.473   -4178.8811    8188.0202    310.85509    15634 
498000000   -4274.0862   -128.15068    12890.408   -4171.6843    8317.6198     308.9124    15636 
499000000   -4251.1993   -177.08904    12918.884   -4116.9436    8191.0539    309.59482    15626 
500000000   -4209.9538   -138.54327    12948.308   -4232.2603    8303.6708    310.29995    15640 
Loop time of 202502 on 28 procs for 500000000 steps with 14000 atoms

Performance: 5333.284 ns/day, 0.005 hours/ns, 2469.113 timesteps/s
99.5% CPU use with 28 MPI tasks x no OpenMP threads

MPI task timing breakdown:
Section |  min time  |  avg time  |  max time  |%varavg| %total
---------------------------------------------------------------
Pair    | 25867      | 31397      | 37124      |1355.7 | 15.50
Bond    | 6081.2     | 6590.3     | 11947      |1352.8 |  3.25
Neigh   | 66669      | 67294      | 68248      | 172.4 | 33.23
Comm    | 41722      | 55898      | 61954      |1573.1 | 27.60
Output  | 0.70438    | 0.75918    | 0.76238    |   1.2 |  0.00
Modify  | 25047      | 25412      | 25932      | 139.3 | 12.55
Other   |            | 1.591e+04  |            |       |  7.86

Nlocal:    500 ave 502 max 499 min
Histogram: 7 0 0 15 0 0 5 0 0 1
Nghost:    826.679 ave 1224 max 567 min
Histogram: 3 5 6 4 1 1 3 2 2 1
Neighs:    7689 ave 8957 max 5880 min
Histogram: 1 1 3 3 2 4 1 5 6 2

Total # of neighbors = 215292
Ave neighs/atom = 15.378
Ave special neighs/atom = 9.22014
Neighbor list builds = 94603722
Dangerous builds = 0
write_restart final_state_${fName}.restart
write_restart final_state_Run2.restart
Total wall time: 56:15:07
