
units real
boundary p p p
atom_style full

neighbor 1.9 bin
neigh_modify every 1 delay 1 check yes

read_data b70_N200_L400.data extra/special/per/atom 50
  orthogonal box = (-420 -420 -420) to (420 420 420)
  2 by 2 by 7 MPI processor grid
  reading atoms ...
  14000 atoms
  scanning bonds ...
  51 = max bonds/atom
  scanning angles ...
  1 = max angles/atom
  reading bonds ...
  13800 bonds
  reading angles ...
  13600 angles
  2 = max # of 1-2 neighbors
  2 = max # of 1-3 neighbors
  4 = max # of 1-4 neighbors
  56 = max # of special neighbors
  special bonds CPU = 0.00194288 secs
  read_data CPU = 0.059072 secs

angle_style cosine
angle_coeff * 2 # K (energy unit)

bond_style hybrid harmonic harmonic/shift/cut
bond_coeff 1 harmonic 3 10
bond_coeff 2 harmonic 3 10
bond_coeff 3 harmonic/shift/cut 4.80 11.22 12.72

pair_style lj/cut 25
# atom-typ1, atom-typ2, energy-well, sigma (bead-diameter), cut-off (distance)
pair_coeff * * 0.18 10 25

special_bonds lj 1 1 1 angle no
  2 = max # of 1-2 neighbors
  2 = max # of 1-3 neighbors
  4 = max # of 1-4 neighbors
  56 = max # of special neighbors
  special bonds CPU = 0.00063024 secs

minimize 1.0e-4 1.0e-6 100000 100000 # force_tol, energy_tol, maxiter, maxeval
WARNING: Using 'neigh_modify every 1 delay 0 check yes' setting during minimization (../min.cpp:168)
Neighbor list info ...
  update every 1 steps, delay 0 steps, check yes
  max neighbors/atom: 2000, page size: 100000
  master list distance cutoff = 26.9
  ghost atom cutoff = 26.9
  binsize = 13.45, bins = 63 63 63
  1 neighbor lists, perpetual/occasional/extra = 1 0 0
  (1) pair lj/cut, perpetual
      attributes: half, newton on
      pair build: half/bin/newton
      stencil: half/bin/3d/newton
      bin: standard
Per MPI rank memory allocation (min/avg/max) = 1.164 | 13.81 | 17.68 Mbytes
Step Temp E_pair E_mol TotEng Press 
       0            0 2.4262116e+12      2649600 2.4262142e+12 1.1227655e+09 
    7035            0   -6144.0854    5742.4468   -401.63854  -0.02117856 
Loop time of 1.91232 on 28 procs for 7035 steps with 14000 atoms

99.5% CPU use with 28 MPI tasks x no OpenMP threads

Minimization stats:
  Stopping criterion = energy tolerance
  Energy initial, next-to-last, final = 
     2.42621421633e+12     -401.614938723     -401.638544729
  Force two-norm initial, final = 2.10957e+10 0.584999
  Force max component initial, final = 1.04817e+09 0.0848794
  Final line search alpha, max atom move = 0.948135 0.0804771
  Iterations, force evaluations = 7035 9919

MPI task timing breakdown:
Section |  min time  |  avg time  |  max time  |%varavg| %total
---------------------------------------------------------------
Pair    | 0.15322    | 0.50646    | 0.91546    |  32.1 | 26.48
Bond    | 0.044098   | 0.1257     | 0.20734    |  12.1 |  6.57
Neigh   | 0.25295    | 0.25649    | 0.2613     |   0.4 | 13.41
Comm    | 0.22818    | 0.65218    | 1.1186     |  31.6 | 34.10
Output  | 0          | 0          | 0          |   0.0 |  0.00
Modify  | 0          | 0          | 0          |   0.0 |  0.00
Other   |            | 0.3715     |            |       | 19.43

Nlocal:    500 ave 824 max 176 min
Histogram: 2 2 4 3 3 2 5 4 0 3
Nghost:    338.464 ave 536 max 168 min
Histogram: 3 4 2 2 3 6 2 2 2 2
Neighs:    5465.89 ave 9884 max 1749 min
Histogram: 2 7 2 3 1 3 2 3 3 2

Total # of neighbors = 153045
Ave neighs/atom = 10.9318
Ave special neighs/atom = 5.82857
Neighbor list builds = 571
Dangerous builds = 0

# further equilibriate the system before bond formation takes place
fix fxlan all langevin $T $T 1000 ${seed}
fix fxlan all langevin 310 $T 1000 ${seed}
fix fxlan all langevin 310 310 1000 ${seed}
fix fxlan all langevin 310 310 1000 86152
fix fxnve all nve
timestep 0.1
run 10000
Per MPI rank memory allocation (min/avg/max) = 1.128 | 14 | 16.55 Mbytes
Step Temp E_pair E_mol TotEng Press 
    7035            0   -6144.0854    5742.4468   -401.63854  -0.02117856 
   17035    214.14547   -4897.1886     9405.048    13443.799   -1.2137076 
Loop time of 1.46913 on 28 procs for 10000 steps with 14000 atoms

Performance: 58.810 ns/day, 0.408 hours/ns, 6806.765 timesteps/s
99.7% CPU use with 28 MPI tasks x no OpenMP threads

MPI task timing breakdown:
Section |  min time  |  avg time  |  max time  |%varavg| %total
---------------------------------------------------------------
Pair    | 0.084427   | 0.31296    | 0.63758    |  29.6 | 21.30
Bond    | 0.037003   | 0.10701    | 0.17467    |  11.5 |  7.28
Neigh   | 0.0020351  | 0.002084   | 0.0021579  |   0.1 |  0.14
Comm    | 0.21299    | 0.53346    | 0.82811    |  25.3 | 36.31
Output  | 4.0654e-05 | 6.6511e-05 | 9.5745e-05 |   0.0 |  0.00
Modify  | 0.087656   | 0.24804    | 0.40739    |  17.3 | 16.88
Other   |            | 0.2655     |            |       | 18.07

Nlocal:    500 ave 825 max 176 min
Histogram: 2 2 4 3 3 2 5 4 0 3
Nghost:    340 ave 529 max 169 min
Histogram: 3 3 2 2 3 7 2 2 2 2
Neighs:    5459.61 ave 9874 max 1770 min
Histogram: 2 7 2 3 1 3 2 3 3 2

Total # of neighbors = 152869
Ave neighs/atom = 10.9192
Ave special neighs/atom = 5.82857
Neighbor list builds = 4
Dangerous builds = 0

unfix fxlan
unfix fxnve
reset_timestep 0

variable t equal step
variable steps equal 500000000
variable dt_thermo equal 1000000
variable dt_movie equal 10000000
variable dt_restart equal 50000000

group rxnSites type 1 3
4000 atoms in group rxnSites

# fix ID group-ID(atom-types) bond/create Nevery itype jtype Rmin bondtype (prob values = fraction seed) (iparam maxbond newType)
fix bondc rxnSites bond/create/random 20 1 3 12.72 3 prob 1 ${seed} iparam 1 1 jparam 1 3
fix bondc rxnSites bond/create/random 20 1 3 12.72 3 prob 1 86152 iparam 1 1 jparam 1 3

# fix ID group-ID bond/break Nevery bondtype Rmax keyword values ...
fix bondbr rxnSites bond/break 20 3 12.72 prob 1 ${seed}
fix bondbr rxnSites bond/break 20 3 12.72 prob 1 86152

variable frmbnd equal f_bondc[2]
variable brkbnd equal f_bondbr[2]
fix saveBond all print ${dt_thermo} "$t ${frmbnd} ${brkbnd}" file BondData_${fName}.dat screen no
fix saveBond all print 1000000 "$t ${frmbnd} ${brkbnd}" file BondData_${fName}.dat screen no
fix saveBond all print 1000000 "$t ${frmbnd} ${brkbnd}" file BondData_Run3.dat screen no

thermo_style custom step epair pe ke ebond eangle temp bonds
thermo ${dt_thermo}
thermo 1000000
fix saveThermo all print ${dt_thermo} "$t $(temp) $(ke) $(pe) $(epair) $(ebond) $(eangle) $(bonds)" file Thermo_${fName}.dat title "# Steps Temp KinEng PotEng Epair Ebond Eangle Bonds" screen no
fix saveThermo all print 1000000 "$t $(temp) $(ke) $(pe) $(epair) $(ebond) $(eangle) $(bonds)" file Thermo_${fName}.dat title "# Steps Temp KinEng PotEng Epair Ebond Eangle Bonds" screen no
fix saveThermo all print 1000000 "$t $(temp) $(ke) $(pe) $(epair) $(ebond) $(eangle) $(bonds)" file Thermo_Run3.dat title "# Steps Temp KinEng PotEng Epair Ebond Eangle Bonds" screen no

############################ Langevin Dynamics ###############################
fix fxlan all langevin $T $T 1000 ${seed}
fix fxlan all langevin 310 $T 1000 ${seed}
fix fxlan all langevin 310 310 1000 ${seed}
fix fxlan all langevin 310 310 1000 86152
fix fxnve all nve

comm_style tiled
fix fxbal all balance 1000 1.1 rcb

timestep 25

dump coor all custom ${dt_movie} traj_${fName}.dump id type mol mass x y z xu yu zu
dump coor all custom 10000000 traj_${fName}.dump id type mol mass x y z xu yu zu
dump coor all custom 10000000 traj_Run3.dump id type mol mass x y z xu yu zu

restart ${dt_restart} ${fName}_tp_*.restart
restart 50000000 ${fName}_tp_*.restart
restart 50000000 Run3_tp_*.restart
run ${steps}
run 500000000
Neighbor list info ...
  update every 1 steps, delay 1 steps, check yes
  max neighbors/atom: 2000, page size: 100000
  master list distance cutoff = 26.9
  ghost atom cutoff = 26.9
  binsize = 13.45, bins = 63 63 63
  2 neighbor lists, perpetual/occasional/extra = 1 1 0
  (1) pair lj/cut, perpetual
      attributes: half, newton on
      pair build: half/bin/newton
      stencil: half/bin/3d/newton
      bin: standard
  (2) fix bond/create/random, occasional, copy from (1)
      attributes: half, newton on
      pair build: copy
      stencil: none
      bin: none
Per MPI rank memory allocation (min/avg/max) = 17.88 | 18.29 | 18.78 Mbytes
Step E_pair PotEng KinEng E_bond E_angle Temp Bonds 
       0   -4897.1886    4507.8595     8935.939    3074.2876    6330.7604    214.14547    13800 
 1000000   -2283.1921    4395.1258    13064.884   -1922.9571     8601.275    313.09364    15142 
 2000000   -2560.7184    3245.5566      13072.5   -2741.6033    8547.8783    313.27615    15313 
 3000000   -2713.6666    2876.3597    12985.793   -3024.4743    8614.5005    311.19825    15382 
 4000000   -2866.2343    2460.4039        12953   -3224.9234    8551.5616     310.4124    15416 
 5000000   -2921.3072    2463.8858    12926.002   -3309.6036    8694.7966     309.7654    15450 
 6000000   -3129.4649     2049.683    12960.278   -3512.5891     8691.737     310.5868    15487 
 7000000   -3061.1929    1886.3067     12931.64   -3573.2927    8520.7923    309.90052    15495 
 8000000   -3216.4855    1658.6003    12822.564    -3688.141    8563.2267    307.28656    15520 
 9000000   -3202.5342    1616.2829    13056.849   -3694.0853    8512.9024    312.90108    15524 
10000000   -3343.2515    1651.2291    13057.496    -3718.017    8712.4975    312.91659    15523 
11000000   -3274.9086     1415.573    12943.863   -3741.9098    8432.3914    310.19343    15532 
12000000   -3340.8643    1465.2967    12932.493   -3762.7323    8568.8934    309.92094    15526 
13000000   -3308.5543    1441.7685    12903.773    -3740.798    8491.1208    309.23268    15535 
14000000   -3320.3491    1443.6381    12992.756   -3715.9386    8479.9258    311.36512    15531 
15000000   -3332.0361    1288.0275    12932.298   -3870.4692    8490.5328    309.91629    15554 
16000000   -3454.4568     1321.599    12926.634   -3829.0861    8605.1419    309.78054    15553 
17000000   -3470.2963    1264.0785     12982.22   -3859.0656    8593.4404    311.11263    15560 
18000000   -3536.6086    978.74884    12851.248   -3945.4408    8460.7982    307.97396    15567 
19000000   -3590.0983    1152.8199    12932.597   -3861.7704    8604.6886    309.92344    15572 
20000000   -3575.5076    940.95909    12910.287   -3871.7412    8388.2078    309.38879    15561 
21000000   -3584.5035      904.075    13002.204   -3971.8182    8460.3967    311.59154    15568 
22000000   -3683.4023    1034.2364    12942.241   -3864.1639    8581.8025    310.15456    15572 
23000000   -3607.0796     957.1342    12733.656   -3862.8279    8427.0417    305.15593    15556 
24000000   -3618.5057     1014.544    12971.587   -3838.7898    8471.8395    310.85782    15566 
25000000   -3634.9837    915.46413    12905.335   -3911.1636    8461.6114    309.27012    15574 
26000000   -3634.6226    786.47695    12882.216   -3916.4795     8337.579    308.71608    15581 
27000000   -3731.5073    864.69532    13059.463   -3887.2062    8483.4088    312.96372    15568 
28000000   -3608.7188    953.09668    12758.561   -3908.8059    8470.6214    305.75276    15568 
29000000   -3783.1531    562.54111    13017.656   -4065.8753    8411.5695    311.96185    15594 
30000000   -3754.9339    611.85601    12979.126   -4005.8668    8372.6567    311.03848    15599 
31000000   -3768.3129    746.61462      12943.2   -3974.5813    8489.5088    310.17754    15593 
32000000   -3821.7799    866.76424    13003.481   -3874.5343    8563.0785    311.62214    15580 
33000000   -3779.7109    621.28283    12950.531   -4029.4138    8430.4075    310.35322    15603 
34000000   -3814.8969    489.22491     13012.71   -4104.4877    8408.6095    311.84332    15610 
35000000   -3820.6336    586.48296    12795.416   -4005.1459    8412.2624    306.63596    15600 
36000000   -3838.3416    414.34093    12965.226   -4175.0473    8427.7298    310.70538    15620 
37000000   -3893.1836    278.47299    12734.216    -4148.977    8320.6336    305.16933    15608 
38000000   -3915.6891    361.72118     12818.46   -4086.0754    8363.4857     307.1882    15621 
39000000   -3969.2329    407.45944    12861.949   -4166.5285    8543.2208    308.23039    15621 
40000000   -4010.1424    312.46529    12785.037   -3978.5551    8301.1628    306.38724    15596 
41000000    -4048.691    363.97108    12883.676   -4107.7986    8520.4607    308.75107    15623 
42000000   -3911.4326     427.8012    12897.777   -4099.8533    8439.0871    309.08899    15615 
43000000   -3984.9281    263.74321    12917.478   -4070.2616     8318.933    309.56112    15616 
44000000   -4014.2135    388.12673    12992.382   -4066.7371    8469.0773    311.35617    15616 
45000000   -3990.7005    312.18181    12981.671   -4082.9476      8385.83    311.09947    15605 
46000000   -4025.0781    371.93909    12922.613   -4036.7962    8433.8135    309.68419    15627 
47000000     -4049.74    89.619537    12974.459   -4115.9776    8255.3372    310.92664    15619 
48000000   -3981.6033    230.07226    12928.427    -4123.534    8335.2096    309.82352    15618 
49000000   -4031.8038    113.73172    13035.189   -4175.2484    8320.7839      312.382    15631 
50000000   -4080.5464    369.66552    12952.847   -3979.8993    8430.1113    310.40872    15609 
51000000   -4071.6552    109.73953    12915.435   -4111.0037    8292.3985    309.51216    15620 
52000000   -4051.7368    189.22566    13007.206   -4210.9362    8451.8986    311.71141    15628 
53000000   -4083.8311    216.62581    12723.129   -4051.8414    8352.2983    304.90364    15609 
54000000   -4014.6162    187.04571    12854.275   -4141.9919    8343.6538     308.0465    15628 
55000000   -4006.0902     78.52796    12986.158   -4267.1363    8351.7545    311.20701    15628 
56000000   -4150.6489    12.440182    12942.612   -4242.1094    8405.1985    310.16344    15638 
57000000    -4116.517     186.2661    12929.919   -4106.1056    8408.8887    309.85927    15631 
58000000   -4076.4695    76.672967    12928.505   -4141.9173    8295.0598    309.82538    15625 
59000000   -3995.7637    176.35724    12938.884   -4166.7012    8338.8222    310.07411    15629 
60000000   -4082.0352    225.86953    12811.538   -4105.9664    8413.8711    307.02231    15628 
61000000    -4100.647    174.82585     12989.27   -4115.6858    8391.1586    311.28158    15617 
62000000   -4043.3129    117.97081    12935.254   -4177.8986    8339.1823    309.98712    15630 
63000000   -4054.7888    97.386603    12886.898   -4088.6668    8240.8422    308.82829    15625 
64000000   -4084.3924    74.135868    13232.375   -4203.5633    8362.0916    317.10747    15629 
65000000    -4049.503    174.83727    12951.517   -4168.6183    8392.9585    310.37685    15632 
66000000    -4136.576   -3.3657725    12864.108   -4159.2357    8292.4459    308.28215    15623 
67000000   -4164.9293    5.5648845    12866.283    -4122.508    8293.0022    308.33425    15630 
68000000   -4200.9154    -39.59705    12997.821   -4120.1142    8281.4326     311.4865    15615 
69000000    -4094.675    118.82667    12871.501   -4124.3225    8337.8242    308.45931    15620 
70000000   -4083.9631    87.208121      12843.5   -4083.0285    8254.1997    307.78828    15624 
71000000   -4193.3034   -101.68093    12931.183    -4150.478    8242.1004    309.88956    15633 
72000000   -4054.4075    120.60504    13005.392   -4153.4295     8328.442    311.66794    15635 
73000000   -4121.1134    58.513665    12837.111   -4157.9433    8337.5704    307.63518    15635 
74000000   -4136.0661    31.715698    12904.415   -4206.7629    8374.5447    309.24806    15633 
75000000   -4108.6184    145.22496    12923.743    -4084.113    8337.9564    309.71125    15622 
76000000   -4084.1019    243.42783    12900.592   -4120.3858    8447.9154    309.15646    15635 
77000000   -4098.2969    19.105871     12859.93   -4243.9196    8361.3224    308.18201    15650 
78000000   -4101.4112   -64.986731     12848.55    -4236.581    8273.0055    307.90929    15632 
79000000    -4067.162    138.50017    13071.049   -4106.1169    8311.7791    313.24138    15620 
80000000    -4068.084   -34.726883    12833.282   -4243.4352    8276.7923     307.5434    15645 
81000000   -4063.7453    54.741112    12833.344   -4197.4755    8315.9619    307.54491    15634 
82000000   -4095.4991   -58.390101    12881.852   -4215.4735    8252.5825    308.70737    15634 
83000000   -4101.6372   -117.06298     13005.87   -4254.9489    8239.5231     311.6794    15645 
84000000   -4245.0919   -222.20712    12835.491   -4271.8088    8294.6936    307.59635    15647 
85000000    -4159.305   -25.983989    12960.014   -4125.1921    8258.5132    310.58049    15625 
86000000   -4210.4107   -81.603962    12978.671   -4158.4862     8287.293    311.02758    15633 
87000000   -4125.1071   -98.349061    12885.198   -4242.1923    8268.9503    308.78755    15634 
88000000   -4125.0303   -52.307963    12977.428   -4104.0169    8176.7393     310.9978    15633 
89000000   -4212.6323   -122.79734    12922.354   -4177.9257    8267.7607    309.67797    15650 
90000000   -4139.0896   -29.295198    12830.152   -4247.5638    8357.3582     307.4684    15641 
91000000   -4188.5396   -141.22507    12883.892    -4196.556    8243.8705    308.75626    15632 
92000000   -4184.7352   -139.21418    12878.337   -4272.8047    8318.3257    308.62312    15638 
93000000   -4289.4479   -135.17931    12876.511   -4218.5321    8372.8006    308.57936    15633 
94000000   -4198.8955    127.77039    12873.473   -4004.4127    8331.0786    308.50657    15616 
95000000   -4131.6531    20.479981     12944.59    -4147.569    8299.7021    310.21085    15642 
96000000   -4164.6765   -73.790557    12847.079   -4253.2656    8344.1515    307.87404    15636 
97000000   -4133.7772    68.418399    13046.714   -4101.9561    8304.1517    312.65821    15619 
98000000   -4217.8017   -122.22697    12850.169   -4249.3029    8344.8776     307.9481    15649 
99000000   -4152.4237   -119.79878    12761.498   -4216.0699    8248.6948    305.82314    15631 
100000000   -4269.1201   -235.52319     12882.53   -4242.1778    8275.7747    308.72361    15635 
101000000   -4305.7951   -44.471669    12741.523   -4077.2491    8338.5725    305.34446    15628 
102000000   -4095.1302   -94.040992    13003.594   -4180.6091    8181.6983    311.62484    15622 
103000000     -4170.92   -51.570324    12950.562   -4137.9035    8257.2532    310.35396    15628 
104000000   -4276.6123   -285.18489    13085.085   -4295.6797    8287.1071    313.57774    15649 
105000000   -4234.5016   -236.50175    12899.807   -4287.4947    8285.4945    309.13766    15645 
106000000    -4154.889     14.36295    12957.145   -4118.6057    8287.8576    310.51172    15632 
107000000   -4267.0406   -146.90619    12871.807   -4149.9357    8270.0701    308.46664    15653 
108000000   -4237.0837   -127.21585    12870.019   -4167.6536    8277.5215    308.42379    15632 
109000000    -4168.769    24.898724    12794.944   -4097.0973     8290.765    306.62467    15628 
110000000   -4116.4504   -258.07677    13002.701   -4330.5568    8188.9305    311.60346    15641 
111000000   -4078.7428    132.24535     12840.47    -4057.798    8268.7862    307.71567    15616 
112000000   -4061.6471    187.19073    12919.408   -4127.3274    8376.1652    309.60739    15627 
113000000   -4083.7076    -1.557432    12803.651    -4215.592    8297.7422    306.83331    15627 
114000000   -4143.8508   -38.497688    12904.394   -4227.1593    8332.5124    309.24757    15637 
115000000   -4118.7793    43.264047    13060.775   -4247.7542    8409.7976    312.99517    15643 
116000000   -4195.2512   -83.196719     12887.08    -4200.764    8312.8185    308.83265    15633 
117000000   -4207.7077   -50.213879    12955.785   -4147.1108    8304.6046    310.47913    15627 
118000000   -4120.5633    126.39845    13059.501   -4120.8957    8367.8575    312.96463    15627 
119000000   -4112.4493    88.549884    12951.561   -4174.2116    8375.2107    310.37791    15629 
120000000   -4118.3155    100.99421    12901.033   -4124.6759    8343.9856    309.16702    15633 
121000000   -4175.6749    18.237024     12889.15   -4148.9174    8342.8294    308.88225    15638 
122000000   -4192.4432    34.956581    13041.064   -4090.8036    8318.2034    312.52281    15623 
123000000   -4046.7028    126.38501    12811.653   -4155.4577    8328.5455    307.02509    15623 
124000000   -4142.6291   -290.36019    13052.746   -4308.7617    8161.0306    312.80275    15632 
125000000   -4124.6592    116.78979    12966.366   -4181.3877    8422.8367     310.7327    15627 
126000000   -4094.0397   -52.866465     12948.14   -4183.4905    8224.6638    310.29592    15633 
127000000   -4142.1407    -74.23307    13149.469   -4199.7314    8267.6391    315.12068    15638 
128000000   -4165.5393   -87.330877    13057.886   -4195.4734    8273.6818    312.92592    15638 
129000000   -4111.4026     -88.9004    12941.327   -4198.1343    8220.6365    310.13266    15641 
130000000   -4246.1941   -128.79887    12950.887   -4183.5965    8300.9917    310.36177    15633 
131000000   -4250.2893   -99.878608    12860.923   -4194.1281    8344.5387    308.20581    15640 
132000000   -4150.4152   -41.810278    13069.144   -4192.1613    8300.7662    313.19573    15630 
133000000   -4106.5898   -58.307446    12936.957   -4220.6938    8268.9762    310.02792    15642 
134000000   -4120.8979   -104.16555    12766.613   -4258.2329    8274.9652    305.94573    15639 
135000000   -4084.6103     146.7209    13093.907   -4099.7938     8331.125    313.78917    15625 
136000000   -4106.5842    143.20304    12892.581   -4036.1505    8285.9377    308.96449    15632 
137000000   -4133.1095    219.20467    12871.868   -4007.5423    8359.8565    308.46809    15608 
138000000   -4166.4737    96.423335    12829.395   -4147.5991     8410.496    307.45026    15634 
139000000   -4153.7885   -2.6059845    12982.024   -4169.5002    8320.6827    311.10794    15621 
140000000   -4149.1119    112.39736    12971.106   -4084.7175    8346.2267    310.84628    15632 
141000000   -4071.6638    -126.6801    12928.337   -4253.1753     8198.159    309.82135    15633 
142000000   -4165.4897   -85.764456     12960.84   -4188.8343    8268.5596    310.60027    15634 
143000000   -4124.7966   -18.072931    12887.947    -4223.285    8330.0087    308.85342    15636 
144000000     -4174.05   -6.4724952    12885.223   -4247.4981    8415.0756    308.78815    15639 
145000000    -4176.874    62.827562    12972.405   -4111.9697    8351.6713    310.87742    15625 
146000000   -4240.3232   -115.57855    12842.747   -4236.9732    8361.7179    307.77024    15637 
147000000   -4202.7823   -162.61538    12913.566    -4251.398    8291.5649    309.46737    15645 
148000000   -4191.3193    -351.9522    12914.764   -4358.1755    8197.5427    309.49609    15650 
149000000   -4289.4183   -161.46747    12850.291   -4171.1372     8299.088    307.95103    15641 
150000000   -4186.7946   -118.68798    12971.067   -4140.4886    8208.5952    310.84535    15624 
151000000   -4117.6148    21.228915    12873.554   -4201.7191    8340.5628    308.50852    15625 
152000000   -4024.8642     41.60579    12852.427   -4169.5753    8236.0452     308.0022    15629 
153000000   -4198.8114   -42.237072    12866.242   -4223.0799    8379.6541    308.33327    15645 
154000000   -4231.5663   -69.290481    12998.878   -4193.3667    8355.6425    311.51184    15634 
155000000   -4294.1008   -334.82041    12989.257   -4248.0837    8207.3641    311.28127    15640 
156000000   -4260.6951   -173.91867    12915.838   -4233.7173    8320.4938    309.52183    15636 
157000000   -4215.0279   -43.789318    12964.326   -4158.2941    8329.5327    310.68382    15633 
158000000   -4180.2686   -4.7268561    12889.098   -4208.0445    8383.5862      308.881    15627 
159000000   -4137.7207    83.926136     12843.61   -4096.4991    8318.1459    307.79092    15636 
160000000   -4172.5648   -99.625785    12944.345   -4266.9785    8339.9175    310.20499    15637 
161000000   -4111.9395   -63.647873    12983.587   -4211.7143    8260.0059    311.14539    15631 
162000000   -4092.8632    116.19202    12995.029   -4046.0415    8255.0967     311.4196    15617 
163000000   -4186.9505   -114.75465    12953.193   -4201.0355    8273.2313    310.41701    15637 
164000000   -4176.2343   -367.15132    13106.023    -4296.599     8105.682    314.07953    15645 
165000000    -4243.012   -140.98828    12966.111   -4157.3062    8259.3299    310.72658    15637 
166000000   -4140.6239    22.896882    12940.349    -4133.625    8297.1458    310.10921    15630 
167000000   -4197.0545    -201.5734    12995.281   -4142.2795    8137.7606    311.42563    15624 
168000000    -4234.644   -225.52643    12879.319   -4235.5649    8244.6825    308.64665    15636 
169000000   -4115.6019   -69.673513     12956.72   -4184.8837     8230.812    310.50154    15641 
170000000   -4242.0918   -143.29532    12970.055   -4167.5564    8266.3529     310.8211    15640 
171000000   -4104.3265   -127.33412     12815.65   -4188.9558    8165.9481    307.12086    15613 
172000000   -4192.3951   -246.93417    12974.374   -4252.9843    8198.4453    310.92461    15642 
173000000   -4215.7542   -148.85226    12930.376   -4143.2261     8210.128    309.87022    15633 
174000000   -4256.4112   -192.79491    13008.974    -4222.072    8285.6883    311.75378    15649 
175000000    -4250.771   -92.915121    12969.023   -4085.3477    8243.2036    310.79637    15640 
176000000   -4222.2167   -233.59196     12807.35   -4311.6215    8300.2463    306.92197    15641 
177000000   -4262.4482   -264.98399    12782.452    -4276.601    8274.0651    306.32529    15651 
178000000    -4273.292   -270.98794    12817.274   -4258.5429    8260.8469    307.15978    15650 
179000000   -4258.8863   -149.66167    12983.557   -4206.7215     8315.946    311.14468    15650 
180000000   -4159.5977    -150.5926    12969.333   -4257.1843    8266.1894    310.80381    15650 
181000000   -4209.0105   -135.34473    13042.425   -4122.5295    8196.1953    312.55542    15635 
182000000   -4199.1709   -386.83042    12984.589   -4346.2539    8158.5943     311.1694    15650 
183000000   -4299.0549   -157.45714    12916.181   -4173.8353    8315.4331    309.53003    15640 
184000000   -4289.2207   -229.32544    12983.842   -4292.9901    8352.8854    311.15149    15649 
185000000   -4245.5233   -56.237632    12984.054   -4136.3241    8325.6098    311.15659    15624 
186000000   -4207.7879   -217.09762    12834.234   -4295.6419    8286.3321    307.56623    15641 
187000000   -4148.7555   -211.33535    13000.924   -4232.0548     8169.475    311.56086    15641 
188000000   -4264.1382   -221.12222     12963.03    -4169.728     8212.744    310.65276    15635 
189000000   -4142.4964    -134.6107    12997.501   -4267.7186    8275.6042    311.47883    15646 
190000000   -4316.3363   -256.79103    12959.317   -4228.1538    8287.6991    310.56377    15639 
191000000   -4231.0527   -271.93105     12805.75   -4294.9808    8254.1025    306.88363    15638 
192000000   -4189.8231   -233.14743    12945.622   -4203.2147    8159.8904    310.23559    15632 
193000000   -4172.3237   -172.79601    12988.586   -4217.1176    8216.6452    311.26519    15637 
194000000   -4227.3658   -300.19671     12844.42   -4197.7627    8124.9318    307.81033    15635 
195000000   -4220.5915   -276.50045    13019.689   -4292.9714    8237.0625    312.01055    15650 
196000000   -4203.5115   -115.54529    12939.081   -4184.7197     8272.686    310.07884    15640 
197000000   -4327.9296   -340.82253    12914.075   -4232.5443    8219.6514    309.47958    15656 
198000000   -4210.6583   -49.599347    12811.405   -4216.3287    8377.3877    307.01914    15642 
199000000   -4278.1194   -48.580884    13017.643   -4171.0721    8400.6106    311.96153    15632 
200000000   -4244.0517   -139.64954    13078.361   -4225.6042    8330.0064    313.41662    15646 
201000000   -4188.6252    -168.9635    12906.481   -4247.9116    8267.5733    309.29758    15642 
202000000   -4240.4728   -241.43467    12719.246   -4189.2083    8188.2464     304.8106    15622 
203000000   -4222.8551    -326.5692    12856.936   -4313.9272    8210.2131    308.11026    15651 
204000000   -4138.2254    12.953218    12815.129   -4112.2301    8263.4087    307.10838    15629 
205000000   -4155.9419    112.25824    12736.076   -4129.6147    8397.8149    305.21392    15635 
206000000   -4238.5518   -71.496347    13002.089   -4121.8569    8288.9123    311.58879    15643 
207000000    -4210.645   -160.77478    12965.829   -4261.2719    8311.1421    310.71983    15632 
208000000   -4227.6172   -238.24572    12795.143    -4209.096    8198.4675    306.62943    15655 
209000000   -4159.6275   -23.703054    12972.201   -4177.8897    8313.8142    310.87254    15621 
210000000   -4088.6618   -17.024553     12954.65   -4104.0432    8175.6805    310.45194    15628 
211000000   -4217.5609   -48.118898    12846.386   -4070.6082    8240.0502    307.85743    15605 
212000000   -4167.8246   -107.90846    12950.179   -4138.2839    8198.2001    310.34479    15627 
213000000   -4214.3345   -110.51341    12840.704   -4207.8179     8311.639    307.72127    15631 
214000000   -4207.9142   -137.70158    12850.888   -4184.4607    8254.6733    307.96533    15638 
215000000   -4188.6286   -150.25116    12907.254   -4143.8006     8182.178    309.31611    15636 
216000000   -4216.4176   -53.501369    12792.595   -4157.4868     8320.403    306.56837    15638 
217000000   -4090.4111    -142.1518    13065.578   -4262.8399    8211.0991    313.11026    15642 
218000000   -4184.7414   -195.46914     12900.34    -4185.626    8174.8983    309.15041    15639 
219000000   -4236.6195    16.215213    12914.875   -4107.8586    8360.6933    309.49875    15632 
220000000   -4267.2611   -240.12457    13061.245   -4352.4829    8379.6194    313.00643    15655 
221000000   -4259.6916   -131.39362    12869.811    -4170.459     8298.757    308.41881    15639 
222000000   -4220.3685    23.509906    12998.935     -4131.68    8375.5584    311.51321    15618 
223000000   -4129.0107   -91.396321    12947.858   -4248.0713    8285.6857    310.28917    15643 
224000000   -4285.2905    -191.5784    13186.706   -4252.2539     8345.966    316.01304    15631 
225000000   -4159.1964   -215.90474    12916.207   -4219.4207    8162.7124    309.53067    15634 
226000000   -4250.2549    149.25411     12951.62    -4028.874     8428.383    310.37932    15633 
227000000   -4149.8533   -77.318228     12895.24   -4121.6418     8194.177    309.02821    15627 
228000000   -4099.4841    3.0780517     12817.17   -4143.4169    8245.9791    307.15729    15632 
229000000   -4220.2259   -254.85406    12941.935   -4254.4637    8219.8356    310.14723    15633 
230000000   -4158.1113    47.867312    12900.263   -4192.1404     8398.119    309.14856    15634 
231000000   -4251.2255   -98.460202    12968.015   -4261.2068    8413.9721    310.77223    15632 
232000000   -4159.9926    -35.20564    12923.905   -4079.8039    8204.5909    309.71515    15623 
233000000   -4216.9854   -132.67054    12827.789   -4206.8524    8291.1672    307.41178    15635 
234000000   -4154.8079   -97.619131    13027.501   -4247.9151    8305.1039    312.19777    15636 
235000000   -4252.3478   -100.68079    13107.652   -4199.3179    8350.9849    314.11855    15650 
236000000    -4169.931   -56.295133    12768.309   -4231.7676    8345.4035    305.98637    15641 
237000000   -4155.8564    -232.8255    13056.679   -4315.3672    8238.3981    312.89702    15648 
238000000   -4179.9153    98.032663    13004.537   -4154.5357    8432.4837    311.64746    15612 
239000000   -4150.9425   -38.922233    12769.279   -4232.7507     8344.771    306.00961    15649 
240000000   -4141.1228    21.065648    12841.917   -4187.4975     8349.686    307.75034    15641 
241000000   -4202.6392    41.340556    12867.864   -4188.2725    8432.2522    308.37214    15640 
242000000   -4111.5369   -26.544612    13068.451   -4194.4885    8279.4807    313.17911    15640 
243000000   -4181.1139   -59.227678    12883.205   -4219.3985    8341.2847    308.73978    15637 
244000000   -4228.4548   -101.00418    12762.806   -4227.4998    8354.9503    305.85449    15649 
245000000     -4165.26    -22.48497    12886.428   -4165.0079    8307.7829    308.81703    15638 
246000000   -4153.6778   -102.38463    12916.517   -4105.6822    8156.9754    309.53809    15638 
247000000    -4136.089    35.006608    12854.096   -4113.3965    8284.4921     308.0422    15638 
248000000   -4275.0544   -148.37915    12877.064   -4169.0507    8295.7259    308.59263    15656 
249000000   -4215.5843   -64.307461    12697.935   -4138.2122     8289.489    304.29988    15643 
250000000   -4185.9117   -150.04595     12980.22   -4315.2407    8351.1064    311.06472    15648 
251000000   -4305.2231   -218.00284    12996.679   -4264.6919    8351.9122    311.45915    15660 
252000000   -4220.0926   -261.58923    12845.624   -4228.8856     8187.389    307.83918    15642 
253000000   -4278.7259    10.002283    12949.116   -4075.2236    8363.9518    310.31932    15632 
254000000   -4177.4191   -163.47874    12808.413   -4227.2461    8241.1864    306.94743    15633 
255000000   -4185.5377    -14.97185    12859.651   -4137.5601     8308.126    308.17534    15631 
256000000   -4214.7036   -20.112525    12977.001   -4267.8995    8462.4907    310.98756    15638 
257000000   -4178.9827    25.848734    12972.914    -4070.183    8275.0145    310.88961    15635 
258000000   -4280.7978   -146.15404    12990.417   -4184.0376    8318.6814    311.30907    15625 
259000000   -4208.9994   -84.159164    12858.404   -4189.5342    8314.3744    308.14546    15642 
260000000   -4241.9953   -127.79554    12915.073   -4170.3861    8284.5859    309.50348    15641 
261000000   -4182.9129   -155.41485    12972.791   -4122.8816    8150.3796    310.88668    15625 
262000000   -4235.8569   -151.61829    12855.052   -4229.3105    8313.5492    308.06513    15648 
263000000   -4183.1199    -74.12241    12886.271   -4146.7123    8255.7098    308.81327    15637 
264000000   -4151.4029    27.786954    12887.786   -4097.8458    8277.0357    308.84957    15617 
265000000   -4170.5492   -3.9639713    13055.041   -4109.0791    8275.6644    312.85776    15637 
266000000   -4120.1682    -13.25241    13012.375   -4137.6888    8244.6045    311.83529    15628 
267000000   -4198.5173   -154.32323    12777.345   -4214.2396    8258.4337    306.20291    15636 
268000000   -4241.8359   -131.47566    12898.213   -4162.3038    8272.6641    309.09946    15627 
269000000   -4155.3235   -196.01504    13016.842   -4253.3301    8212.6386    311.94234    15640 
270000000   -4172.1544   -70.411073    12893.082   -4239.4338    8341.1771    308.97649    15631 
271000000   -4209.8669    66.489674    12913.604   -4018.2732    8294.6298    309.46828    15619 
272000000   -4245.8542   -125.86679     12849.68   -4058.5972    8178.5846    307.93637    15633 
273000000   -4154.8046    54.057862    12817.132   -4138.7832    8347.6457    307.15638    15634 
274000000   -4223.1418   -141.68445    12994.689   -4103.7264    8185.1838    311.41145    15630 
275000000   -4249.0711   -75.922595    13062.786   -4137.5898    8310.7384    313.04337    15634 
276000000   -4201.2935   -175.52194    12937.197   -4227.7537    8253.5253    310.03368    15635 
277000000   -4193.7783      -20.434    12997.961   -4171.9543    8345.2986    311.48987    15645 
278000000   -4227.1589    -159.6662     12788.65   -4235.9684    8303.4611    306.47383    15646 
279000000   -4180.3863   -41.490571    12952.437   -4114.0468    8252.9426     310.3989    15630 
280000000   -4188.4383   -27.792921    12976.398   -4177.0291    8337.6745    310.97312    15633 
281000000   -4125.5672    28.490737    12934.069   -4126.1117    8280.1696    309.95873    15624 
282000000   -4275.2294   -262.33799    12873.947   -4190.0195    8202.9109    308.51793    15639 
283000000   -4294.6973   -363.14115    13086.838   -4315.8559     8247.412    313.61975    15644 
284000000   -4300.4968   -187.35803    13088.927   -4213.9529    8327.0917    313.66982    15640 
285000000   -4003.2358    98.380814    13052.139   -4168.7341    8270.3507     312.7882    15646 
286000000   -4103.7597    -2.028982    13097.129   -4221.4199    8323.1507    313.86637    15634 
287000000   -4136.7169   -150.97584    13040.296   -4203.7462    8189.4873    312.50441    15635 
288000000   -4096.2866   -260.22479    12850.035    -4374.882    8210.9438    307.94488    15651 
289000000   -4288.1634   -234.94008    12978.872   -4204.6375    8257.8608     311.0324    15633 
290000000   -4205.4784   -342.74762    13034.922   -4284.3649    8147.0957     312.3756    15659 
291000000   -4334.6629   -282.73744    12903.931   -4177.5176     8229.443    309.23649    15637 
292000000   -4358.2225   -102.66691     12927.94   -4124.5878    8380.1434    309.81183    15642 
293000000   -4216.2725   -41.757187     12848.37   -4145.0766    8319.5919    307.90499    15639 
294000000    -4224.617   -91.734251     12937.97   -4075.9456    8208.8283     310.0522    15626 
295000000   -4194.6943   -208.53678    12904.628   -4260.1357    8246.2932    309.25318    15650 
296000000   -4209.5402   -244.75434    12847.195   -4377.8144    8342.6003    307.87682    15652 
297000000   -4149.5427   -117.04349    12864.083   -4212.4711    8244.9703    308.28153    15638 
298000000   -4261.2004   -287.43797    12820.789   -4236.5562    8210.3186    307.24403    15643 
299000000    -4203.807   -146.42268    12963.399   -4194.2361    8251.6204    310.66161    15626 
300000000   -4286.9508   -154.17533    13032.814   -4184.6475     8317.423     312.3251    15648 
301000000   -4226.6114   -31.901316    12821.478   -4144.5037    8339.2138    307.26054    15639 
302000000   -4220.8103   -49.853541    12950.062    -4175.828    8346.7848    310.34198    15627 
303000000   -4255.0779   -123.16273    13129.185   -4159.0185    8290.9336    314.63458    15623 
304000000   -4219.3885   -93.714865    13005.646   -4154.7958    8280.4694    311.67403    15640 
305000000   -4119.9826    37.053409    12865.475   -4083.6078    8240.6438    308.31489    15633 
306000000   -4244.6932   -208.83286     12969.99   -4287.2349    8323.0952    310.81954    15642 
307000000   -4214.5943   -75.652915    12969.836   -4183.1762    8322.1175    310.81587    15646 
308000000   -4224.6829    20.946295    12992.963   -4118.8306    8364.4598    311.37008    15628 
309000000   -4214.0194   -158.13179    12873.725   -4222.1641    8278.0518    308.51261    15643 
310000000   -4130.7105   -266.68428    12969.904   -4269.5563    8133.5825    310.81748    15644 
311000000   -4218.8549   -62.665508     13105.12   -4103.9378    8260.1272    314.05788    15628 
312000000   -4216.0835   -201.26232    12897.927   -4198.8381    8213.6593    309.09259    15636 
313000000   -4148.8964   -54.304015     12851.19   -4195.0396    8289.6319    307.97257    15639 
314000000   -4195.4979   -94.313027    13074.518   -4179.6538    8280.8387    313.32452    15624 
315000000   -4179.1854   -337.98324    12871.873   -4293.3101    8134.5123    308.46823    15654 
316000000   -4199.8388   -105.99286    13111.511   -4208.3623    8302.2082    314.21104    15643 
317000000   -4231.6317    73.091465    12952.152   -4109.6525    8414.3757    310.39207    15633 
318000000   -4100.2311   -40.871994    12903.627   -4172.9499     8232.309    309.22919    15626 
319000000   -4189.3859   -58.884184    12816.384    -4200.696    8331.1977    307.13845    15639 
320000000   -4119.2114   -2.7560614    12913.009   -4213.4441    8329.8994    309.45403    15635 
321000000   -4216.6546   -146.28179    12829.615   -4182.1679    8252.5407    307.45552    15643 
322000000   -4183.3338   -131.17587    12882.663   -4292.9709    8345.1289    308.72681    15651 
323000000   -4202.4065   -199.25841    13014.794    -4202.801     8205.949    311.89326    15638 
324000000   -4261.8961   -202.64074    12949.878   -4168.1505    8227.4058    310.33757    15640 
325000000   -4235.2401   -246.01984    13011.855   -4194.7997    8184.0199    311.82282    15650 
326000000   -4246.0261   -207.52998    12904.553   -4200.8952    8239.3913    309.25138    15644 
327000000   -4261.7552   -256.94531    12840.678    -4252.468    8257.2779    307.72064    15633 
328000000   -4195.4043   -158.71381    12886.414   -4215.9077    8252.5982     308.8167    15643 
329000000    -4241.569   -97.982284    12977.649   -4115.9204    8259.5071    311.00309    15620 
330000000   -4200.0096   -188.92677    12948.497   -4253.1417    8264.2246    310.30447    15650 
331000000   -4265.8631    -258.0035    12903.768   -4226.2819    8234.1415    309.23256    15653 
332000000   -4265.2989   -126.65865    12929.964   -4222.2691    8360.9093    309.86034    15640 
333000000   -4377.9644   -386.18179     12946.27   -4185.7411    8177.5237    310.25111    15651 
334000000   -4226.4724   -354.56653    12996.785   -4289.5817    8161.4876    311.46169    15643 
335000000   -4259.3189   -74.308313    12985.479   -4063.9651    8248.9756    311.19074    15639 
336000000    -4189.757   -152.00099     12979.07   -4177.2878    8215.0438    311.03715    15629 
337000000   -4246.8986   -228.77098    12980.288   -4150.4346    8168.5622    311.06633    15644 
338000000   -4284.9177   -4.7658206    13020.015   -4142.7799    8422.9318    312.01838    15638 
339000000   -4205.4945   -159.11936    12919.695   -4263.8301    8310.2052    309.61426    15639 
340000000   -4218.8039   -132.38914    12880.232    -4210.692    8297.1067    308.66855    15616 
341000000   -4146.2784    31.943329    12970.702   -4201.9682      8380.19    310.83662    15647 
342000000   -4247.3592    -241.6933    13021.928    -4295.031    8300.6968    312.06422    15647 
343000000   -4193.8191    50.812453    13012.582   -4117.7828    8362.4143    311.84024    15631 
344000000   -4211.6259   -5.8456724    13010.983   -4189.5928     8395.373    311.80193    15638 
345000000   -4146.9196    50.748687    12802.793   -4121.7008    8319.3691    306.81276    15640 
346000000    -4140.077   -89.792149    12815.139   -4167.2535    8217.5384    307.10862    15633 
347000000   -4192.6469   -11.783947     13038.29   -4172.7386    8353.6015    312.45632    15644 
348000000   -4293.7199   -218.35801     12928.06   -4219.2669    8294.6289    309.81473    15646 
349000000   -4238.5427    -279.2271    12939.052   -4218.2772    8177.5929    310.07814    15641 
350000000   -4199.8445   -117.34743    13048.305   -4248.1694    8330.6665    312.69633    15643 
351000000   -4178.5072   -186.51826    13005.747   -4224.7276    8216.7166    311.67645    15635 
352000000   -4165.3468   -152.31303    13109.876   -4102.5366    8115.5704    314.17186    15634 
353000000    -4383.183   -386.93042    12942.452   -4234.4332    8230.6858    310.15962    15661 
354000000    -4187.362   -225.94606    12859.023   -4248.6613    8210.0772    308.16027    15647 
355000000   -4180.4673   -352.70366    12976.807    -4345.108    8172.8716    310.98291    15651 
356000000    -4238.753   -176.66089    12835.202   -4198.4987    8260.5908    307.58941    15640 
357000000   -4226.7118   -239.54027    13021.704   -4170.0093    8157.1808    312.05884    15624 
358000000   -4253.7013   -277.49971    12991.937   -4234.3161    8210.5178    311.34549    15636 
359000000   -4189.3201   -200.96173    12930.554   -4241.5001    8229.8585    309.87448    15639 
360000000   -4260.4829    -314.0332    12891.408   -4253.7642     8200.214    308.93637    15646 
361000000   -4257.8918   -273.20914    13153.855    -4184.216    8168.8987    315.22578    15626 
362000000   -4263.3903   -255.84803    12984.732   -4250.3404    8257.8826    311.17283    15649 
363000000   -4240.5802   -325.88403    12814.423   -4269.0394    8183.7356    307.09146    15641 
364000000   -4130.3417    54.413293    12913.402   -4157.1594    8341.9144    309.46344    15632 
365000000   -4227.7284   -197.19716    13020.966   -4163.0779    8193.6091    312.04116    15629 
366000000   -4069.5843   -9.1398301    12903.595    -4133.822    8194.2664    309.22841    15625 
367000000   -4203.7996   -79.590179    12869.944   -4122.0892    8246.2986      308.422    15634 
368000000    -4311.874   -263.91103    12899.317   -4222.6242    8270.5872    309.12591    15642 
369000000   -4242.1758   -271.55889    12940.788   -4245.3813    8215.9982    310.11973    15634 
370000000   -4220.3985   -78.590913    12941.869   -4132.9668    8274.7744    310.14565    15625 
371000000    -4308.917   -301.83769    12941.421    -4201.293    8208.3723     310.1349    15643 
372000000   -4239.7915   -218.96667     13064.04   -4235.6839    8256.5087    313.07342    15644 
373000000   -4231.6316   -158.59721    12900.189   -4267.8367    8340.8711     309.1468    15639 
374000000   -4242.1365   -16.636732    13033.966   -4080.8753    8306.3751     312.3527    15633 
375000000   -4205.2476   -152.09859     12797.85   -4153.4312    8206.5802     306.6943    15611 
376000000   -4215.7158    -183.0672    12855.245   -4230.7787    8263.4273    308.06974    15636 
377000000   -4280.7412   -257.37748    13024.664   -4233.3247    8256.6884    312.12979    15646 
378000000   -4250.4743   -136.72812    13097.683   -4114.3712    8228.1174    313.87966    15627 
379000000   -4252.4847   -133.19211    12958.185   -4144.7341    8264.0266    310.53664    15634 
380000000   -4308.7466   -321.25082    12808.889    -4303.595    8291.0908    306.95885    15645 
381000000   -4137.5952   -65.849559     12849.59   -4172.1675    8243.9131    307.93422    15632 
382000000   -4159.7056   -134.21492    12987.548   -4148.0591    8173.5498    311.24032    15636 
383000000   -4270.9864   -238.19871     12988.53   -4294.5714    8327.3591    311.26385    15649 
384000000   -4299.9393   -312.80668     12960.96   -4211.2731    8198.4057    310.60315    15636 
385000000     -4249.48   -380.03642    12869.108   -4329.6603    8199.1039    308.40197    15656 
386000000   -4221.8184   -260.85209    12937.539   -4198.9421    8159.9084    310.04187    15642 
387000000   -4283.7804   -349.74585     12968.15   -4145.3967    8079.4312    310.77545    15635 
388000000   -4207.4135   -155.77789    12906.266   -4176.0302    8227.6659    309.29243    15644 
389000000   -4173.5122   -188.28728    12990.604   -4160.5837    8145.8086    311.31355    15630 
390000000   -4265.7869   -184.44135    12974.442   -4216.6074     8297.953    310.92623    15636 
391000000   -4292.5571   -183.11195    12908.711    -4157.207    8266.6521    309.35102    15637 
392000000   -4153.5338   -172.43567    13021.256   -4186.0533    8167.1514     312.0481    15644 
393000000   -4191.4164   -187.45442     12831.32   -4186.9301     8190.892    307.49639    15637 
394000000   -4248.1234   -231.85225    12907.776    -4204.506    8220.7772    309.32863    15637 
395000000   -4248.0873   -274.60747    12974.096   -4234.4515    8207.9314    310.91795    15644 
396000000   -4280.7848   -274.52245     12945.25   -4248.4013    8254.6637    310.22666    15637 
397000000   -4144.4945   -168.59114    13090.954   -4241.5509    8217.4543     313.7184    15641 
398000000   -4231.9663   -347.94005     12886.78   -4316.8005    8200.8267    308.82547    15653 
399000000   -4173.9862   -199.76984    12964.767   -4182.7368    8156.9532    310.69439    15632 
400000000   -4287.2716   -313.14654    12943.039   -4186.0342    8160.1593    310.17367    15658 
401000000   -4272.5146    -227.2945    12964.926   -4154.4724    8199.6925     310.6982    15630 
402000000   -4174.8611   -245.36903    12876.055   -4123.6619     8053.154    308.56844    15630 
403000000   -4298.1628   -327.95896    12754.119   -4247.3237    8217.5275    305.64631    15634 
404000000   -4252.0281   -139.00562     13086.28   -4160.0422    8273.0647    313.60639    15645 
405000000   -4194.6053   -219.73982    12876.269   -4198.5223    8173.3878    308.57356    15629 
406000000   -4339.8107   -317.94059    12898.426   -4167.3468    8189.2169    309.10456    15647 
407000000   -4239.1879   -235.14212    12882.524   -4213.8659    8217.9117    308.72348    15629 
408000000   -4268.3451   -188.11351    12812.779     -4226.93    8307.1616    307.05207    15628 
409000000   -4288.9094   -249.16042    12939.821   -4128.7835    8168.5325    310.09656    15623 
410000000    -4212.297   -235.39434    12983.448    -4185.995    8162.8977    311.14206    15632 
411000000   -4150.2056   -27.544954     12883.98   -4167.9118    8290.5724    308.75836    15641 
412000000   -4234.7899   -106.75919    12878.957   -4210.7093      8338.74    308.63798    15632 
413000000   -4150.2459    -103.6632    12915.746   -4136.8378    8183.4205    309.51962    15643 
414000000   -4256.8041   -176.71532    12943.406   -4176.8825    8256.9713    310.18247    15637 
415000000   -4228.0739    -170.6254    12854.676   -4211.9676    8269.4161     308.0561    15626 
416000000   -4284.9556    -283.1677      12846.4   -4189.9643    8191.7522    307.85778    15629 
417000000    -4245.326   -213.19626    12900.549   -4227.5326    8259.6623    309.15542    15637 
418000000   -4126.7544   -29.577377    12930.301   -4129.6586    8226.8356    309.86841    15622 
419000000   -4173.1419   -249.25377    12900.982   -4252.5867    8176.4748    309.16581    15642 
420000000   -4239.8631   -144.76759    12903.937   -4134.7731    8229.8685    309.23663    15618 
421000000   -4283.5608   -124.70577    12897.497   -4162.8322    8321.6872    309.08228    15642 
422000000   -4180.0311   -41.945254     12803.16   -4122.8439    8260.9297    306.82156    15631 
423000000   -4179.1501    8.3731792    13022.015   -4093.6661    8281.1894     312.0663    15628 
424000000   -4256.4562   -236.20298    12911.374   -4166.6601    8186.9133    309.41484    15650 
425000000   -4235.3484   -230.75354     12917.69   -4222.0822    8226.6771     309.5662    15633 
426000000   -4231.8992    -266.9357    12939.555   -4280.6318    8245.5952    310.09019    15634 
427000000   -4154.4154    2.8900546    13045.934   -4136.2548    8293.5602    312.63951    15634 
428000000   -4092.0668   -46.024157    13020.496   -4182.8075    8228.8502    312.02989    15644 
429000000   -4240.8502   -187.58544    12965.359   -4203.7961    8257.0609    310.70856    15629 
430000000   -4289.1166   -295.38598     12942.77   -4229.8517    8223.5823    310.16723    15647 
431000000   -4213.5312   -131.99392    12860.168   -4166.1389    8247.6762    308.18771    15642 
432000000   -4227.5844   -74.840647    12969.424   -4132.5836    8285.3274    310.80597    15635 
433000000   -4193.7298   -267.37002    12971.423   -4262.5757    8188.9354    310.85389    15646 
434000000   -4123.6287   -101.05953    12937.688   -4199.7774    8222.3466    310.04545    15638 
435000000    -4213.977   -324.00986    12875.818   -4344.2156    8234.1828    308.56275    15645 
436000000   -4262.8669   -349.64107    13025.991   -4165.6174    8078.8433    312.16159    15636 
437000000   -4294.2815   -265.62171    13024.936   -4222.7091    8251.3689     312.1363    15629 
438000000   -4182.3191   -150.35627    12868.659   -4194.3579    8226.3207    308.39119    15632 
439000000   -4206.1995   -86.380375    12964.531   -4136.4485    8256.2676    310.68872    15622 
440000000   -4263.5446   -371.45816    12993.188   -4218.9529    8111.0394    311.37547    15642 
441000000   -4371.2105   -374.13995    12920.729   -4193.0549    8190.1255    309.63903    15630 
442000000   -4300.5786   -310.37367     12961.77   -4229.1477    8219.3527    310.62256    15641 
443000000   -4276.2057   -493.37957    12968.877    -4359.311    8142.1371    310.79288    15643 
444000000   -4192.1144   -206.17203    12967.745   -4227.0504    8212.9927    310.76575    15629 
445000000   -4262.4249   -416.77929    12997.891   -4302.1658    8147.8113    311.48819    15651 
446000000   -4243.6864   -341.50554    12824.966    -4178.344    8080.5248    307.34411    15630 
447000000   -4252.0369   -164.24828    13083.979   -4176.1202    8263.9088    313.55123    15647 
448000000   -4234.8832   -137.08467    12933.624   -4136.1568    8233.9553    309.94805    15633 
449000000   -4201.4964   -307.86741    12925.497   -4219.5989    8113.2279    309.75329    15643 
450000000   -4221.6858   -10.847727    12985.186    -4098.523     8309.361    311.18371    15635 
451000000   -4273.3051   -125.47633    13069.235   -4116.8075    8264.6363    313.19792    15641 
452000000    -4216.131   -265.56055    12923.192   -4334.8045    8285.3749    309.69805    15646 
453000000   -4247.9943   -229.22784    13058.527   -4174.1875     8192.954     312.9413    15641 
454000000   -4248.8459   -270.96443    12821.885    -4277.623    8255.5045    307.27028    15645 
455000000   -4123.6567   -15.026086    12756.145   -4056.5518    8165.1825    305.69486    15633 
456000000   -4271.8886   -182.36081     13009.05   -4168.2502     8257.778     311.7556    15641 
457000000   -4305.8383   -228.32521    13010.745   -4093.7844    8171.2976    311.79622    15632 
458000000   -4324.8299   -425.64075    12826.885   -4244.9592    8144.1484    307.39011    15637 
459000000   -4255.1175   -325.03821    12860.967   -4195.4899    8125.5692    308.20686    15641 
460000000   -4300.5034   -259.31171    12906.943   -4212.2753     8253.467    309.30865    15635 
461000000   -4118.0955    -78.46453    12934.944   -4178.2614    8217.8924    309.97969    15639 
462000000   -4254.7063   -355.68003     12927.49   -4231.8493    8130.8755    309.80105    15642 
463000000   -4221.1188   -151.51913    12767.521   -4183.2767    8252.8763    305.96747    15640 
464000000   -4224.5998   -286.70054    12785.495   -4185.3483    8123.2476    306.39823    15620 
465000000   -4219.1798   -234.07101    12941.777   -4200.5507    8185.6595    310.14343    15640 
466000000   -4359.6681   -461.22752    12843.606   -4258.4683    8156.9089    307.79081    15653 
467000000   -4238.8487   -276.30796    12888.851   -4254.0878    8216.6285    308.87508    15635 
468000000    -4252.966   -8.9909333    12780.233   -4065.1051    8309.0802    306.27211    15612 
469000000   -4198.3312   -350.17181    13109.431   -4262.4395    8110.5988    314.16118    15647 
470000000    -4278.143   -355.66534     12956.89   -4228.2483    8150.7259    310.50562    15644 
471000000   -4265.0357   -320.67927    13063.655   -4205.9368    8150.2932    313.06419    15636 
472000000   -4321.2317   -276.99907    12868.581    -4173.912    8218.1447    308.38932    15651 
473000000   -4212.3372    -281.7942    12999.759   -4289.5611    8220.1041    311.53295    15646 
474000000   -4229.9218   -258.30656    13061.204   -4171.9634    8143.5787    313.00545    15635 
475000000    -4272.754   -119.86402    13108.697   -4161.2793    8314.1693     314.1436    15628 
476000000   -4238.2401   -92.955385    12943.553   -4043.1617    8188.4465    310.18599    15628 
477000000   -4254.2725     -227.307    12942.289   -4124.4889    8151.4544    310.15572    15641 
478000000   -4332.7366   -237.86228    13024.959   -4224.2124    8319.0867    312.13686    15633 
479000000   -4303.1708   -368.81398    12997.023   -4249.5872     8183.944    311.46738    15635 
480000000   -4318.6729   -514.66253    12977.723    -4306.177    8110.1874    311.00487    15645 
481000000   -4258.9436   -220.17947    12853.341   -4195.9554    8234.7196     308.0241    15627 
482000000   -4340.8125    -364.2399     13040.96   -4164.6491    8141.2217    312.52031    15643 
483000000   -4229.4171   -173.28251     12810.69   -4145.6717    8201.8063    307.00199    15628 
484000000   -4210.8743   -258.16096    12888.978   -4177.3086     8130.022    308.87814    15636 
485000000   -4311.4409   -430.07352    13011.502   -4201.4864    8082.8538    311.81435    15638 
486000000   -4310.8106   -244.29853    12969.749   -4164.2795    8230.7917    310.81377    15637 
487000000   -4318.1755   -248.71814    12895.042   -4091.6057    8161.0631    309.02346    15629 
488000000    -4260.761   -338.89411    12877.371   -4163.7082    8085.5751    308.59999    15634 
489000000    -4281.282   -415.69448     12910.72   -4219.1459    8084.7334    309.39917    15642 
490000000   -4318.1957   -521.48818    12952.266   -4309.7058    8106.4133    310.39481    15663 
491000000   -4192.6252   -107.96813    13036.991   -4161.4211    8246.0782    312.42519    15632 
492000000   -4259.3193   -315.67456      12995.2   -4146.9342    8090.5789    311.42369    15628 
493000000   -4228.2084   -249.31194    12904.276   -4248.7404    8227.6368    309.24475    15639 
494000000    -4255.425   -265.57503    12808.493    -4195.202    8185.0521    306.94935    15643 
495000000   -4207.1039     -206.397    12929.126    -4155.748    8156.4549    309.84025    15641 
496000000    -4304.286   -324.87273    12993.852   -4310.4627     8289.876     311.3914    15632 
497000000    -4155.149   -106.03048    12800.029   -4130.9402    8180.0588    306.74651    15629 
498000000    -4314.769   -216.19345    12799.965   -4268.9724    8367.5479    306.74499    15652 
499000000   -4208.9804   -326.24209    12967.286   -4265.4887     8148.227    310.75475    15648 
500000000    -4300.942   -354.85411    13004.776   -4200.9063    8146.9942    311.65318    15625 
Loop time of 183803 on 28 procs for 500000000 steps with 14000 atoms

Performance: 5875.868 ns/day, 0.004 hours/ns, 2720.309 timesteps/s
99.5% CPU use with 28 MPI tasks x no OpenMP threads

MPI task timing breakdown:
Section |  min time  |  avg time  |  max time  |%varavg| %total
---------------------------------------------------------------
Pair    | 26286      | 31641      | 35933      |1328.4 | 17.21
Bond    | 6108.8     | 6967.6     | 11996      |1808.7 |  3.79
Neigh   | 65730      | 66267      | 67228      | 161.7 | 36.05
Comm    | 37975      | 48344      | 54375      |1485.3 | 26.30
Output  | 0.6108     | 0.63891    | 0.64059    |   0.7 |  0.00
Modify  | 22599      | 22969      | 23505      | 180.1 | 12.50
Other   |            | 7614       |            |       |  4.14

Nlocal:    500 ave 533 max 468 min
Histogram: 1 0 6 2 7 3 2 4 1 2
Nghost:    829.214 ave 1094 max 541 min
Histogram: 3 1 4 2 3 6 0 1 4 4
Neighs:    7731.29 ave 9106 max 5652 min
Histogram: 2 0 0 5 2 4 5 3 1 6

Total # of neighbors = 216476
Ave neighs/atom = 15.4626
Ave special neighs/atom = 9.191
Neighbor list builds = 94605160
Dangerous builds = 0
write_restart final_state_${fName}.restart
write_restart final_state_Run3.restart
Total wall time: 51:03:26
