
units real
boundary p p p
atom_style full

neighbor 1.9 bin
neigh_modify every 1 delay 1 check yes

read_data b70_N200_L400.data extra/special/per/atom 50
  orthogonal box = (-420 -420 -420) to (420 420 420)
  2 by 2 by 7 MPI processor grid
  reading atoms ...
  14000 atoms
  scanning bonds ...
  51 = max bonds/atom
  scanning angles ...
  1 = max angles/atom
  reading bonds ...
  13800 bonds
  reading angles ...
  13600 angles
  2 = max # of 1-2 neighbors
  2 = max # of 1-3 neighbors
  4 = max # of 1-4 neighbors
  56 = max # of special neighbors
  special bonds CPU = 0.533338 secs
  read_data CPU = 0.647687 secs

angle_style cosine
angle_coeff * 2 # K (energy unit)

bond_style hybrid harmonic harmonic/shift/cut
bond_coeff 1 harmonic 3 10
bond_coeff 2 harmonic 3 10
bond_coeff 3 harmonic/shift/cut 4.80 11.22 12.72

pair_style lj/cut 25
# atom-typ1, atom-typ2, energy-well, sigma (bead-diameter), cut-off (distance)
pair_coeff * * 0.18 10 25

special_bonds lj 1 1 1 angle no
  2 = max # of 1-2 neighbors
  2 = max # of 1-3 neighbors
  4 = max # of 1-4 neighbors
  56 = max # of special neighbors
  special bonds CPU = 0.000551248 secs

minimize 1.0e-4 1.0e-6 100000 100000 # force_tol, energy_tol, maxiter, maxeval
WARNING: Using 'neigh_modify every 1 delay 0 check yes' setting during minimization (../min.cpp:168)
Neighbor list info ...
  update every 1 steps, delay 0 steps, check yes
  max neighbors/atom: 2000, page size: 100000
  master list distance cutoff = 26.9
  ghost atom cutoff = 26.9
  binsize = 13.45, bins = 63 63 63
  1 neighbor lists, perpetual/occasional/extra = 1 0 0
  (1) pair lj/cut, perpetual
      attributes: half, newton on
      pair build: half/bin/newton
      stencil: half/bin/3d/newton
      bin: standard
Per MPI rank memory allocation (min/avg/max) = 1.164 | 13.81 | 17.68 Mbytes
Step Temp E_pair E_mol TotEng Press 
       0            0 2.4262116e+12      2649600 2.4262142e+12 1.1227655e+09 
    7035            0   -6144.0854    5742.4468   -401.63854  -0.02117856 
Loop time of 2.4943 on 28 procs for 7035 steps with 14000 atoms

99.6% CPU use with 28 MPI tasks x no OpenMP threads

Minimization stats:
  Stopping criterion = energy tolerance
  Energy initial, next-to-last, final = 
     2.42621421633e+12     -401.614938723     -401.638544729
  Force two-norm initial, final = 2.10957e+10 0.584999
  Force max component initial, final = 1.04817e+09 0.0848794
  Final line search alpha, max atom move = 0.948135 0.0804771
  Iterations, force evaluations = 7035 9919

MPI task timing breakdown:
Section |  min time  |  avg time  |  max time  |%varavg| %total
---------------------------------------------------------------
Pair    | 0.15448    | 0.50566    | 0.91205    |  31.7 | 20.27
Bond    | 0.044987   | 0.12541    | 0.20761    |  12.2 |  5.03
Neigh   | 0.25656    | 0.26203    | 0.26657    |   0.5 | 10.51
Comm    | 0.39987    | 0.81551    | 1.2746     |  28.0 | 32.69
Output  | 0          | 0          | 0          |   0.0 |  0.00
Modify  | 0          | 0          | 0          |   0.0 |  0.00
Other   |            | 0.7857     |            |       | 31.50

Nlocal:    500 ave 824 max 176 min
Histogram: 2 2 4 3 3 2 5 4 0 3
Nghost:    338.464 ave 536 max 168 min
Histogram: 3 4 2 2 3 6 2 2 2 2
Neighs:    5465.89 ave 9884 max 1749 min
Histogram: 2 7 2 3 1 3 2 3 3 2

Total # of neighbors = 153045
Ave neighs/atom = 10.9318
Ave special neighs/atom = 5.82857
Neighbor list builds = 571
Dangerous builds = 0

# further equilibriate the system before bond formation takes place
fix fxlan all langevin $T $T 1000 ${seed}
fix fxlan all langevin 310 $T 1000 ${seed}
fix fxlan all langevin 310 310 1000 ${seed}
fix fxlan all langevin 310 310 1000 41323
fix fxnve all nve
timestep 0.1
run 10000
Per MPI rank memory allocation (min/avg/max) = 1.128 | 14 | 16.55 Mbytes
Step Temp E_pair E_mol TotEng Press 
    7035            0   -6144.0854    5742.4468   -401.63854  -0.02117856 
   17035    213.42512   -4844.6512     9404.388    13465.617   -1.0749111 
Loop time of 1.67927 on 28 procs for 10000 steps with 14000 atoms

Performance: 51.451 ns/day, 0.466 hours/ns, 5954.968 timesteps/s
99.6% CPU use with 28 MPI tasks x no OpenMP threads

MPI task timing breakdown:
Section |  min time  |  avg time  |  max time  |%varavg| %total
---------------------------------------------------------------
Pair    | 0.086382   | 0.31328    | 0.63155    |  29.5 | 18.66
Bond    | 0.039197   | 0.10677    | 0.17641    |  11.5 |  6.36
Neigh   | 0.0026268  | 0.0027127  | 0.0028366  |   0.1 |  0.16
Comm    | 0.36748    | 0.69265    | 0.99296    |  22.6 | 41.25
Output  | 8.1842e-05 | 0.00010719 | 0.00013727 |   0.0 |  0.01
Modify  | 0.087588   | 0.2482     | 0.40676    |  17.3 | 14.78
Other   |            | 0.3155     |            |       | 18.79

Nlocal:    500 ave 827 max 176 min
Histogram: 2 2 4 3 3 2 5 4 0 3
Nghost:    338.75 ave 537 max 169 min
Histogram: 3 4 2 3 2 6 2 2 2 2
Neighs:    5458.82 ave 9804 max 1755 min
Histogram: 2 6 3 3 1 3 2 3 3 2

Total # of neighbors = 152847
Ave neighs/atom = 10.9176
Ave special neighs/atom = 5.82857
Neighbor list builds = 5
Dangerous builds = 0

unfix fxlan
unfix fxnve
reset_timestep 0

variable t equal step
variable steps equal 500000000
variable dt_thermo equal 1000000
variable dt_movie equal 10000000
variable dt_restart equal 50000000

group rxnSites type 1 3
4000 atoms in group rxnSites

# fix ID group-ID(atom-types) bond/create Nevery itype jtype Rmin bondtype (prob values = fraction seed) (iparam maxbond newType)
fix bondc rxnSites bond/create/random 20 1 3 12.72 3 prob 1 ${seed} iparam 1 1 jparam 1 3
fix bondc rxnSites bond/create/random 20 1 3 12.72 3 prob 1 41323 iparam 1 1 jparam 1 3

# fix ID group-ID bond/break Nevery bondtype Rmax keyword values ...
fix bondbr rxnSites bond/break 20 3 12.72 prob 1 ${seed}
fix bondbr rxnSites bond/break 20 3 12.72 prob 1 41323

variable frmbnd equal f_bondc[2]
variable brkbnd equal f_bondbr[2]
fix saveBond all print ${dt_thermo} "$t ${frmbnd} ${brkbnd}" file BondData_${fName}.dat screen no
fix saveBond all print 1000000 "$t ${frmbnd} ${brkbnd}" file BondData_${fName}.dat screen no
fix saveBond all print 1000000 "$t ${frmbnd} ${brkbnd}" file BondData_Run5.dat screen no

thermo_style custom step epair pe ke ebond eangle temp bonds
thermo ${dt_thermo}
thermo 1000000
fix saveThermo all print ${dt_thermo} "$t $(temp) $(ke) $(pe) $(epair) $(ebond) $(eangle) $(bonds)" file Thermo_${fName}.dat title "# Steps Temp KinEng PotEng Epair Ebond Eangle Bonds" screen no
fix saveThermo all print 1000000 "$t $(temp) $(ke) $(pe) $(epair) $(ebond) $(eangle) $(bonds)" file Thermo_${fName}.dat title "# Steps Temp KinEng PotEng Epair Ebond Eangle Bonds" screen no
fix saveThermo all print 1000000 "$t $(temp) $(ke) $(pe) $(epair) $(ebond) $(eangle) $(bonds)" file Thermo_Run5.dat title "# Steps Temp KinEng PotEng Epair Ebond Eangle Bonds" screen no

############################ Langevin Dynamics ###############################
fix fxlan all langevin $T $T 1000 ${seed}
fix fxlan all langevin 310 $T 1000 ${seed}
fix fxlan all langevin 310 310 1000 ${seed}
fix fxlan all langevin 310 310 1000 41323
fix fxnve all nve

comm_style tiled
fix fxbal all balance 1000 1.1 rcb

timestep 25

dump coor all custom ${dt_movie} traj_${fName}.dump id type mol mass x y z xu yu zu
dump coor all custom 10000000 traj_${fName}.dump id type mol mass x y z xu yu zu
dump coor all custom 10000000 traj_Run5.dump id type mol mass x y z xu yu zu

restart ${dt_restart} ${fName}_tp_*.restart
restart 50000000 ${fName}_tp_*.restart
restart 50000000 Run5_tp_*.restart
run ${steps}
run 500000000
Neighbor list info ...
  update every 1 steps, delay 1 steps, check yes
  max neighbors/atom: 2000, page size: 100000
  master list distance cutoff = 26.9
  ghost atom cutoff = 26.9
  binsize = 13.45, bins = 63 63 63
  2 neighbor lists, perpetual/occasional/extra = 1 1 0
  (1) pair lj/cut, perpetual
      attributes: half, newton on
      pair build: half/bin/newton
      stencil: half/bin/3d/newton
      bin: standard
  (2) fix bond/create/random, occasional, copy from (1)
      attributes: half, newton on
      pair build: copy
      stencil: none
      bin: none
Per MPI rank memory allocation (min/avg/max) = 17.88 | 18.29 | 18.88 Mbytes
Step E_pair PotEng KinEng E_bond E_angle Temp Bonds 
       0   -4844.6512    4559.7368      8905.88    3067.1986    6337.1894    213.42512    13800 
 1000000    -2315.406    4322.6047    12964.502   -1960.9524    8598.9631    310.68802    15148 
 2000000   -2576.6534    3191.1451    13003.287   -2817.2949    8585.0934     311.6175    15334 
 3000000   -2730.6617    2888.1486    12865.057   -3010.7241    8629.5343    308.30489    15383 
 4000000   -2892.3214    2296.3102    12903.608    -3400.908    8589.5395    309.22873    15454 
 5000000   -2934.3195    2020.7122    12909.591   -3568.3769    8523.4086    309.37211    15486 
 6000000   -3022.8294    1951.7292    13100.709   -3558.7177    8533.2763    313.95217    15502 
 7000000   -3039.6478    1899.3995    12794.823   -3676.5508    8615.5981    306.62176    15536 
 8000000   -3204.7484    1724.8131    12981.619   -3773.0162    8702.5776    311.09822    15527 
 9000000   -3133.4047     1780.595    13023.075   -3705.4273    8619.4271    312.09171    15527 
10000000   -3109.9999    1507.9136    13005.091   -3888.9993    8506.9128    311.66073    15571 
11000000   -3192.6594    1405.0436     13101.94   -3902.0065    8499.7094    313.98167    15550 
12000000    -3334.224    1300.9017     12981.84   -3938.4975    8573.6231    311.10353    15572 
13000000   -3388.7166    1109.4358    13003.084   -3948.1171    8446.2696    311.61263    15569 
14000000   -3406.1478     1103.949     13088.05   -4001.8227    8511.9195     313.6488    15586 
15000000   -3457.0426    1086.5584    12871.364   -3915.6329    8459.2339    308.45603    15587 
16000000   -3526.8013    883.58605    12885.656     -4112.57    8522.9573    308.79852    15598 
17000000   -3512.5401    750.09431    12747.612   -4167.7334    8430.3678    305.49037    15597 
18000000     -3479.75    1145.4883    12962.135   -3867.5793    8492.8176     310.6313    15563 
19000000   -3475.1466    976.65013    12910.375   -3935.2317    8387.0285    309.39091    15590 
20000000   -3483.2458    967.76241    12948.997   -3934.7602    8385.7684    310.31646    15596 
21000000   -3517.2072    795.54869    12985.287   -3981.4367    8294.1925    311.18612    15593 
22000000   -3486.0204    975.73372    13061.366   -3924.0508    8385.8049    313.00933    15582 
23000000   -3561.0149     1049.768    13060.745   -3883.4516    8494.2345    312.99444    15590 
24000000   -3548.8005    962.30212     12949.95   -3907.9909    8419.0935     310.3393    15594 
25000000   -3642.4734    947.46197    12898.508   -3942.8506     8532.786    309.10651    15599 
26000000   -3600.0335    821.68397    13035.265   -4003.3698    8425.0873    312.38383    15610 
27000000   -3609.2277    836.89204    12845.796   -3973.2494    8419.3692     307.8433    15592 
28000000   -3550.0767    902.73395    13006.662   -4003.6836    8456.4943    311.69837    15604 
29000000   -3704.4526    623.04823    12976.585   -4048.9045    8376.4053    310.97759    15607 
30000000    -3680.273    646.21688    12883.085   -4153.9703    8480.4602    308.73691    15603 
31000000   -3669.5302    625.63511    12908.352   -4102.8741    8398.0395    309.34243    15618 
32000000   -3712.3162    790.74245    13005.213   -4039.1048    8542.1634    311.66364    15606 
33000000   -3731.5957    662.63859    12937.023   -4092.9456    8487.1799    310.02951    15618 
34000000   -3731.1556    745.55576     13008.31   -3992.0047     8468.716    311.73788    15598 
35000000   -3763.3403    807.67658    13042.918   -3933.6839    8504.7009    312.56723    15600 
36000000   -3759.8722     482.9388    12976.912   -4101.6009    8344.4119    310.98544    15620 
37000000   -3728.7105    657.07129    12987.548   -4093.5733    8479.3551    311.24031    15616 
38000000   -3768.9508    591.55584    13284.175   -4061.1563    8421.6629    318.34883    15616 
39000000   -3917.2191    357.83801     12920.27   -4129.1938    8404.2509    309.62803    15618 
40000000   -3810.5987    682.03019    12977.955   -3965.1935    8457.8223    311.01043    15605 
41000000   -3881.4035    522.55603     12998.62   -4095.0687    8499.0282    311.50566    15624 
42000000   -3834.1591     401.5071    12891.184   -4095.6158     8331.282    308.93101    15622 
43000000   -3914.7423    337.57855    12951.709   -4061.4277    8313.7485    310.38145    15606 
44000000   -3899.4602    344.49551    13052.223   -4163.6758    8407.6315    312.79022    15619 
45000000   -3819.4153    220.91431    12901.659   -4265.1079    8305.4375    309.18204    15628 
46000000   -3844.2119    496.31001    12922.944   -4127.4503    8467.9723    309.69211    15618 
47000000   -3936.3074    278.72181    12931.577    -4172.001    8387.0302      309.899    15625 
48000000    -3903.136    304.09817    12938.458   -4133.0721    8340.3063    310.06389    15612 
49000000   -3967.1192    447.15274    12794.408   -4078.2006    8492.4725     306.6118    15602 
50000000   -4022.8662    193.54219    13038.884   -4118.3564    8334.7647    312.47055    15634 
51000000   -3959.5872     272.8894    12901.525   -4182.2692    8414.7458    309.17882    15628 
52000000   -3899.8046    162.44631    12939.901   -4222.0899    8284.3408    310.09847    15628 
53000000   -3968.3113    268.71425    12990.924   -4065.8198    8302.8453    311.32123    15614 
54000000   -3973.3877    509.48278    12975.235   -4034.2288    8517.0993    310.94524    15605 
55000000   -3953.9004    336.24945    12988.835   -4040.0513    8330.2011    311.27117    15624 
56000000   -4025.8349    133.15885     12897.92   -4136.7026    8295.6963    309.09243    15631 
57000000   -3971.0781    265.60911    12963.858   -4119.2845    8355.9716    310.67261    15629 
58000000   -4011.4514     180.9147    12908.753   -4179.3481    8371.7142    309.35204    15615 
59000000   -3956.1482    274.70769    12963.619   -4139.3204    8370.1762    310.66686    15613 
60000000   -3910.3832    198.88613    12863.355   -4150.8076    8260.0769    308.26409    15626 
61000000   -3951.9818    210.76354    13026.228   -4196.5592    8359.3045    312.16726    15628 
62000000   -3950.4444      242.892    12815.073   -4085.3638    8278.7002    307.10704    15617 
63000000   -4102.7702    166.52955    13079.925   -4152.6902      8421.99    313.45408    15634 
64000000   -3952.5776    183.60205    12685.716   -4082.6032    8218.7829    304.00706    15618 
65000000   -4088.6932     67.46134    13003.042   -4161.4763    8317.6309    311.61163    15636 
66000000   -4124.2981   -24.702689    13093.029   -4238.3878    8337.9831    313.76812    15619 
67000000   -3975.7055    169.31499     12876.92    -4209.386    8354.4064    308.58916    15626 
68000000   -4027.0423    253.18108    12941.531   -4107.9862    8388.2096    310.13754    15629 
69000000   -4071.5388    101.22622    12805.788   -4129.3502    8302.1152    306.88453    15630 
70000000    -4033.099    16.007474    12914.442   -4158.7148    8207.8213    309.48838    15627 
71000000   -4187.5311   -17.495838    12996.009   -4260.2365    8430.2718    311.44307    15647 
72000000   -4121.9426   -31.069067    12907.787   -4220.6485     8311.522    309.32889    15636 
73000000   -4083.9757    106.71455    13063.347   -4209.0115    8399.7018    313.05681    15639 
74000000    -4130.117    125.32109    13005.632   -4144.2332    8399.6713    311.67369    15650 
75000000   -4075.0139   -101.35763    12926.503   -4225.9529    8199.6091    309.77741    15639 
76000000   -3987.7618    210.86559    12915.274   -4058.5145    8257.1419    309.50831    15608 
77000000   -4107.3458     9.006384    12821.243   -4134.5066    8250.8588     307.2549    15633 
78000000   -4032.6451    85.614953    12988.861   -4202.4412    8320.7013    311.27179    15625 
79000000   -4116.9663    24.365768    12888.754     -4188.51    8329.8421    308.87277    15642 
80000000   -4114.9912    -1.400719    12899.737   -4154.6941    8268.2846    309.13597    15630 
81000000   -4082.2696    84.032225    12904.929   -4200.8871     8367.189    309.26039    15637 
82000000   -4130.9848    133.10524    13195.593   -4051.2204    8315.3104    316.22602    15623 
83000000   -4049.4256   -1.5777312    12983.148   -4213.2123    8261.0601    311.13487    15632 
84000000   -4079.4415    250.93924    12929.395   -4076.5345    8406.9152     309.8467    15616 
85000000   -4028.9467     243.9977    12896.868   -4151.8499    8424.7943    309.06722    15614 
86000000   -4133.3974    107.86412    12915.788   -4159.3566    8400.6181    309.52062    15632 
87000000   -4061.1644     20.79281    12834.829   -4171.1054    8253.0626    307.58048    15620 
88000000   -4067.8881   -118.45059    12918.646   -4253.7444    8203.1819    309.58911    15629 
89000000    -4074.972    93.242397    12970.684   -4221.3966    8389.6111    310.83619    15630 
90000000   -4107.8159   -58.999828    13090.308   -4238.2406    8287.0567    313.70292    15642 
91000000    -4176.958     137.7592    13125.714    -4126.876    8441.5931    314.55139    15632 
92000000   -4157.0688    72.166315    12721.943   -4123.6842    8352.9193    304.87523    15626 
93000000   -4127.9155   -19.251056    12955.116    -4172.383    8281.0474     310.4631    15618 
94000000   -4139.9814    11.050658    12828.821   -4168.3727    8319.4048     307.4365    15631 
95000000   -4072.2065    81.357386    12938.789   -4197.1445    8350.7084    310.07184    15629 
96000000    -4067.057    59.475323    13008.795   -4095.1223    8221.6547    311.74949    15623 
97000000   -4158.6598    -130.1457    12825.829   -4237.2524    8265.7665     307.3648    15632 
98000000   -4081.5187     103.0999    12918.576   -4109.4808    8294.0994    309.58745    15620 
99000000   -4093.3553   -16.007255    13084.089   -4190.9591    8268.3071    313.55389    15632 
100000000   -4129.9767    85.880238    13007.876   -4156.5788    8372.4358    311.72747    15635 
101000000   -4038.3971     149.6243    12886.571   -4149.5391    8337.5605    308.82046    15626 
102000000   -4206.7507    32.644726    12947.839   -4082.2031    8321.5986    310.28871    15632 
103000000   -4048.4671    82.286658    12983.296   -4133.0176    8263.7714    311.13842    15615 
104000000   -4081.8498    97.340164    12784.183   -4075.8667    8255.0567    306.36678    15621 
105000000   -4040.6966    130.21434    12817.717   -4156.4748    8327.3857    307.17039    15618 
106000000   -4082.4067    143.30774    12868.795   -4138.9381    8364.6525    308.39447    15626 
107000000   -4018.6585    46.272935     12959.39   -4190.9289    8255.8603    310.56553    15634 
108000000   -4155.7029   -61.591079    12760.277   -4215.0685    8309.1803    305.79388    15635 
109000000   -4033.6707    153.30367     13085.89   -4112.5059    8299.4803    313.59704    15630 
110000000   -4124.3826   -71.163618    12845.655     -4218.57     8271.789    307.83991    15636 
111000000   -4176.0848   -73.755914      12958.1   -4224.7643    8327.0932    310.53462    15637 
112000000   -4201.4435    60.297045    13166.657   -4085.2905    8347.0311    315.53257    15614 
113000000   -4152.1433   -88.548311    12794.336   -4120.6578    8184.2528    306.61009    15631 
114000000   -4150.3417   -68.409705     12978.34   -4205.3852    8287.3173    311.01966    15640 
115000000   -4163.9686   -29.914868    12956.467   -4168.1072     8302.161    310.49547    15617 
116000000   -4227.1156   -101.06646     12766.39   -4148.8458    8274.8949    305.94037    15631 
117000000   -4216.1135   -55.781502    12977.051   -4117.2985    8277.6305    310.98877    15630 
118000000   -4150.9632    -34.67662    12931.377   -4172.3677    8288.6544     309.8942    15640 
119000000   -4213.2494   -17.610969    12966.665   -4209.6959    8405.3343    310.73987    15651 
120000000   -4155.3732   -157.89962    12918.368   -4282.5754     8280.049    309.58246    15639 
121000000   -4100.4334   -145.36512     13078.46   -4241.9333    8197.0016    313.41899    15646 
122000000   -4197.5189   -65.009972     12896.72   -4134.0318    8266.5407    309.06367    15636 
123000000   -4165.2046   -26.327083    12862.828   -4092.5298    8231.4073    308.25145    15628 
124000000   -4151.1323    -86.08401    13026.557    -4194.898    8259.9464    312.17514    15624 
125000000   -4191.3328    -132.1418    12931.097   -4252.0594    8311.2505    309.88751    15635 
126000000   -4200.0016   -209.15522    12885.502   -4195.7384    8186.5847    308.79483    15621 
127000000   -4060.9494   -27.449782    12984.558   -4181.7942    8215.2938    311.16866    15628 
128000000   -4312.5089   -157.75889    12813.684   -4191.8296    8346.5797    307.07376    15632 
129000000   -4159.8719   -59.485127    13031.043   -4153.8546    8254.2413    312.28267    15634 
130000000   -4097.4002    164.41673    13023.165   -4037.0878    8298.9047    312.09385    15607 
131000000   -4199.7328   -164.80012    12937.778   -4248.6993     8283.632    310.04761    15628 
132000000   -4082.0547    56.962331    12934.839   -4096.4461    8235.4632    309.97717    15630 
133000000   -4068.7191    87.066187    13182.939   -4062.1513    8217.9365    315.92277    15616 
134000000   -4131.0635   -89.045732    13015.831   -4131.9429    8173.9606    311.91811    15612 
135000000   -4252.8048   -143.16347    12986.709   -4122.1431    8231.7844    311.22022    15614 
136000000   -4204.6707    80.530191    13197.691   -4104.0504    8389.2513     316.2763    15626 
137000000   -4082.3536    287.57165    12925.959   -3947.1753    8317.1005    309.76438    15619 
138000000   -4090.3654    204.29793    12952.474   -4052.7829    8347.4463    310.39979    15620 
139000000   -4150.1266   -20.327215    12841.096   -4139.5876    8269.3869    307.73067    15638 
140000000   -4159.2885   -196.87022    13093.122   -4222.4084    8184.8267    313.77035    15634 
141000000   -4063.7783   -68.168809    12970.581   -4236.8719    8232.4814     310.8337    15649 
142000000   -4118.1489   -269.55375     12853.63   -4159.5147    8008.1098    308.03104    15641 
143000000   -4250.0348   -267.80136    12951.249   -4243.5776     8225.811    310.37042    15633 
144000000   -4236.3695   -154.87149    12986.986   -4203.6367    8285.1347    311.22685    15634 
145000000   -4077.5942   -11.671069    12754.935   -4092.4931    8158.4162    305.66586    15623 
146000000   -4191.1322   -119.66642    13099.418   -4194.9592     8266.425    313.92124    15634 
147000000   -4194.8857   -96.237961    12848.309   -4137.9404    8236.5881    307.90353    15637 
148000000   -4191.6318   -143.72042     12887.87     -4202.08    8249.9914    308.85159    15632 
149000000   -4142.4772   -81.854849    12768.154   -4207.1085    8267.7309    305.98265    15631 
150000000   -4204.5007     -26.5039    12855.373   -4222.7818    8400.7787    308.07281    15634 
151000000   -4144.3343     55.35697    12983.979   -4195.1843    8394.8756    311.15478    15627 
152000000   -4190.5831   -347.96486    13067.269   -4298.4694    8141.0876    313.15079    15646 
153000000   -4148.5129   -33.358756    12953.171   -4146.0324    8261.1865    310.41649    15624 
154000000   -4156.2879   -115.26733    13013.032   -4200.7875    8241.8081    311.85103    15621 
155000000   -4249.6565   -96.011869    13079.684   -4152.3083    8305.9529    313.44832    15637 
156000000   -4231.9186   -263.82801    12896.318   -4297.7689    8265.8595    309.05403    15641 
157000000    -4142.471    199.81932    12990.584   -4057.5031    8399.7934    311.31308    15621 
158000000   -4199.0182   -106.79287    13008.706   -4205.5081    8297.7334    311.74736    15631 
159000000   -4134.2137   -1.1460637    12888.348    -4095.888    8228.9556    308.86304    15634 
160000000   -4221.4695   -183.79207    13049.702   -4170.7253    8208.4027    312.72982    15635 
161000000   -4266.7323   -125.12049    13035.981   -4214.9886    8356.6004    312.40098    15651 
162000000   -4150.3921    -74.10371    13065.782   -4176.1716      8252.46    313.11515    15632 
163000000   -4178.5549   -61.551807    12919.763   -4101.7925    8218.7956    309.61588    15624 
164000000   -4173.4182   -88.719569    12802.215   -4143.1204    8227.8191    306.79891    15640 
165000000   -4219.5026   -223.71091    12974.839   -4218.3334    8214.1251    310.93575    15644 
166000000   -4160.2345   -199.00596    13037.743   -4297.9874    8259.2158    312.44321    15645 
167000000   -4261.7781   -238.98822    12895.266   -4247.2279    8270.0178    309.02882    15636 
168000000    -4148.993    78.961931    12804.172   -4150.3877    8378.3426    306.84581    15619 
169000000   -4309.1731   -46.196049    13109.569   -4162.3271    8425.3041    314.16449    15636 
170000000   -4256.3095   -176.72376    12814.383    -4181.256    8260.8417    307.09051    15639 
171000000   -4280.2123   -103.04898    12838.393   -4214.5276    8391.6909     307.6659    15642 
172000000    -4275.209   -261.16053    12959.165   -4266.0838    8280.1323    310.56014    15639 
173000000   -4247.8608   -138.48737    12895.231   -4273.4617    8382.8351    309.02798    15641 
174000000   -4174.3454    6.0846554    13024.642   -4127.3405    8307.7706    312.12926    15635 
175000000   -4168.0636   -56.060634    12980.453   -4147.8328    8259.8358    311.07029    15635 
176000000   -4245.8517    -152.6651    12791.612   -4240.6622    8333.8487    306.54481    15647 
177000000   -4193.1124   -150.64475    12913.157   -4180.1653     8222.633    309.45757    15643 
178000000   -4267.6075   -252.84853    12780.434   -4206.8234    8221.5824    306.27693    15634 
179000000   -4206.9424   -40.979873    12863.876   -4150.7641    8316.7266    308.27658    15632 
180000000   -4257.4937   -147.32569    13058.905   -4198.9849    8309.1529    312.95034    15638 
181000000   -4226.4908   -77.734211    12965.856   -4156.2719    8305.0285    310.72048    15637 
182000000   -4175.0345    99.964977    13062.358    -3998.174    8273.1734    313.03309    15621 
183000000   -4080.1594   -3.6205293    12928.131    -4224.342    8300.8809    309.81643    15639 
184000000   -4213.2683    20.966985    12974.993   -4197.4016    8431.6368    310.93944    15638 
185000000    -4235.096   -40.531199     12991.94   -4070.6078    8265.1725    311.34558    15632 
186000000   -4210.4196   -155.64014    13010.469   -4128.4267    8183.2062    311.78961    15637 
187000000   -4171.5066   -139.36689    12929.184   -4222.6764    8254.8161    309.84166    15634 
188000000   -4177.0054   -143.74632    13035.899   -4187.4574    8220.7164    312.39902    15627 
189000000    -4271.311   -327.11484    12930.459   -4252.5231    8196.7192     309.8722    15656 
190000000    -4202.261   -185.41974    12986.352   -4252.5241    8269.3654    311.21165    15644 
191000000   -4243.8014   -116.79645    13012.023   -4247.0972    8374.1022    311.82686    15645 
192000000    -4211.476   -254.81507    12922.116   -4253.0379    8209.6989    309.67226    15637 
193000000    -4231.438   -119.24374    13052.894   -4095.9017     8208.096    312.80631    15640 
194000000   -4213.3802    65.893744    12759.081   -4081.3932    8360.6672    305.76522    15623 
195000000   -4222.8225   -268.01087    13018.103   -4216.7153    8171.5269    311.97256    15645 
196000000   -4217.5879    -305.5196    12964.169   -4243.0221    8155.0904    310.68006    15639 
197000000   -4271.2892   -228.46783    12912.001    -4147.885    8190.7063    309.42988    15635 
198000000   -4176.0859   -80.209873    12957.647   -4294.6147    8390.4907    310.52376    15636 
199000000   -4282.4079   -344.32753    13077.982   -4245.8136    8183.8939    313.40752    15644 
200000000   -4295.2265   -234.03119    12972.439   -4196.7027     8257.898    310.87823    15634 
201000000    -4221.513   -301.73219    12920.811   -4266.1676    8185.9485    309.64099    15630 
202000000   -4148.6963   -318.29778    12978.313    -4313.993    8144.3915    311.01902    15648 
203000000   -4238.4584   -339.99387    12895.446   -4368.1148    8266.5794    309.03314    15652 
204000000   -4187.9268   -237.43222    12937.699   -4337.2933    8287.7879    310.04572    15649 
205000000   -4313.6471    5.9131233    12886.144   -4041.4206    8360.9808    308.81023    15649 
206000000   -4191.1172   -124.03968    12844.262   -4165.2941    8232.3716    307.80654    15625 
207000000   -4225.6295   -271.12501    12993.001   -4206.8798    8161.3843      311.371    15642 
208000000   -4176.6533   -144.67203    12983.336   -4140.4978    8172.4791    311.13937    15624 
209000000   -4286.7208    -364.4534     13019.27   -4215.2624    8137.5299    312.00052    15633 
210000000   -4244.2465   -253.09108    13010.659   -4281.9291    8273.0846    311.79415    15645 
211000000   -4215.1962   -152.52492    13050.928   -4202.8574    8265.5286     312.7592    15635 
212000000   -4184.5673   -177.42163    13012.335   -4282.4715    8289.6172    311.83433    15651 
213000000   -4262.9424   -117.04874    12931.034   -4217.0129    8362.9065    309.88599    15641 
214000000   -4279.7517   -291.02239    12874.525   -4201.1557    8189.8851    308.53177    15630 
215000000   -4266.0789   -79.676369    12918.529   -4042.0007    8228.4032    309.58632    15627 
216000000   -4223.7339   -175.59622    12815.479   -4182.8727    8231.0104    307.11676    15640 
217000000   -4275.4374   -295.97525    12958.748   -4278.7438     8258.206    310.55013    15637 
218000000   -4183.8209   -251.57416    12816.117   -4260.3934    8192.6402    307.13206    15633 
219000000   -4213.5607   -252.31086    13038.722   -4197.1173    8158.3671    312.46668    15642 
220000000    -4212.146   -123.42088    12864.258   -4172.8463    8261.5714    308.28574    15636 
221000000   -4231.7407   -153.57722    12844.913   -4241.4491    8319.6126    307.82214    15651 
222000000   -4156.4338   -163.09931    12769.981   -4290.2098    8283.5443    306.02644    15659 
223000000    -4199.912   -190.81133    12989.917   -4223.0057    8232.1064    311.29708    15641 
224000000   -4274.6271   -216.58867    13035.509   -4199.6572    8257.6957    312.38968    15638 
225000000   -4310.7973   -331.75499    12777.579   -4242.9024    8221.9446    306.20851    15636 
226000000   -4256.9195   -319.15739     13055.02   -4251.3644    8189.1265    312.85725    15631 
227000000   -4219.2403   -177.92583    12916.249   -4199.3441    8240.6586    309.53167    15639 
228000000   -4288.6897   -282.98061    12938.655   -4181.4758    8187.1848    310.06863    15643 
229000000   -4197.7071    30.809239    12958.437   -4054.0127     8282.529    310.54268    15615 
230000000   -4179.9851   -210.88185    12942.942   -4175.4024    8144.5057    310.17135    15642 
231000000   -4286.3401   -327.70748    12908.857   -4256.6862    8215.3188    309.35453    15639 
232000000   -4191.3345   -162.69249    12940.041   -4205.8552    8234.4972    310.10184    15635 
233000000   -4208.9867   -151.13434     12825.47   -4265.8731    8323.7255     307.3562    15647 
234000000   -4119.8891    72.918922    12990.272   -4053.2006    8246.0085    311.30559    15609 
235000000   -4195.6687   -223.97797    13013.959   -4242.1328    8213.8235    311.87325    15649 
236000000   -4277.2834   -288.43931    12869.232   -4250.0605    8238.9047    308.40493    15650 
237000000   -4184.9324   -134.77283     12927.79   -4201.6131    8251.7726    309.80825    15638 
238000000   -4214.6724   -51.242392    12954.267   -4141.0483    8304.4783    310.44276    15640 
239000000   -4206.8384   -240.14598    12945.434   -4226.0738    8192.7663    310.23109    15632 
240000000   -4204.5818   -220.33224    12840.913   -4141.5065    8125.7561    307.72628    15634 
241000000   -4209.1076   -12.430867    12956.815   -4094.1546    8290.8314    310.50382    15638 
242000000   -4246.2398   -241.39091    12875.194   -4250.7748    8255.6238     308.5478    15638 
243000000    -4250.479   -153.36328    12927.939   -4117.6729    8214.7887    309.81181    15627 
244000000   -4344.0405   -216.73882    12894.817   -4194.5023     8321.804    309.01807    15630 
245000000   -4130.0141   -49.754948    12974.098   -4140.0508      8220.31    310.91799    15630 
246000000   -4222.4861    -40.89576    12844.057   -4139.5569    8321.1472    307.80162    15635 
247000000   -4206.5888   -84.896336    12869.815   -4149.0784    8270.7709    308.41891    15631 
248000000   -4244.9733   -188.18388    12758.517     -4214.79    8271.5794    305.75169    15642 
249000000   -4298.0193   -184.78524    12870.857   -4173.6846    8286.9187    308.44388    15634 
250000000   -4216.8941   -61.482834    12913.717   -4049.6783    8205.0895    309.47099    15610 
251000000   -4239.2979   -95.313546    12818.385   -4150.5979    8294.5823    307.18642    15627 
252000000   -4333.4633   -268.96728    12853.751     -4220.71    8285.2059    308.03394    15646 
253000000   -4245.2097   -126.99951    12885.637   -4175.9682    8294.1784    308.79807    15640 
254000000   -4204.3596     3.287447    13147.599   -4084.5507    8292.1977    315.07587    15627 
255000000   -4315.3855   -135.94784    12946.477   -4147.3396    8326.7773    310.25608    15635 
256000000    -4267.506   -119.37875    12979.668   -4234.6439    8382.7712    311.05148    15646 
257000000   -4246.9346   -65.488911     12968.14   -4130.8272    8312.2729    310.77522    15642 
258000000    -4153.223    97.085947    12934.972   -4067.5995    8317.9084    309.98036    15626 
259000000   -4194.4941   -15.083569    12963.548   -4111.9275    8291.3381    310.66518    15630 
260000000   -4183.8487   -76.505598    12999.595   -4117.6958    8225.0389    311.52903    15633 
261000000    -4180.514   -18.914571    12813.847   -4167.0088    8328.6082    307.07765    15631 
262000000   -4194.1894   -251.84817    12920.491   -4325.4991    8267.8404    309.63332    15648 
263000000   -4249.8652    101.62704    12945.928   -4080.2363    8431.7285    310.24293    15624 
264000000   -4194.8867   -192.96666    13000.073    -4176.437     8178.357    311.54048    15636 
265000000   -4185.7441    -280.8263    13132.408   -4262.8345    8167.7523    314.71182    15637 
266000000   -4265.7302   -174.59636     12998.94    -4127.862    8218.9959    311.51333    15635 
267000000   -4210.2925   -127.52905    13027.892   -4168.2049    8250.9684    312.20713    15639 
268000000   -4279.9813   -221.84546    13099.156   -4136.5122    8194.6481    313.91496    15649 
269000000   -4174.0618   -77.408629    12986.537   -4138.8682    8235.5214    311.21608    15623 
270000000   -4187.1805   -121.81537    12845.641   -4109.1434    8174.5086    307.83958    15626 
271000000   -4220.9414   -277.70153    12732.672   -4305.7293    8248.9692    305.13233    15638 
272000000   -4135.3634   -92.572592    12877.441   -4206.5592      8249.35    308.60166    15634 
273000000   -4270.8184   -114.94358    12769.113   -4259.6026    8415.4773    306.00563    15644 
274000000   -4264.2848   -352.35455    12886.425   -4259.5714    8171.5017    308.81696    15645 
275000000   -4233.4708   -125.38348    12954.988   -4167.4791    8275.5664    310.46004    15640 
276000000   -4265.8009   -322.51719     13215.23   -4217.0536    8160.3374    316.69661    15638 
277000000   -4230.5423   -304.96512    12911.398   -4206.1301    8131.7072    309.41542    15644 
278000000   -4219.6204   -75.850344    13008.931   -4194.9328    8338.7028    311.75276    15621 
279000000   -4194.2209   -10.956989    12923.025   -4056.7103    8239.9743    309.69406    15624 
280000000   -4252.4528   -320.53265    12968.209   -4268.1355    8200.0557    310.77687    15647 
281000000   -4295.1576   -153.66089     12991.87   -4105.4052    8246.9019    311.34389    15637 
282000000   -4234.9196   -351.01161    13016.639   -4384.8799     8268.788    311.93746    15656 
283000000   -4202.1551   -328.07422    12959.133   -4219.9778    8094.0587    310.55936    15635 
284000000   -4237.1914   -199.27465     12804.83   -4264.6246    8302.5413    306.86157    15654 
285000000    -4237.372   -302.46317    12955.834   -4237.6794    8172.5882    310.48032    15647 
286000000   -4333.1949   -265.18599     12947.73   -4267.3842    8335.3931     310.2861    15650 
287000000   -4211.5123   -318.45421    13018.863   -4231.4744    8124.5326    311.99077    15637 
288000000   -4166.7665   -168.49906    12974.166   -4204.9836    8203.2511    310.91962    15650 
289000000   -4189.9003   -176.98502    12969.643   -4181.7832    8194.6985    310.81122    15639 
290000000   -4327.4918   -157.97751    12997.835   -4111.8754    8281.3896    311.48685    15632 
291000000   -4236.4336   -196.97699    12976.753   -4175.0113    8214.4679    310.98161    15638 
292000000    -4258.192   -262.95674     12861.11   -4230.3108     8225.546    308.21029    15641 
293000000   -4310.3984   -267.80014    12991.813   -4231.9685    8274.5667    311.34254    15641 
294000000   -4187.4685   -212.92776    12811.776   -4194.5133    8169.0541    307.02803    15639 
295000000   -4272.4476    -237.0516     12870.89   -4297.4668    8332.8628    308.44468    15638 
296000000   -4233.0548   -260.81401    12872.973   -4283.1084    8255.3492    308.49458    15662 
297000000   -4181.2429   -159.19967    12854.643   -4171.4776    8193.5208    308.05532    15622 
298000000   -4263.3959   -118.58444    12865.716   -4213.8572    8358.6686    308.32068    15639 
299000000   -4263.8151   -195.03506    12863.853   -4186.4795    8255.2595    308.27603    15632 
300000000   -4130.7957    -203.0916    12873.527   -4327.9244    8255.6285    308.50785    15648 
301000000   -4227.2229   -218.78519    13014.324   -4208.6654    8217.1031      311.882    15641 
302000000   -4206.1297   -27.007656    13010.889   -4141.5125    8320.6346    311.79967    15625 
303000000   -4228.9962   -39.641226    12968.434   -4086.0818    8275.4368    310.78227    15631 
304000000   -4212.3381    -124.3282    13091.377   -4143.8264    8231.8363    313.72853    15646 
305000000   -4313.4371   -256.89686    12964.848   -4142.1916    8198.7319    310.69633    15635 
306000000   -4240.2364   -301.88745    12849.717   -4203.5578    8141.9068    307.93727    15635 
307000000    -4190.947    67.459152    12914.783   -4054.6961    8313.1023    309.49655    15631 
308000000   -4153.3146   -139.25095    12856.212   -4332.9395    8347.0032    308.09291    15643 
309000000   -4201.0941   -185.58175    13048.357   -4214.6083    8230.1206    312.69758    15633 
310000000   -4209.9077   -259.15816    12932.247   -4247.3923    8198.1418    309.91505    15636 
311000000   -4207.5892    -97.38483    13042.484   -4175.3397    8285.5441    312.55683    15642 
312000000   -4244.8545   -258.20486    12900.083   -4329.2374     8315.887    309.14426    15640 
313000000   -4171.6526   -185.41537    12888.193   -4256.3568     8242.594    308.85933    15648 
314000000   -4177.7758    -43.96384    12876.703    -4112.149     8245.961    308.58398    15624 
315000000   -4182.5249   0.43827488    13043.515   -4183.4877    8366.4509    312.58155    15638 
316000000   -4189.0016   -213.68402    12906.676    -4188.442    8163.7595    309.30225    15643 
317000000   -4122.9452   -102.18512    12963.604   -4248.2894    8269.0495    310.66651    15638 
318000000    -4170.762   -71.696236    13133.258   -4194.5742    8293.6399    314.73219    15647 
319000000   -4231.6589   -145.92715    12823.564   -4183.2553    8268.9871    307.31052    15634 
320000000   -4168.0582   -150.62631    12860.388   -4131.2721     8148.704    308.19299    15638 
321000000   -4233.5681   -160.25719    12891.695   -4187.7078    8261.0186    308.94324    15644 
322000000   -4207.2374   -127.80774     12984.53   -4212.8522    8292.2818    311.16798    15623 
323000000   -4155.8804    122.67732    12962.414   -4096.5577    8375.1153    310.63799    15634 
324000000    -4180.544   -46.570527    12854.904   -4124.7943    8258.7678    308.06157    15635 
325000000   -4127.6897    113.42102    13024.926   -4094.2573     8335.368    312.13606    15632 
326000000   -4192.8727   -65.635878    12925.175   -4117.7772    8245.0141    309.74557    15623 
327000000   -4284.7453   -188.58894    12872.122    -4253.495    8349.6514    308.47419    15646 
328000000   -4240.3306   -241.13162    12891.858   -4240.0905    8239.2895    308.94716    15628 
329000000   -4197.8793   -161.37697    13032.024    -4195.202    8231.7043    312.30617    15635 
330000000   -4186.1116    -105.3854    12909.316   -4128.9545    8209.6807    309.36553    15624 
331000000   -4162.7578   -134.08033    12973.116   -4229.5888    8258.2662    310.89447    15631 
332000000   -4275.2253   -21.606265    12923.535   -4130.2868    8383.9059    309.70627    15619 
333000000   -4284.9924   -275.72579    12944.775    -4253.758    8263.0246     310.2153    15638 
334000000   -4198.9933   -183.55782     12892.11   -4200.6139    8216.0494     308.9532    15634 
335000000   -4230.9203   -103.64677    12879.507   -4184.1704    8311.4439    308.65117    15652 
336000000   -4174.9617   -105.24149    12823.727      -4142.4    8212.1203    307.31442    15630 
337000000   -4240.6625   -79.713592    12959.028   -4144.1499    8305.0987    310.55684    15623 
338000000   -4179.2087   -206.84306    12736.738   -4310.6694     8283.035    305.22979    15642 
339000000   -4231.7759   -130.55279    12986.656   -4171.1345    8272.3576    311.21894    15643 
340000000   -4213.7715   -262.41644     12918.96   -4308.3783    8259.7333    309.59664    15657 
341000000    -4161.557   -69.692289    12870.022   -4183.8468    8275.7116    308.42386    15636 
342000000   -4288.4679   -280.08352    13018.959   -4251.7972    8260.1815    311.99307    15632 
343000000   -4262.5255   -117.74431    12923.209   -4182.6693    8327.4505    309.69847    15633 
344000000   -4270.1087   -198.21024    12972.948   -4249.0324    8320.9309    310.89043    15644 
345000000   -4184.8344    1.4030808    13034.451   -4183.7477    8369.9852    312.36433    15639 
346000000   -4339.1919   -406.53017    13102.403   -4270.5758    8203.2375    313.99276    15657 
347000000   -4204.2944   -304.69428    12980.791   -4250.1549    8149.7551     311.0784    15652 
348000000   -4235.4607   -215.17389     12959.99    -4267.993    8288.2798    310.57991    15644 
349000000   -4211.3001   -126.93745    13031.343   -4120.8041    8205.1667    312.28984    15630 
350000000    -4218.146   -378.98115    13098.746   -4268.5397    8107.7045    313.90511    15643 
351000000    -4135.399   -47.544457    13050.771   -4081.8335    8169.6881    312.75544    15628 
352000000    -4252.649   -206.86353    12808.944   -4037.0576     8082.843    306.96016    15620 
353000000     -4309.55      -331.76    12932.774   -4238.7246    8216.5146     309.9277    15657 
354000000   -4324.9698    -336.0118    12904.787   -4275.3527    8264.3108      309.257    15643 
355000000   -4221.5307   -298.50899    12902.641   -4327.7655    8250.7872    309.20555    15642 
356000000    -4289.496   -122.39539    12979.793   -4132.8915    8299.9921    311.05447    15627 
357000000   -4229.7198   -198.37221    12936.635   -4230.0695     8261.417    310.02021    15640 
358000000   -4254.2603   -80.170692    12644.006   -4116.9637    8291.0533    303.00749    15633 
359000000   -4271.6465   -206.51806    12950.339   -4197.8893    8263.0178    310.34862    15638 
360000000   -4237.6804   -115.15994    13013.129   -4255.4165     8377.937    311.85337    15647 
361000000   -4161.2371   -111.78082    12908.694   -4218.4751    8267.9314    309.35063    15633 
362000000   -4361.1563   -196.73441    12982.112   -4193.1491    8357.5709    311.11005    15638 
363000000   -4274.8039   -107.57759    13038.592   -4228.7674    8395.9937    312.46356    15640 
364000000    -4160.083   -78.702661    12793.533    -4106.633    8188.0133    306.59083    15631 
365000000   -4246.9405   -43.653723    12965.197   -4118.8968    8322.1836    310.70468    15629 
366000000   -4142.9991   -82.764966    13053.926   -4213.9206    8274.1548    312.83104    15641 
367000000   -4196.8523   -89.321632    12907.543   -4203.7959    8311.3266    309.32303    15632 
368000000     -4160.08   -132.68502    12884.505   -4145.5976    8172.9927    308.77095    15641 
369000000   -4230.0153   -106.03184    12802.812    -4107.951    8231.9344    306.81322    15639 
370000000   -4235.6503   -242.12147    13010.039   -4252.5592    8246.0881    311.77931    15635 
371000000   -4183.0045   -5.4307213    12792.348   -4164.5878    8342.1616    306.56245    15629 
372000000   -4159.6964    27.177253    13000.845   -4119.0122    8305.8858    311.55898    15626 
373000000   -4146.5929   -227.12096    13103.432    -4228.303     8147.775    314.01742    15632 
374000000   -4228.6845   -146.44766     13014.58   -4213.0492     8295.286    311.88814    15627 
375000000   -4212.1885   -186.60941    12849.313   -4243.7325    8269.3116    307.92759    15648 
376000000   -4167.1564   -125.83496    12840.194   -4200.5349    8241.8563    307.70905    15634 
377000000   -4123.7673   -64.515322    13040.815   -4185.1683    8244.4203    312.51683    15638 
378000000   -4131.3657   -155.62981     12924.49   -4247.0946    8222.8305    309.72916    15644 
379000000    -4187.018   -138.49462     12876.11   -4190.8146     8239.338    308.56975    15637 
380000000   -4233.3327   -126.12143    13021.814   -4185.4725    8292.6838    312.06149    15637 
381000000   -4264.0029   -224.12366    12998.171   -4217.5479    8257.4271     311.4949    15647 
382000000   -4195.5239   -163.70092    12989.244   -4259.2951    8291.1181    311.28097    15641 
383000000   -4340.7238   -349.81565    13004.207   -4227.0872    8217.9954    311.63954    15633 
384000000    -4151.694    148.69521    13088.823   -4065.5049    8365.8941    313.66733    15618 
385000000   -4309.0732    -296.8229    13041.778   -4271.4936    8283.7439    312.53992    15636 
386000000   -4301.9126    -264.6145    12994.527   -4226.9896    8264.2877    311.40757    15634 
387000000   -4245.4206   -221.34418    12999.649   -4210.8304    8234.9068    311.53031    15651 
388000000   -4175.3549   -99.895527    13148.632   -4192.3905    8267.8499    315.10062    15649 
389000000     -4316.14   -152.44583    13154.286   -4074.3501    8238.0443    315.23612    15633 
390000000   -4200.7712   -213.58126    12899.274    -4238.292    8225.4819    309.12488    15654 
391000000   -4236.9832   -277.69242    12795.195   -4316.6959    8275.9867    306.63066    15650 
392000000   -4192.9148   -127.10231     12830.98   -4235.5226     8301.335    307.48825    15628 
393000000   -4199.1921    62.563608    12793.069   -4079.7654    8341.5211    306.57971    15614 
394000000   -4220.2115   -303.49484    12845.453   -4197.9182    8114.6349    307.83509    15639 
395000000   -4232.3658   -117.36131    13017.308   -4158.5236    8273.5281    311.95351    15625 
396000000   -4243.5822   -97.469016    12788.062   -4185.2882    8331.4014    306.45972    15632 
397000000   -4137.7976   -119.74328     13023.37   -4120.8363    8138.8905    312.09877    15620 
398000000   -4156.0213   -157.50536    13025.029   -4156.2327    8154.7486    312.13854    15646 
399000000   -4261.3085    26.723078    12968.764   -4092.1546    8380.1862    310.79017    15637 
400000000   -4269.4916   -262.18371    13018.563   -4243.2137    8250.5216    311.98357    15649 
401000000   -4129.7334   -88.947785    12920.085   -4136.5493    8177.3348     309.6236    15637 
402000000   -4260.1415   -118.24079    12973.307   -4189.7668    8331.6675    310.89904    15619 
403000000    -4217.455   -170.80174    12856.867   -4198.5862    8245.2395    308.10862    15634 
404000000   -4271.1471   -274.29567    13014.878   -4170.1586    8167.0101    311.89527    15621 
405000000   -4216.2149   -234.79868    13003.847   -4249.2999    8230.7161     311.6309    15638 
406000000   -4285.3067   -400.45619    13068.849   -4303.8634    8188.7139    313.18866    15656 
407000000   -4366.4709   -414.20981     13045.74   -4269.6849     8221.946    312.63487    15646 
408000000   -4213.9743   -352.97903    12978.328   -4251.6008    8112.5961    311.01936    15648 
409000000   -4219.1027    -291.7795     12890.11   -4213.2532    8140.5764    308.90527    15646 
410000000   -4156.4467   -167.14854    12856.387   -4236.3355    8225.6336    308.09712    15645 
411000000   -4242.5415   -281.27558    12916.625   -4223.5147    8184.7806    309.54067    15638 
412000000   -4277.9194    -216.7644    13115.012   -4112.9353    8174.0903    314.29492    15634 
413000000    -4231.602   -137.93556    12976.191   -4118.9144    8212.5808    310.96816    15630 
414000000   -4306.2438   -253.71349     12878.06   -4091.6681    8144.1984    308.61648    15634 
415000000   -4204.1879   -292.61204    13152.331   -4145.0311    8056.6069    315.18927    15644 
416000000   -4289.5241   -38.541866    12918.777   -4092.8807    8343.8629    309.59225    15631 
417000000   -4202.4092   -209.26283    12906.504   -4170.6169    8163.7632    309.29813    15644 
418000000   -4145.9749   -45.164178    12887.736   -4161.7035    8262.5143    308.84838    15635 
419000000   -4283.1594   -171.26138    12824.317   -4133.2336    8245.1316    307.32858    15629 
420000000   -4256.4287   -25.127238    12941.548   -4027.5448    8258.8463    310.13796    15621 
421000000   -4291.5566   -253.33661    12942.919   -4201.9389     8240.159    310.17081    15642 
422000000   -4231.6061   -377.78973    13067.467   -4273.8281    8127.6445    313.15554    15631 
423000000   -4170.6652   -219.48024    12946.835   -4256.2282    8207.4131    310.26465    15634 
424000000   -4260.4907   -262.20715    12925.811   -4197.9829    8196.2665    309.76083    15637 
425000000   -4231.3983   -281.39644    12898.893     -4284.77    8234.7719    309.11575    15642 
426000000   -4218.4586   -152.57581    13058.373   -4174.9523    8240.8351    312.93761    15624 
427000000   -4208.5155    -139.0057    12956.072   -4138.1781    8207.6879    310.48601    15642 
428000000   -4302.7495   -408.69457    12900.895   -4297.8166    8191.8715    309.16371    15650 
429000000   -4200.0383   -183.37642    12871.196   -4196.9081    8213.5699      308.452    15645 
430000000   -4295.8486   -120.82166    12810.057   -4181.4957    8356.5227    306.98682    15644 
431000000   -4171.8717   -148.77828     12984.57   -4220.1536     8243.247    311.16896    15650 
432000000    -4165.303    15.511032    12955.393   -4099.9801    8280.7942    310.46975    15620 
433000000   -4254.7545   -382.57075     12970.47   -4346.3521    8218.5358    310.83105    15656 
434000000   -4184.1847   -64.934492    12784.294    -4166.464    8285.7142    306.36943    15628 
435000000   -4298.2844   -232.27331    12898.637   -4249.1907    8315.2018     309.1096    15650 
436000000   -4297.1047   -315.66767    12875.552   -4202.2971    8183.7341    308.55638    15635 
437000000   -4147.4071   -208.48794    12918.423   -4243.0779    8181.9971    309.58376    15630 
438000000   -4183.1303   -114.37732    12927.012   -4155.3672    8224.1202     309.7896    15630 
439000000   -4134.1006   -55.898295     13026.55   -4208.2429    8286.4453    312.17498    15642 
440000000   -4191.0167   -245.68029    13051.892   -4254.5497    8199.8861    312.78229    15641 
441000000   -4198.9386   -214.13553     13174.88   -4241.2993    8226.1023    315.72964    15649 
442000000   -4161.6188   -200.22856    12991.666   -4287.0601    8248.4503      311.339    15642 
443000000   -4214.8835   -122.62675    13003.593   -4078.0265    8170.2832    311.62483    15635 
444000000   -4319.8288   -174.27928     12934.34   -4207.1299    8352.6795    309.96521    15637 
445000000   -4132.5447    22.110564    12880.405   -4070.0768    8224.7321    308.67269    15622 
446000000   -4279.4748    -214.4912    13025.067   -4198.9915    8263.9751    312.13945    15630 
447000000   -4277.0356   -206.75593    13170.568   -4196.3071    8266.5868    315.62632    15637 
448000000   -4234.5543   -227.13399    12983.344   -4187.0198    8194.4401    311.13956    15630 
449000000   -4234.5449   -235.88084    12995.507   -4260.8961    8259.5601    311.43105    15640 
450000000   -4229.9105     -448.831    12982.889    -4274.265    8055.3445    311.12867    15651 
451000000   -4222.4753   -125.79708    12970.174    -4146.035    8242.7132    310.82397    15640 
452000000   -4224.7148   -112.78503     12995.96   -4181.8139    8293.7437    311.44192    15628 
453000000    -4213.342   -83.975053    13092.482   -4146.9035    8276.2705      313.755    15643 
454000000    -4243.997   -237.89654    12976.411   -4220.6546    8226.7551    310.97343    15637 
455000000   -4228.8702   -292.75141    12879.805   -4283.7935    8219.9123    308.65831    15648 
456000000   -4179.6237   -261.96042    12996.746   -4254.9888     8172.652    311.46074    15643 
457000000   -4239.6529   -99.511025    12948.171   -4076.7595    8216.9014    310.29667    15627 
458000000   -4231.9003   -261.71755    12958.919   -4268.2794    8238.4622    310.55424    15648 
459000000   -4231.6561   -132.32325    13069.243   -4174.5673    8273.9002     313.1981    15646 
460000000   -4260.6972   -76.940149    12854.831   -4237.3484    8421.1055    308.05981    15642 
461000000   -4136.9725   -86.895485     12981.63    -4228.893      8278.97    311.09848    15642 
462000000   -4237.3321   -193.19379      12860.1   -4239.8145    8283.9529     308.1861    15640 
463000000   -4195.9606   -229.26221    12841.986   -4297.2237    8263.9221    307.75199    15651 
464000000   -4278.3422   -156.42051    12978.458   -4272.0648    8393.9865    311.02248    15645 
465000000   -4205.7411    -68.15324    13016.198   -4128.5011     8266.089    311.92691    15631 
466000000   -4252.6661    -159.7279    12900.278   -4173.7516    8266.6898    309.14893    15633 
467000000   -4280.7399   -233.98993    12955.409   -4217.1637    8263.9137    310.47011    15646 
468000000   -4192.0876   -174.70866    12945.466   -4268.5275    8285.9065    310.23183    15640 
469000000   -4246.5518   -201.21196    12848.407   -4249.5578    8294.8977    307.90588    15643 
470000000   -4294.2733   -293.49926    12955.498   -4191.1016    8191.8756    310.47225    15649 
471000000   -4220.6852    -185.7519     12842.34   -4187.6219    8222.5552    307.76049    15638 
472000000   -4283.1678   -363.86977    13001.321   -4227.7933    8147.0913    311.57039    15647 
473000000   -4230.0731   -303.60053    12867.118   -4284.9479    8211.4204    308.35426    15638 
474000000   -4176.4764   -96.883867    12823.199   -4208.5188    8288.1114    307.30177    15634 
475000000   -4265.0341   -37.909213    13108.512    -4160.611    8387.7359    314.13917    15628 
476000000   -4161.3309   -93.349764    13014.364    -4167.782    8235.7632    311.88296    15649 
477000000   -4159.6502   -24.680954    12999.698   -4070.0939    8205.0632    311.53148    15628 
478000000   -4203.1724   -42.245535    12915.697   -4119.5321     8280.459    309.51844    15641 
479000000   -4258.4144   -298.42362    12688.833   -4176.5211    8136.5119    304.08177    15618 
480000000   -4274.7764   -356.51548    12949.171   -4304.9454    8223.2063    310.32063    15652 
481000000   -4321.6352   -183.06673    12802.287   -4073.4082    8211.9767    306.80062    15621 
482000000   -4290.9455   -191.66947    12983.864   -4119.2646    8218.5406    311.15203    15633 
483000000   -4256.9455   -232.43376    12987.763   -4147.0306    8171.5423    311.24548    15633 
484000000    -4263.446   -394.01807    13047.953   -4224.9817    8094.4096    312.68789    15647 
485000000   -4195.4393   -80.775039     12976.49   -4150.0795    8264.7437    310.97532    15627 
486000000   -4227.3389   -239.03224     12840.72   -4205.1766    8193.4833    307.72165    15643 
487000000   -4261.6304   -276.79164    12867.615   -4263.5345    8248.3733    308.36618    15654 
488000000   -4334.7988   -188.34367    12929.601   -4196.5975    8343.0525    309.85165    15643 
489000000   -4309.0294   -192.21913    12878.156   -4086.0714    8202.8817     308.6188    15640 
490000000   -4290.4152   -262.50119    13128.049   -4246.2428    8274.1568    314.60737    15639 
491000000    -4259.929   -383.46633    13039.183   -4267.3343     8143.797    312.47772    15643 
492000000   -4227.8184   -185.72764    12914.719   -4144.4915    8186.5823      309.495    15635 
493000000   -4247.5181   -92.813398    13045.707   -4265.2457    8419.9503    312.63406    15642 
494000000   -4136.7543   -65.063438    13038.387   -4184.3637    8256.0546    312.45864    15630 
495000000   -4097.2386   -67.588628    12987.856   -4159.8928    8189.5428     311.2477    15646 
496000000   -4187.6353   -308.92585     12865.63   -4239.4015     8118.111    308.31862    15633 
497000000   -4208.5998   -100.49232        12848   -4117.9242    8226.0317    307.89613    15627 
498000000     -4173.56    -216.8592    12974.149   -4236.5424    8193.2432    310.91922    15644 
499000000   -4233.6122   -219.41342    12979.079   -4185.2992     8199.498    311.03736    15625 
500000000   -4215.2764   -170.99436    12935.479   -4135.6484    8179.9304    309.99251    15638 
Loop time of 195508 on 28 procs for 500000000 steps with 14000 atoms

Performance: 5524.066 ns/day, 0.004 hours/ns, 2557.438 timesteps/s
99.5% CPU use with 28 MPI tasks x no OpenMP threads

MPI task timing breakdown:
Section |  min time  |  avg time  |  max time  |%varavg| %total
---------------------------------------------------------------
Pair    | 24927      | 30843      | 36324      |1475.0 | 15.78
Bond    | 6058.6     | 6557.9     | 12077      |1376.3 |  3.35
Neigh   | 65911      | 66541      | 67618      | 164.0 | 34.04
Comm    | 46589      | 52360      | 58906      |1369.8 | 26.78
Output  | 0.63739    | 0.68099    | 0.68557    |   1.0 |  0.00
Modify  | 24351      | 24717      | 25276      | 186.4 | 12.64
Other   |            | 1.449e+04  |            |       |  7.41

Nlocal:    500 ave 525 max 478 min
Histogram: 3 3 4 1 4 4 1 3 4 1
Nghost:    829.607 ave 1123 max 548 min
Histogram: 2 5 2 2 3 5 1 2 1 5
Neighs:    7551 ave 9071 max 6116 min
Histogram: 2 3 5 2 3 3 2 3 2 3

Total # of neighbors = 211428
Ave neighs/atom = 15.102
Ave special neighs/atom = 9.21614
Neighbor list builds = 94609683
Dangerous builds = 0
write_restart final_state_${fName}.restart
write_restart final_state_Run5.restart
Total wall time: 54:18:33
