
units real
boundary p p p
atom_style full

neighbor 1.9 bin
neigh_modify every 1 delay 1 check yes

read_data b70_N200_L400.data extra/special/per/atom 50
  orthogonal box = (-420 -420 -420) to (420 420 420)
  2 by 2 by 7 MPI processor grid
  reading atoms ...
  14000 atoms
  scanning bonds ...
  51 = max bonds/atom
  scanning angles ...
  1 = max angles/atom
  reading bonds ...
  13800 bonds
  reading angles ...
  13600 angles
  2 = max # of 1-2 neighbors
  2 = max # of 1-3 neighbors
  4 = max # of 1-4 neighbors
  56 = max # of special neighbors
  special bonds CPU = 0.00184105 secs
  read_data CPU = 0.0451172 secs

angle_style cosine
angle_coeff * 2 # K (energy unit)

bond_style hybrid harmonic harmonic/shift/cut
bond_coeff 1 harmonic 3 10
bond_coeff 2 harmonic 3 10
bond_coeff 3 harmonic/shift/cut 3.60 11.22 12.72

pair_style lj/cut 25
# atom-typ1, atom-typ2, energy-well, sigma (bead-diameter), cut-off (distance)
pair_coeff * * 0.18 10 25

special_bonds lj 1 1 1 angle no
  2 = max # of 1-2 neighbors
  2 = max # of 1-3 neighbors
  4 = max # of 1-4 neighbors
  56 = max # of special neighbors
  special bonds CPU = 0.000702276 secs

minimize 1.0e-4 1.0e-6 100000 100000 # force_tol, energy_tol, maxiter, maxeval
WARNING: Using 'neigh_modify every 1 delay 0 check yes' setting during minimization (../min.cpp:168)
Neighbor list info ...
  update every 1 steps, delay 0 steps, check yes
  max neighbors/atom: 2000, page size: 100000
  master list distance cutoff = 26.9
  ghost atom cutoff = 26.9
  binsize = 13.45, bins = 63 63 63
  1 neighbor lists, perpetual/occasional/extra = 1 0 0
  (1) pair lj/cut, perpetual
      attributes: half, newton on
      pair build: half/bin/newton
      stencil: half/bin/3d/newton
      bin: standard
Per MPI rank memory allocation (min/avg/max) = 1.165 | 13.79 | 17.67 Mbytes
Step Temp E_pair E_mol TotEng Press 
       0            0 2.4262116e+12      2649600 2.4262142e+12 1.1227655e+09 
    2593            0   -3213.8545    8077.7575     4863.903  0.022358999 
Loop time of 0.574026 on 28 procs for 2593 steps with 14000 atoms

98.9% CPU use with 28 MPI tasks x no OpenMP threads

Minimization stats:
  Stopping criterion = energy tolerance
  Energy initial, next-to-last, final = 
     2.42621422944e+12      4864.36586087      4863.90297658
  Force two-norm initial, final = 2.10957e+10 3.95325
  Force max component initial, final = 1.05441e+09 0.95274
  Final line search alpha, max atom move = 0.049396 0.0470616
  Iterations, force evaluations = 2593 2659

MPI task timing breakdown:
Section |  min time  |  avg time  |  max time  |%varavg| %total
---------------------------------------------------------------
Pair    | 0.038543   | 0.13019    | 0.24268    |  16.6 | 22.68
Bond    | 0.012151   | 0.03365    | 0.060387   |   7.5 |  5.86
Neigh   | 0.072675   | 0.073573   | 0.074371   |   0.2 | 12.82
Comm    | 0.077507   | 0.20132    | 0.33394    |  15.8 | 35.07
Output  | 0          | 0          | 0          |   0.0 |  0.00
Modify  | 0          | 0          | 0          |   0.0 |  0.00
Other   |            | 0.1353     |            |       | 23.57

Nlocal:    500 ave 894 max 183 min
Histogram: 3 3 3 4 6 0 2 2 3 2
Nghost:    312.964 ave 490 max 136 min
Histogram: 3 3 2 1 4 3 4 4 1 3
Neighs:    3601.79 ave 6560 max 1006 min
Histogram: 4 1 5 2 7 0 1 1 5 2

Total # of neighbors = 100850
Ave neighs/atom = 7.20357
Ave special neighs/atom = 5.82857
Neighbor list builds = 165
Dangerous builds = 0

# further equilibriate the system before bond formation takes place
fix fxlan all langevin $T $T 1000 ${seed}
fix fxlan all langevin 310 $T 1000 ${seed}
fix fxlan all langevin 310 310 1000 ${seed}
fix fxlan all langevin 310 310 1000 60384
fix fxnve all nve
timestep 0.1
run 10000
Per MPI rank memory allocation (min/avg/max) = 1.127 | 12.9 | 16.54 Mbytes
Step Temp E_pair E_mol TotEng Press 
    2593            0   -3213.8545    8077.7575     4863.903  0.022358999 
   12593    223.56307   -2707.2819    11590.855    18212.493   -1.0812247 
Loop time of 1.43087 on 28 procs for 10000 steps with 14000 atoms

Performance: 60.383 ns/day, 0.397 hours/ns, 6988.738 timesteps/s
99.4% CPU use with 28 MPI tasks x no OpenMP threads

MPI task timing breakdown:
Section |  min time  |  avg time  |  max time  |%varavg| %total
---------------------------------------------------------------
Pair    | 0.053186   | 0.1964     | 0.39974    |  23.2 | 13.73
Bond    | 0.038604   | 0.10761    | 0.19229    |  13.4 |  7.52
Neigh   | 0.0018327  | 0.0018885  | 0.0019243  |   0.1 |  0.13
Comm    | 0.32067    | 0.56915    | 0.81653    |  18.3 | 39.78
Output  | 3.5819e-05 | 5.9485e-05 | 9.1775e-05 |   0.0 |  0.00
Modify  | 0.093898   | 0.2517     | 0.44254    |  20.1 | 17.59
Other   |            | 0.3041     |            |       | 21.25

Nlocal:    500 ave 899 max 185 min
Histogram: 3 3 4 3 6 0 2 2 3 2
Nghost:    311.75 ave 490 max 137 min
Histogram: 4 2 2 4 1 4 3 4 1 3
Neighs:    3609.07 ave 6564 max 1014 min
Histogram: 4 1 6 1 7 0 1 1 5 2

Total # of neighbors = 101054
Ave neighs/atom = 7.21814
Ave special neighs/atom = 5.82857
Neighbor list builds = 4
Dangerous builds = 0

unfix fxlan
unfix fxnve
reset_timestep 0

variable t equal step
variable steps equal 500000000
variable dt_thermo equal 1000000
variable dt_movie equal 10000000
variable dt_restart equal 50000000

group rxnSites type 1 3
4000 atoms in group rxnSites

# fix ID group-ID(atom-types) bond/create Nevery itype jtype Rmin bondtype (prob values = fraction seed) (iparam maxbond newType)
fix bondc rxnSites bond/create/random 20 1 3 12.72 3 prob 1 ${seed} iparam 1 1 jparam 1 3
fix bondc rxnSites bond/create/random 20 1 3 12.72 3 prob 1 60384 iparam 1 1 jparam 1 3

# fix ID group-ID bond/break Nevery bondtype Rmax keyword values ...
fix bondbr rxnSites bond/break 20 3 12.72 prob 1 ${seed}
fix bondbr rxnSites bond/break 20 3 12.72 prob 1 60384

variable frmbnd equal f_bondc[2]
variable brkbnd equal f_bondbr[2]
fix saveBond all print ${dt_thermo} "$t ${frmbnd} ${brkbnd}" file BondData_${fName}.dat screen no
fix saveBond all print 1000000 "$t ${frmbnd} ${brkbnd}" file BondData_${fName}.dat screen no
fix saveBond all print 1000000 "$t ${frmbnd} ${brkbnd}" file BondData_Run2.dat screen no

thermo_style custom step epair pe ke ebond eangle temp bonds
thermo ${dt_thermo}
thermo 1000000
fix saveThermo all print ${dt_thermo} "$t $(temp) $(ke) $(pe) $(epair) $(ebond) $(eangle) $(bonds)" file Thermo_${fName}.dat title "# Steps Temp KinEng PotEng Epair Ebond Eangle Bonds" screen no
fix saveThermo all print 1000000 "$t $(temp) $(ke) $(pe) $(epair) $(ebond) $(eangle) $(bonds)" file Thermo_${fName}.dat title "# Steps Temp KinEng PotEng Epair Ebond Eangle Bonds" screen no
fix saveThermo all print 1000000 "$t $(temp) $(ke) $(pe) $(epair) $(ebond) $(eangle) $(bonds)" file Thermo_Run2.dat title "# Steps Temp KinEng PotEng Epair Ebond Eangle Bonds" screen no

############################ Langevin Dynamics ###############################
fix fxlan all langevin $T $T 1000 ${seed}
fix fxlan all langevin 310 $T 1000 ${seed}
fix fxlan all langevin 310 310 1000 ${seed}
fix fxlan all langevin 310 310 1000 60384
fix fxnve all nve

comm_style tiled
fix fxbal all balance 1000 1.1 rcb

timestep 25

dump coor all custom ${dt_movie} traj_${fName}.dump id type mol mass x y z xu yu zu
dump coor all custom 10000000 traj_${fName}.dump id type mol mass x y z xu yu zu
dump coor all custom 10000000 traj_Run2.dump id type mol mass x y z xu yu zu

restart ${dt_restart} ${fName}_tp_*.restart
restart 50000000 ${fName}_tp_*.restart
restart 50000000 Run2_tp_*.restart
run ${steps}
run 500000000
Neighbor list info ...
  update every 1 steps, delay 1 steps, check yes
  max neighbors/atom: 2000, page size: 100000
  master list distance cutoff = 26.9
  ghost atom cutoff = 26.9
  binsize = 13.45, bins = 63 63 63
  2 neighbor lists, perpetual/occasional/extra = 1 1 0
  (1) pair lj/cut, perpetual
      attributes: half, newton on
      pair build: half/bin/newton
      stencil: half/bin/3d/newton
      bin: standard
  (2) fix bond/create/random, occasional, copy from (1)
      attributes: half, newton on
      pair build: copy
      stencil: none
      bin: none
Per MPI rank memory allocation (min/avg/max) = 17.76 | 18.28 | 18.83 Mbytes
Step E_pair PotEng KinEng E_bond E_angle Temp Bonds 
       0   -2707.2819     8883.573    9328.9204    3080.9356    8509.9193    223.56307    13800 
 1000000   -1599.7006    7001.1331     13026.49    284.23444    8316.5993    312.17354    14926 
 2000000   -1778.6287    6464.5383    13015.085     -134.101    8377.2679    311.90022    15090 
 3000000   -1809.3419    6045.4182    12997.817    -471.9079     8326.668    311.48642    15200 
 4000000   -1897.3462    5668.6461    13017.326   -737.04988    8303.0422    311.95394    15255 
 5000000   -1881.9164    5550.9938    13152.445   -801.56809    8234.4783    315.19199    15287 
 6000000    -2031.909    5112.0343     12924.34   -964.52744    8108.4707    309.72558    15317 
 7000000   -2087.2642    5210.4924    12961.115    -1081.402    8379.1587    310.60686    15351 
 8000000   -2072.3432    4938.9344    12908.835   -1165.0877    8176.3653    309.35399    15364 
 9000000   -2028.2832    5297.3969    12940.868   -1125.5978     8451.278    310.12166    15392 
10000000   -2125.4879    5097.9717    12959.532    -1128.539    8351.9986    310.56894    15398 
11000000   -2206.5317    4658.2299    12702.831   -1323.4601    8188.2217    304.41722    15408 
12000000   -2169.8149    4817.0063     13013.71   -1280.5924    8267.4137    311.86728    15448 
13000000   -2256.1582     4765.689    13018.249   -1400.7801    8422.6273    311.97605    15448 
14000000   -2319.9106    4504.4493    12873.015   -1362.8012     8187.161    308.49558    15468 
15000000   -2290.3286    4630.6921    12979.873   -1469.3967    8390.4174    311.05639    15470 
16000000   -2369.0123    4386.0916    12840.994   -1509.6425    8264.7464    307.72821    15494 
17000000   -2335.3831    4428.2952    12962.386   -1537.6448    8301.3231    310.63733    15490 
18000000   -2306.5805     4512.599    12946.013   -1515.4185     8334.598    310.24494    15496 
19000000   -2250.1125    4361.5139    12982.652   -1580.2731    8191.8995      311.123    15509 
20000000   -2429.9494    4428.3082    13002.141   -1459.5287    8317.7863    311.59003    15477 
21000000   -2368.5701    4399.4893    13012.069   -1478.6642    8246.7236    311.82795    15478 
22000000    -2342.989    4454.6807    12976.005   -1530.2644     8327.934    310.96369    15488 
23000000   -2420.8907    4375.2581    12951.567   -1461.1441    8257.2928    310.37805    15493 
24000000   -2508.2422    4202.8947    12804.301   -1563.0866    8274.2235     306.8489    15516 
25000000   -2534.1903    4225.6284    13072.549   -1595.4053    8355.2239    313.27732    15497 
26000000   -2460.0259    4326.6421    13044.608   -1547.8893    8334.5573    312.60772    15492 
27000000   -2503.9754    4131.0918    12788.908   -1587.1227    8222.1899    306.48002    15522 
28000000   -2438.3781    4040.9059    12893.474   -1693.9752    8173.2591    308.98588    15541 
29000000   -2490.5043     4153.643    12969.062   -1651.1251    8295.2724    310.79731    15533 
30000000   -2491.6961    3992.2991    12856.908   -1737.9163    8221.9116    308.10959    15523 
31000000    -2573.099    3994.7839    13068.514   -1648.6794    8216.5622    313.18063    15539 
32000000   -2572.9095    3983.7542    13035.631   -1679.9625    8236.6261    312.39261    15543 
33000000   -2557.5045    3813.0733    12909.585   -1763.5899    8134.1677    309.37197    15561 
34000000   -2521.9562    3979.1841    12983.408   -1648.0467    8149.1871     311.1411    15551 
35000000   -2578.0216    3939.5667    13036.533   -1758.4255    8276.0138    312.41422    15565 
36000000   -2611.3103    3938.0768    12921.844   -1669.8371    8219.2243    309.66576    15556 
37000000   -2514.0901    3803.2645     13008.72   -1861.1193    8178.4739    311.74769    15582 
38000000   -2532.2125    3943.0457    12941.851   -1816.0641    8291.3223    310.14521    15590 
39000000   -2639.5949    3822.1641    12870.303   -1708.3294    8170.0884    308.43061    15561 
40000000   -2638.1043    3999.1986    13064.664   -1629.6278    8266.9306    313.08836    15542 
41000000   -2668.1919     3568.914    12771.442   -1827.8301    8064.9359    306.06144    15560 
42000000   -2654.8879    3834.8364     12788.81   -1815.9146    8305.6388    306.47766    15579 
43000000   -2685.0177    3845.1155    12994.396   -1694.6565    8224.7897    311.40442    15576 
44000000   -2756.5479     3600.428      13082.4   -1855.7028    8212.6788    313.51339    15575 
45000000   -2740.0229    3526.4879    12915.283   -1890.1576    8156.6683    309.50853    15586 
46000000   -2724.1128    3755.8576    12672.989   -1803.0419    8283.0123    303.70206    15579 
47000000   -2668.3463    3621.1083    12895.325   -1811.8588    8101.3135    309.03024    15605 
48000000   -2669.3569     3857.047    12952.862   -1697.6194    8224.0233     310.4091    15580 
49000000   -2671.0167    3747.0815    12985.741   -1778.5039     8196.602    311.19702    15586 
50000000    -2698.124    3583.8141    12831.699   -1883.0138    8164.9519    307.50546    15598 
51000000    -2648.583    3582.8988    12988.305   -1975.2107    8206.6925    311.25845    15608 
52000000   -2627.8076    3631.2378    12859.385   -1835.2713    8094.3167    308.16896    15597 
53000000   -2690.9211    3769.4643    12910.199   -1845.3505    8305.7359    309.38669    15589 
54000000    -2698.134    3916.1803    13008.347    -1775.538    8389.8524    311.73875    15573 
55000000   -2614.8452    3768.8719    12807.093   -1801.1125    8184.8296    306.91579    15577 
56000000   -2630.6239    3824.7048    13031.265    -1753.843    8209.1717    312.28799    15597 
57000000   -2643.1252    3706.8835    12924.353    -1841.928    8191.9368    309.72587    15592 
58000000   -2700.4277    3632.1411    12802.137   -1970.6151    8303.1838    306.79703    15596 
59000000   -2665.4216    3524.2322    12951.325   -1914.5246    8104.1783    310.37225    15597 
60000000   -2651.2873    3668.2582    12879.774   -1832.3123    8151.8578    308.65757    15589 
61000000   -2610.3647    3735.9411    12805.668   -1838.2355    8184.5413    306.88166    15593 
62000000   -2767.9716    3635.7814     13076.48   -1832.7276    8236.4805    313.37154    15594 
63000000   -2705.2489    3638.8002    13079.704   -1826.4757    8170.5248     313.4488    15594 
64000000   -2868.7324    3617.3757    12939.083   -1788.0874    8274.1955    310.07887    15576 
65000000   -2733.6542    3585.4328     12885.59   -1905.9579     8225.045    308.79693    15590 
66000000   -2823.4741    3640.2718    12845.802    -1845.778    8309.5238    307.84344    15575 
67000000   -2738.3414     3615.777    12919.133   -1941.0109    8295.1292    309.60079    15603 
68000000   -2766.2542    3646.8689    12889.486   -1804.7076    8217.8307    308.89031    15574 
69000000   -2761.3059     3657.778    12781.519   -1785.1706    8204.2545    306.30294    15587 
70000000   -2687.3941    3622.0868    12851.414    -1882.812    8192.2929    307.97794    15598 
71000000   -2703.9152    3647.5942    12946.427   -1855.5192    8207.0286    310.25487    15586 
72000000   -2651.2847    3808.1066    12756.334   -1803.6275    8263.0189    305.69937    15578 
73000000   -2844.9502    3504.9577    12954.935   -1920.9263    8270.8342    310.45877    15595 
74000000   -2806.1562    3535.9173    12903.084   -1765.0798    8107.1533    309.21618    15578 
75000000   -2751.7416    3588.9927    12963.219   -1798.1717     8138.906     310.6573    15595 
76000000   -2842.6551    3598.8305    12834.704   -1803.0099    8244.4955    307.57748    15586 
77000000   -2862.7607    3547.9489    12806.549   -1829.5605    8240.2701    306.90277    15584 
78000000   -2914.6672    3372.6824    12823.256    -1824.538    8111.8875    307.30314    15579 
79000000    -2902.999    3432.4975    12873.103     -1982.94    8318.4365     308.4977    15597 
80000000   -2773.6273    3522.2603    13059.501   -1885.9695    8181.8571    312.96465    15614 
81000000   -2791.9207    3450.1823    12906.643   -1910.3633    8152.4663    309.30148    15608 
82000000   -2746.5922    3622.4628     12930.13   -1772.1192    8141.1742    309.86432    15590 
83000000   -2789.0431    3654.2515     12990.92   -1739.2467    8182.5413    311.32112    15588 
84000000   -2808.7533    3418.6893    12864.266   -1917.3318    8144.7745    308.28594    15613 
85000000   -2788.2605    3510.0185    12837.695   -1881.5004    8179.7794    307.64916    15588 
86000000   -2835.4184    3608.7195    12991.459   -1760.6823    8204.8201    311.33405    15590 
87000000    -2878.647    3508.2946    12858.933   -1786.3306    8173.2722    308.15813    15578 
88000000   -2804.3396    3598.0917    12905.139   -1812.1693    8214.6007    309.26542    15578 
89000000   -2743.4537    3581.6976    13000.734   -1848.5648    8173.7161    311.55632    15599 
90000000    -2694.399    3433.1185    12786.176   -1995.6564    8123.1739    306.41453    15596 
91000000   -2785.7891    3669.5397    12901.083   -1756.3653     8211.694    309.16823    15580 
92000000   -2792.4617    3542.9069    12926.968     -1866.06    8201.4286    309.78854    15603 
93000000   -2833.2872    3669.5595    12929.716     -1749.66    8252.5067     309.8544    15590 
94000000   -2847.5707    3483.0117    13124.377   -1882.7447    8213.3271    314.51935    15604 
95000000   -2866.7126    3547.1399     12852.54   -1857.8202    8271.6727    308.00491    15597 
96000000   -2820.9274    3565.0093    13131.819   -1873.6669    8259.6036     314.6977    15604 
97000000   -2824.1048    3747.7104    12826.956   -1716.3923    8288.2075    307.39181    15557 
98000000   -2806.3023    3574.3333    12899.025   -1898.2884    8278.9239     309.1189    15602 
99000000   -2723.6582    3581.8414    12962.833   -1800.4932    8105.9929    310.64804    15572 
100000000   -2693.0462    3543.6054    12961.183    -1899.323    8135.9747    310.60848    15610 
101000000   -2827.5661    3581.9516    13006.215   -1831.0667    8240.5844    311.68767    15583 
102000000   -2755.9218    3577.8156    13195.432   -1886.4341    8220.1715    316.22217    15586 
103000000   -2806.6834    3532.2635    12873.853   -1793.6809    8132.6278    308.51568    15577 
104000000   -2782.9951    3816.9581    12886.498   -1766.9203    8366.8736    308.81871    15589 
105000000   -2873.9449    3675.2395    13041.073   -1791.0111    8340.1954    312.52302    15586 
106000000   -2842.3676    3433.7554    12871.283   -1865.2426    8141.3657    308.45408    15593 
107000000   -2793.1686    3687.0738    12941.028   -1821.6159    8301.8583    310.12549    15592 
108000000   -2850.0543    3616.7886    13025.663   -1791.5272    8258.3701    312.15373    15603 
109000000    -2756.116     3636.637    12977.296   -1828.2338    8220.9867    310.99463    15583 
110000000   -2817.2481     3523.929    12932.603   -1846.0072    8187.1843    309.92359    15598 
111000000   -2706.9406    3587.7995    12891.384   -1772.8006    8067.5408    308.93579    15593 
112000000   -2735.3034    3480.8124    12823.818    -1938.392    8154.5078     307.3166    15600 
113000000   -2776.2309    3530.1617    12881.063   -1873.0342    8179.4268    308.68847    15612 
114000000   -2718.4258    3503.1971    12947.253    -1840.579    8062.2019    310.27466    15612 
115000000   -2814.5568    3549.7093    12996.221   -1822.8002    8187.0662    311.44816    15577 
116000000   -2873.9039     3384.571     12957.25   -1864.6972    8123.1721    310.51425    15598 
117000000    -2704.405    3464.3999    12759.811   -1840.8241     8009.629    305.78272    15610 
118000000   -2769.8953    3684.5002    12913.577   -1756.8666    8211.2621    309.46764    15588 
119000000    -2778.769    3526.5877    13020.363   -1881.1532    8186.5099     312.0267    15598 
120000000   -2843.0802     3593.182     12954.01    -1793.371    8229.6332    310.43659    15607 
121000000   -2818.4708    3636.1589    13062.777   -1757.6197    8212.2493    313.04314    15578 
122000000   -2739.9941    3710.5182    12914.127   -1712.7475    8163.2597    309.48083    15561 
123000000   -2691.3667    3744.0561    12860.118   -1836.6683    8272.0911    308.18651    15588 
124000000   -2804.5544    3442.2383    13046.509   -1866.7029    8113.4955     312.6533    15598 
125000000   -2800.2068    3539.3357    12874.189   -1854.5337    8194.0762    308.52372    15592 
126000000   -2806.5774    3566.0893      13020.2    -1875.181    8247.8477    312.02281    15586 
127000000   -2885.7967    3345.6873    12869.864   -1889.1514    8120.6354    308.42009    15597 
128000000   -2823.6241    3609.0872    12888.342   -1813.3291    8246.0404    308.86289    15579 
129000000   -2812.5393    3483.9254    12900.183   -1851.3302     8147.795    309.14665    15598 
130000000   -2836.0884    3550.4636    12954.321   -1839.1157    8225.6676    310.44405    15584 
131000000   -2812.0204    3509.1616    12838.933   -1894.6444    8215.8264    307.67883    15590 
132000000    -2867.544    3210.9427    12847.361    -2011.204    8089.6907     307.8808    15619 
133000000   -2791.8697    3611.4068    12930.156   -1838.6118    8241.8884    309.86495    15585 
134000000   -2872.5817    3491.3732    13028.759   -1810.4019    8174.3568    312.22793    15604 
135000000   -2839.7707    3395.6746    12960.573   -1915.2466     8150.692    310.59389    15593 
136000000   -2824.6552    3390.2792     12976.74    -1964.828    8179.7625    310.98131    15603 
137000000   -2840.0318    3479.1108    13053.266    -1833.792    8152.9346    312.81522    15579 
138000000   -2778.1792    3616.4557     13015.92   -1734.7932    8129.4281    311.92024    15591 
139000000   -2874.9375    3331.2983    12898.521   -1924.3934    8130.6292    309.10682    15583 
140000000    -2868.371     3504.724     12771.04   -1780.7014    8153.7964    306.05181    15579 
141000000   -2864.1189    3416.8238    12856.955   -1890.1117    8171.0544    308.11071    15600 
142000000    -2819.162    3431.9637    12984.361   -1952.0867    8203.2124    311.16394    15612 
143000000   -2877.1163    3352.5036    12892.662   -1860.5571     8090.177    308.96642    15598 
144000000   -2842.3804     3329.732    13051.512   -1890.6527    8062.7651    312.77317    15584 
145000000   -2942.8831    3411.2598    12909.684    -1797.825    8151.9679    309.37434    15589 
146000000   -2918.2468    3410.1253      12942.5   -1786.6213    8114.9933    310.16077    15590 
147000000   -2846.6407    3554.0595    13003.408   -1788.0047    8188.7048    311.62039    15586 
148000000   -2914.8456    3463.0142    12956.976   -1881.7952     8259.655    310.50768    15592 
149000000   -2955.5111    3393.7639    12975.346   -1806.9775    8156.2525    310.94789    15609 
150000000   -2880.1415    3498.9442    12943.332   -1795.9064    8174.9921     310.1807    15579 
151000000   -2892.5343    3363.9153      12835.9   -1837.1255    8093.5751    307.60615    15583 
152000000   -2824.6102    3328.7603    12878.571   -1907.2658    8060.6363    308.62873    15595 
153000000   -2849.7046    3443.6544    12963.323   -1914.5247    8207.8838    310.65977    15579 
154000000   -2879.5029     3306.886    12968.997   -1906.0809    8092.4698    310.79575    15595 
155000000   -2876.3176    3352.0688    12794.402   -1870.2179    8098.6043    306.61167    15594 
156000000   -3001.6838    3298.1972    12812.438    -1873.336    8173.2171    307.04388    15587 
157000000   -2984.3077     3333.561    12978.769   -1859.2545    8177.1232    311.02994    15603 
158000000    -2942.774    3199.4904    13019.818   -1973.5891    8115.8535    312.01365    15590 
159000000   -2921.3716    3463.7736    12916.835   -1775.1309    8160.2761    309.54571    15558 
160000000     -3038.36    3306.8979    12928.178   -1925.4405    8270.6984    309.81754    15599 
161000000   -2959.0353    3366.6676    12895.787   -1877.0861     8202.789    309.04132    15596 
162000000   -2933.2852    3419.7767    12966.994   -1766.8929    8119.9548    310.74775    15589 
163000000   -3009.3492    3344.2646     12956.51   -1902.5596    8256.1734    310.49652    15599 
164000000   -2897.9227    3505.1651    12921.374    -1806.441    8209.5288    309.65449    15595 
165000000   -2934.3221    3386.2115    13024.383   -1834.8988    8155.4324    312.12306    15581 
166000000   -3048.5652    3299.6477    12794.033   -1832.3557    8180.5687    306.60283    15574 
167000000   -2968.7097    3422.2656    12900.208   -1839.0063    8229.9816    309.14726    15597 
168000000   -3066.1863    3280.9253    12808.016   -1857.3385      8204.45    306.93792    15592 
169000000   -3075.7505    3301.4649    12895.358   -1827.0418    8204.2573    309.03104    15590 
170000000   -2952.3183    3380.2249    12984.395   -1814.7054    8147.2485    311.16477    15567 
171000000   -3025.7171    3451.0005     12893.59    -1796.085    8272.8026    308.98865    15576 
172000000    -3050.801    3410.3032    12972.089     -1709.76    8170.8642    310.86986    15580 
173000000   -3127.4511     3260.545     12846.83   -1838.4144    8226.4105    307.86809    15588 
174000000   -3100.1855     3258.781    12926.902   -1805.6785     8164.645    309.78696    15588 
175000000   -3187.1564     3157.154    12955.204   -1919.5415     8263.852    310.46521    15595 
176000000   -2997.2526    3329.6184    13009.664   -1849.9461    8176.8171    311.77031    15580 
177000000   -3008.9269    3135.8788    12960.996   -1946.5926    8091.3983    310.60402    15606 
178000000   -3094.0223    3234.2245    12963.665   -1824.0646    8152.3114    310.66798    15592 
179000000   -3012.1702    3408.9501    12869.771   -1763.8555    8184.9757    308.41785    15580 
180000000   -3000.6327    3309.6614    13104.492   -1991.3659    8301.6599    314.04283    15599 
181000000   -2962.5958    3275.5576     12997.93   -1900.2673    8138.4207    311.48911    15600 
182000000   -3091.1731    3209.8534    12988.985   -1908.4551    8209.4816    311.27475    15601 
183000000   -3009.7003    3157.4374    12933.908   -1824.8102    7991.9479    309.95487    15595 
184000000   -3058.3311    3331.9747    12872.911   -1851.1878    8241.4936     308.4931    15596 
185000000   -3038.5427    3279.5861    12802.217   -1957.6771    8275.8059    306.79896    15601 
186000000   -3089.7588    3038.1255    12976.086   -1987.9262    8115.8105    310.96564    15624 
187000000   -3033.1701    3204.4456    12936.245   -1848.1563     8085.772    310.01086    15599 
188000000   -3143.0035     3256.884    12994.223   -1761.1858    8161.0733    311.40029    15581 
189000000   -3068.1235    3045.4923    12948.171   -1988.0145    8101.6302    310.29667    15595 
190000000   -3130.5565    3058.9319    13177.177    -1813.082    8002.5704    315.78468    15588 
191000000   -3055.8849    3260.9538    12992.022   -1866.3515    8183.1903    311.34754    15593 
192000000   -3179.4112    3023.2649      12871.8   -1985.7895    8188.4656    308.46647    15596 
193000000   -3096.9589    3260.5774    12888.258   -1870.0606     8227.597    308.86088    15582 
194000000   -3104.9033    3129.9018     12814.38   -1913.9036    8148.7087    307.09043    15602 
195000000   -3090.6435    3086.3293    12891.524   -1895.1854    8072.1582    308.93915    15591 
196000000   -3022.2136    3270.8805    12886.443   -1858.5101    8151.6042    308.81738    15594 
197000000   -3022.0126    3243.9625    12775.035   -1836.6812    8102.6562    306.14754    15588 
198000000   -3177.3272    3209.7852     12767.65   -1875.7403    8262.8528    305.97057    15586 
199000000   -3141.0538      3172.81    12924.527   -1776.8622     8090.726    309.73004    15588 
200000000   -3080.1954    3319.0956     12941.06   -1766.4166    8165.7076    310.12625    15588 
201000000   -3108.7821    3112.7334    12898.351   -1831.1226    8052.6381    309.10275    15576 
202000000   -3121.6533    3125.8232    12829.079   -1810.0459    8057.5224    307.44269    15579 
203000000   -3107.7846    3199.1226      12904.4    -1900.899    8207.8061    309.24773    15595 
204000000    -3091.899     3303.157    12892.626   -1804.5819    8199.6379    308.96557    15584 
205000000   -3103.5858    3088.8095    12969.125   -1797.3609    7989.7562    310.79882    15604 
206000000   -3140.5508    2909.2132    12901.944   -1885.1488    7934.9128    309.18886    15601 
207000000   -3171.3908    3214.2873    12835.915   -1767.0601    8152.7382    307.60651    15585 
208000000   -3170.3794     3216.942    12971.084   -1803.7228    8191.0442    310.84577    15595 
209000000   -3200.0866    3278.4774    12921.736   -1823.1732    8301.7372    309.66315    15604 
210000000   -3080.5111    3166.3175    13044.752   -1826.9487    8073.7773    312.61118    15594 
211000000   -3116.0967    3167.2071    12984.656   -1846.3872     8129.691    311.17101    15597 
212000000   -3156.0933    3055.6674    12861.875   -1898.1207    8109.8815    308.22862    15604 
213000000    -3157.269    3143.6134    12818.563   -1808.0157    8108.8981    307.19066    15560 
214000000   -3102.0343     3028.167     13055.93   -1908.4131    8038.6144    312.87907    15597 
215000000   -3081.1094    3334.4326    12881.063   -1720.8786    8136.4207    308.68846    15588 
216000000   -3094.1868    3067.0944    12729.008    -1918.065    8079.3461    305.04454    15607 
217000000   -3014.9521    3232.8268    12962.379   -1809.1982    8056.9771    310.63714    15601 
218000000   -3179.6679    3049.6632    12907.698   -1869.0838    8098.4149    309.32675    15604 
219000000   -3272.2276    2884.6193    12957.968   -1892.9688    8049.8156    310.53144    15581 
220000000   -3295.4113     2940.979    12854.303   -1894.5831    8130.9734    308.04717    15578 
221000000   -3202.2487    3123.4323     12986.96   -1796.1089    8121.7899    311.22623    15594 
222000000   -3204.4196    3108.0855     12934.02   -1857.8448      8170.35    309.95755    15596 
223000000   -3196.3329    3039.1003    12950.928   -1867.7706    8103.2037    310.36274    15583 
224000000   -3155.5905    2962.0024    12859.203   -1853.4425    7971.0354    308.16459    15587 
225000000   -3132.8444    3115.2099    12931.313   -1764.7095    8012.7638    309.89268    15595 
226000000   -3144.5054     3346.238    12911.905   -1662.2184    8152.9618    309.42756    15573 
227000000   -3208.2681    2828.2917    12973.712   -2021.1419    8057.7017    310.90875    15604 
228000000   -3173.4934    3165.0188    12840.911   -1811.8252    8150.3375    307.72624    15597 
229000000   -3039.7476    3224.6474    12932.904   -1835.9246    8100.3196    309.93081    15594 
230000000   -3160.5932    3234.5777    12834.313   -1738.6823    8133.8532    307.56813    15595 
231000000   -3263.3832    2999.8579    13007.798   -1748.0346    8011.2757     311.7256    15583 
232000000   -3265.9733    3179.9656    12891.282   -1720.4739    8166.4128    308.93334    15584 
233000000   -3238.7985    3022.9119    12777.548   -1865.3936    8127.1041    306.20776    15591 
234000000   -3187.3744    3199.7532    12968.287   -1810.9681    8198.0957    310.77874    15598 
235000000   -3187.7868    3073.1666    12997.324   -1743.8286     8004.782     311.4746    15576 
236000000   -3230.7176    3095.5723    13117.623    -1866.251     8192.541    314.35751    15595 
237000000   -3219.6758    3101.1333    12812.092   -1846.5457    8167.3549    307.03561    15583 
238000000   -3120.5139    2972.6974    13051.214   -1923.2799    8016.4912    312.76605    15593 
239000000   -3089.2338    3181.6432    12893.328   -1850.5638    8121.4408    308.98237    15594 
240000000   -3127.8198    2967.0733    12883.973   -1941.2085    8036.1016     308.7582    15608 
241000000   -3159.7262    3141.3707     12939.29   -1859.3451    8160.4421    310.08383    15605 
242000000   -3097.8957    3103.0325    13153.926   -1858.8193    8059.7475    315.22749    15596 
243000000   -3052.9162    3236.8751    13055.077   -1713.1995    8002.9909    312.85862    15577 
244000000    -3175.487    3132.3766    12968.235   -1837.8632    8145.7268    310.77749    15575 
245000000   -3176.2327    3072.6333    12852.474   -1838.6173    8087.4833    308.00333    15590 
246000000   -3206.7621    3175.3435    12828.447   -1781.0219    8163.1274    307.42754    15597 
247000000   -3120.9774    3014.7388    12799.951    -1856.061    7991.7772    306.74464    15596 
248000000   -3274.6096      3130.97    12943.923   -1752.1081    8157.6877    310.19486    15573 
249000000   -3157.1689    3012.9674    12895.463   -1908.4708     8078.607    309.03355    15583 
250000000   -3195.9668    3027.3292    13027.656   -1863.9121    8087.2081    312.20148    15600 
251000000   -3162.5298    3104.2103    13035.474   -1827.4131    8094.1532    312.38885    15587 
252000000    -3166.354    3066.8372    12914.419   -1908.8213    8142.0125    309.48782    15576 
253000000   -3090.9424    3199.2284    13038.918   -1810.0622     8100.233    312.47138    15566 
254000000   -3173.8006    3356.1968    12902.227   -1754.0737    8284.0711    309.19564    15577 
255000000   -3217.2741    3128.4918    12943.156   -1783.4863    8129.2522    310.17649    15572 
256000000   -3090.1264    3227.9138    12929.007   -1813.4342    8131.4743    309.83742    15599 
257000000   -3155.5168    3072.0483    12828.766   -1883.8323    8111.3975    307.43519    15595 
258000000   -3186.8364    3083.8669    12952.532   -1825.0732    8095.7764    310.40118    15599 
259000000   -3216.0086    3030.6526    12919.641   -1744.1305    7990.7918    309.61296    15573 
260000000   -3246.9243     2968.869     12855.91     -1856.39    8072.1833    308.08568    15586 
261000000   -3175.4082    3054.1139    12904.787   -1874.4597    8103.9818    309.25698    15584 
262000000    -3172.594    3066.1923     12824.43   -1932.5458    8171.3321    307.33126    15599 
263000000   -3236.7613    3055.2273    12968.735   -1800.9781    8092.9667    310.78947    15574 
264000000   -3125.7523    3261.2476    12896.706   -1804.6386    8191.6384    309.06335    15585 
265000000   -3168.1596    3178.1036    12878.014    -1759.059    8105.3222    308.61538    15580 
266000000   -3249.7533    3101.1121    12842.031   -1812.2632    8163.1286    307.75307    15576 
267000000   -3212.7689    3080.8942    12873.852     -1793.29    8086.9532    308.51565    15574 
268000000   -3233.5135    3176.5363    13038.388    -1769.884    8179.9338    312.45868    15579 
269000000   -3191.4847    3039.7339    12936.585   -1873.6369    8104.8554    310.01901    15597 
270000000   -3151.1569    3122.8232    13075.821   -1841.1755    8115.1556    313.35573    15593 
271000000   -3091.0085    3112.7397    13001.662   -1905.8946    8109.6428    311.57856    15603 
272000000   -3029.4642     3282.171    12909.835   -1843.0459    8154.6812    309.37797    15608 
273000000   -3121.7096    3207.8411    12975.647   -1803.5756    8133.1263    310.95511    15581 
274000000   -3170.5487    3278.0636    12872.994   -1751.0531    8199.6654    308.49508    15577 
275000000   -3160.7129    3087.3154    13058.931   -1880.2772    8128.3055    312.95098    15590 
276000000   -3146.7824    3252.4037    12998.898     -1777.93     8177.116    311.51232    15573 
277000000   -3130.8118    2990.7237    13047.264   -1877.2122    7998.7477    312.67138    15578 
278000000   -3075.8167    3197.3778    12931.851   -1865.7273    8138.9219    309.90557    15592 
279000000   -3094.2048    3199.2022    13012.884   -1892.5437    8185.9507    311.84749    15593 
280000000   -3172.5381    3032.4691    12933.487   -1846.9439    8051.9511    309.94478    15586 
281000000   -3149.1519    3221.8837    12920.007   -1768.1401    8139.1756    309.62172    15586 
282000000   -3160.7685    3132.9743    12860.535    -1932.622    8226.3647    308.19652    15607 
283000000   -3168.4819    3100.1635     12910.58   -1846.0727    8114.7181    309.39581    15592 
284000000   -3139.5112    3099.6395    12980.553   -1849.4953     8088.646     311.0727    15586 
285000000   -3230.0933     3053.307    13051.964   -1844.9155    8128.3158    312.78401    15587 
286000000   -3204.5022    3202.8411    13117.932   -1806.7162    8214.0596     314.3649    15575 
287000000    -3206.372    2945.2998    12856.205    -1986.745    8138.4169    308.09274    15598 
288000000   -3190.2855    3123.6543    12924.246   -1783.0386    8096.9783    309.72332    15582 
289000000   -3259.3201    3052.0217    12950.709   -1751.3409    8062.6827     310.3575    15572 
290000000   -3254.8315    3220.9233    12845.473   -1698.6357    8174.3904    307.83556    15583 
291000000   -3206.0579    3019.8418    13000.284   -1816.0581    8041.9578    311.54553    15583 
292000000   -3198.4592    3067.7133    12966.732   -1830.9505     8097.123    310.74148    15582 
293000000   -3135.6118    3156.0398    13038.938   -1782.5346    8074.1862    312.47186    15589 
294000000   -3067.9813    3243.3479    13008.965   -1781.0428     8092.372    311.75356    15587 
295000000   -3149.3021    3327.8399    13026.046   -1819.0761    8296.2181    312.16291    15595 
296000000    -3112.097    3304.2807    12914.385   -1709.0473     8125.425      309.487    15569 
297000000   -3121.5643    3176.1672    13049.981   -1834.8057    8132.5372    312.73651    15570 
298000000   -3109.3057    3105.7387    12767.979   -1898.0372    8113.0816    305.97846    15588 
299000000   -3056.6216    3242.5853     12786.31   -1987.7809    8286.9878    306.41773    15607 
300000000    -3051.207    3206.0057    12912.327   -1824.3901    8081.6027    309.43767    15587 
301000000   -3091.1541    3156.5975    13278.873   -1811.2233    8058.9749    318.22177    15577 
302000000   -3205.8996    3089.2688    12806.625   -1838.6462    8133.8146    306.90459    15579 
303000000   -3201.1263    3119.9837    12983.172   -1809.5413    8130.6513    311.13546    15607 
304000000    -3057.656    3247.2673    12976.231   -1845.4698     8150.393    310.96911    15590 
305000000   -3167.7862    3293.4256     12874.62   -1734.3013    8195.5132    308.53406    15567 
306000000   -3101.6831     3120.672    12965.195   -1883.7042    8106.0593    310.70463    15592 
307000000   -3085.0445    3119.9824      12981.6    -1898.108    8103.1348    311.09777    15606 
308000000   -3175.7142     3046.221    12909.451   -1939.6745    8161.6096    309.36877    15593 
309000000    -3163.871    3158.8444    13026.888   -1809.8979    8132.6133    312.18307    15599 
310000000   -3142.6932    3051.9976    12886.712   -1969.5918    8164.2826    308.82383    15608 
311000000   -3167.4713    3210.3087    12870.718   -1795.2961    8173.0761    308.44054    15586 
312000000   -3168.7842    2906.2064    12853.165   -2007.8666    8082.8572    308.01989    15622 
313000000   -3212.4286    3010.3273    12978.577    -1850.972    8073.7279    311.02534    15586 
314000000    -3107.068    3236.2863    13059.717   -1838.5367     8181.891    312.96981    15598 
315000000   -3092.6958    3257.6712    12861.036   -1851.2415    8201.6084    308.20853    15604 
316000000   -3148.2905    3168.1164     12930.33   -1676.5664    7992.9732    309.86911    15560 
317000000   -3158.1914    3143.5372    12828.462   -1753.7881    8055.5167    307.42789    15596 
318000000   -3125.4159    3019.3356    12889.206   -1920.6938    8065.4453    308.88359    15597 
319000000   -3235.4849    3306.3781    12922.299   -1704.0502    8245.9132    309.67666    15577 
320000000   -3214.0086    2954.4695    12936.493   -1897.2276    8065.7056    310.01681    15586 
321000000   -3300.6228    2958.9401    12949.647   -1848.3202    8107.8832    310.33203    15589 
322000000   -3143.0184    3191.4152    12958.499   -1835.7715    8170.2051    310.54418    15570 
323000000   -3172.9269    3241.5358    12891.054   -1798.9202    8213.3828    308.92789    15580 
324000000   -3170.5202    3111.9252    12831.045   -1753.2558    8035.7012    307.48981    15582 
325000000   -3146.7387    3135.8889    12904.543   -1828.4459    8111.0735    309.25115    15595 
326000000   -3089.4978    3145.0539    12942.357   -1824.0233    8058.5751    310.15733    15588 
327000000   -3099.1547    3127.4315    13036.291    -1937.453    8164.0393    312.40842    15611 
328000000   -3176.4363    3091.9535    12792.457   -1792.1832     8060.573    306.56505    15581 
329000000   -3072.9602    3179.4684     12891.81   -1855.0773    8107.5058      308.946    15583 
330000000   -3108.2722    3122.0901    13034.314   -1814.4427     8044.805    312.36105    15576 
331000000    -3035.687     3028.627    13009.189   -1927.6517    7991.9657    311.75893    15599 
332000000   -3029.3933    3191.4989    12815.007   -1956.1684    8177.0606    307.10547    15589 
333000000   -3051.5443    3295.6582    12758.596    -1787.893    8135.0955     305.7536    15581 
334000000    -3125.635    3230.3111    12740.623   -1793.0516    8148.9976    305.32288    15574 
335000000   -3020.2685    3235.8636    13025.835   -1852.1935    8108.3256    312.15784    15584 
336000000    -3110.395    3121.2587    12867.798   -1878.0947    8109.7485    308.37058    15588 
337000000   -3096.0861    3277.7191    12880.159   -1819.9771    8193.7823     308.6668    15580 
338000000   -3130.2715    3107.0567    12947.645    -1816.076    8053.4042    310.28406    15572 
339000000   -3134.5254    3099.8589    12866.842   -1811.7378    8046.1221    308.34765    15581 
340000000   -3205.3962    3029.3675    13006.342   -1871.9936    8106.7573    311.69071    15592 
341000000   -3132.3923    3040.7626    13018.791   -1869.4005    8042.5555    311.98905    15589 
342000000   -3140.5691    3261.5063    12922.499   -1774.6871    8176.7624    309.68146    15603 
343000000   -3214.6465      2916.42    12905.714   -1922.0896    8053.1561    309.27922    15598 
344000000   -3163.9388    3208.3946     12816.02    -1794.126    8166.4594    307.12973    15598 
345000000   -3137.1551    3019.7737     12880.05   -1917.8914    8074.8202    308.66417    15592 
346000000   -3113.6741    3313.6386    12914.366   -1747.3461    8174.6589    309.48654    15575 
347000000   -3112.4503    3197.1171    13080.398   -1786.0609    8095.6283    313.46543    15598 
348000000   -3157.8482    3125.9046    13018.271    -1848.384    8132.1368    311.97659    15576 
349000000    -3169.085     3103.873    12988.025   -1835.8627    8108.8206    311.25175    15578 
350000000    -3150.654    3217.7422    12882.623    -1793.884    8162.2802    308.72583    15571 
351000000   -3203.2967    3185.6939    12820.227   -1710.8662    8099.8568    307.23054    15595 
352000000    -3161.158    3134.8917    13032.659    -1841.127    8137.1767    312.32139    15602 
353000000   -3110.3675    3177.7263    13005.202   -1811.8034    8099.8972     311.6634    15600 
354000000    -3181.621    3313.0442    12849.193   -1722.0029    8216.6682    307.92471    15562 
355000000    -3108.804    3197.3184    13031.218   -1782.7774    8088.8997    312.28685    15569 
356000000   -3147.5624    3096.3381    12887.378   -1874.0321    8117.9325     308.8398    15608 
357000000   -3134.4136    3233.5773    13089.819   -1813.0876    8181.0785     313.6912    15595 
358000000   -3174.6825    3069.5722    12999.853   -1920.6543    8164.9089    311.53521    15606 
359000000   -3138.1513    3251.2347    13063.706   -1759.2582    8148.6442    313.06541    15586 
360000000   -3214.3199    3301.0108    13063.864   -1663.3752    8178.7059     313.0692    15562 
361000000   -3195.0103    3068.2893    12907.358   -1880.0342    8143.3338     309.3186    15573 
362000000   -3303.6657    2949.9539     12744.68   -1866.3759    8119.9955    305.42011    15589 
363000000   -3185.9001    3166.9327    12822.753   -1730.4976    8083.3304    307.29109    15596 
364000000   -3189.1945    2959.6129    13074.586   -1936.3869    8085.1943    313.32613    15591 
365000000   -3225.5668    3269.2787    12889.144   -1766.9865     8261.832    308.88211    15573 
366000000   -3127.7244    2956.3465    13110.513   -1966.0666    8050.1375    314.18711    15604 
367000000   -3172.6697    3120.4815    12979.559   -1811.2782    8104.4294    311.04886    15591 
368000000    -3073.278    3251.2549    12890.115   -1738.0303    8062.5631    308.90538    15572 
369000000   -3128.8429    3217.9378    12914.845   -1801.2376    8148.0183    309.49803    15587 
370000000   -3202.0102    3027.2359    12806.717   -1886.9292    8116.1753    306.90678    15593 
371000000   -3133.6067    3419.4049    12996.321     -1754.96    8307.9717    311.45055    15587 
372000000   -3189.4167     2962.466    13012.154   -1919.5471    8071.4297       311.83    15604 
373000000   -3176.0441    3094.1483    13008.722   -1780.6123    8050.8047    311.74775    15590 
374000000     -3194.73    2960.7632    12968.679   -1909.8912    8065.3845    310.78812    15602 
375000000   -3138.3653     3164.374    12851.035   -1825.4959    8128.2352    307.96885    15587 
376000000    -3121.238    3168.9804    12950.863   -1897.7008    8187.9192    310.36119    15589 
377000000   -3173.0618    3189.8104    13055.745   -1798.8492    8161.7215    312.87463    15591 
378000000   -3097.6959    3349.9368    13082.819   -1728.6242    8176.2569    313.52345    15576 
379000000   -3177.9841    3342.9659    12885.146   -1729.5976    8250.5476    308.78629    15563 
380000000   -3236.6097    3043.7844    12930.368   -1846.9503    8127.3444    309.87002    15587 
381000000   -3129.6217    3185.9312    13025.503   -1819.4118    8134.9646    312.14988    15598 
382000000   -3139.8779      3266.15    12982.095   -1766.9623    8172.9902    311.10963    15577 
383000000   -3237.1921     3027.308    12946.959   -1853.3949     8117.895    310.26763    15595 
384000000   -3233.5907    2992.0364    12881.545   -1851.8238    8077.4509    308.70001    15585 
385000000   -3205.5059    3044.3756    12783.785   -1811.6255     8061.507    306.35723    15577 
386000000   -3128.8864    3109.2529     12880.86   -1871.5457     8109.685     308.6836    15594 
387000000   -3246.2493    3071.3739     12962.75   -1749.9101    8067.5333    310.64604    15575 
388000000   -3109.6243    3072.0477    12956.544   -1900.0404    8081.7124    310.49732    15608 
389000000   -3203.2723    3196.2206    13002.233   -1743.2619    8142.7547    311.59223    15576 
390000000   -3117.9315     3038.866    12979.771   -1947.6565     8104.454    311.05394    15595 
391000000    -3163.619    3135.6078    12882.652   -1785.2485    8084.4752    308.72654    15589 
392000000   -3062.1774    3152.6463    12972.081   -1989.7775    8204.6012    310.86965    15605 
393000000   -3225.9394    3103.8285    13014.542   -1800.6141     8130.382    311.88722    15582 
394000000   -3148.3904    3234.0253    13020.389   -1753.8948    8136.3105    312.02733    15574 
395000000   -3073.2302    3272.6925    12886.437    -1844.033    8189.9558    308.81724    15608 
396000000   -3114.2215    3169.4409    12902.872   -1820.4403    8104.1027     309.2111    15586 
397000000   -3157.6436    3233.6827    12866.394   -1890.4593    8281.7856    308.33691    15598 
398000000   -3160.4563    3241.7547    12933.726    -1786.014     8188.225     309.9505    15598 
399000000    -3173.488    3139.2346    12801.681   -1854.8985    8167.6212     306.7861    15607 
400000000   -3126.7485     3220.475    12983.915   -1776.7932    8124.0167    311.15324    15596 
401000000   -3048.6618     3426.083    12891.242   -1709.9706    8184.7154    308.93239    15587 
402000000   -3127.4824    3261.9319    12916.678   -1825.8869    8215.3012    309.54196    15576 
403000000   -3031.5073    3190.5619    12901.044   -1932.0718    8154.1411     309.1673    15587 
404000000   -3146.2585    3285.0446    12864.744   -1804.1813    8235.4844    308.29739    15557 
405000000   -3110.9423    3135.8969    12879.453   -1929.3598    8176.1991    308.64988    15609 
406000000   -3140.5729    3092.3088    12989.056   -1827.7631    8060.6448    311.27645    15582 
407000000   -3082.6586    3045.0918    13008.031   -1956.3238    8084.0742    311.73119    15607 
408000000   -3008.9974    3266.6339    12919.901   -1881.7119    8157.3432     309.6192    15598 
409000000   -3116.9081    3274.8345    12971.227   -1797.9981    8189.7407     310.8492    15597 
410000000   -3204.2595    3176.9523    12927.111   -1843.5848    8224.7966    309.79197    15603 
411000000   -3079.5722    3238.0296    12992.953   -1748.7701    8066.3719    311.36985    15577 
412000000    -3169.284     3058.904    12845.041   -1884.2074    8112.3955    307.82522    15598 
413000000   -3145.6906    3165.6615    12992.313   -1838.3067    8149.6588     311.3545    15593 
414000000   -3188.3661    3000.7156    12799.948   -1859.9389    8049.0206    306.74457    15591 
415000000   -3154.5683    3275.1124    12953.303   -1781.4209    8211.1017    310.41965    15583 
416000000   -3134.0462    3385.9431    12997.901    -1721.961    8241.9503    311.48841    15582 
417000000   -3152.0325    3284.3931    13063.562   -1763.7491    8200.1747    313.06197    15588 
418000000   -3269.1601     3185.533    12925.862   -1811.0371    8265.7302    309.76204    15587 
419000000   -3199.0043    3215.0263    12849.241   -1781.8479    8195.8785    307.92587    15572 
420000000   -3225.8157    3066.9501    12880.427   -1865.2138    8157.9796    308.67322    15582 
421000000    -3104.772    3107.7283    12830.422    -1802.501    8015.0013    307.47487    15576 
422000000   -3211.7908    2999.1379    12910.853   -1847.9657    8058.8943    309.40235    15610 
423000000   -3205.5388    3179.9807    12894.153   -1792.8367    8178.3561    309.00214    15585 
424000000   -3183.7036    3370.2769    12939.255   -1746.3977    8300.3783      310.083    15576 
425000000   -3160.0604    3181.1703    12835.724   -1853.7222    8194.9528    307.60192    15597 
426000000   -3146.9757    3062.2888    13008.983   -1890.6383    8099.9028    311.75399    15587 
427000000   -3100.4454    3081.3688    12777.892   -1982.1007    8163.9149    306.21601    15609 
428000000   -3213.5038    3109.5309    12893.582   -1869.1226    8192.1573    308.98846    15583 
429000000   -3159.4947    3006.6553    13016.326   -1859.4461    8025.5961    311.92998    15600 
430000000   -3139.8899    3230.5423    12781.793   -1789.0885    8159.5206    306.30949    15587 
431000000   -3209.3625    3087.2912    12999.956   -1822.3556    8119.0094    311.53766    15592 
432000000   -3093.7357    3186.4962    12905.898   -1809.9267    8090.1586    309.28362    15591 
433000000   -3171.7364    3103.2073    12989.816   -1791.0926    8066.0363    311.29468    15572 
434000000   -3201.5033     3058.397    12952.395   -1847.5805    8107.4809    310.39788    15591 
435000000   -3163.0307      3050.04    12936.707   -1858.3164    8071.3871    310.02194    15578 
436000000   -3179.6005    3009.8917    13037.188   -1884.1795    8073.6717    312.42991    15590 
437000000   -3210.1502    3121.9404    12799.064   -1707.7064     8039.797     306.7234    15578 
438000000   -3117.1882    3094.9473    13021.955   -1921.6321    8133.7675    312.06488    15590 
439000000   -3172.6274    3064.5257     12905.12   -1885.5441    8122.6972    309.26498    15593 
440000000   -3279.2319    3099.7679    12879.276   -1814.7399    8193.7397    308.64564    15582 
441000000   -3213.5238    3188.4639    13000.634   -1790.5887    8192.5764    311.55392    15586 
442000000   -3148.5338     3044.841    12829.606   -1940.2517    8133.6264    307.45531    15614 
443000000   -3159.3357    3057.5342    12896.206   -1869.2578    8086.1278    309.05134    15598 
444000000   -3234.5453    3192.4072    12961.973   -1846.5374    8273.4899    310.62743    15575 
445000000   -3133.2575    3165.4518     13024.64   -1772.4712    8071.1805     312.1292    15595 
446000000   -3162.3554    3225.0039    12967.832   -1800.7457    8188.1049    310.76784    15583 
447000000   -3101.7117    3167.4975    12989.249   -1862.5418    8131.7509    311.28108    15585 
448000000   -3173.0292    3080.0766    12929.105   -1778.1397    8031.2454    309.83976    15597 
449000000   -3135.4726    3214.0947    12966.664   -1764.0481    8113.6154    310.73984    15589 
450000000   -3148.1198    3442.5408    12859.637   -1734.1125    8324.7731    308.17499    15575 
451000000   -3144.8592    3163.1143    13064.527   -1887.9547    8195.9282    313.08509    15601 
452000000   -3116.9879    3183.3269    12965.081    -1792.154    8092.4688    310.70191    15575 
453000000   -3111.3927    3307.7581    12940.535   -1798.1118    8217.2625    310.11367    15575 
454000000   -3096.9961    3133.3811    13025.962   -1840.8042    8071.1814    312.16088    15583 
455000000   -3102.4717    3290.6969    12928.549   -1849.0866    8242.2551    309.82643    15594 
456000000   -3015.5884    3181.8498    12842.312   -1880.2447     8077.683    307.75982    15603 
457000000    -3165.017    3051.3826    13113.531    -1920.514    8136.9136    314.25944    15618 
458000000   -3045.0349    3175.0087    13031.729   -1808.0218    8028.0654    312.29909    15584 
459000000   -3070.0362    3225.2428     12982.72   -1821.9542    8117.2333    311.12461    15586 
460000000    -3209.049    2904.8737    12856.747   -1996.8712    8110.7939    308.10573    15619 
461000000   -3273.2885    2958.0927    12842.199   -1864.6552    8096.0363     307.7571    15600 
462000000   -3200.3319    3289.0179    12847.252   -1782.7369    8272.0866     307.8782    15571 
463000000   -3234.5363    3132.1442    12747.719   -1895.2346    8261.9151    305.49294    15604 
464000000   -3130.3361    3131.3095    12886.204   -1920.1491    8181.7947    308.81165    15601 
465000000   -3099.5468    3131.3144    12937.786   -1860.7574    8091.6186    310.04781    15585 
466000000   -3159.0584    3247.4208    12906.479   -1901.6052    8308.0844    309.29754    15597 
467000000   -3116.8538    3244.1193    13021.558     -1732.27     8093.243    312.05535    15577 
468000000   -3292.7011    2937.3475    12844.174   -1930.9491    8160.9976    307.80442    15598 
469000000   -3310.8631    3065.6269    12888.997   -1752.2384    8128.7284     308.8786    15583 
470000000    -3247.332     3065.386    12972.957   -1703.4457    8016.1637    310.89065    15570 
471000000   -3262.0221    3009.0406    12871.279    -1850.758    8121.8207    308.45399    15578 
472000000   -3246.8024    3023.5687    12799.184   -1913.2873    8183.6584    306.72626    15603 
473000000   -3297.1209    3227.6337    13040.092   -1750.6071    8275.3616    312.49952    15590 
474000000   -3114.3645    3285.7241    12881.894   -1791.9493    8192.0379    308.70837    15575 
475000000   -3152.8689    3098.0834    12989.467   -1958.3044    8209.2567    311.28631    15590 
476000000    -3206.732    3059.8445    12979.028   -1804.9498    8071.5262    311.03614    15594 
477000000    -3160.482    3159.8379    12936.565   -1883.3282    8203.6482    310.01852    15568 
478000000     -3240.31    3204.7486    12955.857   -1775.7425    8220.8011    310.48087    15577 
479000000    -3164.762    3175.3382    13058.186   -1823.3241    8163.4243    312.93312    15585 
480000000    -3179.309     3140.962    12994.183   -1917.3381    8237.6091    311.39932    15598 
481000000   -3162.4551    3050.1832    12950.442   -1982.1187     8194.757     310.3511    15596 
482000000   -3145.9598     3176.457    12751.325   -1880.5402     8202.957    305.57936    15581 
483000000    -3136.151    3247.1654    12917.437   -1772.7332    8156.0496    309.56015    15593 
484000000   -3189.8936    3012.3626    12942.185   -1822.1011    8024.3573    310.15322    15609 
485000000   -3194.3726    3220.2262    13016.361   -1805.3138    8219.9127    311.93081    15590 
486000000   -3212.9227    3284.1191    12939.586   -1685.2504    8182.2922    310.09094    15601 
487000000   -3182.9518    3217.0595    12922.347   -1813.3254    8213.3367     309.6778    15585 
488000000   -3136.2935    3047.6082    12972.057   -1888.2852    8072.1868    310.86909    15586 
489000000   -3242.9381    3096.7738    12878.722   -1805.0909    8144.8028    308.63236    15597 
490000000   -3270.0427    3018.2134    12949.849   -1782.8649     8071.121    310.33687    15564 
491000000     -3385.22    2915.6021    12959.097   -1828.8632    8129.6853     310.5585    15582 
492000000   -3158.6609    3130.2211    12991.548   -1884.1352    8173.0172    311.33618    15589 
493000000   -3208.4251    2989.9903    12952.978   -1843.6854    8042.1008    310.41187    15583 
494000000   -3188.1998      3040.11    13033.552   -1846.0623    8074.3721    312.34279    15588 
495000000   -3260.2477     3106.733     12846.56   -1724.8116    8091.7923    307.86161    15587 
496000000   -3183.0555    2962.7901    12948.077   -1962.3517    8108.1974     310.2944    15605 
497000000   -3256.1451    2986.2761    13016.601   -1905.0591    8147.4803    311.93655    15607 
498000000    -3224.896    3151.3743     12803.54   -1786.5089    8162.7792    306.83065    15576 
499000000   -3168.5289    3117.3581    12980.178   -1841.3069     8127.194     311.0637    15584 
500000000    -3183.332    3125.8991    12827.093   -1803.2468     8112.478    307.39509    15574 
Loop time of 167820 on 28 procs for 500000000 steps with 14000 atoms

Performance: 6435.452 ns/day, 0.004 hours/ns, 2979.376 timesteps/s
99.4% CPU use with 28 MPI tasks x no OpenMP threads

MPI task timing breakdown:
Section |  min time  |  avg time  |  max time  |%varavg| %total
---------------------------------------------------------------
Pair    | 18264      | 21786      | 24920      |1122.0 | 12.98
Bond    | 5960.7     | 6122.2     | 6782.7     | 247.9 |  3.65
Neigh   | 56135      | 56801      | 57456      | 122.3 | 33.85
Comm    | 46855      | 49874      | 55041      | 918.0 | 29.72
Output  | 0.65932    | 0.65963    | 0.66027    |   0.0 |  0.00
Modify  | 24692      | 24796      | 25039      |  43.6 | 14.78
Other   |            | 8441       |            |       |  5.03

Nlocal:    500 ave 535 max 444 min
Histogram: 1 0 1 4 3 5 3 2 6 3
Nghost:    722.179 ave 903 max 421 min
Histogram: 2 0 2 2 2 4 3 6 4 3
Neighs:    5781.64 ave 7942 max 4480 min
Histogram: 3 3 3 3 11 3 1 0 0 1

Total # of neighbors = 161886
Ave neighs/atom = 11.5633
Ave special neighs/atom = 8.16657
Neighbor list builds = 99854874
Dangerous builds = 0
write_restart final_state_${fName}.restart
write_restart final_state_Run2.restart
Total wall time: 46:37:02
