
units           real
boundary p p p
atom_style      full

read_restart final_state_Run2_ext.restart
  restoring atom style full from restart
  orthogonal box = (-420 -420 -420) to (420 420 420)
  2 by 2 by 7 MPI processor grid
  restoring pair style lj/cut from restart
  restoring bond style hybrid from restart
  restoring angle style cosine from restart
  14000 atoms
  15650 bonds
  13600 angles
  3 = max # of 1-2 neighbors
  6 = max # of 1-3 neighbors
  18 = max # of 1-4 neighbors
  56 = max # of special neighbors
  special bonds CPU = 0.121395 secs
  read_restart CPU = 0.394139 secs

neighbor 1.9 bin
neigh_modify every 1 delay 1 check yes

angle_style  cosine
angle_coeff   *  2  # K (energy unit)

bond_style 		hybrid harmonic harmonic/shift/cut
bond_coeff   1   harmonic 3   10
bond_coeff   2   harmonic 3   10
bond_coeff	3	harmonic/shift/cut 3.60	11.22	12.72

pair_style lj/cut 25
# atom-typ1, atom-typ2, energy-well, sigma (bead-diameter), cut-off (distance)
pair_coeff  * * 0.12 10 25

special_bonds lj  0 1 1 angle yes
  3 = max # of 1-2 neighbors
  6 = max # of 1-3 neighbors
  18 = max # of 1-4 neighbors
  39692 = # of 1-3 neighbors before angle trim
  27200 = # of 1-3 neighbors after angle trim
  56 = max # of special neighbors
  special bonds CPU = 0.00442021 secs

# further equilibriate the system before bond formation takes place
fix fxlan all langevin $T $T 500 ${seed}
fix fxlan all langevin 310 $T 500 ${seed}
fix fxlan all langevin 310 310 500 ${seed}
fix fxlan all langevin 310 310 500 72779
fix fxnve all nve
timestep 0.1
run 10000
Neighbor list info ...
  update every 1 steps, delay 1 steps, check yes
  max neighbors/atom: 2000, page size: 100000
  master list distance cutoff = 26.9
  ghost atom cutoff = 26.9
  binsize = 13.45, bins = 63 63 63
  1 neighbor lists, perpetual/occasional/extra = 1 0 0
  (1) pair lj/cut, perpetual
      attributes: half, newton on
      pair build: half/bin/newton
      stencil: half/bin/3d/newton
      bin: standard
Per MPI rank memory allocation (min/avg/max) = 1.123 | 10.84 | 16.67 Mbytes
Step Temp E_pair E_mol TotEng Press 
400000000    307.99595   -1925.2036    6355.4419    17282.404 0.0048868384 
400010000    308.22144   -1879.8493    6232.6849    17214.411 -0.097660844 
Loop time of 4.27436 on 28 procs for 10000 steps with 14000 atoms

Performance: 20.214 ns/day, 1.187 hours/ns, 2339.533 timesteps/s
99.3% CPU use with 28 MPI tasks x no OpenMP threads

MPI task timing breakdown:
Section |  min time  |  avg time  |  max time  |%varavg| %total
---------------------------------------------------------------
Pair    | 0.0012504  | 0.39386    | 1.9418     |  89.8 |  9.21
Bond    | 0.0023738  | 0.1175     | 0.4335     |  34.1 |  2.75
Neigh   | 0.0042126  | 0.004568   | 0.0050618  |   0.4 |  0.11
Comm    | 0.58506    | 1.999      | 3.0552     |  56.1 | 46.77
Output  | 8.4912e-05 | 0.00023702 | 0.00046877 |   0.0 |  0.01
Modify  | 0.0029381  | 0.25811    | 0.92797    |  48.9 |  6.04
Other   |            | 1.501      |            |       | 35.12

Nlocal:    500 ave 1948 max 2 min
Histogram: 10 6 3 2 3 0 2 1 0 1
Nghost:    525.357 ave 1244 max 38 min
Histogram: 6 2 2 2 5 4 2 4 0 1
Neighs:    5347.79 ave 24570 max 3 min
Histogram: 16 2 4 0 1 1 1 1 1 1

Total # of neighbors = 149738
Ave neighs/atom = 10.6956
Ave special neighs/atom = 7.94086
Neighbor list builds = 2
Dangerous builds = 0

unfix fxlan
unfix fxnve
reset_timestep 0

variable t equal step
variable steps equal 400000000
variable dt_thermo equal 1000000
variable dt_movie equal 10000000
variable dt_restart equal 40000000

group rxnSites type 1 3
4000 atoms in group rxnSites

# fix ID group-ID(atom-types) bond/create Nevery itype jtype Rmin bondtype (prob values = fraction seed) (iparam maxbond newType)
fix bondc rxnSites bond/create/random 20 1 3 12.72 3 prob 1 ${seed} iparam 1 1 jparam 1 3
fix bondc rxnSites bond/create/random 20 1 3 12.72 3 prob 1 72779 iparam 1 1 jparam 1 3

# fix ID group-ID bond/break Nevery bondtype Rmax keyword values ...
fix bondbr rxnSites bond/break 20 3 12.72 prob 1 ${seed}
fix bondbr rxnSites bond/break 20 3 12.72 prob 1 72779

variable frmbnd equal f_bondc[2]
variable brkbnd equal f_bondbr[2]
fix saveBond all print ${dt_thermo} "$t ${frmbnd} ${brkbnd}" file BondData_${fName}.dat screen no
fix saveBond all print 1000000 "$t ${frmbnd} ${brkbnd}" file BondData_${fName}.dat screen no
fix saveBond all print 1000000 "$t ${frmbnd} ${brkbnd}" file BondData_Run2_ext.dat screen no

thermo_style    custom step epair pe ke ebond eangle temp bonds
thermo          ${dt_thermo}
thermo          1000000
fix saveThermo all print ${dt_thermo} "$t $(temp) $(ke) $(pe) $(epair) $(ebond) $(eangle) $(bonds)" file Thermo_${fName}.dat title "# Steps Temp KinEng PotEng Epair Ebond Eangle Bonds" screen no
fix saveThermo all print 1000000 "$t $(temp) $(ke) $(pe) $(epair) $(ebond) $(eangle) $(bonds)" file Thermo_${fName}.dat title "# Steps Temp KinEng PotEng Epair Ebond Eangle Bonds" screen no
fix saveThermo all print 1000000 "$t $(temp) $(ke) $(pe) $(epair) $(ebond) $(eangle) $(bonds)" file Thermo_Run2_ext.dat title "# Steps Temp KinEng PotEng Epair Ebond Eangle Bonds" screen no

############################ Langevin Dynamics ###############################
fix fxlan all langevin $T $T 500 ${seed}
fix fxlan all langevin 310 $T 500 ${seed}
fix fxlan all langevin 310 310 500 ${seed}
fix fxlan all langevin 310 310 500 72779
fix fxnve all nve

comm_style tiled
fix fxbal all balance 1000 1.1 rcb

timestep 30

dump coor all custom ${dt_movie} traj_${fName}.dump id type mol mass x y z xu yu zu
dump coor all custom 10000000 traj_${fName}.dump id type mol mass x y z xu yu zu
dump coor all custom 10000000 traj_Run2_ext.dump id type mol mass x y z xu yu zu

restart ${dt_restart} ${fName}_tp_*.restart
restart 40000000 ${fName}_tp_*.restart
restart 40000000 Run2_ext_tp_*.restart
run ${steps}
run 400000000
Neighbor list info ...
  update every 1 steps, delay 1 steps, check yes
  max neighbors/atom: 2000, page size: 100000
  master list distance cutoff = 26.9
  ghost atom cutoff = 26.9
  binsize = 13.45, bins = 63 63 63
  2 neighbor lists, perpetual/occasional/extra = 1 1 0
  (1) pair lj/cut, perpetual
      attributes: half, newton on
      pair build: half/bin/newton
      stencil: half/bin/3d/newton
      bin: standard
  (2) fix bond/create/random, occasional, copy from (1)
      attributes: half, newton on
      pair build: copy
      stencil: none
      bin: none
Per MPI rank memory allocation (min/avg/max) = 17.84 | 18.32 | 19.38 Mbytes
Step E_pair PotEng KinEng E_bond E_angle Temp Bonds 
       0   -1879.8493    4352.8356    12861.575   -1869.3333    8102.0182    308.22144    15650 
 1000000    -1599.593    4628.0571    12880.061     -1771.76    7999.4101    308.66445    15635 
 2000000    -1491.293    4463.8951    13012.792    -1766.686    7721.8741    311.84527    15632 
 3000000   -1480.3742    4641.2492    12991.588   -1678.4122    7800.0356    311.33714    15631 
 4000000   -1490.9375    4632.7607    12953.238    -1755.992    7879.6902    310.41809    15619 
 5000000   -1449.6217    4528.7996    12859.873   -1736.4424    7714.8636    308.18064    15630 
 6000000   -1467.2627     4474.228    12739.226   -1813.3193      7754.81    305.28941    15629 
 7000000   -1480.5504     4392.252    12920.747   -1890.6567    7763.4591    309.63947    15646 
 8000000   -1435.2739    4598.5949    12830.323   -1689.3637    7723.2325     307.4725    15639 
 9000000    -1459.763     4485.169    12937.267   -1857.5822    7802.5142    310.03537    15640 
10000000     -1461.92    4683.8271    12864.539   -1735.2477    7880.9948    308.29247    15618 
11000000   -1455.8529    4589.3763    12929.573   -1748.7762    7794.0054    309.85097    15610 
12000000    -1448.624    4492.1967     12949.61   -1831.4842    7772.3048    310.33116    15617 
13000000   -1438.7318    4592.9072     12886.92   -1799.2233    7830.8624    308.82882    15624 
14000000   -1461.7291    4498.8294     12929.06   -1849.4837    7810.0423    309.83867    15628 
15000000   -1470.3536    4503.9152    13029.203   -1834.9398    7809.2087    312.23856    15627 
16000000   -1449.3855    4560.6777    12971.727   -1759.4999    7769.5632    310.86117    15624 
17000000   -1436.4955    4531.0057    13027.236    -1739.129    7706.6302    312.19142    15632 
18000000   -1421.5812    4432.8061    12798.657   -1853.5305    7707.9179    306.71363    15625 
19000000   -1453.3023    4450.0739    13048.841    -1781.099    7684.4752    312.70918    15652 
20000000   -1466.5073    4532.8247    12896.181     -1783.32     7782.652    309.05075    15630 
21000000    -1400.592    4738.9269    12920.843   -1741.8574    7881.3763    309.64176    15601 
22000000   -1403.0498    4614.9639    12884.935   -1715.5304    7733.5441    308.78124    15613 
23000000    -1404.119    4649.4914    12832.463    -1863.869    7917.4794    307.52378    15641 
24000000    -1403.606    4492.7953    12900.716   -1726.0171    7622.4184    309.15943    15616 
25000000   -1448.1799    4490.4689    12941.633   -1796.3145    7734.9634    310.13998    15629 
26000000    -1436.718    4483.6085    12779.711   -1789.4851    7709.8116     306.2596    15614 
27000000    -1455.432    4624.2408    12978.821   -1798.9271    7878.5999    311.03117    15625 
28000000   -1408.4509    4713.5652    12986.239   -1680.9751    7802.9912    311.20895    15613 
29000000   -1362.2498    4650.4322    12997.991   -1710.5968    7723.2788    311.49057    15614 
30000000   -1409.7698    4502.4665    13071.757   -1784.6503    7696.8866    313.25835    15627 
31000000   -1427.6207    4484.2754      12874.8   -1823.2982    7735.1942    308.53836    15631 
32000000   -1423.4746    4516.9186     13007.05   -1811.7033    7752.0965    311.70767    15629 
33000000   -1394.8442    4736.0379    12942.345   -1802.2267    7933.1087    310.15706    15638 
34000000   -1402.4241    4539.6898    13036.836   -1736.0408    7678.1547    312.42148    15626 
35000000     -1404.67    4636.2074    13028.655   -1775.2952    7816.1726    312.22543    15628 
36000000   -1400.6556    4471.8233    12886.869   -1778.6368    7651.1157     308.8276    15630 
37000000   -1355.5759     4684.973    12914.027   -1722.2453    7762.7942    309.47842    15619 
38000000    -1312.306    4621.2683    12909.522    -1789.663    7723.2372    309.37046    15617 
39000000   -1408.0276    4543.5288    12963.692   -1832.2211    7783.7775    310.66863    15611 
40000000   -1427.6904    4687.1128    12928.112    -1736.988    7851.7911    309.81597    15610 
41000000   -1404.9267    4876.2212    12811.932   -1585.0459    7866.1939    307.03177    15613 
42000000   -1382.0629    4702.3577    12905.407   -1693.6077    7778.0284    309.27185    15618 
43000000   -1405.9365    4421.5148    13012.526   -1752.7532    7580.2045    311.83891    15606 
44000000   -1358.9794    4592.3236    12939.258   -1773.5416    7724.8447    310.08307    15620 
45000000   -1364.5354    4731.7205    12880.978   -1679.9079    7776.1638    308.68642    15610 
46000000   -1380.4084    4838.6944    13075.936   -1667.2477    7886.3504     313.3585    15604 
47000000    -1394.164    4805.6607    13061.893   -1681.2726    7881.0973    313.02196    15621 
48000000   -1328.7508    4952.8976     12900.43   -1556.1513    7837.7997    309.15257    15612 
49000000   -1372.8335    4804.1952    13014.679   -1633.3305    7810.3592     311.8905    15618 
50000000   -1385.5777    4696.5079    12942.711   -1747.6614     7829.747    310.16582    15619 
51000000   -1387.0634    4640.0884    12961.112   -1844.0212     7871.173     310.6068    15624 
52000000   -1350.1882    4707.8638    12910.533   -1793.5523    7851.6042     309.3947    15623 
53000000   -1387.6148    4604.1909    13104.185   -1798.9736    7790.7793    314.03546    15627 
54000000      -1369.4    4702.1816    13022.734   -1736.8708    7808.4524    312.08354    15629 
55000000    -1358.142    4718.5574    12976.283   -1733.5223    7810.2218    310.97035    15624 
56000000   -1393.1393    4694.2054      13045.3   -1638.9457    7726.2904    312.62432    15632 
57000000   -1333.4347    4735.0184    12968.063   -1738.6347    7807.0878    310.77338    15625 
58000000   -1328.8171    4781.0693    12934.775   -1740.8156     7850.702    309.97565    15630 
59000000   -1384.5963    4536.6683     12904.08   -1817.5608    7738.8254    309.24005    15620 
60000000   -1327.6474    4846.8357    13024.298   -1637.5762    7812.0592    312.12101    15623 
61000000   -1317.9457    4803.0364    12954.507   -1729.0461    7850.0282     310.4485    15624 
62000000   -1362.2159    4710.1726     13000.24   -1779.1761    7851.5645    311.54448    15624 
63000000    -1357.249    4803.3685    12978.674   -1689.7935     7850.411    311.02767    15612 
64000000    -1339.454    4913.4377    12940.037   -1610.5158    7863.4075    310.10173    15602 
65000000   -1321.3609    4741.1377    12903.678   -1728.3728    7790.8715    309.23041    15607 
66000000   -1384.5359    4684.3392    12949.784   -1710.9466    7779.8217    310.33531    15622 
67000000   -1358.2942    4570.3527    12981.576   -1811.4831      7740.13    311.09721    15630 
68000000   -1347.5681    4710.6279    12844.508   -1717.2213    7775.4173    307.81244    15625 
69000000   -1335.8273    4681.9805    12987.413   -1717.3788    7735.1866    311.23708    15631 
70000000   -1336.8655    4779.7043     12821.51   -1730.5298    7847.0996    307.26129    15624 
71000000   -1319.9896    4711.4326     12993.33   -1732.8987    7764.3209    311.37887    15624 
72000000   -1345.6932    4608.9835    12785.105   -1776.1213     7730.798    306.38886    15629 
73000000   -1352.0723    4611.4502    13147.557   -1758.7656    7722.2882    315.07487    15615 
74000000   -1367.9694    4598.9918    12804.313   -1848.2125    7815.1737    306.84918    15622 
75000000   -1350.2599    4748.0996    12963.665    -1748.367    7846.7265    310.66797    15622 
76000000   -1363.3665    4775.3323    12868.307   -1798.0546    7936.7535    308.38276    15623 
77000000   -1344.1852    4676.0469    12857.433   -1857.3688    7877.6009    308.12217    15630 
78000000   -1375.1633    4644.3303    13066.143   -1749.0555    7768.5491     313.1238    15605 
79000000   -1362.2512    4929.4891    12756.665   -1586.7938    7878.5341    305.70732    15609 
80000000    -1392.542    4763.1561     12964.34   -1732.1385    7887.8366    310.68415    15621 
81000000    -1331.606    4692.3108     13055.96   -1812.5196    7836.4363    312.87978    15631 
82000000    -1365.891    4660.8773    13013.781   -1777.8863    7804.6546    311.86897    15623 
83000000   -1359.9666    4685.1946    12860.827   -1756.5672    7801.7284    308.20352    15610 
84000000   -1372.0423    4648.0249    12962.647   -1774.7663    7794.8334    310.64358    15619 
85000000   -1352.8667    4673.0375    12816.322   -1718.9537    7744.8578    307.13698    15622 
86000000   -1360.8342    4673.8176    13006.891   -1710.9558    7745.6076    311.70387    15612 
87000000   -1371.1245    4793.6425    12812.508   -1733.1478    7897.9148    307.04557    15623 
88000000   -1349.8549    4819.8701    13111.724   -1683.8097    7853.5347    314.21613    15615 
89000000   -1345.9222    4711.5232    12942.543   -1789.7565    7847.2018     310.1618    15625 
90000000   -1338.9517    4764.7925    13012.248   -1712.4676    7816.2118    311.83225    15625 
91000000   -1364.6581    4800.9186     12808.43   -1602.5419    7768.1185    306.94785    15601 
92000000   -1356.3957    4583.7482    12933.524   -1771.2973    7711.4411    309.94565    15617 
93000000   -1354.8613    4687.3375    12973.951   -1747.8994    7790.0983    310.91447    15614 
94000000    -1327.575    4715.6847    12962.033   -1791.1347    7834.3944    310.62887    15612 
95000000   -1332.2558    4798.7193    12807.464   -1707.1791    7838.1543    306.92468    15615 
96000000   -1367.1692    4660.5044    12889.575   -1854.9865    7882.6601    308.89245    15634 
97000000   -1368.4716    4721.7432    12915.976   -1748.8754    7839.0902    309.52514    15623 
98000000   -1387.9523    4666.6449    13010.772   -1846.6983    7901.2956    311.79687    15629 
99000000   -1366.0861    4577.2492    13066.153   -1798.8345    7742.1698    313.12406    15633 
100000000   -1361.9829    4600.9721    12890.177   -1776.7315    7739.6865    308.90687    15621 
101000000   -1337.9387    4813.1103    12929.053   -1546.3447    7697.3936    309.83851    15600 
102000000   -1321.1725    4854.6228    12932.054   -1677.4417     7853.237    309.91044    15611 
103000000   -1350.0321    4740.6171     13043.03   -1741.8087    7832.4579    312.56991    15621 
104000000   -1317.7095    4870.8599    12941.206   -1704.4064    7892.9757    310.12976    15612 
105000000   -1335.3965    4720.4031    12922.512   -1780.6632    7836.4628    309.68177    15627 
106000000   -1371.5939    4681.7396    12859.031   -1670.8584    7724.1919    308.16048    15613 
107000000   -1368.1812    4792.3531    12924.536   -1721.1701    7881.7045    309.73027    15621 
108000000   -1334.8079     4800.722    13024.948   -1730.1892    7865.7191     312.1366    15614 
109000000   -1329.2293    4624.3915    12785.725   -1774.6442     7728.265    306.40372    15636 
110000000   -1325.4963    4780.3028    12883.232   -1711.5276    7817.3267    308.74044    15617 
111000000   -1286.0322    4826.5296    13015.618   -1738.9298    7851.4916    311.91301    15622 
112000000    -1322.205    4719.9723    13025.373   -1660.8085    7702.9858    312.14678    15623 
113000000   -1346.8727    4739.2226    12949.132   -1634.7705    7720.8658    310.31969    15620 
114000000   -1294.3228    4582.0601    12830.873   -1850.1014    7726.4843    307.48569    15638 
115000000   -1285.7434    4787.3747    12811.762   -1721.9368    7795.0549     307.0277    15632 
116000000   -1331.1614    4792.9173    12810.269   -1695.1588    7819.2375    306.99191    15621 
117000000   -1318.8438    4660.8383    13023.215   -1758.8455    7738.5276    312.09506    15621 
118000000   -1344.8902    4723.7557    12979.701   -1780.1492    7848.7951    311.05228    15628 
119000000   -1352.0961    4734.7249    12956.388   -1778.7564    7865.5774    310.49359    15615 
120000000   -1327.3487    4759.5018    13046.335   -1674.7721    7761.6225    312.64911    15618 
121000000   -1289.3567     4832.079    12967.341   -1743.3723     7864.808    310.75606    15618 
122000000   -1322.4664    4668.4128    13226.156    -1810.903    7801.7823    316.95844    15629 
123000000    -1326.338    4594.7004    12834.926   -1730.9594    7651.9979    307.58281    15621 
124000000   -1327.9096    4705.6402    12953.193   -1738.9398    7772.4896    310.41701    15626 
125000000   -1319.7896    4751.6231    12933.953   -1657.4506    7728.8633    309.95595    15612 
126000000   -1328.1682    4724.2236    12988.322    -1772.791    7825.1828    311.25887    15618 
127000000   -1334.9464    4749.2513     12959.61   -1717.9763     7802.174     310.5708    15617 
128000000   -1326.7434    4618.6655    13043.727   -1832.4923    7777.9012    312.58663    15633 
129000000   -1302.7286    4888.0842    12893.854   -1692.7506    7883.5634    308.99499    15622 
130000000   -1297.5217    4719.2913    12814.824   -1666.7197    7683.5327    307.10108    15625 
131000000   -1322.6629    4692.2432    12816.798   -1775.0362    7789.9423    307.14838    15625 
132000000   -1334.9031    4801.7067    12849.585   -1717.3388    7853.9486     307.9341    15617 
133000000   -1380.4494    4574.4861    12948.977    -1852.496    7807.4315    310.31598    15631 
134000000   -1377.0901    4687.3278    12856.552   -1666.2235    7730.6414    308.10107    15612 
135000000   -1349.7043    4666.6216    12948.137   -1768.6483    7784.9742    310.29584    15614 
136000000   -1379.3134    4796.9999    12877.364   -1670.4849    7846.7982    308.59982    15621 
137000000   -1342.4011    4705.7021    12870.902   -1762.7378     7810.841    308.44496    15643 
138000000   -1365.6699    4758.0817    12819.388   -1868.0634     7991.815    307.21044    15626 
139000000   -1368.9864    4798.4104    13058.535   -1702.0653     7869.462    312.94148    15624 
140000000   -1345.4397    4707.1097    12859.221   -1816.0436     7868.593    308.16501    15631 
141000000   -1330.3861    4789.9839    12989.446   -1782.1092    7902.4792    311.28581    15631 
142000000   -1353.9055    4771.1514    12949.138   -1757.5551     7882.612    310.31984    15622 
143000000   -1379.3791     4629.291    13048.996   -1811.6639     7820.334     312.7129    15616 
144000000   -1361.9469    4700.9472    12913.856   -1762.4703    7825.3644    309.47433    15610 
145000000   -1363.9577    4826.6304    12952.634   -1727.1672    7917.7553    310.40362    15626 
146000000   -1348.1585    4677.9536    12683.489   -1790.5036    7816.6157    303.95369    15628 
147000000   -1374.8796    4815.6494    13033.561   -1664.7359    7855.2649    312.34299    15610 
148000000   -1359.6079    4687.0587    12944.946   -1755.9791    7802.6456    310.21938    15623 
149000000   -1358.9734    4782.9703    12979.471   -1697.3351    7839.2788    311.04675    15635 
150000000   -1348.1932    4655.1738    12814.404   -1726.8487    7730.2157      307.091    15614 
151000000   -1379.8933    4667.4714    12804.319   -1830.0055    7877.3702    306.84932    15631 
152000000   -1358.7619    4647.6497    12924.467   -1825.8891    7832.3007    309.72861    15637 
153000000   -1339.9086    4847.1691     12880.38   -1672.0729    7859.1506     308.6721    15617 
154000000   -1309.6642    4731.2076    12931.278   -1702.7561    7743.6279    309.89183    15616 
155000000     -1328.13    4786.9568    12972.549   -1754.7134    7869.8002    310.88088    15623 
156000000   -1301.4078    4832.3942    13099.665   -1740.3837    7874.1857    313.92716    15626 
157000000   -1349.0498    4879.0391    12920.542   -1680.8509    7908.9398    309.63456    15615 
158000000   -1334.2871    4791.0031    12937.987   -1720.2042    7845.4944    310.05261    15625 
159000000   -1339.8594    4773.4722    12856.287   -1662.2738    7775.6054    308.09471    15611 
160000000   -1341.7605     4718.099    12930.805   -1796.4291    7856.2886    309.88051    15619 
161000000   -1359.8657    4781.7076    13051.688   -1774.6232    7916.1965    312.77739    15621 
162000000   -1355.3262    4690.6696    12935.861     -1824.16    7870.1558    310.00166    15619 
163000000   -1336.2193    4740.1568    13022.985   -1770.6185    7846.9946    312.08956    15615 
164000000   -1350.9175    4701.4923    12885.976   -1736.6825    7789.0923     308.8062    15608 
165000000   -1291.3163    4769.0783    13021.212   -1716.6536    7777.0481    312.04705    15612 
166000000   -1317.8405    4933.4613    12931.549   -1600.1013    7851.4031    309.89834    15611 
167000000   -1297.1017     4683.313    12771.776   -1821.2748    7801.6895    306.06944    15630 
168000000   -1332.3723    4785.3354    12905.411   -1663.8713     7781.579    309.27194    15609 
169000000   -1293.9173    4762.5597    12909.054   -1683.8334    7740.3104    309.35925    15609 
170000000   -1302.1848    4789.6409    13082.975   -1673.0378    7764.8635    313.52719    15621 
171000000   -1311.3976    5019.0298    12867.024   -1608.0678    7938.4952    308.35201    15606 
172000000   -1300.3205    4621.1572    12931.709   -1837.6817    7759.1594    309.90215    15632 
173000000   -1279.8302    4862.0898    12849.681   -1669.6131     7811.533    307.93641    15629 
174000000   -1292.9548    4679.6012    13001.082   -1751.0717    7723.6277    311.56465    15632 
175000000   -1297.8026    4914.2458    12977.371    -1749.003    7961.0513    310.99642    15619 
176000000   -1297.2323     4984.482    12849.441   -1533.2494    7814.9638    307.93066    15611 
177000000   -1291.7589    4825.4099    12913.709   -1742.0104    7859.1793    309.47081    15617 
178000000   -1284.0651    4710.8547    12921.518   -1802.3155    7797.2353    309.65794    15625 
179000000   -1260.8191    4808.3849    12924.264   -1711.8728    7781.0768    309.72375    15606 
180000000     -1297.89     4734.766     12795.16   -1772.9931    7805.6491    306.62983    15623 
181000000   -1305.0484    4850.0247    12943.199   -1675.1495    7830.2226    310.17751    15610 
182000000   -1304.5018    4845.2804    13028.724   -1708.0368     7857.819    312.22708    15612 
183000000   -1292.5309    4808.8313    12867.337   -1765.4521    7866.8143    308.35952    15616 
184000000   -1349.3418    4744.3358    12943.133   -1728.0975     7821.775    310.17592    15625 
185000000    -1306.806    4738.6481    12959.312   -1819.9045    7865.3585    310.56366    15628 
186000000   -1280.6958    4804.1402    12887.824   -1752.2689     7837.105    308.85049    15625 
187000000   -1281.9616    4694.6416    12970.055   -1787.7898    7764.3931     310.8211    15630 
188000000   -1283.5587    4735.3161    12884.378     -1712.12    7730.9949    308.76791    15608 
189000000   -1321.2926    4715.5358     12866.75    -1730.208    7767.0364    308.34546    15639 
190000000   -1318.8651    4651.0094    12981.839   -1806.0553    7775.9297    311.10351    15630 
191000000   -1321.1972    4592.1697    13045.938   -1884.7064    7798.0733    312.63961    15614 
192000000   -1295.9335    4855.9701    12775.925   -1640.6108    7792.5144    306.16888    15621 
193000000   -1308.2151    4602.5053    12867.028   -1793.3063    7704.0267    308.35212    15623 
194000000   -1293.4224    4783.4911    12825.915   -1711.5997    7788.5132    307.36687    15620 
195000000   -1319.9642    4757.0293    13196.362   -1689.8937    7766.8872    316.24444    15626 
196000000   -1286.2372    4734.5831    13169.629   -1759.1058    7779.9261    315.60379    15624 
197000000   -1290.2833    4755.9505    12839.731   -1703.3927    7749.6264    307.69795    15611 
198000000     -1298.82    4816.0898    12936.536    -1752.065    7866.9748    310.01783    15628 
199000000    -1285.332     4865.118    12997.565   -1727.9057    7878.3558    311.48037    15614 
200000000   -1316.5037    4702.0499    12939.193   -1761.0497    7779.6033    310.08151    15618 
201000000   -1274.8461    4748.1902    13003.021   -1723.9855    7747.0217    311.61111    15625 
202000000   -1295.7599    4785.8237    12959.211   -1689.5969    7771.1805    310.56123    15620 
203000000   -1285.2349    4680.4427    13051.955    -1809.747    7775.4246    312.78381    15616 
204000000   -1285.2371    4809.2241    13019.163   -1728.1803    7822.6415    311.99796    15629 
205000000   -1304.0577    4825.6058    12862.405   -1773.4076    7903.0712    308.24132    15616 
206000000     -1350.32    4925.9707    12813.414   -1725.0261    8001.3168    307.06728    15609 
207000000   -1332.9052    4719.9328    12939.343   -1695.3243    7748.1623    310.08511    15621 
208000000   -1279.0529    4768.5564    12888.423   -1720.3929    7768.0022    308.86485    15624 
209000000   -1301.4891    4799.6133    12890.345    -1690.149    7791.2514    308.91089    15620 
210000000   -1304.0824    4872.4914    12975.323   -1605.2837    7781.8574    310.94735    15615 
211000000   -1285.9677    4668.6858    12938.358   -1802.5396     7757.193     310.0615    15630 
212000000   -1260.0227    4892.1988    12948.978   -1707.9057    7860.1272    310.31601    15618 
213000000   -1256.8706    4750.9483    13043.853   -1751.3023    7759.1212    312.58964    15618 
214000000    -1283.142    4829.8771      12992.9   -1727.5303    7840.5494    311.36859    15621 
215000000   -1280.1911    4795.1986    12822.312   -1708.0304    7783.4201    307.28052    15631 
216000000   -1309.5646    4742.7401    12952.131   -1715.9293    7768.2341    310.39156    15617 
217000000   -1266.9883    4818.0594    12955.598   -1700.7858    7785.8336    310.47465    15624 
218000000   -1287.9232    4936.5241    12856.564   -1628.1678    7852.6151    308.10134    15603 
219000000   -1279.2561    4806.0274    12869.945   -1659.0435     7744.327    308.42201    15615 
220000000   -1293.4722    4772.7175    12880.355   -1771.7173     7837.907    308.67149    15615 
221000000   -1245.6467    4903.5561    12852.756   -1735.9692     7885.172    308.01009    15621 
222000000   -1306.7445    4732.4396    12902.244   -1771.2263    7810.4104    309.19605    15623 
223000000   -1316.4655    4741.3748    12959.701   -1801.4403    7859.2806    310.57297    15622 
224000000   -1291.5488    4744.2607    13011.346   -1800.4947    7836.3041    311.81063    15623 
225000000   -1258.8626    4935.6075    13060.394   -1714.0963    7908.5665    312.98604    15616 
226000000   -1298.5258    4706.2246    13026.764   -1768.8951    7773.6454    312.18012    15628 
227000000   -1305.3676    4727.5932    13048.694   -1661.0293    7693.9901    312.70565    15615 
228000000   -1295.9564    5053.4295    12860.281   -1553.7042    7903.0901    308.19042    15614 
229000000     -1301.73    4765.4333     12944.64    -1683.159    7750.3223    310.21206    15616 
230000000   -1335.1234    4747.7189    12846.726   -1846.3421    7929.1844    307.86558    15624 
231000000   -1298.3933    4848.9103     12878.91    -1685.901    7833.2047    308.63686    15612 
232000000   -1278.7218     4906.054    13054.929   -1664.2344    7849.0102    312.85506    15597 
233000000   -1258.6899    4856.6522     12792.09   -1639.0694    7754.4116    306.55626    15615 
234000000   -1306.7904    4701.9106    12943.768   -1872.4452    7881.1463    310.19114    15633 
235000000   -1285.4018    4857.7867    12860.315   -1685.2498    7828.4384    308.19123    15620 
236000000   -1240.7167    4801.0801    12869.686   -1728.8759    7770.6726    308.41582    15616 
237000000   -1274.8524    4889.6418    12922.281   -1663.6634    7828.1577    309.67623    15615 
238000000    -1256.202    4862.7896     12967.47   -1649.6809    7768.6725    310.75917    15605 
239000000   -1293.6466    4890.7812    12837.548   -1668.1324    7852.5603    307.64564    15629 
240000000   -1285.1606    4812.1282    12993.801    -1758.693    7855.9819    311.39017    15627 
241000000   -1293.4202    4719.8038    12944.766   -1757.9529    7771.1769    310.21508    15629 
242000000   -1288.9124    4851.4015    12994.003   -1723.6072    7863.9211    311.39501    15621 
243000000   -1276.2302    4904.5882    12838.389   -1694.0085    7874.8269     307.6658    15619 
244000000   -1292.3581    4923.7956    13083.747   -1740.9687    7957.1224    313.54567    15630 
245000000   -1237.4301    4867.2559    13049.835   -1718.0026    7822.6886    312.73299    15613 
246000000   -1259.4438    4809.5578     13070.89   -1710.3392    7779.3408    313.23757    15608 
247000000   -1287.4617    4864.0866    12975.992   -1659.4217      7810.97    310.96338    15625 
248000000   -1310.8947    4716.2571    12933.225   -1718.1796    7745.3314     309.9385    15619 
249000000   -1303.4328    4950.6891    12947.289   -1599.6543    7853.7762    310.27552    15621 
250000000    -1270.482    4775.0972    12944.173   -1791.1638     7836.743    310.20087    15622 
251000000   -1269.2917    4779.1325    12977.611   -1733.4486    7781.8729    311.00219    15634 
252000000   -1281.1631    4806.2916    12884.236   -1800.7764    7888.2311    308.76449    15639 
253000000   -1270.8376    4709.8051    12938.271    -1812.984    7793.6266    310.05942    15641 
254000000   -1275.4383    4801.5732    13116.309   -1660.6287    7737.6402      314.326    15636 
255000000   -1302.0007    4779.1465    13040.282   -1700.2246    7781.3718    312.50405    15618 
256000000   -1247.0519    4807.7364    12970.712   -1718.4853    7773.2736    310.83684    15626 
257000000   -1275.0878    4778.6211    12959.514   -1691.1818    7744.8907     310.5685    15613 
258000000    -1287.943    4593.5198    13005.932   -1808.4935    7689.9563    311.68089    15642 
259000000   -1269.5995    4764.4994    12849.526    -1756.184    7790.2829     307.9327    15629 
260000000   -1264.8047    4766.1395    13009.211   -1753.0342    7783.9785    311.75945    15620 
261000000   -1271.2349    4692.8505    13020.494   -1729.2728    7693.3583    312.02985    15627 
262000000   -1230.4182    4881.3943    12915.932   -1703.8975      7815.71    309.52407    15617 
263000000   -1282.1386     4827.112    13035.533   -1709.6244    7818.8749    312.39027    15618 
264000000   -1289.4538    4877.1421     13029.75   -1720.4492    7887.0451    312.25166    15636 
265000000   -1298.8926     4718.809     12897.98   -1812.6421    7830.3438    309.09388    15625 
266000000   -1282.5745    4836.3968    12888.879   -1691.5175    7810.4888    308.87575    15628 
267000000   -1286.3548    4706.1331    12882.733   -1717.2561     7709.744    308.72847    15606 
268000000   -1313.0178    4939.2832     13083.67   -1664.2778    7916.5788    313.54383    15614 
269000000   -1290.8439    4843.4693    12900.457   -1733.7386    7868.0518    309.15322    15620 
270000000    -1266.892    4882.7989    12980.738    -1783.604    7933.2949    311.07712    15637 
271000000   -1280.6076    4962.2311    12955.808    -1693.107    7935.9457    310.47969    15629 
272000000   -1268.7151    4709.2433    12953.589   -1865.7797    7843.7382     310.4265    15633 
273000000   -1252.3663    4776.3579    12917.419   -1759.6346    7788.3588    309.55971    15606 
274000000   -1249.8888    4864.9756    12823.834   -1678.8824    7793.7468    307.31699    15608 
275000000   -1248.0918    4890.5912    12881.692   -1771.9269    7910.6099    308.70353    15628 
276000000    -1271.458    4846.4428    12984.028   -1694.5836    7812.4845    311.15595    15615 
277000000   -1270.5598    4741.2303    12918.912   -1791.8634    7803.6535     309.5955    15634 
278000000   -1251.7323    4711.4382    12994.705   -1832.9448    7796.1153    311.41184    15643 
279000000    -1246.954    4872.7106    13033.343   -1696.3247    7815.9894    312.33778    15613 
280000000   -1288.1162    4781.0116    12859.629   -1819.5157    7888.6435     308.1748    15625 
281000000   -1264.4732    4702.5438    12844.783   -1805.6042    7772.6212    307.81904    15623 
282000000   -1295.1248    4821.6237    12985.081   -1723.9373    7840.6858    311.18121    15612 
283000000   -1259.5202    4711.3042    12875.032   -1793.3974    7764.2218    308.54392    15616 
284000000   -1262.1307    4715.8679     12914.66   -1754.9762    7732.9748    309.49359    15615 
285000000   -1255.2622    4898.3322    12897.987   -1700.5542    7854.1486    309.09404    15616 
286000000   -1287.1023    4830.4158    13013.422   -1801.2356    7918.7538    311.86037    15624 
287000000   -1268.4526    4923.0266    12768.638   -1649.9621    7841.4413    305.99423    15627 
288000000   -1257.1458    4903.9391    13121.057   -1665.7691     7826.854    314.43979    15614 
289000000   -1252.3321    4922.2093    12946.882   -1680.1488    7854.6902    310.26579    15617 
290000000   -1278.1618    4869.8375    12959.349   -1701.7281    7849.7274    310.56454    15627 
291000000   -1288.0547    4913.6891    12942.322   -1724.9734    7926.7172    310.15651    15620 
292000000   -1248.3656    4791.4238    12845.609   -1708.5825    7748.3719    307.83883    15628 
293000000    -1253.755    4833.7564    12855.345   -1786.5497    7874.0611    308.07215    15632 
294000000   -1269.4574    4920.1278    12848.379   -1747.8661    7937.4514    307.90521    15632 
295000000   -1286.8428    4711.9375    12862.151   -1822.4403    7821.2206    308.23524    15626 
296000000   -1260.9004    4831.6747    12813.583   -1779.7592    7872.3344    307.07132    15627 
297000000   -1291.4981     4775.982    12853.192   -1720.0321    7787.5122    308.02054    15622 
298000000   -1257.9022    4821.8346     12870.57   -1695.7696    7775.5063      308.437    15623 
299000000   -1246.6321    4852.7761    12814.494   -1749.6386    7849.0468    307.09317    15623 
300000000   -1262.5869     4645.105    13056.895   -1826.9647    7734.6566    312.90219    15631 
301000000   -1283.5624    4902.7161    12869.743   -1720.8994     7907.178    308.41717    15618 
302000000   -1269.9766    4744.4818    13000.519   -1882.8495    7897.3078    311.55117    15642 
303000000   -1315.2308    4875.0002    12967.733   -1722.1505    7912.3814    310.76546    15627 
304000000   -1248.4369    4824.1936     12853.73   -1734.7753    7807.4058    308.03344    15629 
305000000   -1262.5993    4981.4519    12846.233   -1678.6858     7922.737    307.85377    15621 
306000000   -1268.0152    4892.0293    13035.245   -1669.8391    7829.8837    312.38336    15615 
307000000   -1263.5794    4693.3168    12932.105   -1807.0166    7763.9128    309.91166    15624 
308000000   -1298.8656    4813.1104    12817.534   -1705.7483    7817.7244    307.16602    15612 
309000000   -1266.7431    5019.5688    13083.585   -1661.4227    7947.7346    313.54179    15610 
310000000   -1237.2126    4847.4383    12974.277   -1684.1294    7768.7803    310.92229    15624 
311000000     -1234.92    4871.9867    13021.225   -1718.2264    7825.1331    312.04737    15625 
312000000   -1235.6863     4779.705    12797.386   -1741.4586    7756.8499    306.68318    15627 
313000000   -1270.6798    4683.9263    12969.306   -1751.4554    7706.0615    310.80316    15621 
314000000    -1224.569    4797.7733    12809.217   -1781.3671    7803.7094    306.96671    15629 
315000000   -1256.6146    4913.9063     13070.85   -1755.6716    7926.1925    313.23662    15627 
316000000    -1301.668    4768.4751    12920.191   -1829.3965    7899.5396    309.62613    15634 
317000000   -1257.2942    4873.8252    12931.325   -1778.0496     7909.169    309.89297    15626 
318000000   -1265.7689    4867.0677    12967.113   -1785.7916    7918.6283    310.75061    15630 
319000000   -1256.0624    5078.0319    12935.475   -1528.8827     7862.977    309.99242    15613 
320000000   -1265.8374    4728.4554    12939.985   -1795.6673    7789.9601     310.1005    15625 
321000000   -1254.5971    4860.5067    12983.529   -1680.9913    7796.0951    311.14402    15616 
322000000   -1298.4174    4675.8352    12937.552   -1831.7155    7805.9681    310.04219    15629 
323000000   -1274.7011    4794.8514    12824.324   -1738.1032    7807.6557    307.32874    15621 
324000000   -1275.9004     4748.502    12880.037   -1776.9489    7801.3513    308.66387    15633 
325000000   -1236.1469    4658.9005    12868.317   -1745.6584    7640.7057    308.38301    15631 
326000000   -1248.1417     4793.049    12819.286    -1766.277    7807.4678    307.20801    15633 
327000000    -1259.666    4909.3216     12834.45   -1711.2246    7880.2122     307.5714    15634 
328000000   -1312.8849    4781.1142    12855.162   -1752.7648    7846.7638    308.06774    15626 
329000000    -1234.915    4822.8905    12879.018   -1720.8438    7778.6493    308.63944    15609 
330000000   -1232.6546    4885.7304    12902.495   -1769.3968    7887.7818    309.20206    15609 
331000000   -1229.8221    4815.4907    13067.013   -1731.3129    7776.6256    313.14465    15624 
332000000   -1283.7771    4874.1505    12996.704    -1683.875    7841.8027    311.45973    15619 
333000000    -1266.633    4715.6538    12954.756   -1802.9547    7785.2415    310.45447    15623 
334000000   -1259.7236     4989.818    12948.924   -1631.3039    7880.8454    310.31471    15619 
335000000   -1235.0049    4932.5905    12760.476   -1646.2779    7813.8733    305.79865    15616 
336000000   -1218.3971    4796.5094    12906.991   -1688.6973    7703.6039    309.30981    15622 
337000000   -1258.5386    4854.6538     12971.16   -1602.7206    7715.9129    310.84759    15634 
338000000   -1246.9132     4820.078    12884.556   -1705.0267    7772.0178    308.77217    15613 
339000000   -1285.5749    4930.9625     13017.36   -1744.4947    7961.0321    311.95474    15623 
340000000   -1257.7724    4941.8407    12982.154   -1699.7967    7899.4099    311.11104    15610 
341000000   -1253.6455    4734.7742    12825.103    -1821.394    7809.8137    307.34741    15615 
342000000    -1265.802     4852.386    12961.593   -1730.5774    7848.7655    310.61832    15608 
343000000    -1227.849    4938.4652    12932.419   -1691.9243    7858.2385    309.91917    15616 
344000000   -1245.4065    4808.6306    12778.114    -1736.806    7790.8432    306.22133    15630 
345000000   -1288.0235     4714.619    13018.245   -1793.1866     7795.829    311.97596    15623 
346000000    -1259.771    4922.2046    13044.626   -1731.0696    7913.0452    312.60816    15620 
347000000   -1241.3471    4732.5205    12919.349   -1825.5802    7799.4478    309.60597    15619 
348000000   -1239.5411    4758.8925    12952.893   -1756.3813    7754.8149    310.40982    15623 
349000000   -1185.1658    4856.1191    12865.174   -1731.2808    7772.5657    308.30767    15631 
350000000   -1247.4093    4875.2956    12909.714   -1747.6955    7870.4004    309.37508    15633 
351000000   -1200.5197    4616.7801    12861.732   -1905.5534    7722.8533    308.22519    15617 
352000000   -1245.3262    4776.5282    12748.837   -1782.8261    7804.6805    305.51972    15630 
353000000   -1277.3161    4923.8508    13049.689   -1789.4652    7990.6321    312.72949    15631 
354000000   -1255.0036    4817.7546    12924.741   -1725.9765    7798.7347    309.73517    15631 
355000000   -1253.3536    4897.7027    12839.466   -1745.4749    7896.5313     307.6916    15622 
356000000    -1246.682    4820.1753    12862.148   -1784.4961    7851.3534    308.23518    15640 
357000000   -1205.0858    4898.9141    12813.549   -1707.9722    7811.9721    307.07052    15625 
358000000   -1215.8632    4776.9099    13000.669   -1782.5226    7775.2958    311.55476    15636 
359000000   -1229.3977    4795.1089    12977.361   -1767.4251    7791.9317    310.99618    15623 
360000000   -1207.3529    4785.9043    12960.386   -1749.8006    7743.0578    310.58939    15615 
361000000   -1263.6762    4753.9966    12914.216    -1738.686    7756.3587    309.48295    15625 
362000000   -1233.3877    4761.5183     13016.02   -1759.5333    7754.4392    311.92263    15645 
363000000   -1235.7737    4748.0729    12955.869   -1756.2917    7740.1382    310.48114    15636 
364000000    -1262.317    4655.2104    13025.472   -1826.7784    7744.3058    312.14914    15626 
365000000   -1221.2303      4889.46    12837.729   -1703.5387     7814.229    307.64997    15614 
366000000   -1253.5306      4810.08    13015.296   -1764.1034     7827.714    311.90528    15640 
367000000   -1214.9525    4895.1108    12946.345   -1775.4062    7885.4694    310.25292    15634 
368000000   -1264.0593    4859.4032    13010.498   -1800.1903    7923.6528    311.79031    15641 
369000000    -1205.537    4771.3203    12902.663    -1814.135    7790.9923     309.2061    15632 
370000000   -1261.5973    4695.7172    12918.284   -1803.4457    7760.7601    309.58044    15628 
371000000   -1250.0981    4719.2255    12966.558   -1722.6871    7692.0108    310.73731    15609 
372000000   -1237.3649    4726.6589    12916.293   -1811.2387    7775.2625    309.53273    15622 
373000000   -1273.9486    4768.2231    12980.518   -1823.4924     7865.664    311.07184    15635 
374000000   -1260.7202    4803.6184    12800.258   -1767.6434    7831.9819      306.752    15625 
375000000   -1247.0227    4604.2176     13019.88   -1850.2762    7701.5164    312.01513    15621 
376000000    -1232.541    4795.8955    12992.746   -1741.8764    7770.3129    311.36489    15602 
377000000   -1216.7455    4830.8783    12871.172   -1823.7467    7871.3705    308.45143    15633 
378000000   -1229.9436    4734.0933    12955.221   -1818.1533    7782.1902    310.46561    15614 
379000000   -1224.3249    4851.4193    12920.583   -1708.4455    7784.1897    309.63554    15620 
380000000   -1238.7926    4864.5835    13039.066   -1720.0286    7823.4047    312.47492    15618 
381000000    -1216.129     4950.168    12994.317   -1786.6327    7952.9298    311.40252    15629 
382000000   -1221.5727    4984.6859    12951.939   -1590.3408    7796.5994    310.38697    15603 
383000000   -1217.3453    4831.9926    13044.836    -1749.116     7798.454    312.61319    15617 
384000000   -1179.3055    4897.3093    13048.549    -1752.928    7829.5428    312.70218    15627 
385000000   -1202.1232    4881.0449    12994.455    -1711.127    7794.2951    311.40583    15622 
386000000     -1186.61    4781.4148    13050.572   -1794.0503    7762.0751    312.75067    15618 
387000000   -1200.1709    4882.1655    12692.061   -1775.4102    7857.7466    304.15912    15620 
388000000   -1175.8208    4820.4782    12947.443   -1773.9812    7770.2801    310.27923    15617 
389000000   -1217.1106    4926.2241    12847.908   -1729.6624    7872.9971     307.8939    15617 
390000000   -1193.1962    4820.4963    12819.648    -1738.789    7752.4815    307.21667    15619 
391000000   -1203.3951    4950.0277    13051.097    -1655.236    7808.6588    312.76323    15612 
392000000     -1213.06    4732.6435    12911.858   -1824.2318    7769.9353    309.42643    15635 
393000000   -1195.5197    4916.5448    13179.758   -1682.1247    7794.1892    315.84653    15624 
394000000   -1194.8615    4821.6873    12950.985   -1765.7053    7782.2541    310.36409    15629 
395000000   -1161.9393    4885.2728     13051.41    -1736.606    7783.8181    312.77075    15631 
396000000   -1196.8192    4842.7708    12829.604   -1784.9838    7824.5738    307.45526    15628 
397000000   -1190.9933    4982.2867    12909.102    -1679.038     7852.318    309.36041    15617 
398000000    -1211.035    4845.6355     13053.37   -1766.8207    7823.4912     312.8177    15618 
399000000    -1193.123    4846.5658      12845.6   -1725.1105    7764.7993    307.83861    15624 
400000000   -1209.9819     4831.073    12928.691   -1710.0507    7751.1056    309.82983    15610 
Loop time of 118390 on 28 procs for 400000000 steps with 14000 atoms

Performance: 8757.521 ns/day, 0.003 hours/ns, 3378.673 timesteps/s
99.5% CPU use with 28 MPI tasks x no OpenMP threads

MPI task timing breakdown:
Section |  min time  |  avg time  |  max time  |%varavg| %total
---------------------------------------------------------------
Pair    | 8720.6     | 12549      | 19042      |2283.5 | 10.60
Bond    | 4528.2     | 5776.7     | 8795.6     |2122.5 |  4.88
Neigh   | 23109      | 23462      | 23836      | 116.6 | 19.82
Comm    | 36446      | 45408      | 52907      |1597.6 | 38.36
Output  | 0.63643    | 0.64011    | 0.64138    |   0.1 |  0.00
Modify  | 21266      | 21692      | 22014      | 162.2 | 18.32
Other   |            | 9500       |            |       |  8.02

Nlocal:    500 ave 540 max 467 min
Histogram: 1 5 4 4 1 4 5 1 0 3
Nghost:    587.536 ave 835 max 223 min
Histogram: 1 0 1 2 2 9 4 6 2 1
Neighs:    3619.04 ave 6293 max 1750 min
Histogram: 4 2 3 7 3 4 0 1 2 2

Total # of neighbors = 101333
Ave neighs/atom = 7.23807
Ave special neighs/atom = 8.26129
Neighbor list builds = 36966128
Dangerous builds = 0
write_restart final_state_${fName}.restart
write_restart final_state_Run2_ext.restart
Total wall time: 32:53:20
