
units real
boundary p p p
atom_style full

neighbor 1.9 bin
neigh_modify every 1 delay 1 check yes

read_data b70_N200_L400.data extra/special/per/atom 50
  orthogonal box = (-420 -420 -420) to (420 420 420)
  2 by 2 by 7 MPI processor grid
  reading atoms ...
  14000 atoms
  scanning bonds ...
  51 = max bonds/atom
  scanning angles ...
  1 = max angles/atom
  reading bonds ...
  13800 bonds
  reading angles ...
  13600 angles
  2 = max # of 1-2 neighbors
  2 = max # of 1-3 neighbors
  4 = max # of 1-4 neighbors
  56 = max # of special neighbors
  special bonds CPU = 0.00176241 secs
  read_data CPU = 0.0602126 secs

angle_style cosine
angle_coeff * 2 # K (energy unit)

bond_style hybrid harmonic harmonic/shift/cut
bond_coeff 1 harmonic 3 10
bond_coeff 2 harmonic 3 10
bond_coeff 3 harmonic/shift/cut 3.60 11.22 12.72

pair_style lj/cut 25
# atom-typ1, atom-typ2, energy-well, sigma (bead-diameter), cut-off (distance)
pair_coeff * * 0.18 10 25

special_bonds lj 1 1 1 angle no
  2 = max # of 1-2 neighbors
  2 = max # of 1-3 neighbors
  4 = max # of 1-4 neighbors
  56 = max # of special neighbors
  special bonds CPU = 0.000655467 secs

minimize 1.0e-4 1.0e-6 100000 100000 # force_tol, energy_tol, maxiter, maxeval
WARNING: Using 'neigh_modify every 1 delay 0 check yes' setting during minimization (../min.cpp:168)
Neighbor list info ...
  update every 1 steps, delay 0 steps, check yes
  max neighbors/atom: 2000, page size: 100000
  master list distance cutoff = 26.9
  ghost atom cutoff = 26.9
  binsize = 13.45, bins = 63 63 63
  1 neighbor lists, perpetual/occasional/extra = 1 0 0
  (1) pair lj/cut, perpetual
      attributes: half, newton on
      pair build: half/bin/newton
      stencil: half/bin/3d/newton
      bin: standard
Per MPI rank memory allocation (min/avg/max) = 1.164 | 13.81 | 17.68 Mbytes
Step Temp E_pair E_mol TotEng Press 
       0            0 2.4262116e+12      2649600 2.4262142e+12 1.1227655e+09 
    7035            0   -6144.0854    5742.4468   -401.63854  -0.02117856 
Loop time of 1.91971 on 28 procs for 7035 steps with 14000 atoms

99.4% CPU use with 28 MPI tasks x no OpenMP threads

Minimization stats:
  Stopping criterion = energy tolerance
  Energy initial, next-to-last, final = 
     2.42621421633e+12     -401.614938723     -401.638544729
  Force two-norm initial, final = 2.10957e+10 0.584999
  Force max component initial, final = 1.04817e+09 0.0848794
  Final line search alpha, max atom move = 0.948135 0.0804771
  Iterations, force evaluations = 7035 9919

MPI task timing breakdown:
Section |  min time  |  avg time  |  max time  |%varavg| %total
---------------------------------------------------------------
Pair    | 0.15379    | 0.51836    | 0.94716    |  32.4 | 27.00
Bond    | 0.044316   | 0.1283     | 0.21317    |  12.4 |  6.68
Neigh   | 0.26185    | 0.26437    | 0.26744    |   0.3 | 13.77
Comm    | 0.21243    | 0.64696    | 1.1361     |  32.5 | 33.70
Output  | 0          | 0          | 0          |   0.0 |  0.00
Modify  | 0          | 0          | 0          |   0.0 |  0.00
Other   |            | 0.3617     |            |       | 18.84

Nlocal:    500 ave 824 max 176 min
Histogram: 2 2 4 3 3 2 5 4 0 3
Nghost:    338.464 ave 536 max 168 min
Histogram: 3 4 2 2 3 6 2 2 2 2
Neighs:    5465.89 ave 9884 max 1749 min
Histogram: 2 7 2 3 1 3 2 3 3 2

Total # of neighbors = 153045
Ave neighs/atom = 10.9318
Ave special neighs/atom = 5.82857
Neighbor list builds = 571
Dangerous builds = 0

# further equilibriate the system before bond formation takes place
fix fxlan all langevin $T $T 1000 ${seed}
fix fxlan all langevin 310 $T 1000 ${seed}
fix fxlan all langevin 310 310 1000 ${seed}
fix fxlan all langevin 310 310 1000 53287
fix fxnve all nve
timestep 0.1
run 10000
Per MPI rank memory allocation (min/avg/max) = 1.128 | 14 | 16.55 Mbytes
Step Temp E_pair E_mol TotEng Press 
    7035            0   -6144.0854    5742.4468   -401.63854  -0.02117856 
   17035    212.80503   -4828.9648    9371.2526    13422.293  -0.95386474 
Loop time of 1.50864 on 28 procs for 10000 steps with 14000 atoms

Performance: 57.270 ns/day, 0.419 hours/ns, 6628.483 timesteps/s
99.6% CPU use with 28 MPI tasks x no OpenMP threads

MPI task timing breakdown:
Section |  min time  |  avg time  |  max time  |%varavg| %total
---------------------------------------------------------------
Pair    | 0.086142   | 0.32901    | 0.6717     |  30.4 | 21.81
Bond    | 0.038084   | 0.11195    | 0.18612    |  11.9 |  7.42
Neigh   | 0.0021758  | 0.0022524  | 0.002399   |   0.2 |  0.15
Comm    | 0.1892     | 0.52942    | 0.8524     |  26.9 | 35.09
Output  | 4.8989e-05 | 7.6665e-05 | 0.00011171 |   0.0 |  0.01
Modify  | 0.090465   | 0.26091    | 0.43406    |  17.8 | 17.29
Other   |            | 0.275      |            |       | 18.23

Nlocal:    500 ave 824 max 175 min
Histogram: 2 2 4 3 3 2 5 4 0 3
Nghost:    338.571 ave 539 max 166 min
Histogram: 3 4 1 3 3 6 2 2 2 2
Neighs:    5458.36 ave 9785 max 1754 min
Histogram: 2 7 2 3 1 3 2 3 2 3

Total # of neighbors = 152834
Ave neighs/atom = 10.9167
Ave special neighs/atom = 5.82857
Neighbor list builds = 4
Dangerous builds = 0

unfix fxlan
unfix fxnve
reset_timestep 0

variable t equal step
variable steps equal 500000000
variable dt_thermo equal 1000000
variable dt_movie equal 10000000
variable dt_restart equal 50000000

group rxnSites type 1 3
4000 atoms in group rxnSites

# fix ID group-ID(atom-types) bond/create Nevery itype jtype Rmin bondtype (prob values = fraction seed) (iparam maxbond newType)
fix bondc rxnSites bond/create/random 20 1 3 12.72 3 prob 1 ${seed} iparam 1 1 jparam 1 3
fix bondc rxnSites bond/create/random 20 1 3 12.72 3 prob 1 53287 iparam 1 1 jparam 1 3

# fix ID group-ID bond/break Nevery bondtype Rmax keyword values ...
fix bondbr rxnSites bond/break 20 3 12.72 prob 1 ${seed}
fix bondbr rxnSites bond/break 20 3 12.72 prob 1 53287

variable frmbnd equal f_bondc[2]
variable brkbnd equal f_bondbr[2]
fix saveBond all print ${dt_thermo} "$t ${frmbnd} ${brkbnd}" file BondData_${fName}.dat screen no
fix saveBond all print 1000000 "$t ${frmbnd} ${brkbnd}" file BondData_${fName}.dat screen no
fix saveBond all print 1000000 "$t ${frmbnd} ${brkbnd}" file BondData_Run1.dat screen no

thermo_style custom step epair pe ke ebond eangle temp bonds
thermo ${dt_thermo}
thermo 1000000
fix saveThermo all print ${dt_thermo} "$t $(temp) $(ke) $(pe) $(epair) $(ebond) $(eangle) $(bonds)" file Thermo_${fName}.dat title "# Steps Temp KinEng PotEng Epair Ebond Eangle Bonds" screen no
fix saveThermo all print 1000000 "$t $(temp) $(ke) $(pe) $(epair) $(ebond) $(eangle) $(bonds)" file Thermo_${fName}.dat title "# Steps Temp KinEng PotEng Epair Ebond Eangle Bonds" screen no
fix saveThermo all print 1000000 "$t $(temp) $(ke) $(pe) $(epair) $(ebond) $(eangle) $(bonds)" file Thermo_Run1.dat title "# Steps Temp KinEng PotEng Epair Ebond Eangle Bonds" screen no

############################ Langevin Dynamics ###############################
fix fxlan all langevin $T $T 1000 ${seed}
fix fxlan all langevin 310 $T 1000 ${seed}
fix fxlan all langevin 310 310 1000 ${seed}
fix fxlan all langevin 310 310 1000 53287
fix fxnve all nve

comm_style tiled
fix fxbal all balance 1000 1.1 rcb

timestep 25

dump coor all custom ${dt_movie} traj_${fName}.dump id type mol mass x y z xu yu zu
dump coor all custom 10000000 traj_${fName}.dump id type mol mass x y z xu yu zu
dump coor all custom 10000000 traj_Run1.dump id type mol mass x y z xu yu zu

restart ${dt_restart} ${fName}_tp_*.restart
restart 50000000 ${fName}_tp_*.restart
restart 50000000 Run1_tp_*.restart
run ${steps}
run 500000000
Neighbor list info ...
  update every 1 steps, delay 1 steps, check yes
  max neighbors/atom: 2000, page size: 100000
  master list distance cutoff = 26.9
  ghost atom cutoff = 26.9
  binsize = 13.45, bins = 63 63 63
  2 neighbor lists, perpetual/occasional/extra = 1 1 0
  (1) pair lj/cut, perpetual
      attributes: half, newton on
      pair build: half/bin/newton
      stencil: half/bin/3d/newton
      bin: standard
  (2) fix bond/create/random, occasional, copy from (1)
      attributes: half, newton on
      pair build: copy
      stencil: none
      bin: none
Per MPI rank memory allocation (min/avg/max) = 17.88 | 18.29 | 18.78 Mbytes
Step E_pair PotEng KinEng E_bond E_angle Temp Bonds 
       0   -4828.9648    4542.2878    8880.0048    3050.1596     6321.093    212.80503    13800 
 1000000    -2077.562    6802.6266    13099.669    396.41174    8483.7768    313.92724    14933 
 2000000   -2285.2484    6034.9389    12831.588   -155.49984    8475.6871    307.50281    15066 
 3000000   -2604.4127      5679.03     12980.78   -209.91412    8493.3569    311.07812    15109 
 4000000   -2782.9402    5278.3697    12794.487   -521.64435    8582.9543    306.61371    15205 
 5000000   -3000.6679     4661.061    12896.831    -774.4183    8436.1472    309.06633    15241 
 6000000    -3037.871    4935.2561    12946.395   -634.25955    8607.3867    310.25412    15251 
 7000000   -3031.3695    4640.2699    12927.137   -771.40101    8443.0404    309.79259    15278 
 8000000   -3278.8242    4319.6245     12795.06   -858.67925    8457.1279    306.62745    15316 
 9000000   -3276.2085    4271.1787    12726.274   -921.97357    8469.3608    304.97901    15300 
10000000   -3187.7518    4553.8925    12989.767   -695.65285    8437.2972     311.2935    15260 
11000000   -3144.7687    4422.9367    12978.581   -826.36278    8394.0681    311.02542    15269 
12000000   -3240.0444    4478.5054    12997.328    -735.9639    8454.5137    311.47468    15302 
13000000   -3290.9038    4423.1252    12821.653   -781.80465    8495.8337    307.26473    15283 
14000000   -3348.9964    4133.7428     12966.88   -952.21146    8434.9507    310.74501    15324 
15000000   -3318.0551    4409.4253    12937.414   -792.87425    8520.3547    310.03889    15286 
16000000    -3376.379     4116.564    12781.736   -1001.5577    8494.5008    306.30814    15332 
17000000   -3356.3896    4164.6827    12916.136   -877.52164     8398.594    309.52897    15320 
18000000   -3395.0401    4063.6698    13006.651   -1013.5035    8472.2134    311.69811    15341 
19000000   -3466.0031    3922.2805    12935.064   -994.36715    8382.6508    309.98255    15340 
20000000   -3460.0882    3843.3387    12945.772   -1130.9799    8434.4068    310.23917    15355 
21000000   -3467.3342    3971.1259    13119.327   -990.61687     8429.077    314.39833    15336 
22000000   -3462.9439    3981.2432    13002.145   -1021.2562    8465.4434    311.59013    15325 
23000000   -3534.0874    3902.7451    12856.962   -964.25301    8401.0854    308.11089    15363 
24000000   -3545.8431    3738.4302    12826.036   -1137.8981    8422.1714    307.36977    15352 
25000000   -3592.7559    3776.2307    12950.844   -949.14723    8318.1338    310.36074    15344 
26000000   -3608.9312    3585.4104    12911.182   -1087.8318    8282.1734    309.41024    15370 
27000000   -3572.4083    3660.6534    12919.931   -1182.5901    8415.6517    309.61992    15373 
28000000   -3589.1989    3796.8546    13085.903   -1109.5615    8495.6151    313.59734    15380 
29000000   -3562.1132    3848.4864    12970.771   -986.38933    8396.9889    310.83827    15334 
30000000   -3515.7252     3836.545    12936.121    -1040.552    8392.8223     310.0079    15349 
31000000   -3752.4976    3408.3132    13034.556   -1163.7058    8324.5167    312.36684    15379 
32000000   -3598.2556    3580.5152    12851.745   -1097.4031     8276.174    307.98587    15385 
33000000   -3567.4138    3754.4694    12891.952   -1007.0034    8328.8866     308.9494    15342 
34000000   -3650.8097     3591.156     12879.32   -1135.2121    8377.1777    308.64668    15374 
35000000   -3528.2365    3955.1852      12929.3   -808.16124    8291.5829    309.84442    15314 
36000000   -3671.8697    3657.6786    12952.963   -1128.3144    8457.8627     310.4115    15380 
37000000   -3587.0055    3533.0107    12838.449   -1204.7785    8324.7946    307.66722    15372 
38000000   -3679.4239    3504.5436    13094.074   -1169.6243    8353.5919    313.79316    15367 
39000000   -3603.3521    3528.3786    12878.545   -1087.9802    8219.7109    308.62812    15370 
40000000   -3674.9263    3570.6669    13111.755   -1121.4588     8367.052    314.21688    15365 
41000000   -3640.9012    3564.6128    12992.489   -1111.9039    8317.4179    311.35873    15378 
42000000   -3659.7126    3475.7995    12790.027   -1186.0625    8321.5745    306.50682    15373 
43000000   -3606.8493    3600.8845    12941.277   -1042.1563    8249.8902    310.13145    15358 
44000000   -3683.9142    3581.8424    12900.102   -1035.2029    8300.9594    309.14471    15368 
45000000   -3643.9704    3580.2056    13054.149   -1068.7485    8292.9245    312.83638    15360 
46000000   -3627.3034    3624.8292    12875.731   -1065.7147    8317.8473    308.56068    15356 
47000000   -3639.8408    3643.5453    13007.385   -1136.2266    8419.6126     311.7157    15382 
48000000   -3611.2119    3744.4087     12940.86   -1030.3818    8386.0024    310.12146    15364 
49000000   -3743.3748    3442.0474     12998.49   -1248.0197    8433.4419    311.50253    15391 
50000000   -3687.6624    3449.3406    13014.069   -1135.0312    8272.0343    311.87588    15366 
51000000   -3715.6759    3361.3187    12937.826   -1122.4217    8199.4163    310.04875    15361 
52000000    -3744.883    3420.5486    12909.817   -1123.8009    8289.2324    309.37753    15376 
53000000   -3821.5873    3407.9108    12867.439   -1082.6394    8312.1375    308.36195    15363 
54000000   -3712.4666    3386.6416    12980.605    -1187.352    8286.4602    311.07393    15391 
55000000   -3760.7818    3480.2866    12934.994   -1129.7469    8370.8153    309.98089    15379 
56000000     -3692.14    3486.5096    12961.877    -1128.866    8307.5156    310.62512    15368 
57000000   -3841.2512    3212.2257    12784.243   -1235.4785    8288.9553    306.36821    15410 
58000000   -3725.3366    3730.7065     12846.17   -944.15361    8400.1966    307.85226    15351 
59000000   -3827.8537    3276.6726    13096.232   -1171.3503    8275.8767    313.84489    15379 
60000000   -3714.5199    3431.7119    12985.833   -1199.8529    8346.0847    311.19923    15381 
61000000   -3676.9094    3555.2677    13025.229   -1066.3169     8298.494    312.14332    15361 
62000000   -3704.6785    3452.6987    13031.787   -1154.6656    8312.0428     312.3005    15363 
63000000   -3790.0978    3404.6535    12928.074   -1102.5327     8297.284    309.81505    15370 
64000000   -3812.0819     3400.718    12889.769    -1120.202    8333.0019     308.8971    15375 
65000000   -3683.6573    3580.3568    13023.456   -1050.4949     8314.509    312.10084    15382 
66000000   -3748.7888    3471.0599    13055.274   -1182.0187    8401.8674    312.86335    15409 
67000000   -3721.6868    3650.5156    13031.123   -1024.9841    8397.1865    312.28457    15351 
68000000   -3712.8683    3509.8297    13047.648   -1068.5253    8291.2232    312.68058    15364 
69000000   -3730.2508    3397.9388    13010.279     -1111.85    8240.0396    311.78506    15375 
70000000   -3714.2331     3627.991    13077.516   -1016.7401    8358.9643    313.39635    15368 
71000000   -3816.7319    3341.3491    13031.657   -1138.6818    8296.7629    312.29737    15372 
72000000   -3696.5154    3379.1071    12986.098   -1116.6569    8192.2794    311.20558    15378 
73000000   -3713.6695    3389.8546    12845.819   -1102.1958    8205.7198    307.84384    15367 
74000000   -3712.7839    3441.7587    13073.176   -1122.9894     8277.532    313.29235    15369 
75000000   -3707.9661    3453.5376    12838.981   -1194.6467    8356.1504    307.67999    15386 
76000000   -3778.9029    3484.8331    12965.994   -1137.2483    8400.9843    310.72378    15370 
77000000   -3811.5768    3333.0866    12853.869     -1141.53    8286.1934    308.03676    15375 
78000000   -3746.6526    3357.3341    12890.646   -1103.5917    8207.5783    308.91811    15368 
79000000   -3757.8413    3199.2568    12837.492   -1202.4159    8159.5141     307.6443    15401 
80000000   -3813.5515    3354.2421    12870.939   -1115.3527    8283.1464    308.44583    15384 
81000000    -3700.526    3473.2999    12861.043   -1145.3345    8319.1604     308.2087    15381 
82000000    -3699.655    3545.5568    12875.662   -1119.7403     8364.952    308.55903    15360 
83000000   -3759.4535    3481.5621    12917.036   -1090.3973     8331.413    309.55053    15349 
84000000   -3783.3497      3714.08    13055.978   -959.78284    8457.2125    312.88021    15361 
85000000   -3788.5851    3479.4065    12917.707   -1130.3159    8398.3075    309.56662    15371 
86000000   -3779.5931    3392.1647    12879.058   -1174.5234    8346.2812    308.64042    15401 
87000000   -3751.5319    3386.5785    13066.939   -1155.2324    8293.3428    313.14288    15375 
88000000   -3733.7384    3564.3869    13005.684   -1091.0024    8389.1277    311.67495    15367 
89000000   -3747.3773    3483.8943    13073.629   -1102.4393     8333.711    313.30321    15385 
90000000   -3729.3203    3506.0548    12906.447   -1113.2825    8348.6576    309.29678    15382 
91000000   -3784.1783    3372.0901    12860.334   -1151.1011    8307.3696     308.1917    15396 
92000000   -3776.4379    3348.7557     13015.25    -1219.724    8344.9176    311.90418    15402 
93000000   -3898.0672    3229.2691    13081.634    -1216.861    8344.1974    313.49505    15405 
94000000   -3791.8695    3378.7598    12950.825   -1054.3112    8224.9405    310.36027    15389 
95000000   -3839.0428    2992.1755    13033.728   -1363.1732    8194.3915    312.34699    15411 
96000000   -3882.3102    3300.1347    13054.436   -1189.2034    8371.6483    312.84327    15389 
97000000   -3832.8056    3194.1893    12885.172     -1175.42    8202.4149    308.78693    15407 
98000000   -3795.0071    3331.0156    12932.914   -1109.8062    8235.8289    309.93105    15384 
99000000   -3948.6285    3118.6125    12926.207    -1269.113    8336.3541    309.77032    15416 
100000000   -3848.1719    3208.5321    12916.608   -1243.8785    8300.5826    309.54028    15392 
101000000   -3863.3465    3229.3987    12907.386   -1174.9283    8267.6734    309.31927    15383 
102000000   -3862.7386    3197.0472    12970.286   -1129.8999    8189.6858    310.82665    15392 
103000000   -3879.2334    3229.3203    12996.777   -1181.6571    8290.2108    311.46149    15376 
104000000   -3937.2955    3345.3264    13080.614   -1105.1625    8387.7844    313.47061    15381 
105000000    -3842.993    3327.5028    12939.385   -1084.0455    8254.5414    310.08611    15399 
106000000   -3802.0254    3237.5052    12897.583   -1127.9218    8167.4523    309.08436    15382 
107000000   -3891.7656    3203.0483    12770.495   -1165.8983    8260.7121    306.03874    15386 
108000000    -3890.698    3062.2558    13106.334   -1228.5035    8181.4574    314.08697    15389 
109000000   -3934.4796    3004.8321    12979.551   -1261.4917    8200.8034    311.04867    15399 
110000000   -3800.8966    3261.6376     12845.16   -1249.6981    8312.2323    307.82805    15392 
111000000   -3918.2692    3095.9431    12972.721   -1211.3518    8225.5641    310.88499    15390 
112000000   -3958.2653    3019.1677    12879.182   -1248.9947    8226.4277    308.64337    15413 
113000000   -3935.8371    3341.0491    13006.929   -1019.0826    8295.9688    311.70477    15371 
114000000   -3849.2761    3281.1704    13029.935   -1191.8298    8322.2763    312.25609    15396 
115000000   -3865.9763    3110.7522    12903.663    -1244.564    8221.2924    309.23006    15422 
116000000   -3823.3546    3169.0666     13093.68   -1298.6767    8291.0979    313.78372    15415 
117000000   -3820.3649    3325.0719    13067.494   -1142.9151    8288.3519    313.15617    15379 
118000000   -3883.9048    3101.5322    12863.638   -1278.0775    8263.5144    308.27089    15412 
119000000   -3835.1532    3219.0986    12929.601   -1253.9575    8308.2093    309.85164    15402 
120000000   -3866.3193    3240.7041    12951.309   -1126.4139    8233.4373    310.37186    15382 
121000000   -3903.9514    3033.0019    12814.452   -1219.3364    8156.2897    307.09216    15419 
122000000   -3896.2024    3064.2121    13069.345   -1238.8068    8199.2212    313.20054    15413 
123000000   -3874.0265    3268.0182    12887.611   -1251.2952    8393.3398    308.84537    15389 
124000000   -3995.6366    3019.6202    12965.431   -1258.3969    8273.6537    310.71029    15405 
125000000   -3872.6826    3217.4032     12912.51   -1208.8052     8298.891    309.44207    15395 
126000000   -3986.7682    3049.5894    13037.558   -1305.1174     8341.475    312.43879    15426 
127000000   -3921.6444    3280.7895    12875.201   -1114.9368    8317.3707    308.54797    15394 
128000000   -3869.0704    3108.8511    12790.751   -1298.4935     8276.415    306.52418    15421 
129000000   -3965.7148     3019.472    12967.347   -1249.3417    8234.5285    310.75622    15397 
130000000   -4087.5888    2824.5841    12907.241    -1333.117      8245.29    309.31581    15429 
131000000   -3959.1182    3071.8408    12864.657   -1131.6886    8162.6476    308.29531    15383 
132000000   -3933.1804    3102.9336    12872.218    -1145.348    8181.4619    308.47649    15384 
133000000     -3874.08    3140.3719    12819.322   -1195.6808    8210.1326    307.20886    15403 
134000000   -3850.6696    2933.2619    12887.515   -1310.3282    8094.2597    308.84306    15419 
135000000   -3908.2443    3165.2354    12857.339   -1244.9691    8318.4488    308.11991    15405 
136000000   -3915.4878    2908.3649    12960.895   -1354.7901    8178.6428     310.6016    15429 
137000000   -3938.6648    2993.5576    12779.168   -1286.0173    8218.2398     306.2466    15402 
138000000   -3922.1894    3161.5785    12914.722   -1207.3106    8291.0786    309.49508    15407 
139000000   -4022.1744    2965.6191    12874.539   -1281.0689    8268.8624    308.53211    15417 
140000000   -4012.7005    3081.4708    13000.209   -1169.9141    8264.0854    311.54372    15401 
141000000   -3940.6817    3021.3941    12917.319   -1290.0085    8252.0843    309.55732    15405 
142000000   -3993.1276    3103.3521    12961.049   -1156.0179    8252.4976    310.60528    15399 
143000000   -3948.8523    3108.5771    12848.437   -1211.8709    8269.3003    307.90659    15420 
144000000   -4011.5406    2881.3723     12941.95   -1310.0272    8202.9401     310.1476    15409 
145000000   -4010.9476    2952.9465    12929.292   -1343.4088    8307.3029    309.84424    15431 
146000000    -4002.487    2978.3325    13032.895    -1298.193    8279.0125    312.32703    15409 
147000000   -4053.7501    2994.7397    12972.651   -1201.0558    8249.5455    310.88333    15399 
148000000   -4022.3494    2989.1397    12803.185   -1264.8334    8276.3225    306.82214    15429 
149000000   -4043.2926    2808.6621    12851.511   -1356.9863     8208.941    307.98025    15424 
150000000   -4030.4187    2839.9577    13011.033    -1341.782    8212.1583    311.80313    15408 
151000000    -4041.046    3084.9751     12890.24   -1194.0713    8320.0924    308.90838    15396 
152000000   -3958.1395    3072.0339    12878.387   -1278.5678    8308.7412    308.62434    15426 
153000000   -4023.1385    2933.0658    12863.883   -1273.7626    8229.9668    308.27675    15413 
154000000   -4000.2632    3036.3831    12823.358   -1196.7689    8233.4151    307.30559    15434 
155000000   -4026.0493    2891.6095    12859.586   -1341.6032     8259.262    308.17377    15424 
156000000   -3983.8201    2990.3246    12897.136   -1224.2782    8198.4229    309.07363    15404 
157000000    -3957.294    3042.4002     12739.08   -1216.0897    8215.7839    305.28591    15412 
158000000   -3918.4571    3054.4897    12942.661   -1283.2636    8256.2104    310.16463    15430 
159000000   -3940.3132    3081.1372    12896.695   -1182.2562    8203.7066    309.06308    15411 
160000000   -4022.7187    3001.1834    12907.003   -1278.1449     8302.047     309.3101    15420 
161000000   -4001.8919     3029.469    12812.713   -1240.1762     8271.537    307.05049    15393 
162000000   -3997.3272    2953.4483    13061.216   -1307.0285     8257.804    313.00573    15421 
163000000   -4096.1375    3080.3123    12882.317   -1161.0593    8337.5091     308.7185    15398 
164000000   -3994.1038    3055.2757    13040.353   -1128.8532    8178.2327    312.50577    15394 
165000000   -4076.0025    2945.2454    13016.789   -1187.7435    8208.9914    311.94106    15399 
166000000    -3976.558    2970.3223    12956.162   -1246.3248     8193.205    310.48816    15400 
167000000   -3994.0771    2907.6849    12942.668   -1285.2675    8187.0295    310.16479    15413 
168000000   -4079.9699    2903.2719    12699.101   -1288.5671    8271.8088    304.32782    15414 
169000000   -3917.2918    3234.7103    12987.916   -1104.3991    8256.4012    311.24913    15398 
170000000   -3998.0263    3186.7054    13158.651   -1210.1424     8394.874    315.34071    15405 
171000000      -3987.9    3035.3467     12910.34   -1287.1819    8310.4285    309.39006    15416 
172000000   -4039.6216    2971.3944    12910.375   -1244.3437    8255.3596     309.3909    15415 
173000000   -3901.0488    3154.9408    12972.274   -1274.0569    8330.0465    310.87429    15404 
174000000   -3949.6923    3297.2162    12894.928   -1135.6975     8382.606    309.02073    15395 
175000000     -3890.92    3183.3719    13073.024   -1223.9939    8298.2858     313.2887    15397 
176000000   -4064.2193    3042.4819    12817.042   -1195.4861    8302.1872    307.15423    15413 
177000000   -3987.0379    3218.6318    12892.191   -1118.9464    8324.6161    308.95514    15400 
178000000   -3991.1572    3092.2693    13030.481   -1181.2256    8264.6521    312.26917    15424 
179000000   -3967.3123    2987.4654    13012.199   -1307.3124    8262.0901    311.83106    15407 
180000000   -4063.4874    2881.4832     12803.37   -1349.1469    8294.1175    306.82659    15435 
181000000   -4056.7536     2877.088    12963.995   -1221.9498    8155.7913    310.67589    15404 
182000000   -4021.2788    3039.8117     13039.35   -1297.4842    8358.5747    312.48172    15426 
183000000   -4058.4609    2868.8373    12922.389   -1227.6062    8154.9044    309.67882    15425 
184000000   -3982.1591    2924.9204     12913.59   -1223.5109    8130.5904    309.46794    15401 
185000000   -3963.6102    3038.4352    12836.639   -1230.5583    8232.6037    307.62385    15417 
186000000   -4107.1219    2897.6153     12879.46   -1219.3988     8224.136    308.65003    15408 
187000000   -3948.0744    3044.2313    13048.444   -1194.7622    8187.0678    312.69966    15406 
188000000   -4015.5261     2972.459    12891.097   -1265.6017    8253.5868    308.92891    15416 
189000000   -4069.2711    2845.4946    12987.393   -1205.7438    8120.5095     311.2366    15415 
190000000   -4041.6268    2954.0525     12978.34   -1253.2424    8248.9216    311.01965    15420 
191000000   -4102.2051    2832.0573    12875.794   -1261.3085    8195.5708    308.56218    15411 
192000000   -4044.8744    3076.0619    12864.022   -1240.8651    8361.8014    308.28007    15412 
193000000   -4071.9932    2881.9197    12902.306   -1272.6413    8226.5543    309.19753    15413 
194000000    -3926.028    3057.6589    12766.544   -1300.8913    8284.5783    305.94405    15418 
195000000   -3962.0607    3065.6659    12850.373   -1264.8896    8292.6161    307.95298    15405 
196000000   -4047.6294    3073.5664    12849.025    -1181.974    8303.1697    307.92068    15397 
197000000     -3854.48    3103.8822    12854.431    -1251.525    8209.8871    308.05023    15408 
198000000   -3924.6212    2901.2182    13004.585   -1297.4436     8123.283    311.64861    15407 
199000000   -4049.5532    2955.7853    13103.995   -1227.9885    8233.3269    314.03092    15426 
200000000   -4025.7191    3030.2179    12999.677   -1220.6263    8276.5633    311.53097    15407 
201000000   -3917.4107    3118.7496    12784.777   -1362.1683    8398.3287    306.38101    15416 
202000000   -3991.9776    3006.6833    13105.853    -1295.728    8294.3889    314.07544    15420 
203000000   -3892.7066    3279.9006    12958.171   -1122.6845    8295.2917    310.53632    15384 
204000000   -3953.8403    2990.6485    12904.166   -1224.4557    8168.9446     309.2421    15412 
205000000   -3967.9018     3001.861    12782.299   -1260.0928    8229.8556    306.32163    15413 
206000000   -4065.1816     2766.643    13059.543   -1359.5414     8191.366    312.96565    15440 
207000000   -3924.7658    3016.2145     13080.42   -1323.9875    8264.9678    313.46595    15416 
208000000   -3958.4252    3177.6708    13011.573   -1222.2242    8358.3202    311.81606    15414 
209000000    -3862.384    3093.0213    13049.399   -1334.9158    8290.3211    312.72255    15426 
210000000   -3969.4538     3191.316    13005.647   -1193.2345    8354.0043    311.67405    15400 
211000000    -4063.488    3042.8295    12953.661   -1273.6652    8379.9827    310.42822    15415 
212000000   -3958.3524    3148.1821    12828.895   -1188.6533    8295.1878    307.43827    15391 
213000000   -3959.2178    3164.0187    12976.729   -1158.0445    8281.2809    310.98104    15384 
214000000   -3892.2184    3252.4766    13189.931   -1186.8968    8331.5917    316.09033    15398 
215000000   -3983.7388    3159.7501    12702.657   -1109.2342    8252.7231    304.41305    15384 
216000000   -3924.4651    3044.1668    13022.038   -1264.5066    8233.1386    312.06686    15405 
217000000   -3980.4872    2990.8096    12794.876    -1206.471    8177.7677    306.62303    15396 
218000000   -4021.5923    2944.7606    12762.272   -1283.2948    8249.6476    305.84169    15428 
219000000   -4005.2485    3010.2773    13024.718    -1312.364    8327.8898    312.13108    15428 
220000000   -3939.7206    2990.1069    12994.626   -1244.9007    8174.7282    311.40993    15430 
221000000   -4006.3567    3165.5843    13091.694   -1166.8889    8338.8298    313.73612    15401 
222000000   -4153.9718    2951.9825    12751.517   -1218.8872    8324.8415    305.58396    15427 
223000000    -3998.501    3001.1879    13009.953   -1306.4398    8306.1286    311.77725    15413 
224000000   -3960.1619    2895.3689    12953.266   -1266.9853    8122.5162    310.41877    15407 
225000000   -3998.6754    3079.8213    12881.792   -1249.2222    8327.7188    308.70592    15434 
226000000   -4138.2311    2788.7006    12988.928   -1270.7879    8197.7196     311.2734    15434 
227000000   -3985.1007    2826.8612    13060.789    -1361.556    8173.5179     312.9955    15406 
228000000   -4022.3658    3016.3768    12876.093   -1178.4561    8217.1988    308.56935    15399 
229000000   -4112.3199    2728.1903    12873.186    -1461.778    8302.2881    308.49969    15436 
230000000   -3973.7756    3010.5497    13081.732   -1218.2519    8202.5771    313.49738    15414 
231000000   -4045.6662    3000.6048    12820.505   -1208.3605    8254.6315    307.23722    15405 
232000000   -4055.3652    2848.6592    12879.613   -1366.1659    8270.1903    308.65371    15428 
233000000   -3944.2306    3073.6406    12831.078   -1170.2666    8188.1378    307.49059    15403 
234000000   -4159.1694    2843.0592    12971.091   -1309.0088    8311.2374    310.84593    15442 
235000000   -4000.5129    2980.1055    13009.987   -1223.2596     8203.878    311.77807    15405 
236000000   -3978.2243    3109.6308    12869.041   -1205.2527    8293.1078    308.40036    15411 
237000000   -4097.5086     3060.971    12824.599   -1241.5916    8400.0712    307.33531    15412 
238000000   -3962.9159    3060.7695    12934.147   -1267.4996    8291.1851    309.96059    15412 
239000000   -4061.8151    2896.8833    12835.891   -1322.2469    8280.9452    307.60592    15433 
240000000   -4079.4294    2993.1509    12968.151   -1297.4719    8370.0522    310.77547    15429 
241000000   -4032.7728    2920.2653    12860.913   -1208.0104    8161.0484    308.20557    15416 
242000000   -3961.9841    3085.4319     12935.92    -1261.511     8308.927    310.00308    15417 
243000000   -4016.0042    2883.8154    12971.272   -1264.6563     8164.476    310.85026    15413 
244000000   -3985.7053    3260.2524    12872.615   -1134.0004    8379.9581    308.48601    15396 
245000000   -3896.3619     3404.523     12894.94   -1034.6688    8335.5537    309.02102    15387 
246000000   -3892.5765    3160.5096    12905.692   -1230.5947    8283.6808    309.27868    15409 
247000000   -3929.6693    3126.4539    13064.226   -1165.6163    8221.7394    313.07787    15406 
248000000   -3987.7223    3025.5307    12968.017   -1313.1683    8326.4213    310.77227    15432 
249000000   -3981.4908    2804.2767     13016.66   -1311.4493    8097.2168    311.93798    15399 
250000000   -3960.4513    2941.8502    13012.827   -1408.9835     8311.285    311.84612    15436 
251000000   -3960.6393    3057.4926    12768.828   -1209.3882    8227.5201    305.99879    15400 
252000000   -3873.6658    3136.1477    12993.864   -1246.4102    8256.2236    311.39169    15411 
253000000   -4019.0457    3024.1213    12954.384   -1266.8057    8309.9727    310.44555    15395 
254000000   -3993.9852    3074.2669    12920.485   -1303.3011    8371.5532    309.63319    15405 
255000000   -3979.2467    3076.3299    12993.191   -1228.7827    8284.3593    311.37556    15399 
256000000   -4039.9122    2906.9034    13064.105   -1276.5282    8223.3439    313.07497    15415 
257000000   -4085.4028     2728.304     13041.32   -1350.4061    8164.1129    312.52894    15438 
258000000   -4067.6411     2947.622     12898.47   -1231.1666    8246.4297     309.1056    15401 
259000000   -4072.2567      2950.57    13129.204   -1284.0567    8306.8834    314.63503    15418 
260000000   -3983.6451    3170.6811    12973.941   -1195.3556    8349.6818    310.91423    15399 
261000000   -4006.5563    2998.0131    13073.304   -1322.5195     8327.089    313.29543    15420 
262000000   -4017.0983    2932.8293    12910.069    -1300.961    8250.8886    309.38358    15410 
263000000   -3977.1906    3119.3811    12903.888   -1218.6217    8315.1934    309.23545    15403 
264000000   -4002.9846    2985.7198    12977.171   -1305.8219    8294.5263    310.99165    15420 
265000000   -3915.4167    3123.5177    13184.416   -1134.8255    8173.7599    315.95817    15396 
266000000    -3967.128    3030.8706    12852.527   -1230.2988    8228.2974    308.00462    15427 
267000000   -4038.7431    2829.2363    12998.932    -1340.254    8208.2333    311.51313    15439 
268000000   -4047.2645    3056.8115    12774.199   -1262.2452    8366.3211    306.12751    15413 
269000000   -3899.8777    3020.2322    13054.471   -1321.3767    8241.4867    312.84409    15413 
270000000   -4036.7797    3040.9284    12916.114   -1271.1309    8348.8389    309.52845    15418 
271000000   -3949.2494    3154.1876    13060.054   -1172.5582    8275.9952    312.97788    15395 
272000000   -4016.0207    3114.7618    12837.857   -1235.5719    8366.3544    307.65305    15400 
273000000   -3983.5276    3031.9678    12829.658    -1161.401    8176.8965    307.45657    15411 
274000000   -4004.5281    3000.4848    12894.781   -1241.7084    8246.7213     309.0172    15407 
275000000   -3967.1563    3073.4317    12842.482   -1257.0272    8297.6152    307.76389    15407 
276000000   -4042.0686    2945.5498    12859.116   -1258.6469    8246.2654     308.1625    15402 
277000000   -4077.6064    2803.5661    12766.362   -1352.3643    8233.5368    305.93969    15433 
278000000   -4006.7573     3003.438    12883.666   -1200.2461    8210.4415    308.75083    15408 
279000000   -4008.9018    3020.1695    13128.253   -1306.6071    8335.6783    314.61224    15428 
280000000   -3990.1279    3097.7504    13008.606   -1222.1483    8310.0267    311.74497    15409 
281000000   -3993.1052    3004.0342    12913.762   -1178.7362    8175.8755    309.47206    15419 
282000000   -3955.4148    3291.2398    12738.388   -1074.5499    8321.2046    305.26931    15380 
283000000    -3965.273    3107.8975    12884.677   -1164.0315     8237.202    308.77507    15403 
284000000   -3994.2604    2892.0835    12929.333   -1310.6276    8196.9715    309.84523    15424 
285000000   -4046.9755    2888.2827    12766.147   -1357.7684    8293.0267    305.93455    15413 
286000000   -3992.4231    3130.5165    13025.308   -1134.0145     8256.954    312.14521    15395 
287000000   -4030.9335    2923.2434    12977.725   -1292.1521     8246.329     311.0049    15416 
288000000   -4037.1607     2842.395    12920.666   -1374.1246    8253.6804    309.63753    15434 
289000000   -4026.5143    2932.7783    13017.672   -1253.3803    8212.6729    311.96221    15403 
290000000   -4061.1404    2881.2805    12973.514   -1240.3521     8182.773      310.904    15419 
291000000   -3994.7047    3054.3391    12932.558   -1211.2345    8260.2783     309.9225    15402 
292000000   -4002.7011    2937.9891    12959.018   -1304.5231    8245.2133    310.55661    15429 
293000000   -3958.7699    3117.2107    13006.475   -1183.1372    8259.1178    311.69389    15377 
294000000   -3930.6527    3123.9013    13010.682   -1340.5618    8395.1157     311.7947    15418 
295000000   -3909.2623    3127.8266    12955.336   -1239.9523    8277.0412    310.46838    15408 
296000000   -3990.6399    3228.9891    12914.379   -1132.1047    8351.7336    309.48687    15409 
297000000   -3935.9481    2889.3204    12879.171   -1302.9459    8128.2144    308.64312    15409 
298000000    -3961.509    3308.3598    13063.144   -1149.2778    8419.1467    313.05195    15390 
299000000   -4090.3523    2902.1759    12912.443   -1269.5856    8262.1138    309.44045    15411 
300000000   -3961.3207    3207.3532    13075.447   -1176.7607    8345.4345    313.34678    15426 
301000000   -4057.0626    3003.3494     13029.89   -1179.9775    8240.3895    312.25502    15406 
302000000   -4074.8991    2966.5007    12946.012   -1224.3226    8265.7225    310.24492    15430 
303000000   -3976.0475     2867.072    13036.185   -1306.7796    8149.8991    312.40588    15423 
304000000   -4047.5081     2796.574    12805.987   -1341.7683    8185.8504    306.88929    15426 
305000000   -4009.4451     2921.033    12850.046   -1221.9217    8152.3998    307.94515    15435 
306000000    -4011.359    3012.9837    12727.033   -1295.2777    8319.6204    304.99721    15417 
307000000   -4033.2409    2802.3972    12881.892   -1316.9922    8152.6302    308.70833    15432 
308000000   -4103.5089    2858.4718    12908.007   -1267.4894    8229.4701    309.33415    15412 
309000000   -4052.4449    2818.2317    12967.964   -1376.3915    8247.0682      310.771    15420 
310000000   -3998.5646    2907.2341    12760.456   -1300.2464    8206.0452    305.79817    15429 
311000000   -4070.9881    2894.2666     12870.53   -1276.8571    8242.1118    308.43603    15424 
312000000   -4066.9163    2963.6788    12732.811   -1275.6261    8306.2211    305.13568    15408 
313000000    -4031.249    3044.6697    12870.562   -1191.3013      8267.22     308.4368    15408 
314000000   -3891.6052    3063.0002    13105.081   -1230.6375    8185.2429    314.05693    15410 
315000000   -4004.9904    3098.0967    12896.795    -1194.343      8297.43    309.06548    15417 
316000000   -4062.1583    2887.7511    12862.591   -1231.8081    8181.7174    308.24578    15413 
317000000   -4045.3163    2791.8306     13113.33   -1377.5294    8214.6764    314.25462    15429 
318000000   -4053.8597    3012.9035    12766.409   -1269.7205    8336.4837    305.94084    15422 
319000000   -4100.0278    2726.1263    12959.414   -1318.8836    8145.0378    310.56611    15418 
320000000   -3938.1843    3074.6158    13005.949   -1233.2638    8246.0638    311.68128    15405 
321000000   -3910.5055    3110.0613    12906.424   -1243.6359    8264.2026    309.29623    15417 
322000000   -3971.3007    3005.4918    12940.671   -1242.3126    8219.1051    310.11693    15412 
323000000   -3959.5289    2935.3552    13115.358   -1308.0767    8202.9609    314.30323    15403 
324000000   -3985.8485    3066.5912    12916.325   -1261.9739    8314.4136    309.53348    15442 
325000000   -4043.2485    2856.8301    12935.686   -1245.8525     8145.931    309.99746    15416 
326000000   -3999.2785    2996.5712    12847.465   -1305.2838    8301.1335     307.8833    15418 
327000000   -3975.0822    3155.6201    12992.423   -1155.3529    8286.0552    311.35714    15411 
328000000   -3995.7453    3079.9403    13042.177   -1147.8445    8223.5301    312.54946    15411 
329000000   -3988.5593    3109.4298    12901.925   -1153.7487    8251.7378    309.18841    15401 
330000000   -3972.2597    2922.8461    13113.782   -1329.5259    8224.6317    314.26545    15437 
331000000   -3958.7709    3031.3085    13089.605   -1246.0952    8236.1746    313.68607    15419 
332000000   -3987.5647    3045.5057    12895.571   -1330.2038    8363.2742    309.03613    15408 
333000000   -3968.9693    3066.1777     12849.96   -1226.4073    8261.5543    307.94309    15423 
334000000   -4026.3349    2921.2904    12919.114   -1292.0591    8239.6844    309.60032    15416 
335000000   -3965.0049    3076.7851    12928.219   -1247.9676    8289.7577    309.81853    15392 
336000000   -4057.7948    2803.9042    12834.058   -1392.9829    8254.6819    307.56201    15416 
337000000   -4003.6938    2994.2609    13018.297    -1324.169    8322.1237    311.97721    15422 
338000000   -4060.5222    2914.5195    13000.023   -1300.1794    8275.2212    311.53926    15430 
339000000    -3969.647    2936.7834    12967.439   -1334.2421    8240.6725    310.75842    15419 
340000000   -3947.5506     2987.314    12887.438   -1239.7445    8174.6091    308.84122    15386 
341000000   -3874.4699    3193.0859    12851.599   -1185.7572    8253.3131    307.98237    15392 
342000000    -4029.623    2886.1445    13001.784   -1286.0219    8201.7893    311.58148    15405 
343000000   -4029.0957    2917.2694    13018.354   -1353.6449      8300.01    311.97857    15427 
344000000   -3940.0048     3181.047    12873.115   -1255.9222     8376.974    308.49799    15420 
345000000   -4010.0783    2874.6274    12775.927   -1308.8259    8193.5316    306.16891    15413 
346000000     -4080.16    2722.6186     12834.66   -1305.7751    8108.5537    307.57644    15418 
347000000   -4066.6453     2846.368    12999.428   -1308.0704    8221.0837    311.52502    15409 
348000000   -4133.2405    2706.9896    13045.199   -1323.5528     8163.783     312.6219    15417 
349000000   -3974.2816    2939.1186    12972.655   -1297.5911    8210.9913    310.88342    15432 
350000000   -4028.6782    3022.7034    12778.144   -1232.9046    8284.2862    306.22206    15409 
351000000   -4123.1119    2668.1771    13056.107   -1398.6934    8189.9825    312.88331    15434 
352000000   -4016.3177    3058.2472    12983.283   -1230.9249    8305.4898    311.13811    15405 
353000000   -3922.6427    2977.7387    12928.309   -1317.4978    8217.8792    309.82068    15414 
354000000   -4042.0165    2878.1566    12920.285   -1325.2226    8245.3956     309.6284    15419 
355000000   -3988.3399    2956.9661    12941.625   -1227.1586    8172.4646    310.13981    15421 
356000000   -4023.5433    2846.1482    12998.824   -1260.6142    8130.3057    311.51055    15405 
357000000     -3876.42    3106.7434    13024.853   -1241.5287    8224.6922    312.13431    15389 
358000000   -4014.5768    3047.3779    13115.616   -1269.6077    8331.5624    314.30942    15411 
359000000   -3926.9769    3033.6843    12848.406   -1311.8801    8272.5413    307.90585    15410 
360000000    -3972.659    3060.7309    12940.286    -1263.587    8296.9768    310.10771    15401 
361000000   -3951.4286    3251.8755    13047.527   -1191.2655    8394.5696    312.67768    15401 
362000000   -3836.7756    3250.2507     13094.66   -1275.7817    8362.8081    313.80721    15416 
363000000   -4007.8383    2844.2899    13054.153   -1426.4457    8278.5739    312.83648    15439 
364000000   -3997.5512    3143.7522    12852.388   -1164.4064    8305.7097    308.00128    15419 
365000000   -3983.3724    2922.6058     12861.24   -1309.9998     8215.978     308.2134    15409 
366000000   -3957.5342    3113.0068    12913.781   -1267.8359    8338.3768    309.47253    15413 
367000000   -4004.0573    2939.4335     13055.57    -1297.358    8240.8488    312.87044    15422 
368000000   -3985.9685    3106.2077    12965.068   -1160.3196    8252.4958    310.70159    15392 
369000000   -3875.0118    3262.8822     12895.61   -1136.8684    8274.7624    309.03706    15395 
370000000   -4058.5433    2973.7492    12909.708   -1262.1333    8294.4258    309.37492    15428 
371000000   -4012.0596    3097.1675    12936.359   -1204.8182    8314.0453    310.01361    15406 
372000000   -4039.6321     2942.146    12932.599    -1228.999     8210.777     309.9235    15399 
373000000   -3972.4869    3056.4286    12873.419   -1311.0788    8339.9943    308.50528    15412 
374000000   -3997.3328    3011.6625    12965.673   -1185.8715    8194.8668     310.7161    15411 
375000000   -3999.9811    3020.3636    12959.514   -1202.4044    8222.7491    310.56849    15406 
376000000   -3969.4558    3034.2851    12922.906    -1211.045    8214.7859    309.69121    15397 
377000000   -3971.1831     2904.478    12969.303   -1332.6775    8208.3387    310.80307    15422 
378000000   -4047.0358    3009.1803    12860.045   -1214.0253    8270.2414    308.18478    15423 
379000000   -3900.9286     3106.002    12896.616   -1289.8854     8296.816    309.06119    15394 
380000000   -3970.1301    2993.5907    12823.915   -1259.5099    8223.2307    307.31893    15409 
381000000   -4016.3068    2948.7552    12877.177   -1350.3842    8315.4463    308.59532    15440 
382000000   -4040.9876    2826.2204    12963.549   -1357.7311    8224.9392    310.66519    15437 
383000000   -4054.6505    3012.2668    12924.465   -1321.0599    8387.9772    309.72857    15422 
384000000   -4057.1836    2914.1287    12899.692   -1299.5816    8270.8939    309.13489    15412 
385000000   -4071.5942    3053.2787    13136.902   -1248.4597    8373.3327    314.81951    15402 
386000000   -3992.5908     2972.362    13101.571   -1270.2125    8235.1653    313.97283    15401 
387000000   -3997.7033    2880.2217    12863.018   -1294.0012    8171.9263    308.25602    15399 
388000000   -4014.5575    2989.7651    13024.448   -1217.6895    8222.0121     312.1246    15406 
389000000   -4014.4459    2949.5324    12795.388   -1234.7821    8198.7604    306.63529    15407 
390000000   -4009.7809    2903.3187    12906.453   -1254.6093     8167.709    309.29692    15406 
391000000   -3884.3285    3295.6118    13034.181   -1119.4969    8299.4372    312.35785    15379 
392000000   -4011.6683    3067.7355    12766.009   -1249.7182     8329.122    305.93124    15429 
393000000    -3938.772    3031.2113    13024.804   -1199.7731    8169.7564    312.13314    15421 
394000000   -4035.7127    2964.6942    12821.025   -1244.6141    8245.0209    307.24968    15417 
395000000   -4021.1175    2964.3042    12907.622   -1330.8591    8316.2808    309.32493    15429 
396000000   -3957.8527    3190.9956    12973.984   -1219.4473    8368.2955    310.91525    15417 
397000000   -3965.3208    3083.5612    13095.222   -1200.1021     8248.984    313.82067    15409 
398000000   -4022.5753    2980.7591     13011.77   -1264.4606    8267.7949    311.82079    15423 
399000000   -4028.6121    2950.0462    12883.907   -1240.3677    8219.0259    308.75661    15411 
400000000   -4024.1629     2909.542    12820.801   -1290.9816    8224.6865    307.24432    15410 
401000000   -4062.0334    2905.9224    12730.116   -1241.6395    8209.5952    305.07109    15404 
402000000   -4020.9872    2905.4936    12906.326   -1242.0885    8168.5693    309.29388    15413 
403000000   -4060.4814    2735.7993    13030.619   -1287.7152    8083.9959     312.2725    15426 
404000000   -3952.1456    3116.7447    12952.461   -1229.6547     8298.545    310.39947    15421 
405000000   -4035.4628    2924.1886     12720.47   -1182.0665    8141.7179    304.83993    15413 
406000000   -3950.0265    2892.2592    12998.139   -1409.1187    8251.4044    311.49413    15433 
407000000   -3947.3308    2911.0353    13049.795   -1291.7934    8150.1595    312.73205    15429 
408000000   -3948.1865    3164.5391    12819.973   -1234.4966    8347.2222    307.22446    15407 
409000000   -3858.4995    3162.3983     13011.65   -1280.2334    8301.1312    311.81792    15408 
410000000   -3955.2861    2969.7918    12885.836   -1340.7944    8265.8722    308.80284    15429 
411000000   -4071.7154    2842.4624    13039.806   -1238.2066    8152.3844    312.49265    15425 
412000000   -3928.2366    3101.1026     12984.68   -1190.5839    8219.9231    311.17159    15412 
413000000   -4003.9812    2925.6727    12985.123   -1293.1402    8222.7941     311.1822    15415 
414000000   -4040.6898    2980.2759    12897.088   -1307.7146    8328.6803    309.07248    15428 
415000000   -3985.0563    3016.3312     12893.42    -1245.314    8246.7015    308.98457    15398 
416000000   -3954.5123    3066.2069    12927.561   -1216.6591    8237.3784    309.80276    15414 
417000000   -4048.7048    2927.5628    12978.916   -1337.2739    8313.5415    311.03345    15419 
418000000   -3967.4875    3058.9249    12840.201   -1256.2856    8282.6981    307.70923    15399 
419000000   -3875.7175    3099.4282    12993.707    -1215.812    8190.9576    311.38793    15395 
420000000   -4041.2156    2894.6493    12925.058   -1280.9711    8216.8361    309.74278    15414 
421000000   -4098.8656     2857.881    12909.741   -1250.0893    8206.8358    309.37571    15418 
422000000     -4043.77    2960.8397    12820.624   -1243.5088    8248.1185    307.24006    15416 
423000000   -4032.1936    2928.2423    13006.982   -1273.9109    8234.3467    311.70605    15421 
424000000   -4081.9284    2841.4924    12932.258    -1291.744    8215.1648    309.91532    15427 
425000000   -4060.4388    2911.9805    13001.762    -1310.184    8282.6033    311.58095    15429 
426000000   -4058.0098    2825.6162    13081.762   -1337.2547    8220.8808    313.49812    15426 
427000000   -3926.4168    2974.1583    13045.475   -1338.9762    8239.5514     312.6285    15436 
428000000   -3975.8289    2963.5083    12888.647   -1291.6393    8230.9765     308.8702    15410 
429000000   -3830.8019    3235.1367    12900.232   -1275.7281    8341.6666    309.14784    15411 
430000000   -3877.5813    3070.9961    12830.628   -1246.2703    8194.8477    307.47981    15401 
431000000   -3982.1348    2967.2807    12907.437   -1283.8108    8233.2264    309.32049    15423 
432000000   -4035.0273    2983.4015    13109.483   -1349.4615    8367.8902    314.16243    15432 
433000000   -3865.7147    3127.0525    12906.374   -1211.0189    8203.7861    309.29503    15404 
434000000   -4062.1757    3056.6596    13001.758   -1170.0493    8288.8846    311.58084    15401 
435000000   -4016.5252    2831.9961    12828.524   -1327.3832    8175.9046    307.42938    15424 
436000000   -4013.6975    3013.5538    12897.522   -1220.0758    8247.3271    309.08289    15404 
437000000   -4069.8217    2929.2908    12977.439   -1231.8512    8230.9638    310.99807    15396 
438000000   -4052.6806    3005.3302    12879.253   -1233.6451    8291.6559    308.64507    15410 
439000000   -3951.1121    3209.2397    12893.589   -1160.4105    8320.7623    308.98864    15394 
440000000   -3981.2177    2974.0941    13030.307   -1228.3192     8183.631    312.26502    15428 
441000000   -3928.4944    3269.8823    12981.776   -1223.4272    8421.8038    311.10199    15412 
442000000   -3967.7368    2980.3406    12938.542    -1368.987    8317.0644    310.06591    15430 
443000000   -3992.4253    2958.2275    13043.041   -1350.2822     8300.935    312.57019    15422 
444000000   -4059.7606    2904.7093    12967.176   -1330.7576    8295.2275    310.75211    15408 
445000000   -4063.6692    2884.0276    12867.152    -1283.338    8231.0348    308.35509    15427 
446000000   -4011.6022    3016.2685    12927.849   -1272.9035    8300.7741    309.80966    15407 
447000000    -3847.419    3133.8404    12789.195   -1264.2878    8245.5473    306.48688    15420 
448000000   -3937.4155    2922.3777    13014.771   -1316.0002    8175.7935    311.89271    15423 
449000000   -4009.5433     3061.198     12936.37   -1121.1723    8191.9136    310.01387    15406 
450000000    -4105.281    2943.1509    12850.469   -1199.3052    8247.7372    307.95528    15411 
451000000   -3980.2512    3033.8995     12812.65   -1203.6335    8217.7842    307.04897    15404 
452000000   -4005.7296    3142.8795    13009.477   -1153.3597    8301.9688    311.76583    15393 
453000000   -4015.7294    3057.9516    12946.435    -1242.473     8316.154    310.25507    15428 
454000000   -4007.6739    3100.5758    12895.201   -1246.9652    8355.2148    309.02728    15410 
455000000   -4003.8998    2934.7814    12768.678   -1347.0434    8285.7246    305.99521    15421 
456000000   -3996.4847    2993.5582    12826.424    -1313.771    8303.8139    307.37906    15429 
457000000   -3981.8198    2924.3077    12961.716   -1269.5598    8175.6873    310.62126    15427 
458000000   -4047.6537    3027.2357    12887.572   -1170.9198    8245.8091    308.84444    15411 
459000000   -4100.6635    2986.8224     12949.36   -1196.1978    8283.6836    310.32516    15426 
460000000   -4015.5719     3088.318     12786.78   -1211.6791     8315.569    306.42902    15390 
461000000    -4022.434    3249.8408    12850.233   -1139.1973    8411.4721    307.94964    15397 
462000000   -3865.1951    3196.9406    12961.985   -1268.1796    8330.3153    310.62771    15415 
463000000   -3967.6103    3104.8565    13086.967   -1148.8829    8221.3498    313.62285    15395 
464000000   -3871.5412     3039.487    12916.022    -1242.685    8153.7133    309.52624    15408 
465000000   -3995.2092    2904.0093    12905.041   -1313.6701    8212.8885    309.26307    15428 
466000000   -4085.3178    2909.7518    12906.744   -1312.0222    8307.0917    309.30389    15435 
467000000   -4000.7928    3093.6269    12878.065   -1211.0577    8305.4774     308.6166    15415 
468000000   -3907.7764    3119.1146    13016.202   -1230.3071    8257.1981      311.927    15405 
469000000   -4025.1585     2862.686    12868.317   -1375.4901    8263.3346    308.38301    15433 
470000000   -3980.5686    2923.0983    12822.677   -1289.5344    8193.2013    307.28928    15424 
471000000   -4042.5757    2947.3037    12962.729    -1312.955    8302.8344    310.64554    15421 
472000000   -3967.9683     3310.228    13077.216    -1212.646    8490.8423    313.38916    15395 
473000000   -4062.7699    2963.6236    13002.104   -1338.7117    8365.1052    311.58915    15433 
474000000   -3959.9314    3148.9513    13007.494   -1203.6368    8312.5195    311.71832    15407 
475000000   -3989.8071    3154.4889    12927.805   -1143.3747    8287.6707    309.80861    15403 
476000000    -4050.221    2845.5324    13034.156   -1276.1279    8171.8813    312.35725    15428 
477000000   -4064.1814    2840.1008    12922.864   -1284.6651    8188.9473     309.6902    15429 
478000000   -3866.5728    3211.2255    13017.287    -1208.667    8286.4653      311.953    15390 
479000000   -3910.1451    2964.9997    13009.431   -1397.2736    8272.4184    311.76473    15439 
480000000   -3894.2647    3276.1428     12878.69   -1235.3044    8405.7119    308.63158    15414 
481000000   -3959.6613    3079.0961    12784.672   -1254.9225      8293.68     306.3785    15399 
482000000   -3967.8068    3081.8422    13019.812   -1231.0321    8280.6812    312.01352    15412 
483000000   -3951.5164    3103.0956    12981.655   -1236.8636    8291.4756    311.09908    15405 
484000000   -4072.4349    3077.6407    12889.545   -1218.3934     8368.469    308.89172    15407 
485000000   -4000.4282     2999.198    12838.046   -1273.3459    8272.9721    307.65757    15402 
486000000   -4020.0846    3018.8832    12999.942   -1345.0401     8384.008    311.53735    15409 
487000000   -3887.6632    3217.8324    12900.639    -1143.625    8249.1206    309.15758    15395 
488000000    -3914.977     2954.515     12935.75   -1331.0277    8200.5197      309.999    15430 
489000000   -3960.3036    3122.1805    12884.959   -1227.4987    8309.9829    308.78182    15425 
490000000   -3904.5424    3180.6998    12850.227   -1192.4724    8277.7146    307.94948    15404 
491000000   -4016.6935    2876.0716    12964.563   -1284.2669     8177.032     310.6895    15412 
492000000   -3985.6261    3041.7446     12845.39   -1266.6129    8293.9836    307.83358    15410 
493000000   -3951.5267    3127.5132     13071.55   -1220.4855    8299.5254    313.25338    15402 
494000000   -4006.8015     3043.789    12862.982   -1267.9509    8318.5414    308.25515    15430 
495000000    -3926.157    3047.8312     12982.69   -1313.0325    8287.0207     311.1239    15428 
496000000   -3906.9329    3043.7661    12736.366   -1314.9228    8265.6218    305.22086    15418 
497000000   -3982.9857    3036.1619    12991.198   -1180.0718    8199.2194    311.32778    15408 
498000000   -4036.5055    2978.6678    12966.462   -1133.9952    8149.1685      310.735    15407 
499000000   -4066.5585    2932.0122    12897.976   -1244.1568    8242.7274    309.09378    15406 
500000000   -3894.3977    3149.4491    13019.621   -1301.2194    8345.0663    312.00894    15407 
Loop time of 184383 on 28 procs for 500000000 steps with 14000 atoms

Performance: 5857.385 ns/day, 0.004 hours/ns, 2711.752 timesteps/s
99.5% CPU use with 28 MPI tasks x no OpenMP threads

MPI task timing breakdown:
Section |  min time  |  avg time  |  max time  |%varavg| %total
---------------------------------------------------------------
Pair    | 24267      | 29269      | 32263      |1144.2 | 15.87
Bond    | 6064.3     | 6240.2     | 6949.7     | 199.9 |  3.38
Neigh   | 66103      | 66681      | 67470      | 138.1 | 36.16
Comm    | 45759      | 48866      | 54393      | 919.7 | 26.50
Output  | 0.61309    | 0.62073    | 0.62145    |   0.2 |  0.00
Modify  | 24497      | 24693      | 24940      |  62.0 | 13.39
Other   |            | 8634       |            |       |  4.68

Nlocal:    500 ave 526 max 482 min
Histogram: 4 1 6 2 4 6 2 2 0 1
Nghost:    874.036 ave 1206 max 582 min
Histogram: 2 3 2 6 4 2 2 3 3 1
Neighs:    7080.14 ave 9228 max 5532 min
Histogram: 2 3 4 3 7 4 2 2 0 1

Total # of neighbors = 198244
Ave neighs/atom = 14.1603
Ave special neighs/atom = 8.79186
Neighbor list builds = 99877981
Dangerous builds = 0
write_restart final_state_${fName}.restart
write_restart final_state_Run1.restart
Total wall time: 51:13:06
