
units real
boundary p p p
atom_style full

neighbor 1.9 bin
neigh_modify every 1 delay 1 check yes

read_data b70_N200_L400.data extra/special/per/atom 50
  orthogonal box = (-420 -420 -420) to (420 420 420)
  2 by 2 by 7 MPI processor grid
  reading atoms ...
  14000 atoms
  scanning bonds ...
  51 = max bonds/atom
  scanning angles ...
  1 = max angles/atom
  reading bonds ...
  13800 bonds
  reading angles ...
  13600 angles
  2 = max # of 1-2 neighbors
  2 = max # of 1-3 neighbors
  4 = max # of 1-4 neighbors
  56 = max # of special neighbors
  special bonds CPU = 0.00190136 secs
  read_data CPU = 0.059758 secs

angle_style cosine
angle_coeff * 2 # K (energy unit)

bond_style hybrid harmonic harmonic/shift/cut
bond_coeff 1 harmonic 3 10
bond_coeff 2 harmonic 3 10
bond_coeff 3 harmonic/shift/cut 3.60 11.22 12.72

pair_style lj/cut 25
# atom-typ1, atom-typ2, energy-well, sigma (bead-diameter), cut-off (distance)
pair_coeff * * 0.18 10 25

special_bonds lj 1 1 1 angle no
  2 = max # of 1-2 neighbors
  2 = max # of 1-3 neighbors
  4 = max # of 1-4 neighbors
  56 = max # of special neighbors
  special bonds CPU = 0.000686047 secs

minimize 1.0e-4 1.0e-6 100000 100000 # force_tol, energy_tol, maxiter, maxeval
WARNING: Using 'neigh_modify every 1 delay 0 check yes' setting during minimization (../min.cpp:168)
Neighbor list info ...
  update every 1 steps, delay 0 steps, check yes
  max neighbors/atom: 2000, page size: 100000
  master list distance cutoff = 26.9
  ghost atom cutoff = 26.9
  binsize = 13.45, bins = 63 63 63
  1 neighbor lists, perpetual/occasional/extra = 1 0 0
  (1) pair lj/cut, perpetual
      attributes: half, newton on
      pair build: half/bin/newton
      stencil: half/bin/3d/newton
      bin: standard
Per MPI rank memory allocation (min/avg/max) = 1.164 | 13.81 | 17.68 Mbytes
Step Temp E_pair E_mol TotEng Press 
       0            0 2.4262116e+12      2649600 2.4262142e+12 1.1227655e+09 
    7035            0   -6144.0854    5742.4468   -401.63854  -0.02117856 
Loop time of 1.98198 on 28 procs for 7035 steps with 14000 atoms

99.4% CPU use with 28 MPI tasks x no OpenMP threads

Minimization stats:
  Stopping criterion = energy tolerance
  Energy initial, next-to-last, final = 
     2.42621421633e+12     -401.614938723     -401.638544729
  Force two-norm initial, final = 2.10957e+10 0.584999
  Force max component initial, final = 1.04817e+09 0.0848794
  Final line search alpha, max atom move = 0.948135 0.0804771
  Iterations, force evaluations = 7035 9919

MPI task timing breakdown:
Section |  min time  |  avg time  |  max time  |%varavg| %total
---------------------------------------------------------------
Pair    | 0.15339    | 0.51263    | 0.94217    |  32.4 | 25.86
Bond    | 0.044102   | 0.12658    | 0.21659    |  12.5 |  6.39
Neigh   | 0.2583     | 0.26187    | 0.26668    |   0.3 | 13.21
Comm    | 0.24467    | 0.68595    | 1.1756     |  31.9 | 34.61
Output  | 0          | 0          | 0          |   0.0 |  0.00
Modify  | 0          | 0          | 0          |   0.0 |  0.00
Other   |            | 0.395      |            |       | 19.93

Nlocal:    500 ave 824 max 176 min
Histogram: 2 2 4 3 3 2 5 4 0 3
Nghost:    338.464 ave 536 max 168 min
Histogram: 3 4 2 2 3 6 2 2 2 2
Neighs:    5465.89 ave 9884 max 1749 min
Histogram: 2 7 2 3 1 3 2 3 3 2

Total # of neighbors = 153045
Ave neighs/atom = 10.9318
Ave special neighs/atom = 5.82857
Neighbor list builds = 571
Dangerous builds = 0

# further equilibriate the system before bond formation takes place
fix fxlan all langevin $T $T 1000 ${seed}
fix fxlan all langevin 310 $T 1000 ${seed}
fix fxlan all langevin 310 310 1000 ${seed}
fix fxlan all langevin 310 310 1000 79100
fix fxnve all nve
timestep 0.1
run 10000
Per MPI rank memory allocation (min/avg/max) = 1.128 | 14 | 16.55 Mbytes
Step Temp E_pair E_mol TotEng Press 
    7035            0   -6144.0854    5742.4468   -401.63854  -0.02117856 
   17035    213.53236   -4900.9276    9495.9211    13505.349   -1.2710592 
Loop time of 1.52021 on 28 procs for 10000 steps with 14000 atoms

Performance: 56.834 ns/day, 0.422 hours/ns, 6578.030 timesteps/s
99.6% CPU use with 28 MPI tasks x no OpenMP threads

MPI task timing breakdown:
Section |  min time  |  avg time  |  max time  |%varavg| %total
---------------------------------------------------------------
Pair    | 0.085922   | 0.32017    | 0.64915    |  29.9 | 21.06
Bond    | 0.037019   | 0.10901    | 0.18565    |  11.8 |  7.17
Neigh   | 0.0021698  | 0.0022189  | 0.0023087  |   0.1 |  0.15
Comm    | 0.22263    | 0.55424    | 0.87261    |  26.3 | 36.46
Output  | 5.8833e-05 | 8.6492e-05 | 0.00011834 |   0.0 |  0.01
Modify  | 0.08816    | 0.25533    | 0.42756    |  17.6 | 16.80
Other   |            | 0.2792     |            |       | 18.36

Nlocal:    500 ave 825 max 175 min
Histogram: 2 2 4 3 3 2 4 5 0 3
Nghost:    339 ave 528 max 166 min
Histogram: 3 3 2 2 3 7 2 2 2 2
Neighs:    5456.14 ave 9919 max 1730 min
Histogram: 2 7 2 3 1 4 1 3 3 2

Total # of neighbors = 152772
Ave neighs/atom = 10.9123
Ave special neighs/atom = 5.82857
Neighbor list builds = 4
Dangerous builds = 0

unfix fxlan
unfix fxnve
reset_timestep 0

variable t equal step
variable steps equal 500000000
variable dt_thermo equal 1000000
variable dt_movie equal 10000000
variable dt_restart equal 50000000

group rxnSites type 1 3
4000 atoms in group rxnSites

# fix ID group-ID(atom-types) bond/create Nevery itype jtype Rmin bondtype (prob values = fraction seed) (iparam maxbond newType)
fix bondc rxnSites bond/create/random 20 1 3 12.72 3 prob 1 ${seed} iparam 1 1 jparam 1 3
fix bondc rxnSites bond/create/random 20 1 3 12.72 3 prob 1 79100 iparam 1 1 jparam 1 3

# fix ID group-ID bond/break Nevery bondtype Rmax keyword values ...
fix bondbr rxnSites bond/break 20 3 12.72 prob 1 ${seed}
fix bondbr rxnSites bond/break 20 3 12.72 prob 1 79100

variable frmbnd equal f_bondc[2]
variable brkbnd equal f_bondbr[2]
fix saveBond all print ${dt_thermo} "$t ${frmbnd} ${brkbnd}" file BondData_${fName}.dat screen no
fix saveBond all print 1000000 "$t ${frmbnd} ${brkbnd}" file BondData_${fName}.dat screen no
fix saveBond all print 1000000 "$t ${frmbnd} ${brkbnd}" file BondData_Run5.dat screen no

thermo_style custom step epair pe ke ebond eangle temp bonds
thermo ${dt_thermo}
thermo 1000000
fix saveThermo all print ${dt_thermo} "$t $(temp) $(ke) $(pe) $(epair) $(ebond) $(eangle) $(bonds)" file Thermo_${fName}.dat title "# Steps Temp KinEng PotEng Epair Ebond Eangle Bonds" screen no
fix saveThermo all print 1000000 "$t $(temp) $(ke) $(pe) $(epair) $(ebond) $(eangle) $(bonds)" file Thermo_${fName}.dat title "# Steps Temp KinEng PotEng Epair Ebond Eangle Bonds" screen no
fix saveThermo all print 1000000 "$t $(temp) $(ke) $(pe) $(epair) $(ebond) $(eangle) $(bonds)" file Thermo_Run5.dat title "# Steps Temp KinEng PotEng Epair Ebond Eangle Bonds" screen no

############################ Langevin Dynamics ###############################
fix fxlan all langevin $T $T 1000 ${seed}
fix fxlan all langevin 310 $T 1000 ${seed}
fix fxlan all langevin 310 310 1000 ${seed}
fix fxlan all langevin 310 310 1000 79100
fix fxnve all nve

comm_style tiled
fix fxbal all balance 1000 1.1 rcb

timestep 25

dump coor all custom ${dt_movie} traj_${fName}.dump id type mol mass x y z xu yu zu
dump coor all custom 10000000 traj_${fName}.dump id type mol mass x y z xu yu zu
dump coor all custom 10000000 traj_Run5.dump id type mol mass x y z xu yu zu

restart ${dt_restart} ${fName}_tp_*.restart
restart 50000000 ${fName}_tp_*.restart
restart 50000000 Run5_tp_*.restart
run ${steps}
run 500000000
Neighbor list info ...
  update every 1 steps, delay 1 steps, check yes
  max neighbors/atom: 2000, page size: 100000
  master list distance cutoff = 26.9
  ghost atom cutoff = 26.9
  binsize = 13.45, bins = 63 63 63
  2 neighbor lists, perpetual/occasional/extra = 1 1 0
  (1) pair lj/cut, perpetual
      attributes: half, newton on
      pair build: half/bin/newton
      stencil: half/bin/3d/newton
      bin: standard
  (2) fix bond/create/random, occasional, copy from (1)
      attributes: half, newton on
      pair build: copy
      stencil: none
      bin: none
Per MPI rank memory allocation (min/avg/max) = 17.88 | 18.29 | 18.88 Mbytes
Step E_pair PotEng KinEng E_bond E_angle Temp Bonds 
       0   -4900.9276    4594.9935     8910.355    3141.9538    6353.9673    213.53236    13800 
 1000000   -2100.3148    6566.5054    12856.362     138.5464    8528.2738    308.09651    14979 
 2000000   -2412.4849      5933.83    12925.778   -190.62425    8536.9392    309.76002    15086 
 3000000   -2594.7734     5343.784    12934.086   -481.16118    8419.7185    309.95914    15176 
 4000000   -2758.0359     5205.023    13008.694   -589.62426    8552.6832    311.74707    15223 
 5000000   -2837.9592      4977.19    12972.004   -702.73236    8517.8815    310.86781    15244 
 6000000   -2880.7127    4915.3575     12867.21   -813.13365    8609.2039    308.35647    15244 
 7000000   -2980.3995    4765.1816    13042.478   -747.60084    8493.1819    312.55669    15264 
 8000000   -2921.4927    4839.8404    12877.524   -706.14604    8467.4792    308.60364    15249 
 9000000   -2963.0525    4589.9366    12838.867   -920.11635    8473.1055    307.67725    15281 
10000000   -3056.5363    4550.7042    12997.461    -907.2395    8514.4801    311.47788    15283 
11000000   -2934.3874    4739.5129    13023.698   -826.67109    8500.5713    312.10664    15275 
12000000   -3095.6205    4651.4915    12868.582   -758.59768    8505.7097    308.38935    15274 
13000000   -3202.4838    4417.7352    12808.554   -909.03255    8529.2515    306.95082    15304 
14000000   -3163.6812    4323.5834    12917.471    -913.2036    8400.4681    309.56096    15303 
15000000   -3207.6484    4340.0454    12999.849   -869.90589    8417.5996    311.53511    15301 
16000000   -3154.9177    4394.1201    12898.078   -920.04586    8469.0837    309.09621    15296 
17000000   -3292.1894    4138.9001    12863.196   -942.47879    8373.5683    308.26029    15336 
18000000    -3312.666    4189.5592    12900.771   -919.58619    8421.8115    309.16075    15313 
19000000   -3418.9612    4119.7634    12860.697   -895.94492    8434.6695    308.20038    15320 
20000000   -3382.8619    3972.9402    12871.945   -988.37456    8344.1767    308.46995    15342 
21000000   -3403.8065    4012.9028     12807.15   -1011.0449    8427.7543    306.91717    15347 
22000000   -3466.0736    3888.6133    12951.584   -1017.0665    8371.7534    310.37845    15350 
23000000   -3406.2664    3910.6863    12975.191   -1018.9743     8335.927    310.94418    15337 
24000000   -3434.7747     3830.258    12902.818   -1060.2378    8325.2705     309.2098    15335 
25000000   -3409.3395    3932.4698    12942.053   -1023.2004    8365.0097    310.15006    15351 
26000000   -3472.6941    3899.0813    12830.438   -1090.5597    8462.3351    307.47526    15351 
27000000   -3399.6761     3901.123    12930.513   -1061.5871    8362.3862    309.87351    15364 
28000000    -3407.847    3869.2923    13009.074   -966.27052    8243.4098    311.75619    15318 
29000000   -3487.0201    4026.3421    12891.693   -936.99742    8450.3596    308.94321    15334 
30000000   -3409.1178    4016.8028    12908.378   -920.99785    8346.9185    309.34306    15354 
31000000   -3564.5475    3767.6864    12929.026   -1045.4895    8377.7233    309.83786    15373 
32000000   -3487.2967    3853.8334    13053.915   -1057.4003    8398.5303    312.83078    15352 
33000000   -3587.5847    3703.6813    12972.122   -1075.5285    8366.7944    310.87063    15352 
34000000   -3554.1704    3670.4724    12884.308   -1062.9591    8287.6019    308.76622    15332 
35000000   -3578.5302    3661.7188    13060.255   -1141.4209    8381.6699     312.9827    15384 
36000000   -3484.9203    3888.3409    12959.869   -920.36458    8293.6258    310.57702    15326 
37000000   -3650.9096    3685.7654    12711.785   -1080.5233    8417.1982    304.63179    15378 
38000000   -3616.0359    3742.6665     13112.73   -1078.2865     8436.989    314.24024    15355 
39000000   -3587.9764    3752.9783    12922.262   -1076.2815    8417.2362    309.67577    15368 
40000000   -3652.9287    3599.0574    12880.081   -1126.0282    8378.0144    308.66492    15376 
41000000   -3605.6799    3718.6251    12828.335   -1067.1989    8391.5038    307.42486    15375 
42000000   -3651.5824    3525.2002    12950.345   -1219.6604    8396.4431    310.34876    15398 
43000000   -3581.5383    3728.3656    12801.059   -1016.9108    8326.8147     306.7712    15338 
44000000   -3630.8037    3740.2089    12956.583   -1017.3314     8388.344    310.49825    15357 
45000000   -3746.1428    3490.5236    12929.743   -1126.0738    8362.7402    309.85504    15372 
46000000   -3722.4077    3436.9622    12965.046   -1226.2239    8385.5939    310.70108    15376 
47000000   -3590.8079    3519.9973    12837.203   -1118.3519     8229.157    307.63738    15360 
48000000   -3703.5163    3519.0703    13000.094   -1082.6892    8305.2757    311.54097    15365 
49000000   -3687.1306    3695.4636    12916.069   -1076.8151    8459.4093    309.52736    15355 
50000000   -3603.5122    3523.5804    12849.711   -1159.3158    8286.4084    307.93712    15380 
51000000    -3723.429    3529.7152    13051.283   -1043.5509    8296.6952    312.76769    15348 
52000000   -3744.5747    3305.9279    12881.376   -1185.1941    8235.6966    308.69597    15386 
53000000   -3685.7256    3490.8119    12967.795   -1094.1449    8270.6825    310.76695    15378 
54000000   -3719.8631    3482.2604    12959.017   -1178.5449    8380.6684    310.55658    15373 
55000000   -3697.6597    3845.5142    12790.605   -939.81825    8482.9921    306.52067    15362 
56000000    -3804.365    3494.7958    12955.779   -1041.1003    8340.2611    310.47898    15370 
57000000   -3765.0633     3379.506    12920.511    -1111.949    8256.5182     309.6338    15365 
58000000   -3796.3969    3418.2355    13046.709   -1191.8029    8406.4353    312.65809    15385 
59000000   -3647.8631    3484.8559    12862.608   -1111.5257    8244.2448    308.24619    15376 
60000000   -3662.6709    3509.2548    12905.278   -1158.5367    8330.4625    309.26875    15392 
61000000   -3747.3963    3426.2113    12938.243   -1181.8777    8355.4853    310.05875    15388 
62000000   -3725.1524    3397.0679    12914.013   -1222.6504    8344.8707    309.47808    15376 
63000000   -3666.5856     3600.004    12939.111   -1025.4858    8292.0753    310.07956    15364 
64000000   -3829.5686    3387.0359    13141.953   -1197.2217    8413.8261    314.94056    15382 
65000000   -3698.9001    3429.5201    13070.403   -1179.6352    8308.0555    313.22589    15358 
66000000    -3756.757    3451.1254    12951.471   -1091.8325    8299.7149    310.37574    15380 
67000000   -3736.9737    3587.6759    12908.536   -1037.0278    8361.6774    309.34683    15385 
68000000   -3728.1485    3435.0134    12941.943   -1145.1673    8308.3292    310.14741    15394 
69000000   -3711.5537    3397.5116     12964.86   -1172.4509    8281.5162    310.69661    15380 
70000000   -3826.0815     3511.584    12897.441   -986.63951     8324.305    309.08095    15359 
71000000   -3658.7358    3611.8359    12863.606   -1061.7844    8332.3561    308.27011    15386 
72000000   -3749.0135    3622.8709        12938     -974.407    8346.2913    310.05294    15368 
73000000   -3687.8753    3520.9938    12920.473   -1140.1832    8349.0523     309.6329    15372 
74000000   -3779.5322    3445.9347     12986.74   -1160.4867    8385.9536    311.22096    15360 
75000000   -3807.1313    3425.1774    13022.817   -1178.1849    8410.4936    312.08552    15387 
76000000   -3722.6731    3199.6431    12949.487   -1348.6131    8270.9292    310.32822    15401 
77000000   -3743.4638    3562.6713    12946.961   -1170.6602    8476.7952    310.26766    15384 
78000000   -3765.7776    3492.3706    12864.965   -1035.5237    8293.6718    308.30268    15369 
79000000   -3783.3195    3522.7887    12872.602   -1141.1392    8447.2474    308.48569    15359 
80000000   -3768.1735    3347.0725    13009.613   -1184.1644    8299.4104     311.7691    15383 
81000000     -3799.24    3256.0154    12876.776   -1186.2777    8241.5331    308.58571    15400 
82000000   -3827.2544    3329.0303    12858.694   -1127.7839    8284.0686    308.15239    15367 
83000000   -3771.9793    3468.9771    13007.945   -1106.0356     8346.992    311.72913    15385 
84000000   -3790.5349    3549.2274    13035.501   -1122.2561    8462.0184    312.38949    15375 
85000000   -3859.9491    3263.0225    12858.804   -1256.7981    8379.7697    308.15504    15409 
86000000   -3797.0329    3202.1745    13108.708   -1328.8813    8328.0887    314.14385    15429 
87000000   -3827.7705    3334.7318    12923.287   -1154.1925    8316.6948    309.70034    15379 
88000000   -3837.8578    3342.7565    12948.322   -1141.8101    8322.4244    310.30028    15388 
89000000    -3850.023    3258.0328    12959.361   -1195.0561     8303.112    310.56484    15400 
90000000   -3797.8087    3282.8557    12951.925    -1235.511    8316.1755    310.38663    15386 
91000000   -3819.9485    3255.2223    12842.377   -1208.4207    8283.5914    307.76138    15396 
92000000   -3771.8876    3441.2272    12881.064   -1075.8607    8288.9754    308.68848    15381 
93000000   -3761.3388    3362.7701     12982.83   -1198.3822    8322.4911    311.12726    15384 
94000000   -3807.9388    3393.0264    12982.642   -1116.8994    8317.8647    311.12275    15373 
95000000   -3867.5374    3286.9771    13010.408   -1157.1087    8311.6232    311.78815    15390 
96000000   -3750.8822     3418.454     12947.63   -1153.1009     8322.437    310.28371    15382 
97000000   -3891.7775    3240.7782    12928.715   -1138.9237    8271.4794    309.83042    15389 
98000000   -3832.8763     3274.459    13037.602   -1191.7659    8299.1011    312.43984    15404 
99000000   -3801.3034    3187.4434     13067.73   -1291.9608    8280.7076    313.16183    15398 
100000000   -3826.7014    3237.0834    12870.081   -1172.5298    8236.3147    308.42527    15413 
101000000    -3822.966    3190.2466    12907.996   -1255.8785    8269.0911    309.33388    15402 
102000000   -3941.9394    3004.1474    12882.795   -1327.7531    8273.8398    308.72995    15435 
103000000   -3852.9802    3198.5384    13018.925   -1183.5386    8235.0572    311.99225    15383 
104000000   -3889.4346    3322.2519    12915.559   -1065.0265     8276.713    309.51514    15395 
105000000   -3936.6641    3207.7527    12953.507   -1246.1791    8390.5959    310.42453    15402 
106000000   -3788.3536    3303.0993     12980.21   -1242.3301     8333.783    311.06448    15392 
107000000   -3911.3569    3120.5377    12940.748   -1295.9775    8327.8722    310.11877    15387 
108000000   -3824.0025    3350.2149     12891.77    -1107.944    8282.1614    308.94504    15377 
109000000   -3818.2252    3137.4056    12871.399   -1288.7322     8244.363    308.45687    15414 
110000000   -3815.4475    3269.3567    12997.028   -1228.4022    8313.2064    311.46751    15400 
111000000   -3943.5541    3071.5167     12879.73    -1226.613    8241.6838     308.6565    15399 
112000000   -3761.8667    3362.3177    12819.075   -1168.7273    8292.9117    307.20294    15378 
113000000   -3788.9062     3294.139    12833.703   -1143.3791    8226.4243    307.55349    15389 
114000000   -3857.3482    3196.9182    13037.778   -1221.3469    8275.6133    312.44405    15397 
115000000   -3832.0351    3283.2842    12947.069     -1170.99    8286.3093    310.27025    15394 
116000000   -3852.3105    3259.3728    12898.686   -1190.6949    8302.3783    309.11078    15406 
117000000   -3840.9857    3286.5442    12835.016   -1138.7287    8266.2586    307.58495    15397 
118000000    -3896.262     3125.817    13113.536   -1275.9582    8298.0372    314.25956    15407 
119000000    -3824.018    3179.3924    13003.818   -1230.5537    8233.9641    311.63022    15398 
120000000   -3850.1895    3196.5788     12964.87   -1257.6247     8304.393    310.69685    15422 
121000000   -3880.9292    3092.3734    12917.137   -1273.1368    8246.4394    309.55295    15414 
122000000   -3908.9358    3244.2436     12953.42   -1147.9089    8301.0883    310.42245    15418 
123000000   -3880.5206    3089.5574    12951.351   -1277.9679    8248.0459    310.37289    15425 
124000000   -4014.1043    3094.4239    12816.883   -1150.9617    8259.4898    307.15041    15406 
125000000   -3896.1995    3283.3883    12940.444   -1198.6693     8378.257    310.11149    15388 
126000000   -3819.3152    3571.9625    13023.628   -998.34975    8389.6274    312.10496    15382 
127000000   -3821.7215    3207.0213    12885.244   -1239.4033    8268.1461    308.78865    15393 
128000000   -3949.1578    3105.5148    12867.169   -1264.8894     8319.562    308.35549    15426 
129000000    -3857.563    3294.8444    12902.698   -1077.8079    8230.2153    309.20694    15397 
130000000   -3946.7885    3166.1742    12893.887   -1231.3781    8344.3407    308.99579    15414 
131000000    -3928.014    3250.5629    12868.296   -1164.2747    8342.8516    308.38251    15391 
132000000   -3940.8471    3084.2952    12914.053   -1258.3557     8283.498    309.47905    15418 
133000000     -3874.98    3244.1935    12920.832   -1186.3221    8305.4957     309.6415    15396 
134000000   -3928.9429    3166.7931    12822.978   -1243.8258    8339.5618    307.29648    15421 
135000000   -3863.4263    3355.2157    13042.246   -1219.4724    8438.1145    312.55113    15402 
136000000    -3972.042     2871.541    13018.201   -1422.0906    8265.6736     311.9749    15443 
137000000   -3894.8927    3205.8189    12978.129   -1246.5215     8347.233    311.01459    15408 
138000000   -3941.5611    2997.1616    12921.698   -1206.8176    8145.5403    309.66225    15399 
139000000    -3870.229    3066.3568    12939.744    -1259.773    8196.3588    310.09471    15404 
140000000   -3966.9299    3068.7598    13017.871   -1233.7357    8269.4254    311.96699    15421 
141000000   -3920.9542    3327.5599    12937.066   -1096.1656    8344.6798    310.03054    15397 
142000000   -3925.7774    3131.1706    12952.965   -1218.8854    8275.8334    310.41155    15413 
143000000   -3969.9832    3127.5653    12954.983   -1207.9622    8305.5108    310.45992    15410 
144000000   -3991.2345    3142.5987    12820.361   -1195.7983    8329.6315    307.23377    15392 
145000000   -3974.3254    3132.1846    12869.133   -1211.5085    8318.0185    308.40256    15395 
146000000   -3992.1151     2993.521    12908.409   -1207.9001    8193.5362    309.34379    15426 
147000000   -4005.4688    3171.4085    12903.723   -1163.0352    8339.9124    309.23148    15404 
148000000   -3944.6415    3187.5727    12960.122   -1185.5176    8317.7318    310.58307    15401 
149000000   -3835.8969    3287.1832    12919.566   -1178.1144    8301.1945    309.61116    15398 
150000000   -3900.0806    3255.6524    12912.303   -1192.1131    8347.8462     309.4371    15379 
151000000   -4100.0173    3043.3072    12935.281   -1229.0957    8372.4202    309.98778    15413 
152000000   -3978.9534    3159.4491    12966.997   -1172.1454    8310.5478    310.74783    15398 
153000000   -3922.7863    3062.7725    12853.711   -1210.0114    8195.5703    308.03298    15395 
154000000   -3938.4146     3127.649    12877.405   -1155.1686    8221.2323     308.6008    15399 
155000000   -3867.2738    3186.9469      13084.7   -1263.5878    8317.8086    313.56852    15416 
156000000   -3969.5789    3012.9498    13072.833   -1298.3894    8280.9181    313.28413    15419 
157000000   -3874.7185    3319.3246    12975.443   -1128.2066    8322.2496    310.95022    15400 
158000000   -3950.9454    3203.5793    12979.438   -1130.1819    8284.7066    311.04596    15378 
159000000   -3835.4713    3219.6731    12871.959   -1218.1167    8273.2611    308.47027    15405 
160000000   -3886.4124    3205.2219    12991.162   -1242.9252    8334.5595    311.32693    15418 
161000000   -3857.9882    3189.4761    12864.233   -1234.8149    8282.2792    308.28514    15392 
162000000   -3841.7669    3202.3571    12898.316   -1168.9137    8213.0376    309.10192    15390 
163000000   -3908.7754    3033.2142    12886.651   -1337.5545    8279.5441    308.82237    15424 
164000000   -4024.2774    2912.4881    12810.323   -1338.2158    8274.9813    306.99321    15442 
165000000   -4024.9214    2987.5821    13077.948    -1283.075    8295.5786     313.4067    15425 
166000000   -3935.8282    3070.1901    12882.663   -1177.5229    8183.5413     308.7268    15406 
167000000   -3886.1987     3191.189    12865.656   -1224.1614    8301.5491    308.31924    15406 
168000000   -3836.2859    3227.0821    13122.015   -1201.4477    8264.8157    314.46275    15394 
169000000   -3864.3436    3112.1962    12839.296    -1239.172    8215.7118    307.68752    15402 
170000000    -3826.858    3085.5323    12885.625   -1349.8774    8262.2677    308.79779    15404 
171000000   -3919.5773    3185.5618    12940.358   -1185.9931    8291.1322    310.10942    15397 
172000000   -4008.9727    2929.2486    12804.777   -1272.8224    8211.0437    306.86031    15424 
173000000    -3975.748     3112.413    12917.877   -1153.7619    8241.9229    309.57069    15384 
174000000   -3921.9559     3095.697    12837.519   -1188.1187    8205.7717    307.64496    15396 
175000000   -3841.4316    3027.0249    12913.072   -1360.9243    8229.3807    309.45554    15428 
176000000   -3949.5167    2965.9554    13001.842   -1289.1751    8204.6472    311.58286    15416 
177000000   -3888.9718     3222.443    13049.557   -1280.0527    8391.4675    312.72634    15417 
178000000   -3939.5365    3138.5014    12731.235   -1303.6735    8381.7115    305.09791    15387 
179000000   -3885.5636    3181.7122    12919.484   -1172.1201    8239.3959    309.60919    15389 
180000000   -3949.2449    3236.8301    13039.295   -1069.7539    8255.8289     312.4804    15360 
181000000   -3893.5878    3173.3317    12879.082   -1103.3064    8170.2259    308.64097    15378 
182000000   -3925.4217    2931.7179    12992.299   -1228.7996    8085.9392    311.35418    15407 
183000000      -3900.8    3113.6079    12861.647   -1221.6742    8236.0821    308.22316    15385 
184000000   -3955.4776    3072.3006     12819.12   -1274.1248     8301.903    307.20403    15395 
185000000    -3984.595    2961.1438    12970.542    -1261.241    8206.9798    310.83278    15411 
186000000   -3908.9325    2901.3557    12719.481   -1377.1817      8187.47    304.81623    15409 
187000000   -3933.5045    3119.0432    12885.964   -1249.2297    8301.7773     308.8059    15423 
188000000   -3904.4224    3178.3058    12829.661   -1166.7195    8249.4478    307.45663    15414 
189000000   -3942.2042    3185.9777    12922.361   -1173.8589    8302.0408    309.67815    15383 
190000000     -3938.18    3073.4173    12956.112   -1222.0375    8233.6348    310.48696    15401 
191000000   -3923.3271    2903.0104     12905.09   -1270.7531    8097.0906    309.26425    15398 
192000000   -3973.6395    2877.6986    12808.906    -1316.543    8167.8812    306.95925    15420 
193000000   -3857.8611    3347.0778    12918.389   -1083.7378    8288.6768    309.58296    15386 
194000000   -3976.0921    2962.2207    13008.559   -1292.9537    8231.2665    311.74384    15417 
195000000   -3947.0174    3070.3934    12969.299   -1197.7515    8215.1622    310.80298    15390 
196000000   -3927.3744    2956.1788    12892.144   -1259.1867    8142.7399    308.95401    15402 
197000000   -3996.3461    3121.2313    12940.639   -1174.7847    8292.3621    310.11617    15398 
198000000   -3987.4661    3152.9055    12942.652   -1154.6223    8294.9939    310.16442    15391 
199000000   -3978.0058    3052.4471    12819.002   -1212.1309    8242.5839    307.20119    15410 
200000000   -3918.2165    3110.6621     12880.18   -1228.1829    8257.0616    308.66729    15405 
201000000   -3969.3039    3139.0325     12864.49   -1231.2195    8339.5558     308.2913    15425 
202000000   -3932.4434    3136.4915    13011.022   -1327.5228    8396.4576    311.80286    15416 
203000000    -3868.863    3399.9509    12925.112   -958.47384    8227.2877    309.74407    15358 
204000000   -3960.2937    3193.7949    12804.575   -1190.1418    8344.2304    306.85547    15407 
205000000   -4039.2131    3160.9639     12916.77   -1163.2192    8363.3962    309.54415    15397 
206000000   -3791.4727    3527.7481    12979.318    -1052.929    8372.1497     311.0431    15374 
207000000   -3859.5801    3141.2579    13004.214    -1272.228     8273.066     311.6397    15428 
208000000   -3955.1698    3113.3801    12900.541   -1291.9725    8360.5224    309.15525    15423 
209000000   -4007.5919    3192.0823     13003.56   -1157.6339     8357.308    311.62403    15403 
210000000   -3935.5956    3051.8127    12915.295   -1296.4912    8283.8996    309.50882    15414 
211000000   -3916.6669      3043.88    12968.948   -1228.9193    8189.4662    310.79457    15392 
212000000   -3992.1317    3089.2748    12923.482   -1214.2984    8295.7049    309.70501    15420 
213000000   -3989.8768    2981.8282    12827.226   -1249.1091    8220.8141    307.39827    15420 
214000000   -3996.7808     2921.701    12885.014   -1289.6779    8208.1597    308.78314    15414 
215000000    -3917.191    3155.7446    13003.503   -1228.7653    8301.7009    311.62267    15416 
216000000   -4005.7373    2968.3057    12901.613   -1308.7144    8282.7574    309.18092    15444 
217000000   -3913.8495    3093.9674    13006.177   -1367.8468    8375.6637    311.68675    15431 
218000000   -3937.6519    3143.8464    13004.829    -1208.383    8289.8813    311.65446    15427 
219000000   -4031.4879    2982.0971     13021.02   -1346.8678    8360.4527    312.04247    15435 
220000000   -3930.5205    3110.5914    12956.636   -1143.7441     8184.856    310.49952    15387 
221000000   -3893.5319    3231.9679    12883.243   -1148.5299    8274.0297    308.74071    15399 
222000000   -3940.3141    3085.8847    12922.431   -1320.7583    8346.9571    309.67982    15428 
223000000   -3853.3545    3246.5264    12823.184   -1220.7286    8320.6095    307.30142    15412 
224000000   -3935.8627    3067.9027    13026.566   -1301.9399    8305.7053    312.17536    15411 
225000000   -3941.8582    3139.0803    13042.401   -1241.0491    8321.9876    312.55485    15413 
226000000   -3887.1984    3114.4145    12917.828   -1227.1139    8228.7268    309.56952    15401 
227000000   -3954.3764    3194.1091    12986.239   -1208.0496    8356.5351    311.20894    15429 
228000000   -3939.5762    2999.2539     12964.54    -1239.178    8178.0081    310.68895    15407 
229000000   -3951.4869    3121.9732    12931.449   -1140.7805    8214.2405    309.89594    15396 
230000000   -3829.9236    3226.5881    13021.396    -1169.772    8226.2837    312.05147    15399 
231000000    -3930.614     3179.876    12885.579     -1120.75    8231.2399    308.79668    15377 
232000000   -3870.3177    3271.1392    12928.108   -1150.7246    8292.1815    309.81586    15398 
233000000   -3962.6147    3123.9407    13089.603   -1220.4909    8307.0463    313.68601    15411 
234000000   -3880.0359    3179.9355    12974.693   -1225.2792    8285.2506    310.93225    15411 
235000000   -3937.0544    2989.5972    12951.619   -1315.0538    8241.7053    310.37929    15415 
236000000   -3873.0776    3056.0863    12753.968   -1300.4472    8229.6111    305.64268    15400 
237000000   -3968.2451    3052.4382    12866.222   -1221.2743    8241.9577    308.33281    15403 
238000000   -4039.6821    2993.8291    12858.969   -1305.1433    8338.6545      308.159    15432 
239000000   -4021.7738    2896.5752    13092.597   -1339.0276    8257.3766    313.75777    15441 
240000000   -3820.5871    3156.3609    12639.456   -1228.2658    8205.2138    302.89845    15399 
241000000   -3991.7759    3095.4448    12799.083   -1237.1861    8324.4069    306.72385    15416 
242000000   -4019.1407    3043.9592    13034.106   -1293.9587    8357.0585    312.35606    15424 
243000000   -4031.5585     2996.352    13078.999   -1206.5765     8234.487     313.4319    15422 
244000000   -3875.6699    3285.5216    13086.001    -1092.212    8253.4035     313.5997    15381 
245000000   -3950.8021    3093.6474    13027.471   -1293.1788    8337.6283    312.19705    15416 
246000000     -3834.09    3214.8045    12851.513   -1246.4927    8295.3872     307.9803    15395 
247000000   -4034.6896    2901.4199    12950.989   -1274.4137    8210.5232     310.3642    15402 
248000000   -3990.7498    3154.2929    12913.948   -1161.5647    8306.6075    309.47653    15398 
249000000   -3956.3063    2962.1892     13007.72   -1282.1611    8200.6567    311.72374    15407 
250000000   -3980.6615    2892.6708     13085.49   -1308.4598    8181.7921    313.58746    15422 
251000000    -3975.712    3031.8534    12983.545    -1246.754    8254.3194    311.14438    15410 
252000000   -3956.6275     3146.772    12874.051   -1168.1924     8271.592    308.52042    15400 
253000000   -3906.0439    3073.1841    12859.598   -1321.5413    8300.7694    308.17405    15414 
254000000   -3990.1632    3089.6181    12781.777   -1279.9733    8359.7546    306.30912    15419 
255000000   -3889.1059    3274.0648    12932.486    -1164.047    8327.2177    309.92077    15410 
256000000   -3870.1861    3217.8063    13011.563   -1127.3211    8215.3135    311.81583    15392 
257000000   -3892.4267    3140.1828    13024.094   -1223.3366    8255.9461    312.11612    15416 
258000000   -4008.4316    2982.0835    12876.995   -1274.8476    8265.3627    308.59097    15408 
259000000   -3948.5588    3077.7318    13085.025    -1309.139    8335.4296     313.5763    15415 
260000000   -3881.8332    3326.7838    13112.707    -1182.084     8390.701    314.23969    15405 
261000000   -3957.1241    3161.4415    12919.595   -1252.2691    8370.8347    309.61187    15403 
262000000    -3917.339    2980.9017    12994.757   -1294.2721    8192.5128    311.41308    15414 
263000000   -3961.7282    2918.0721    12933.814   -1261.1739    8140.9742     309.9526    15406 
264000000    -3875.531    3121.3309    13007.905   -1221.9691     8218.831    311.72816    15401 
265000000   -3920.0446     3035.403    12965.804    -1256.782    8212.2296    310.71924    15409 
266000000    -3967.225    3089.5949     12845.25   -1284.4825    8341.3025    307.83022    15415 
267000000   -4004.3277    2997.5576    13034.714   -1238.5662    8240.4515    312.37063    15418 
268000000   -3987.5265    3059.2386    13024.329   -1276.3319     8323.097    312.12175    15417 
269000000   -3912.6068    3142.1642    12955.131   -1251.1909    8305.9619    310.46346    15397 
270000000   -3987.5765    2995.2157    12980.569   -1285.0036    8267.7958    311.07306    15393 
271000000   -3934.5366    3100.2843    12956.567   -1241.7113    8276.5322    310.49788    15402 
272000000   -3990.5738    2952.8436    12981.605   -1338.1938    8281.6112     311.0979    15430 
273000000   -3945.8847    3096.8168    13104.302    -1283.029    8325.7305    314.03826    15421 
274000000   -3924.3621    3002.1618    12948.147   -1279.9195    8206.4434    310.29609    15423 
275000000   -3951.1245    3142.2473    12920.439   -1215.8647    8309.2365    309.63209    15404 
276000000   -3996.5388     3005.723    13005.536   -1266.2712    8268.5329    311.67139    15431 
277000000   -3937.4205    2837.2122    13057.575   -1391.0559    8165.6885    312.91848    15428 
278000000   -3936.9788    3225.0009    13037.831   -1203.6968    8365.6765    312.44533    15384 
279000000    -3990.934    2776.8256    12840.509   -1382.0115    8149.7711     307.7166    15406 
280000000    -4032.285    3089.3923    12991.616   -1189.4113    8311.0886    311.33782    15422 
281000000   -3975.1656    2945.4252    12820.946    -1297.478    8218.0688    307.24777    15416 
282000000   -3908.3079    3267.6424    12968.991   -1130.6679    8306.6182    310.79561    15376 
283000000   -3838.0663    3133.7848     12834.27   -1281.9327    8253.7838    307.56708    15390 
284000000   -3949.7961    3150.0189    12900.763   -1249.3999    8349.2149    309.16057    15424 
285000000   -3874.4243     3320.774    13119.863   -1164.9228    8360.1211    314.41118    15409 
286000000   -3856.4029    3321.8042    12950.893   -1120.7903    8298.9974     310.3619    15392 
287000000   -3944.3051    3187.5594    13006.221    -1220.026    8351.8905     311.6878    15397 
288000000   -3956.5609    2948.6215    12730.365   -1370.8437     8276.026    305.07705    15409 
289000000   -4001.9895    2913.5399    13017.698   -1299.8271    8215.3565    311.96286    15417 
290000000   -3900.8172    3105.6408    12903.373   -1269.4935    8275.9515     309.2231    15404 
291000000   -3952.1775    3124.8778    12814.155   -1253.4504    8330.5057    307.08503    15401 
292000000   -3934.6589    2982.7446    12880.726   -1328.5382    8245.9417    308.68038    15435 
293000000   -3922.2539    3171.6443    13030.992   -1205.1203    8299.0185    312.28143    15408 
294000000   -3976.6171    3028.2896    13035.775   -1291.2125    8296.1193    312.39605    15412 
295000000   -3963.6741    3253.9888    13093.283   -1111.6203    8329.2832    313.77422    15382 
296000000   -3849.8261    3246.4148    13045.707   -1178.1104    8274.3513    312.63407    15398 
297000000   -3896.8315    3282.7478    13010.077   -1105.0695    8284.6489    311.78021    15398 
298000000   -4043.8784     2935.311    13031.375    -1331.322    8310.5113    312.29062    15416 
299000000    -3989.283     2845.186    12975.427   -1440.5551    8275.0241    310.94986    15433 
300000000   -3922.5307    3179.9653    12796.533   -1113.1327    8215.6287    306.66275    15396 
301000000   -3877.7694    3235.1133    12819.927   -1177.8689    8290.7516    307.22335    15388 
302000000   -3852.1768    3222.8453    12949.331   -1222.9175    8297.9396    310.32448    15389 
303000000   -3939.5059    3207.8798    12937.248   -1213.2008    8360.5866    310.03491    15409 
304000000   -3998.2118    3002.1997    12922.157   -1294.8968    8295.3084    309.67325    15413 
305000000   -3911.0163    3271.0826     12982.86   -1117.8853    8299.9843    311.12798    15384 
306000000   -3910.6606    3158.1992     12950.09   -1184.9839    8253.8436    310.34266    15409 
307000000   -3940.3482    3139.3563    12750.447   -1187.5553    8267.2598    305.55832    15402 
308000000   -3952.7852     3098.012    12936.835   -1069.7565    8120.5537    310.02502    15398 
309000000    -3910.885    3009.0192    12897.134   -1285.4759      8205.38     309.0736    15404 
310000000   -3927.5079    3080.8549    12883.794   -1227.5802     8235.943     308.7539    15411 
311000000   -3993.1458    2987.0021    12865.525   -1273.6007    8253.7485    308.31609    15407 
312000000   -3898.7849     3267.579    12773.016   -1180.9789    8347.3428    306.09917    15407 
313000000   -3989.2767     3048.734    12793.425   -1337.1551    8375.1658    306.58826    15423 
314000000   -3865.1893    3295.4304     13034.15   -1265.7049    8426.3246     312.3571    15416 
315000000    -3941.108    3191.4624    13104.469   -1176.1906    8308.7611    314.04226    15398 
316000000   -4025.8421    3062.9881    13003.758   -1235.9334    8324.7637    311.62878    15425 
317000000   -3944.0008    2940.3559    13061.029    -1307.331    8191.6877    313.00125    15423 
318000000   -4002.7122    2992.5829    12937.442   -1287.1522    8282.4473    310.03956    15416 
319000000   -3942.3933    3137.7213    12986.367   -1205.8941    8286.0087    311.21202    15398 
320000000   -4054.8133     2899.439    12841.861   -1236.2067    8190.4589      307.749    15422 
321000000   -3904.3652    3164.0012    12758.091   -1290.9696     8359.336    305.74148    15406 
322000000   -4001.8475    3102.1482    13019.787   -1256.2518    8360.2475    312.01292    15394 
323000000   -4080.8419    2992.4234     13019.26   -1239.6513    8312.9166    312.00027    15421 
324000000   -3941.1115    2950.6726    12988.165   -1304.1341    8195.9182    311.25511    15408 
325000000   -3954.8998    3151.6174     12927.51    -1150.622    8257.1391    309.80154    15398 
326000000   -4013.4472    2959.4108     12886.09   -1258.3846    8231.2426    308.80892    15399 
327000000   -3920.3581    2999.8592    13001.585    -1300.158    8220.3753    311.57671    15422 
328000000   -3933.4267    2958.1016    12874.836   -1343.1325    8234.6609    308.53923    15409 
329000000   -3898.0169    3094.5863    12959.209   -1248.7539    8241.3571    310.56119    15399 
330000000   -3958.1872    3100.1246    13042.078    -1231.572    8289.8838    312.54711    15415 
331000000   -3904.1461    3303.3214    13036.848   -1121.1823    8328.6497    312.42176    15387 
332000000   -3878.2401    3137.2929    12989.316   -1239.7432    8255.2763    311.28269    15397 
333000000    -4041.564    3028.9421    12941.762   -1235.2501    8305.7562    310.14307    15412 
334000000   -4017.5749     2858.055    12901.757   -1357.8613    8233.4913    309.18438    15430 
335000000   -3900.8922    3265.0711    12773.298   -1098.3398    8264.3031    306.10592    15371 
336000000    -3948.709    3035.4012    12945.727   -1252.6581    8236.7683     310.2381    15396 
337000000   -3981.4898    3017.5402    12931.309   -1264.0231    8263.0531    309.89258    15408 
338000000    -3997.578    3102.9286    13083.171    -1308.941    8409.4477    313.53187    15420 
339000000   -3985.0429    3062.8798    12914.657   -1313.5675    8361.4903    309.49351    15406 
340000000   -3978.6166    3191.6458    12932.741   -1171.2193    8341.4817     309.9269    15399 
341000000   -3973.8785    2922.3243    13085.064   -1369.6575    8265.8603    313.57724    15430 
342000000   -3938.1455    2993.4842    13042.979   -1227.0848    8158.7145     312.5687    15387 
343000000   -3988.2553    3030.2298     13149.41     -1245.32     8263.805    315.11927    15414 
344000000   -3942.4453     3438.437    12797.799   -1017.9893    8398.8716    306.69307    15382 
345000000   -3982.2082    3133.9787    12836.804   -1136.4963    8252.6833     307.6278    15400 
346000000   -3954.1838    3115.2009     12871.67    -1265.902    8335.2868    308.46336    15410 
347000000   -3975.8221    3040.5333    12755.123   -1204.4735    8220.8289    305.67038    15408 
348000000   -3981.9059    3010.7995    13130.287   -1236.0152    8228.7206    314.66098    15398 
349000000    -3898.351    3193.8468    12979.469   -1139.4671    8231.6649    311.04672    15394 
350000000   -3888.6988    3183.6987    13031.748   -1260.9944    8333.3919    312.29954    15417 
351000000    -3930.462    3044.5539    13001.656   -1172.9621    8147.9779     311.5784    15410 
352000000   -3917.8633    3118.9273    12911.504   -1156.1088    8192.8993    309.41797    15395 
353000000   -4002.5382    3049.4784    12951.203    -1178.568    8230.5847    310.36932    15413 
354000000   -3965.2168    2979.5776    12914.186   -1225.7011    8170.4956    309.48222    15415 
355000000   -3973.9983    3041.7777    12918.333   -1239.6188    8255.3948    309.58161    15405 
356000000   -4091.2955    2890.1984    13024.536   -1237.8795    8219.3734    312.12671    15405 
357000000   -4009.1115    2933.6755    12898.368   -1279.6588    8222.4458    309.10317    15417 
358000000   -3978.6101    3082.8559    12847.693   -1171.5813    8233.0473    307.88876    15424 
359000000   -3916.2663    3071.1136    12986.297    -1218.829     8206.209    311.21034    15399 
360000000   -4035.7256    2900.7062    13014.258   -1287.4603    8223.8922    311.88042    15421 
361000000    -4069.299    3091.8748    12980.428   -1119.2362    8280.4099     311.0697    15416 
362000000   -4042.0808    2931.6761    12882.715   -1249.9151     8223.672    308.72806    15417 
363000000   -3884.3392    3057.6807    13147.521   -1281.3327    8223.3526      315.074    15413 
364000000   -3904.7816    3072.4175    12894.082    -1146.706    8123.9051    309.00045    15398 
365000000   -3954.1209    2989.1935     13011.04   -1381.6619    8324.9763     311.8033    15440 
366000000   -3976.3327    3179.9618    12818.919   -1161.7043    8317.9987    307.19922    15392 
367000000   -3978.8371     2984.036    12991.788   -1232.9588    8195.8319    311.34192    15391 
368000000   -3922.4149      3190.94    12966.249   -1160.8782    8274.2331     310.7299    15398 
369000000   -3906.3688    3049.3412    12920.152   -1214.1185    8169.8285     309.6252    15407 
370000000   -3943.7019    3152.2038    12884.539   -1221.6775    8317.5832    308.77177    15407 
371000000    -3968.698    2883.9924    12927.496   -1328.3379    8181.0283    309.80121    15425 
372000000   -4066.5085    2880.6983    12996.192   -1330.3477    8277.5546    311.44748    15440 
373000000   -3961.5385     3092.029    12889.013   -1249.7457    8303.3132    308.87898    15406 
374000000   -4045.1236    2870.1795    12814.674   -1238.1933    8153.4964    307.09747    15425 
375000000   -3979.3415    3029.3425    12891.699   -1251.6351    8260.3191    308.94335    15424 
376000000   -3961.9624    3112.3375    13179.973   -1239.0626    8313.3625     315.8517    15394 
377000000   -3945.5759    3160.3681    13069.642   -1200.3899    8306.3339    313.20766    15394 
378000000   -3952.8704    3244.5502    13148.269   -1217.3988    8414.8195    315.09191    15389 
379000000   -3976.9781    2980.1183    12859.716   -1348.9435    8306.0399    308.17689    15418 
380000000   -4046.7329     3075.254    13001.628   -1189.9426    8311.9296    311.57775    15398 
381000000    -3844.743    3191.1221    13049.371    -1119.635    8155.5001    312.72188    15389 
382000000   -3878.3385    3156.8226    12994.183   -1253.8239     8288.985    311.39933    15419 
383000000   -3865.2815    3153.9374    13036.951   -1278.6436    8297.8625    312.42423    15405 
384000000   -3979.6468    3045.7524    13045.272    -1333.652    8359.0512    312.62365    15442 
385000000   -3896.7882    3020.1072    12927.496   -1267.8524    8184.7479     309.8012    15410 
386000000   -3885.2646    3105.0585    12879.306   -1266.9802    8257.3034    308.64635    15419 
387000000   -3913.1577    3224.4881    13025.879   -1143.6339    8281.2798     312.1589    15400 
388000000   -3902.2102    2995.8717    13032.727   -1236.5124    8134.5943    312.32301    15404 
389000000   -4069.1565    2887.7218    12852.376   -1247.9058    8204.7841    308.00098    15409 
390000000   -3983.2322    3084.2024    13073.273    -1194.073    8261.5077    313.29468    15403 
391000000   -4025.7707    2855.2148    13035.739   -1287.4159    8168.4014     312.3952    15419 
392000000   -3913.0977    3237.4887    12905.044   -1161.4866    8312.0731    309.26316    15399 
393000000   -3973.8637    3059.6813    12885.138   -1208.3936    8241.9387    308.78612    15414 
394000000    -3953.379    3193.5261    12888.445   -1231.6914    8378.5964    308.86536    15395 
395000000   -4013.0698    3119.9895    12787.731   -1096.6488    8229.7081    306.45181    15395 
396000000    -3998.722    3111.8684    12911.839   -1217.5862    8328.1765    309.42599    15405 
397000000   -3953.3786     3029.362    12839.017   -1283.8677    8266.6082    307.68085    15416 
398000000   -3970.3002    3008.9241    12939.761   -1277.1941    8256.4184    310.09514    15399 
399000000   -3997.8831    2907.8528    12873.408   -1349.8227    8255.5586      308.505    15407 
400000000   -3917.9214    2981.7795    12966.762   -1263.9048    8163.6057    310.74218    15411 
401000000    -3953.424    3143.1123    13015.374   -1206.1483    8302.6846    311.90715    15401 
402000000   -3846.1508    3126.4068    12778.584   -1222.5611    8195.1187    306.23259    15390 
403000000   -4053.0536    3033.3673    12947.871   -1179.7043    8266.1253    310.28949    15395 
404000000   -3899.9842    3192.4686    13010.157   -1107.0636    8199.5164    311.78213    15393 
405000000   -3932.6173    3090.4284    13087.943   -1238.1674    8261.2131    313.64623    15398 
406000000   -4058.0524    2973.5487    12992.779   -1187.9763    8219.5774    311.36568    15406 
407000000   -3974.4793      3100.81    13041.131   -1176.5885    8251.8778    312.52442    15406 
408000000    -3983.746    3137.9957    12849.453   -1169.7338    8291.4755    307.93094    15406 
409000000   -3894.8759     3190.103    12898.742   -1228.5951    8313.5741    309.11212    15412 
410000000   -3877.3214    3032.8223    12900.385   -1285.2965    8195.4402    309.15149    15416 
411000000   -3936.1471    3049.8472    12896.438   -1289.3492    8275.3435    309.05692    15412 
412000000   -3915.9055    3219.5886    13011.091   -1122.5327    8258.0268    311.80451    15388 
413000000    -3870.212    3141.3452     12969.87   -1237.4511    8249.0083    310.81667    15403 
414000000   -3927.2635    3087.0792    12996.063   -1222.4904    8236.8331    311.44437    15407 
415000000   -4000.8943    2788.3937    12850.548   -1377.0839    8166.3719    307.95718    15437 
416000000    -3914.673    3159.4056    12910.438   -1232.3413    8306.4199    309.39241    15422 
417000000   -3973.8933    3153.7007     12902.49   -1215.6753    8343.2694    309.20193    15401 
418000000   -3842.6463    3027.4762    12926.509    -1322.969    8193.0914    309.77754    15427 
419000000   -3943.6166     3353.892    12841.303   -1147.5205    8445.0291    307.73563    15377 
420000000   -3902.8729    3066.4562    12897.603   -1325.2436    8294.5728    309.08483    15411 
421000000   -3987.4268    3128.6317    12848.082   -1229.7082    8345.7667    307.89807    15406 
422000000   -3953.4958     3008.884    13035.078   -1261.8611    8224.2409    312.37935    15420 
423000000   -4027.3609    3027.3301    12892.509   -1286.9693    8341.6604    308.96275    15424 
424000000    -3983.866    3031.3455    12927.934   -1229.5501    8244.7616    309.81169    15403 
425000000   -3921.5887    3064.1375    12916.041   -1230.0227     8215.749    309.52669    15398 
426000000   -4114.1636    2968.8132    13078.956    -1244.886    8327.8628    313.43087    15422 
427000000   -4010.3702    3036.5833    12903.329   -1185.2068    8232.1604    309.22204    15411 
428000000   -3834.6944    3129.8027    13004.042   -1175.7072    8140.2043     311.6356    15396 
429000000   -3827.6087    3140.3378    12881.352   -1234.9068    8202.8533    308.69539    15396 
430000000   -3903.7672     3082.346    12962.883   -1169.3846    8155.4979    310.64924    15398 
431000000   -4011.1384    2952.6049    12935.738   -1250.5358    8214.2791    309.99872    15382 
432000000     -3957.29    3083.9322    12954.808   -1170.0909     8211.313    310.45572    15416 
433000000   -3960.5984    3144.3433    13011.161   -1260.4391    8365.3808    311.80619    15402 
434000000   -3843.8619    3183.6451     12818.66   -1286.1644    8313.6714      307.193    15400 
435000000   -4008.3419    3058.8951    12933.947   -1166.6772    8233.9142     309.9558    15400 
436000000    -3927.421    3143.9052    12729.306   -1197.2706    8268.5968    305.05167    15381 
437000000   -3919.7891    3030.8284    12954.961   -1252.5959    8203.2135    310.45939    15402 
438000000   -3994.0634    3202.6218    12898.191   -1182.0914    8378.7766    309.09891    15397 
439000000   -3883.7269    2961.6963    12958.924   -1325.3417    8170.7649    310.55436    15417 
440000000   -3971.4521    2994.0897    12951.726   -1275.2874    8240.8291    310.38187    15427 
441000000   -4059.0068    2995.8796    12932.401   -1260.8012    8315.6876    309.91875    15408 
442000000   -3910.9919    3143.1775    12949.322    -1279.164    8333.3334    310.32426    15407 
443000000   -3914.5267     3067.677    12833.103   -1265.8316    8248.0353    307.53913    15407 
444000000   -3896.0768    3125.7578    13127.208   -1312.6311    8334.4657    314.58721    15402 
445000000   -3995.3688    3044.3152    13031.151   -1203.2518    8242.9358    312.28525    15401 
446000000   -3946.4692    3258.3434    12849.923   -1153.7314     8358.544    307.94221    15416 
447000000   -4055.4546    2937.2953    12923.358   -1281.0611    8273.8111    309.70205    15428 
448000000   -3823.9007     3250.246    12895.668   -1204.7111    8278.8578    309.03845    15400 
449000000   -3837.9935    3191.3209    12762.997   -1297.6163    8326.9308    305.85905    15403 
450000000    -3901.923    3066.3459    12966.118   -1258.9529    8227.2219    310.72676    15426 
451000000   -3929.0144    2991.4875    12884.943   -1310.0191     8230.521    308.78145    15423 
452000000   -3953.6879    3158.7204    13035.496   -1160.5362    8272.9444    312.38938    15394 
453000000   -3962.6993    3136.7084    12972.576    -1278.047    8377.4547    310.88151    15411 
454000000   -3918.7778    3106.7493    12995.418   -1212.6136    8238.1408    311.42892    15405 
455000000   -3920.2026    3165.6061    12829.856   -1234.1599    8319.9686     307.4613    15411 
456000000   -3989.1397    2978.0467    12936.158   -1280.6548    8247.8412    310.00877    15412 
457000000   -4067.7524    2892.1164    12960.492   -1389.6331    8349.5019    310.59193    15439 
458000000   -3904.8991    3034.7425    12892.191   -1223.9431    8163.5847    308.95513    15408 
459000000   -3919.7008    3069.5158    12980.103   -1213.5973    8202.8139     311.0619    15409 
460000000     -3889.98    3100.6176    12853.221    -1195.192    8185.7896    308.02125    15400 
461000000   -3957.2652    3101.7565    12955.486   -1227.1493    8286.1709    310.47197    15408 
462000000   -3989.7972    3180.5954    12902.098   -1147.0253    8317.4179    309.19254    15374 
463000000   -3956.9345    3150.4859    13023.884    -1179.282    8286.7023    312.11108    15394 
464000000   -4029.3237    2953.9692    12826.416   -1302.6865    8285.9794    307.37886    15410 
465000000   -3971.7151    2913.0632    12936.661   -1251.6686    8136.4469    310.02083    15408 
466000000   -4004.4733    2931.3791    13017.453    -1357.936    8293.7883    311.95699    15417 
467000000   -3918.9966    3128.0807     13028.77   -1194.7223    8241.7996    312.22817    15408 
468000000   -3958.2299    3242.2092    12873.471   -1196.8063    8397.2454    308.50651    15393 
469000000   -4030.9983    3082.9952    12819.951   -1216.7235    8330.7169    307.22394    15404 
470000000   -3960.1741    3224.9703    13050.516   -1095.5515    8280.6959    312.74931    15398 
471000000   -3930.0019    3089.3438    12749.487   -1276.4386    8295.7843     305.5353    15409 
472000000   -3945.3076    2937.6626    12967.433   -1349.0406    8232.0108    310.75827    15426 
473000000   -3933.2984      2985.36    13024.518   -1275.9832    8194.6416    312.12629    15407 
474000000   -3985.7292    3130.5056    12737.134   -1152.2849    8268.5196    305.23926    15389 
475000000   -3919.8415    3051.5613    12938.502   -1203.1156    8174.5185    310.06496    15412 
476000000   -3999.0496    3168.3308    12938.717   -1156.5094    8323.8898    310.07011    15422 
477000000   -3875.7266     3313.739     12868.93   -1108.3038    8297.7694     308.3977    15384 
478000000   -3914.1929    3221.9232    13082.262   -1227.6673    8363.7834    313.51009    15400 
479000000   -3955.0179    3036.0793    12960.176   -1297.7335    8288.8307    310.58436    15416 
480000000   -3953.8697    3016.9569    12946.365   -1280.3279    8251.1545    310.25338    15408 
481000000   -3805.8025     3197.981     12917.93    -1201.641    8205.4245    309.57196    15398 
482000000   -3988.4334    3039.4561    12798.763   -1232.2057    8260.0952    306.71617    15424 
483000000   -4023.7616    3132.5622    12839.157    -1255.026    8411.3498    307.68419    15417 
484000000   -3858.6008    3104.0759    13119.902   -1277.1063     8239.783    314.41211    15395 
485000000   -3920.6499    3207.7434    12917.112   -1225.1304    8353.5238    309.55236    15418 
486000000   -3900.5484    3122.1847    12973.603   -1299.8409     8322.574    310.90613    15409 
487000000   -4016.5085     2935.599    12837.812   -1299.4456    8251.5532    307.65196    15420 
488000000   -3976.2378    2995.1275    12872.499   -1286.0251    8257.3903    308.48321    15427 
489000000   -3984.1495    3172.0389    12873.694   -1147.3773    8303.5657    308.51186    15391 
490000000   -3879.6475    3181.1548    12932.856   -1216.5224    8277.3247    309.92965    15404 
491000000    -3915.781    3025.7129    13031.499   -1281.0709    8222.5648    312.29358    15393 
492000000   -3916.6017    3121.8717    12821.835    -1284.095    8322.5684     307.2691    15405 
493000000   -3902.0693    3044.5854    12975.949   -1299.7084    8246.3632    310.96235    15431 
494000000   -3912.9155    3074.5175    13006.486   -1231.3159    8218.7489    311.69417    15381 
495000000   -3932.6943    3120.9464    12864.482   -1317.2679    8370.9087     308.2911    15413 
496000000   -3851.7316    3129.5941     12884.38   -1262.9476    8244.2733    308.76795    15391 
497000000   -3914.9795    3105.1838    12830.328   -1183.5618     8203.725    307.47263    15389 
498000000   -3926.3844    3018.9953    12994.488    -1270.143    8215.5227    311.40663    15423 
499000000   -3865.4263    3105.8965    12916.426     -1272.43    8243.7528    309.53591    15421 
500000000   -4032.7703    2843.9486    12957.448   -1314.0522    8190.7712    310.51898    15406 
Loop time of 186983 on 28 procs for 500000000 steps with 14000 atoms

Performance: 5775.926 ns/day, 0.004 hours/ns, 2674.040 timesteps/s
99.4% CPU use with 28 MPI tasks x no OpenMP threads

MPI task timing breakdown:
Section |  min time  |  avg time  |  max time  |%varavg| %total
---------------------------------------------------------------
Pair    | 23871      | 29110      | 33034      |1200.6 | 15.57
Bond    | 6099.4     | 6622.5     | 11004      |1562.7 |  3.54
Neigh   | 66303      | 67109      | 68089      | 166.5 | 35.89
Comm    | 40257      | 51048      | 58571      |1480.5 | 27.30
Output  | 0.62209    | 0.72424    | 0.72892    |   2.3 |  0.00
Modify  | 24798      | 24918      | 25238      |  56.8 | 13.33
Other   |            | 8175       |            |       |  4.37

Nlocal:    500 ave 540 max 418 min
Histogram: 1 0 0 1 4 3 5 6 6 2
Nghost:    807.036 ave 1155 max 466 min
Histogram: 1 1 6 4 4 3 2 3 1 3
Neighs:    7266.86 ave 8597 max 5281 min
Histogram: 2 0 2 4 2 2 5 1 6 4

Total # of neighbors = 203472
Ave neighs/atom = 14.5337
Ave special neighs/atom = 8.78971
Neighbor list builds = 99876734
Dangerous builds = 0
write_restart final_state_${fName}.restart
write_restart final_state_Run5.restart
Total wall time: 51:56:26
