
units           real
boundary p p p
atom_style      full

neighbor 1.9 bin
neigh_modify every 1 delay 1 check yes

read_data final_state_b70_N200_L300.DATA
  orthogonal box = (-1020 -1020 -1020) to (1020 1020 1020)
  2 by 2 by 7 MPI processor grid
  reading atoms ...
  14000 atoms
  reading velocities ...
  14000 velocities
  scanning bonds ...
  2 = max bonds/atom
  scanning angles ...
  1 = max angles/atom
  reading bonds ...
  15706 bonds
  reading angles ...
  13600 angles
  3 = max # of 1-2 neighbors
  6 = max # of 1-3 neighbors
  17 = max # of 1-4 neighbors
  20 = max # of special neighbors
  special bonds CPU = 0.670748 secs
  read_data CPU = 0.885867 secs

angle_style  cosine
angle_coeff   *  4  # K (energy unit)

bond_style 		hybrid harmonic harmonic/shift/cut
bond_coeff   1   harmonic 3   10
bond_coeff   2   harmonic 3   10
bond_coeff	 3 	harmonic/shift/cut 3.6	 11.22	 12.72

pair_style lj/cut 25
# atom-typ1, atom-typ2, energy-well, sigma (bead-diameter), cut-off (distance)
pair_coeff  * * 0.18 10 25

special_bonds lj  1 1 1 angle no
  3 = max # of 1-2 neighbors
  6 = max # of 1-3 neighbors
  17 = max # of 1-4 neighbors
  20 = max # of special neighbors
  special bonds CPU = 0.00212364 secs

minimize 1.0e-4 1.0e-6 100000 100000 # force_tol, energy_tol, maxiter, maxeval
WARNING: Using 'neigh_modify every 1 delay 0 check yes' setting during minimization (../min.cpp:168)
Neighbor list info ...
  update every 1 steps, delay 0 steps, check yes
  max neighbors/atom: 2000, page size: 100000
  master list distance cutoff = 26.9
  ghost atom cutoff = 26.9
  binsize = 13.45, bins = 152 152 152
  1 neighbor lists, perpetual/occasional/extra = 1 0 0
  (1) pair lj/cut, perpetual
      attributes: half, newton on
      pair build: half/bin/newton
      stencil: half/bin/3d/newton
      bin: standard
Per MPI rank memory allocation (min/avg/max) = 1.5 | 3.032 | 10.14 Mbytes
Step Temp E_pair E_mol TotEng Press 
       0    30.962652   -6803.3792    14964.018     9452.659  -0.14561143 
     455    30.962652     -7815.09    628.71817   -5894.3512 0.0065610083 
Loop time of 0.772558 on 28 procs for 455 steps with 14000 atoms

99.3% CPU use with 28 MPI tasks x no OpenMP threads

Minimization stats:
  Stopping criterion = energy tolerance
  Energy initial, next-to-last, final = 
         8160.63830606     -7185.70585952     -7186.37185916
  Force two-norm initial, final = 348.7 6.31883
  Force max component initial, final = 9.18101 1.75466
  Final line search alpha, max atom move = 0.0712619 0.12504
  Iterations, force evaluations = 455 458

MPI task timing breakdown:
Section |  min time  |  avg time  |  max time  |%varavg| %total
---------------------------------------------------------------
Pair    | 1.8521e-05 | 0.061443   | 0.48697    |  60.1 |  7.95
Bond    | 3.7203e-05 | 0.0064637  | 0.048048   |  18.7 |  0.84
Neigh   | 0.14893    | 0.15112    | 0.15278    |   0.4 | 19.56
Comm    | 0.0019628  | 0.17401    | 0.55846    |  58.5 | 22.52
Output  | 0          | 0          | 0          |   0.0 |  0.00
Modify  | 0          | 0          | 0          |   0.0 |  0.00
Other   |            | 0.3795     |            |       | 49.13

Nlocal:    500 ave 3718 max 0 min
Histogram: 24 0 0 0 0 0 0 1 0 3
Nghost:    358.464 ave 1864 max 0 min
Histogram: 16 4 4 0 0 0 0 0 0 4
Neighs:    10539.4 ave 81763 max 0 min
Histogram: 24 0 0 0 0 0 1 0 1 2

Total # of neighbors = 295103
Ave neighs/atom = 21.0788
Ave special neighs/atom = 8.75714
Neighbor list builds = 28
Dangerous builds = 0

# further equilibriate the system before bond formation takes place
fix fxlan all langevin $T $T 500 ${seed}
fix fxlan all langevin 310 $T 500 ${seed}
fix fxlan all langevin 310 310 500 ${seed}
fix fxlan all langevin 310 310 500 14327
fix fxnve all nve
timestep 0.1
run 10000
Per MPI rank memory allocation (min/avg/max) = 1.462 | 2.8 | 9.013 Mbytes
Step Temp E_pair E_mol TotEng Press 
     455    30.962652     -7815.09    628.71817   -5894.3512 0.0065610083 
   10455    271.98445   -6629.0494    6436.8806    11157.296 -0.088574697 
Loop time of 11.4116 on 28 procs for 10000 steps with 14000 atoms

Performance: 7.571 ns/day, 3.170 hours/ns, 876.305 timesteps/s
99.3% CPU use with 28 MPI tasks x no OpenMP threads

MPI task timing breakdown:
Section |  min time  |  avg time  |  max time  |%varavg| %total
---------------------------------------------------------------
Pair    | 0.00035292 | 0.83882    | 6.6054     | 222.9 |  7.35
Bond    | 0.00065931 | 0.11465    | 0.84954    |  78.6 |  1.00
Neigh   | 0.0267     | 0.027934   | 0.028954   |   0.6 |  0.24
Comm    | 0.0032983  | 2.8752     | 8.9664     | 225.9 | 25.20
Output  | 0.0001042  | 0.00096472 | 0.0015139  |   0.0 |  0.01
Modify  | 0.0010882  | 0.25248    | 1.8805     | 116.9 |  2.21
Other   |            | 7.301      |            |       | 63.98

Nlocal:    500 ave 3716 max 0 min
Histogram: 24 0 0 0 0 0 0 1 0 3
Nghost:    358.25 ave 1868 max 0 min
Histogram: 16 4 4 0 0 0 0 0 0 4
Neighs:    10550.1 ave 81676 max 0 min
Histogram: 24 0 0 0 0 0 1 0 1 2

Total # of neighbors = 295402
Ave neighs/atom = 21.1001
Ave special neighs/atom = 8.75714
Neighbor list builds = 5
Dangerous builds = 0

unfix fxlan
unfix fxnve
reset_timestep 0

variable t equal step
variable steps equal 500000000
variable dt_thermo equal 1000000
variable dt_movie equal 10000000
variable dt_restart equal 50000000

group rxnSites type 1 3
4000 atoms in group rxnSites

# fix ID group-ID(atom-types) bond/create Nevery itype jtype Rmin bondtype (prob values = fraction seed) (iparam maxbond newType)
fix bondc rxnSites bond/create/random 20 1 3 12.72 3 prob 1 ${seed} iparam 1 1 jparam 1 3
fix bondc rxnSites bond/create/random 20 1 3 12.72 3 prob 1 14327 iparam 1 1 jparam 1 3

# fix ID group-ID bond/break Nevery bondtype Rmax keyword values ...
fix bondbr rxnSites bond/break 20 3 12.72 prob 1 ${seed}
fix bondbr rxnSites bond/break 20 3 12.72 prob 1 14327

variable frmbnd equal f_bondc[2]
variable brkbnd equal f_bondbr[2]
fix saveBond all print ${dt_thermo} "$t ${frmbnd} ${brkbnd}" file BondData_${fName}.dat screen no
fix saveBond all print 1000000 "$t ${frmbnd} ${brkbnd}" file BondData_${fName}.dat screen no
fix saveBond all print 1000000 "$t ${frmbnd} ${brkbnd}" file BondData_b70_N200_L300.dat screen no

thermo_style    custom step epair pe ke ebond eangle temp bonds
thermo          ${dt_thermo}
thermo          1000000
fix saveThermo all print ${dt_thermo} "$t $(temp) $(ke) $(pe) $(epair) $(ebond) $(eangle) $(bonds)" file Thermo_${fName}.dat title "# Steps Temp KinEng PotEng Epair Ebond Eangle Bonds" screen no
fix saveThermo all print 1000000 "$t $(temp) $(ke) $(pe) $(epair) $(ebond) $(eangle) $(bonds)" file Thermo_${fName}.dat title "# Steps Temp KinEng PotEng Epair Ebond Eangle Bonds" screen no
fix saveThermo all print 1000000 "$t $(temp) $(ke) $(pe) $(epair) $(ebond) $(eangle) $(bonds)" file Thermo_b70_N200_L300.dat title "# Steps Temp KinEng PotEng Epair Ebond Eangle Bonds" screen no

############################ Langevin Dynamics ###############################
fix fxlan all langevin $T $T 500 ${seed}
fix fxlan all langevin 310 $T 500 ${seed}
fix fxlan all langevin 310 310 500 ${seed}
fix fxlan all langevin 310 310 500 14327
fix fxnve all nve

comm_style tiled
fix fxbal all balance 1000 1.1 rcb

timestep 25

dump coor all custom ${dt_movie} traj_${fName}.dump id type mol mass x y z xu yu zu
dump coor all custom 10000000 traj_${fName}.dump id type mol mass x y z xu yu zu
dump coor all custom 10000000 traj_b70_N200_L300.dump id type mol mass x y z xu yu zu

restart ${dt_restart} ${fName}_tp_*.restart
restart 50000000 ${fName}_tp_*.restart
restart 50000000 b70_N200_L300_tp_*.restart
run ${steps}
run 500000000
Neighbor list info ...
  update every 1 steps, delay 1 steps, check yes
  max neighbors/atom: 2000, page size: 100000
  master list distance cutoff = 26.9
  ghost atom cutoff = 26.9
  binsize = 13.45, bins = 152 152 152
  2 neighbor lists, perpetual/occasional/extra = 1 1 0
  (1) pair lj/cut, perpetual
      attributes: half, newton on
      pair build: half/bin/newton
      stencil: half/bin/3d/newton
      bin: standard
  (2) fix bond/create/random, occasional, copy from (1)
      attributes: half, newton on
      pair build: copy
      stencil: none
      bin: none
Per MPI rank memory allocation (min/avg/max) = 9.466 | 10.34 | 11.4 Mbytes
Step E_pair PotEng KinEng E_bond E_angle Temp Bonds 
       0   -6629.0494   -192.16882    11349.465   -2477.0015    8913.8821    271.98445    15706 
 1000000   -3150.4831    4008.4307    13047.555   -1736.9524    8895.8662    312.67836    15548 
 2000000   -2950.7506     4016.618    12947.848   -1781.8702    8749.2388    310.28892    15586 
 3000000   -2686.9465    4233.7903    12995.875   -1790.8022    8711.5389    311.43987    15585 
 4000000    -2591.479    4238.1702    12916.798   -1792.3792    8622.0285    309.54483    15593 
 5000000   -2567.3444    4122.5092    12830.154   -1939.1098    8628.9634    307.46846    15605 
 6000000   -2477.0648    4200.6183    12926.801   -1917.9596    8595.6427    309.78454    15617 
 7000000   -2383.8205    4173.0349    12873.004    -1998.909    8555.7644    308.49533    15622 
 8000000   -2440.1535    4234.2515    13037.415   -1893.0798    8567.4848    312.43536    15609 
 9000000   -2386.3225    3908.0601    12887.426    -2059.377    8353.7596    308.84093    15633 
10000000   -2439.0224    4019.8301    12979.574   -2031.4103    8490.2628    311.04922    15659 
11000000   -2356.5678    4140.6657    12880.502   -2012.4456    8509.6791    308.67502    15638 
12000000   -2389.5451    3936.6735     12784.75   -2014.9079    8341.1265    306.38037    15648 
13000000   -2334.5627    4111.6109    12794.244    -1951.904    8398.0776    306.60788    15635 
14000000   -2384.7626    4119.5289    12862.167   -1974.6512    8478.9427    308.23563    15637 
15000000   -2423.3959    3977.6065    13004.561   -1996.4845    8397.4869    311.64802    15650 
16000000   -2383.6028     3923.382    12804.061   -2074.7609    8381.7457    306.84314    15632 
17000000    -2380.806    3966.8123    12987.157    -2046.286    8393.9043    311.23095    15633 
18000000    -2397.961    3969.7407    13001.514   -2054.7395    8422.4412    311.57502    15657 
19000000   -2367.1354    4137.3484    12977.126   -1938.2518    8442.7357    310.99057    15647 
20000000   -2396.9835    3968.0016    13063.691   -1998.2656    8363.2507    313.06505    15652 
21000000   -2415.7583     3974.037    12812.402   -2066.9786    8456.7739    307.04303    15660 
22000000   -2400.4295    3869.3004    12962.552     -2088.43      8358.16     310.6413    15661 
23000000   -2375.2523    3947.0942    12869.446   -2034.2556    8356.6021    308.41005    15663 
24000000   -2406.9596    3993.4077    12863.969    -2016.102    8416.4693    308.27881    15658 
25000000   -2447.0132    3945.9392     13016.44   -1996.9547    8389.9071    311.93269    15658 
26000000   -2313.1781    4028.4672    12917.294   -2065.9303    8407.5757    309.55671    15629 
27000000   -2361.9342    3961.6106    13006.162   -2059.2788    8382.8235    311.68639    15655 
28000000   -2326.6905    3853.7993    12800.449   -2105.2232     8285.713    306.75658    15645 
29000000    -2319.505    3945.1012    12910.823   -2118.4056    8383.0118    309.40163    15649 
30000000   -2329.0362    4060.8181    12830.943   -1989.6578    8379.5122    307.48734    15649 
31000000   -2353.1035    4005.5327    13014.411   -2073.4561    8432.0923    311.88408    15647 
32000000   -2265.0142    4001.4445    12815.784   -2037.3832    8303.8419    307.12407    15659 
33000000   -2291.2701    3928.0413    12916.138   -2016.3372    8235.6487    309.52901    15665 
34000000   -2307.5348    3961.5094    12855.908   -2065.4395    8334.4837    308.08562    15652 
35000000   -2280.3168    4119.8968    12811.553   -2011.7625    8411.9761    307.02269    15659 
36000000   -2289.8393    3988.2871    12958.655   -2078.7914    8356.9178    310.54791    15662 
37000000   -2299.3479    3883.3077    12913.853   -2140.7738    8323.4295    309.47424    15670 
38000000   -2342.8858    3774.9596     12975.81   -2145.5476     8263.393    310.95903    15663 
39000000   -2295.1849     3792.024     12876.22    -2052.969     8140.178    308.57239    15652 
40000000   -2340.0661    3939.3582    12885.584   -2144.4142    8423.8385    308.79681    15661 
41000000   -2334.8209    3799.8781    13089.528   -2091.9385    8226.6375    313.68422    15678 
42000000   -2343.0574    3862.4894    12999.767   -2099.2728    8304.8196    311.53314    15661 
43000000   -2312.8978    3999.4146    13077.076   -2089.6583    8401.9707    313.38582    15663 
44000000   -2409.7222    3760.4762    12987.639   -2084.0757     8254.274    311.24249    15673 
45000000   -2340.8877    3927.2575    12934.161   -2033.9015    8302.0467    309.96092    15662 
46000000   -2374.7508    3830.6005    12897.872   -2113.3017     8318.653    309.09126    15655 
47000000   -2294.2774     3876.226    12878.335   -2068.6774    8239.1808    308.62309    15652 
48000000   -2355.9248     4000.565    12781.024   -1975.5436    8332.0334    306.29106    15659 
49000000   -2364.6456    3890.5023    12963.601   -1991.7684    8246.9162    310.66644    15657 
50000000   -2383.0581    3792.5218    12996.088   -2065.0891     8240.669    311.44496    15663 
51000000   -2365.8081    3922.5449    12887.018   -2052.2971    8340.6502    308.83117    15647 
52000000    -2345.635    3723.0878    13059.503   -2114.3744    8183.0972     312.9647    15662 
53000000   -2370.1171    3960.8196    12867.196   -2027.3411    8358.2778    308.35615    15670 
54000000   -2339.6914    3843.2065    13060.159    -2111.431    8294.3289    312.98041    15657 
55000000   -2340.0246    3967.8277    12920.015   -2013.2548    8321.1071    309.62192    15658 
56000000    -2291.863    3822.3219    12969.049   -2033.0903    8147.2752    310.79699    15644 
57000000   -2388.7761    3833.3335    12902.881   -2044.1484    8266.2579    309.21132    15658 
58000000   -2322.2383    3741.1252    12919.419   -2113.8777    8177.2412    309.60763    15677 
59000000   -2350.3724    3973.2103     12942.27   -2086.6723    8410.2551    310.15525    15653 
60000000   -2370.0999    3973.5747    13037.455   -2009.5576    8353.2322    312.43632    15649 
61000000   -2396.0365     3750.975    12713.292   -2019.2942    8166.3057    304.66789    15669 
62000000    -2267.443     3774.414    12925.517   -2068.3402    8110.1971    309.75379    15657 
63000000    -2342.641    3865.2859    12904.293   -2031.8631    8239.7901    309.24516    15652 
64000000   -2353.9482    3948.5658    12905.206   -2043.8788    8346.3928    309.26702    15651 
65000000   -2391.2486     3886.144    12937.939   -2061.6648    8339.0574    310.05146    15654 
66000000   -2392.3351    4001.2906    12965.762   -1953.9168    8347.5425    310.71822    15666 
67000000   -2376.1438    3794.6233    12964.979   -2119.6159     8290.383    310.69947    15661 
68000000   -2424.0238    3772.8767    12964.247   -2089.5572    8286.4577    310.68192    15669 
69000000   -2379.2509    3836.6699    12889.529   -2110.5797    8326.5005    308.89133    15662 
70000000   -2401.7531    3726.0127    12942.987   -2188.7102    8316.4761    310.17244    15657 
71000000   -2384.3447    3933.9636    13055.908   -2013.1969    8331.5051    312.87854    15659 
72000000   -2430.7394    3732.7778    12734.408    -2033.595    8197.1123    305.17395    15668 
73000000   -2367.4061    3823.7195    12867.086   -2099.3551    8290.4807    308.35351    15670 
74000000   -2423.9077    3696.4531    12949.922    -2107.364    8227.7248    310.33862    15669 
75000000   -2359.9845    3773.1728    13008.004   -2110.8697     8244.027    311.73053    15659 
76000000   -2337.1326    3975.9243    13040.119   -2104.6562    8417.7131    312.50017    15650 
77000000   -2310.9682      3825.56    12845.653   -2105.0306    8241.5588    307.83988    15653 
78000000   -2347.3739    3771.6599    12923.353   -2074.5659    8193.5997    309.70192    15656 
79000000   -2398.6637    3864.8408    12835.535   -2108.1909    8371.6954     307.5974    15667 
80000000    -2402.727    3835.5233    12868.062   -2002.1187     8240.369    308.37689    15650 
81000000   -2387.2812     3600.404    13027.683   -2167.7805    8155.4657    312.20213    15667 
82000000   -2355.9189    3858.0721    12745.906    -2090.408     8304.399    305.44949    15652 
83000000   -2399.4005    3651.1832    13119.076   -2101.4172     8152.001    314.39232    15639 
84000000    -2414.413    3902.1423     13015.54   -1988.1609    8304.7162    311.91113    15636 
85000000   -2409.6208    4048.4561    12925.761   -1875.2732    8333.3501    309.75962    15633 
86000000     -2384.92    3831.9746    12908.605   -2041.3963    8258.2909    309.34849    15644 
87000000   -2417.8621    3651.5029      12925.6   -2110.2273    8179.5924    309.75577    15669 
88000000   -2408.6552    3853.1658     13008.71   -1948.9684    8210.7894    311.74746    15651 
89000000   -2438.7967    3776.4442    12925.871   -1994.0481     8209.289    309.76226    15658 
90000000   -2355.5266    3930.4211    12961.652   -1902.7596    8188.7074    310.61973    15623 
91000000   -2451.8097    3660.6475    12918.771   -2076.2642    8188.7214    309.59211    15660 
92000000   -2422.6558    3833.6231    13030.382   -1979.6982    8235.9771    312.26682    15655 
93000000   -2424.7639    3932.0696    12882.727   -1980.6698    8337.5034    308.72833    15642 
94000000   -2498.6949     3593.852    12967.462   -2126.1653    8218.7121    310.75896    15652 
95000000   -2452.4231    3655.3111     12988.95   -2078.1234    8185.8576    311.27392    15654 
96000000   -2497.9859    3820.3567    13010.552   -1971.2377    8289.5803    311.79159    15659 
97000000     -2449.98    3723.5335    12810.176   -2086.3522    8259.8657    306.98967    15653 
98000000   -2527.7934    3730.4577    12912.571   -2016.7588    8275.0098    309.44354    15659 
99000000    -2586.017    3666.0696    12916.235   -2004.1809    8256.2676    309.53134    15648 
100000000   -2525.5606    3738.4815    13042.477   -1980.7861    8244.8282    312.55666    15643 
101000000   -2564.0165    3678.2506    12869.918   -2053.6113    8295.8783    308.42138    15662 
102000000   -2485.2399      3786.55    12967.577    -2033.379    8305.1689    310.76172    15660 
103000000    -2469.163    3796.0106    12997.633   -1982.1098    8247.2835      311.482    15656 
104000000   -2479.4039    3844.1995    12716.424   -2028.0547     8351.658    304.74297    15649 
105000000   -2425.9944     3756.122    12804.237   -2070.1256     8252.242    306.84737    15672 
106000000   -2535.1491    3689.6341    13000.777   -2056.0822    8280.8653    311.55734    15651 
107000000   -2531.2557    3643.2524    12840.165   -2051.1735    8225.6816    307.70836    15668 
108000000   -2558.7695    3683.8404    12910.874   -2058.9062     8301.516    309.40287    15657 
109000000   -2490.6975    3897.8024    13007.599   -2039.6842     8428.184    311.72084    15644 
110000000   -2524.1273    3668.6356    12850.878   -2066.0564    8258.8192     307.9651    15644 
111000000   -2443.7529    3795.8523    12982.942   -2033.0155    8272.6208    311.12995    15649 
112000000   -2459.8178    3768.0227    12917.924   -2065.7468    8293.5873     309.5718    15659 
113000000   -2491.6274    3606.1999    13057.191   -2093.8235    8191.6508    312.90928    15667 
114000000   -2561.4286     3478.621    12871.136   -2113.3668    8153.4164    308.45057    15675 
115000000   -2564.9949    3511.5484    12922.529   -2154.4637     8231.007    309.68218    15666 
116000000   -2545.3632    3597.9374    12947.448   -2084.3528    8227.6534    310.27935    15659 
117000000    -2575.824     3557.343    12942.047     -2115.35    8248.5169    310.14991    15673 
118000000   -2554.4395    3687.0127    12913.673   -2006.4093    8247.8615    309.46993    15657 
119000000   -2462.9376    3801.7536    12884.521   -1918.9188      8183.61    308.77133    15653 
120000000   -2514.8821     3773.096    12937.503   -1952.1354    8240.1135    310.04102    15647 
121000000   -2534.7627     3548.359     13037.68   -2060.9665    8144.0882    312.44171    15647 
122000000   -2511.6956    3758.6185    12947.378    -1999.898    8270.2121    310.27766    15640 
123000000   -2501.7529    3696.0246    12936.086   -2042.4525      8240.23    310.00705    15653 
124000000   -2449.4024    3790.0267    12844.911    -2101.989    8341.4181    307.82209    15654 
125000000   -2504.4378    3716.3666    13072.187   -2063.5328    8284.3372    313.26865    15655 
126000000   -2496.8362    3680.8013    12944.749   -2158.7141    8336.3516    310.21466    15681 
127000000    -2487.538    3432.5929    12867.751   -2154.8583    8074.9893    308.36944    15654 
128000000   -2458.4601    3768.4346    12904.085    -2071.804    8298.6987    309.24016    15667 
129000000   -2562.2005    3626.1333    12963.794   -2177.9892     8366.323    310.67107    15663 
130000000   -2571.4845    3553.0385    12920.251   -2115.6607    8240.1837    309.62757    15665 
131000000   -2568.7294    3507.3696    13034.839   -2141.1995    8217.2986    312.37363    15664 
132000000   -2503.3347    3610.7879    12988.412   -2033.9857    8148.1082    311.26101    15670 
133000000   -2579.6497    3389.2467    12931.541    -2059.915    8028.8114    309.89813    15663 
134000000   -2582.6397    3601.1414    12969.395   -1950.6802    8134.4613     310.8053    15641 
135000000   -2650.0626    3488.0255    12909.241   -2071.8522    8209.9403    309.36373    15651 
136000000   -2578.2232    3646.9692    13031.817   -2067.7013    8292.8936     312.3012    15652 
137000000   -2561.1161    3656.5051    13059.693   -2123.2744    8340.8957    312.96924    15664 
138000000   -2497.2681     3711.571    12954.824    -1956.058    8164.8971    310.45611    15648 
139000000   -2532.0813    3660.1126    12928.163   -2026.7408    8218.9346    309.81719    15656 
140000000    -2633.047    3522.3722    12927.547   -2053.3966    8208.8158    309.80242    15647 
141000000    -2776.263    3444.6382    12898.451   -2001.2533    8222.1545    309.10516    15645 
142000000   -2610.4293     3594.592    12891.596   -2080.5558    8285.5772    308.94086    15647 
143000000   -2572.2973    3691.0493    12934.937   -2048.1038    8311.4504    309.97953    15639 
144000000   -2584.4108    3639.8389    12909.935   -2083.9973    8308.2469    309.38035    15648 
145000000   -2615.8655    3445.4473    12939.086   -2026.7071    8088.0199    310.07894    15654 
146000000   -2545.7304    3717.4491    12890.377   -2000.6035     8263.783    308.91167    15648 
147000000   -2651.7772    3574.5004    13107.551   -1991.5615    8217.8392    314.11612    15648 
148000000   -2682.4152    3542.7585    12914.202   -2027.0824    8252.2561    309.48262    15646 
149000000   -2655.6159    3670.0619    12804.601   -2032.0375    8357.7153    306.85607    15655 
150000000   -2615.1651    3589.5491    12789.707   -2094.0908     8298.805    306.49915    15648 
151000000   -2735.3681    3543.6236    12952.829   -2033.0877    8312.0794    310.40829    15648 
152000000   -2661.0963    3548.1757    12942.119   -2025.9706    8235.2427    310.15162    15658 
153000000   -2629.9659    3645.7701    12830.684   -2016.9646    8292.7005    307.48115    15646 
154000000    -2668.097    3530.7209    12904.841   -2038.6447    8237.4625    309.25829    15663 
155000000   -2654.5544     3585.222    12994.172   -2147.0788    8386.8551    311.39905    15660 
156000000   -2676.6184    3489.1294    12873.407   -2028.1522    8193.8999    308.50499    15651 
157000000   -2654.6007    3719.8985    13019.123   -1951.8806    8326.3798      311.997    15644 
158000000   -2584.2339    3674.0078    13066.412   -2006.9087    8265.1504    313.13026    15648 
159000000   -2610.0123    3791.6588    12944.691   -1873.3675    8275.0386    310.21328    15645 
160000000   -2725.7996    3544.8764     12976.54   -2032.0966    8302.7725    310.97651    15643 
161000000   -2654.2284    3379.6378    12995.868     -2158.92    8192.7863     311.4397    15659 
162000000   -2660.0632    3616.8047    13101.831   -2080.7974    8357.6653    313.97906    15642 
163000000   -2571.6264    3846.1623    12898.571   -2013.8078    8431.5965    309.10802    15647 
164000000   -2561.7273    3674.7944    12868.693    -2062.338    8298.8598    308.39201    15650 
165000000    -2675.269    3544.3959    12917.941    -2138.082    8357.7469    309.57222    15648 
166000000    -2611.264    3658.8468    12800.896    -2087.584    8357.6948     306.7673    15661 
167000000   -2615.8569    3700.2429    12851.562   -1917.7403    8233.8401    307.98147    15629 
168000000   -2666.7968    3646.6245    13001.055   -1884.2449    8197.6662    311.56401    15641 
169000000   -2580.9932    3702.7926    12844.358   -2044.8552     8328.641    307.80883    15656 
170000000   -2503.0991    3702.3551    13038.036   -2051.6619    8257.1161    312.45025    15641 
171000000   -2533.1181    3559.9994    12895.684   -2051.1638    8144.2813    309.03885    15648 
172000000   -2583.6299    3451.4781     12879.96   -2135.2465    8170.3545    308.66203    15659 
173000000   -2606.7018    3715.0457    12894.191   -1904.6158    8226.3633    309.00307    15622 
174000000   -2634.4079    3607.1644    12976.634   -2125.2924    8366.8646    310.97878    15665 
175000000   -2570.0154    3633.4383    12961.681   -2100.7416    8304.1953    310.62043    15644 
176000000   -2678.4538    3589.1331    12860.368   -1959.2651     8226.852    308.19251    15618 
177000000   -2683.1712     3640.273    12741.589   -1969.2127    8292.6569    305.34603    15624 
178000000   -2532.8027    3602.7603    13058.008   -2052.0934    8187.6564    312.92885    15653 
179000000    -2621.304    3626.7341    12955.482   -2014.1908    8262.2289    310.47188    15645 
180000000   -2544.0714    3665.8085    13064.593    -2015.242    8225.1219    313.08668    15650 
181000000   -2534.0502    3525.1889    12993.095   -2107.5358    8166.7749    311.37325    15656 
182000000   -2508.5612    3646.3983    12855.535   -2054.2979    8209.2574    308.07668    15661 
183000000   -2624.5725    3597.0639    13103.021   -2008.6246    8230.2609    314.00758    15664 
184000000   -2628.5048    3444.8644    12948.534   -2124.3705    8197.7398    310.30538    15655 
185000000   -2593.9611     3603.899    13094.064   -1990.5272    8188.3872    313.79293    15653 
186000000   -2632.2872    3463.0119    12847.658   -2053.1709      8148.47    307.88792    15652 
187000000   -2588.3376    3633.4054    12906.711   -1999.6087    8221.3517    309.30309    15650 
188000000   -2549.9042    3613.6147    12912.599   -2065.1998    8228.7187     309.4442    15652 
189000000   -2562.4052    3712.4302    12914.193   -2033.4403    8308.2757    309.48241    15655 
190000000   -2558.4412     3801.709    13042.852   -1924.6937    8284.8439    312.56564    15643 
191000000    -2577.869     3464.047    12855.431   -2134.7983    8176.7143    308.07421    15675 
192000000   -2672.3603    3490.0232    13000.099   -2014.7188    8177.1023     311.5411    15650 
193000000   -2640.6304    3483.7882    12988.224   -2104.8489    8229.2676    311.25653    15646 
194000000   -2592.9247    3500.9043    12911.749   -2171.7147    8265.5436    309.42382    15671 
195000000   -2508.3653    3691.1179    12920.097   -2098.2965    8297.7796    309.62389    15668 
196000000   -2601.7606    3778.6723    13098.554   -2042.3719    8422.8049    313.90053    15652 
197000000   -2625.4606    3868.0337    12901.789   -1927.5702    8421.0646    309.18514    15653 
198000000   -2600.4279    3818.5133     12887.17   -1917.9208     8336.862    308.83481    15638 
199000000   -2679.2475    3503.6446    12866.054    -2107.614    8290.5061    308.32877    15655 
200000000   -2616.0597    3702.3429     12915.91   -1998.0302    8316.4328    309.52354    15658 
201000000   -2606.0507    3691.3894    12974.049   -1917.7878    8215.2278    310.91683    15616 
202000000   -2583.5226     3636.879     12794.67   -2061.9586    8282.3603     306.6181    15649 
203000000   -2500.2608    3676.0687    12873.911   -2010.1481    8186.4776    308.51706    15642 
204000000    -2618.483    3604.1021    12789.554   -2041.4852    8264.0703     306.4955    15644 
205000000   -2631.1913    3808.3961    12811.944   -1980.4044    8419.9919    307.03205    15626 
206000000   -2618.1591    3751.7925    12786.892   -1973.1695    8343.1212    306.43168    15643 
207000000   -2526.5452    3797.7612    12985.481   -1961.9573    8286.2637    311.19079    15647 
208000000   -2619.7725    3658.2531    12837.984   -1982.4968    8260.5224    307.65609    15656 
209000000   -2599.6489    3612.1987    12874.685   -1947.5564    8159.4041     308.5356    15641 
210000000   -2695.6598    3497.6832    12994.515   -2054.0808    8247.4237    311.40728    15650 
211000000   -2665.3963    3550.9945    12958.719   -2049.5083    8265.8991    310.54945    15656 
212000000   -2628.7453    3575.7749    13070.719   -2129.8377    8334.3579    313.23347    15658 
213000000   -2674.7907    3501.5931    12941.396   -2037.3458    8213.7296    310.13432    15651 
214000000   -2692.3355    3456.1881    12960.408   -2069.9425     8218.466    310.58991    15650 
215000000   -2642.9497    3705.5164    12922.483   -1922.7119    8271.1779    309.68106    15629 
216000000   -2652.0104    3560.5431    12793.453   -2096.5711    8309.1246    306.58892    15652 
217000000   -2690.1909    3473.7472    12856.757   -2069.1634    8233.1015    308.10598    15644 
218000000   -2658.2686    3459.6625    13170.318   -2105.2305    8223.1616    315.62031    15652 
219000000   -2618.7974    3578.1159    12916.625   -2005.7685    8202.6817    309.54068    15655 
220000000   -2583.3898    3491.2424      12961.1   -2077.4437    8152.0758    310.60649    15657 
221000000   -2668.9192    3566.7104    12965.678   -2027.6401    8263.2698    310.71622    15645 
222000000   -2663.7408    3485.6211    12740.753   -2099.5232    8248.8852    305.32599    15664 
223000000   -2616.1916    3582.7964    12904.243   -1961.5498    8160.5377    309.24396    15635 
224000000   -2664.6414    3590.6145    13196.923   -2016.3131     8271.569    316.25788    15648 
225000000   -2662.1222    3543.5331    12868.686   -2084.9372    8290.5925    308.39185    15664 
226000000   -2602.9309    3498.4196    12968.363   -2053.8895      8155.24    310.78057    15646 
227000000   -2669.9468    3635.8369     12833.12   -1995.1043    8300.8879    307.53952    15640 
228000000   -2655.6426    3480.8376     12940.24   -2151.4271    8287.9073    310.10662    15657 
229000000   -2603.2741    3508.7074     12925.14   -2109.7833    8221.7648    309.74474    15653 
230000000    -2652.859    3557.2663    12845.859   -2033.6207    8243.7459     307.8448    15657 
231000000   -2700.4011    3344.8193    12991.177   -2062.7839    8108.0043    311.32729    15656 
232000000   -2620.7472    3335.2678    13022.505    -2068.099     8024.114    312.07804    15654 
233000000    -2697.893    3450.7416    12928.614   -2075.4875    8224.1222    309.82799    15651 
234000000   -2675.5533    3467.6663     12902.18   -2039.6875    8182.9071    309.19452    15655 
235000000   -2653.6907    3506.8466    12947.241   -2107.9576    8268.4949    310.27439    15669 
236000000   -2624.9801    3527.0657    12952.239   -2122.5102     8274.556    310.39415    15660 
237000000   -2615.9339    3513.1906    12908.764   -2092.7807    8221.9052    309.35229    15669 
238000000   -2610.6111    3441.6883     12933.91   -2156.6754    8208.9748    309.95491    15664 
239000000   -2632.1712    3663.0573    13005.557   -2012.9968    8308.2253    311.67188    15651 
240000000   -2638.9649    3571.9408    12975.704   -2138.1643      8349.07    310.95649    15657 
241000000   -2670.7005    3424.0704    12791.616   -2054.1173    8148.8883     306.5449    15655 
242000000   -2701.7035    3402.3655    12926.747   -2072.5639    8176.6328    309.78324    15651 
243000000   -2693.3855    3479.3712    12946.023   -2066.5237    8239.2804     310.2452    15640 
244000000   -2707.3522    3489.4603    12817.014   -1997.9251    8194.7376    307.15354    15646 
245000000   -2636.0467     3443.946    12809.831   -2090.7085    8170.7012    306.98142    15656 
246000000   -2628.2068    3636.2717    12872.733   -1974.5981    8239.0766    308.48883    15635 
247000000    -2700.368    3512.1743    12719.848   -2039.7644    8252.3067    304.82501    15639 
248000000   -2596.2522    3593.5558    12966.312   -2076.3262    8266.1341     310.7314    15654 
249000000   -2629.6726    3787.9913    12919.082   -1990.2295    8407.8934    309.59957    15669 
250000000   -2686.2808    3283.7294    12779.202   -2133.1769    8103.1871     306.2474    15667 
251000000   -2695.0703    3444.0763    12884.685   -2107.6616    8246.8082    308.77525    15661 
252000000   -2629.8392    3498.7419    12947.373   -2065.4686    8194.0497    310.27756    15674 
253000000    -2663.208    3519.7046    12927.082   -2044.0546    8226.9672    309.79127    15655 
254000000   -2724.1047    3439.2602    12848.831   -2112.8317    8276.1965    307.91603    15652 
255000000   -2724.1493    3442.6849    13012.467   -2045.8301    8212.6643    311.83749    15657 
256000000   -2638.1519    3373.8548    12842.811   -2155.0494     8167.056    307.77177    15666 
257000000    -2708.363    3457.4078    13008.028   -2172.3214    8338.0922    311.73111    15665 
258000000   -2660.9785    3598.8119    12820.812   -2067.4634    8327.2538    307.24456    15667 
259000000   -2685.3513    3504.2491    12898.917   -2095.2211    8284.8215    309.11631    15639 
260000000   -2650.0384    3365.3128    12853.029   -2152.7833    8168.1345    308.01664    15671 
261000000   -2706.5379    3521.0354    12926.094   -2154.4626    8382.0359     309.7676    15665 
262000000   -2747.7189    3360.6844    12915.475   -2097.7618    8206.1652    309.51313    15666 
263000000   -2791.1695    3209.1895    12956.671   -2157.0675    8157.4266    310.50037    15679 
264000000   -2680.1754    3326.4095    12774.053   -2217.9944    8224.5794    306.12401    15678 
265000000   -2664.1697    3394.1767    13028.601   -2114.5469    8172.8934    312.22415    15663 
266000000   -2735.4435    3246.9249    12908.812   -2094.4446    8076.8131    309.35344    15664 
267000000   -2722.6119    3425.6227    13041.674   -2101.2075    8249.4421    312.53742    15666 
268000000   -2718.0222    3724.7675    13010.097   -2025.0351    8467.8248    311.78068    15656 
269000000   -2602.7285    3601.1314    12987.671    -1990.765    8194.6248    311.24327    15636 
270000000   -2664.1175    3477.6391    12909.102   -2101.0547    8242.8113    309.36041    15661 
271000000   -2686.5752    3433.6272    12923.084   -2062.4325     8182.635    309.69547    15653 
272000000   -2722.8693    3485.9352    13072.039   -1984.3909    8193.1954    313.26511    15651 
273000000   -2722.1954     3593.999    12860.215   -1994.8287    8311.0231    308.18884    15639 
274000000   -2689.1479    3382.8826    12986.698   -2074.2743    8146.3048    311.21995    15645 
275000000   -2707.7486    3364.7415    12997.668   -2101.8411    8174.3312    311.48283    15645 
276000000   -2706.2599    3566.3344    13015.584   -1987.2921    8259.8863    311.91218    15660 
277000000   -2687.8884    3354.3141    12911.147   -2064.4329    8106.6353     309.4094    15651 
278000000   -2650.7418    3601.5367     12875.73    -1954.801    8207.0795    308.56065    15636 
279000000   -2639.6017    3383.7008    12961.575    -2108.162    8131.4645     310.6179    15663 
280000000   -2661.6312    3374.8674    13089.716   -2128.1843     8164.683    313.68873    15653 
281000000   -2723.7248    3450.8228    12812.304   -2144.1518    8318.6993    307.04068    15666 
282000000   -2637.9713    3410.4181    12864.446   -2115.7616     8164.151    308.29024    15648 
283000000   -2706.9378     3500.705    12915.179   -2031.2768    8238.9196    309.50602    15655 
284000000   -2680.8673    3594.6644    13020.045   -2022.2623     8297.794     312.0191    15641 
285000000   -2665.0178    3291.2878    12860.621   -2134.4785    8090.7841    308.19857    15660 
286000000   -2639.2894    3389.3313    13040.052   -2046.2238    8074.8445    312.49856    15671 
287000000   -2649.9201    3534.3969    13060.368   -2122.6341     8306.951    312.98541    15664 
288000000   -2698.3681    3404.6925    13025.647   -2061.7501    8164.8107    312.15335    15653 
289000000   -2695.0715     3446.173    12990.863   -2099.4425    8240.6871    311.31977    15659 
290000000   -2715.4467    3601.8039    12953.419   -1930.5315    8247.7821    310.42243    15629 
291000000   -2696.9353    3435.4305    12975.555   -2143.5301    8275.8959    310.95292    15674 
292000000     -2699.66    3470.1516    12900.614   -2005.5251    8175.3366      309.157    15651 
293000000   -2669.5401    3633.3933    13070.611    -2053.698    8356.6314    313.23088    15650 
294000000   -2638.7019    3565.0807    12937.088   -1936.1151    8139.8977    310.03107    15655 
295000000   -2634.1013    3672.7766    12955.837    -2056.992      8363.87    310.48039    15664 
296000000   -2609.8009    3546.8271     12766.16   -2045.2956    8201.9235    305.93487    15666 
297000000    -2584.291    3460.6677    12902.231   -2090.7947    8135.7534    309.19574    15660 
298000000   -2637.8508    3468.2835    13002.109   -2183.4964    8289.6307    311.58926    15674 
299000000   -2676.4919    3545.9053    12931.756   -2065.8547    8288.2519    309.90328    15668 
300000000   -2575.0452    3399.8077    12954.111   -2080.1168    8054.9697    310.43901    15663 
301000000   -2586.5609    3646.0565    12963.827   -2019.6919    8252.3093    310.67186    15649 
302000000   -2603.5226    3566.9624    12936.029    -2098.467     8268.952     310.0057    15664 
303000000   -2551.4256    3476.3072    13016.564   -2052.4326    8080.1654    311.93567    15647 
304000000   -2643.4309    3442.6612    12827.271   -2031.1006    8117.1927    307.39936    15662 
305000000   -2647.9311    3471.8116    12888.837   -2120.4404    8240.1831    308.87476    15667 
306000000   -2646.2929    3558.0627    13040.723   -2046.6055    8250.9612    312.51464    15657 
307000000    -2625.492    3628.2651    12951.175   -2026.8704    8280.6275    310.36865    15642 
308000000   -2579.5716    3741.0517    12779.945   -1929.5907    8250.2141    306.26522    15634 
309000000   -2629.8126    3496.0927     12986.53   -2129.6649    8255.5703    311.21592    15654 
310000000   -2646.9546    3493.0493    12739.117   -2121.6372    8261.6411     305.2868    15646 
311000000   -2612.3705    3509.0623    12958.665   -2128.1004    8249.5332    310.54814    15649 
312000000   -2671.7149    3568.9599    12859.687   -2015.7214    8256.3962     308.1762    15641 
313000000   -2663.0521    3491.8673    12866.371   -1928.5002    8083.4196    308.33637    15648 
314000000   -2644.3977    3549.6213    12919.192   -2086.6132    8280.6322    309.60221    15664 
315000000   -2636.3976    3459.9975    12968.375   -2020.7575    8117.1526    310.78084    15657 
316000000    -2634.051    3471.8698    12968.591   -2021.7526    8127.6735    310.78601    15644 
317000000   -2570.8471    3628.7401    12917.585   -1913.4719    8113.0591    309.56369    15622 
318000000   -2635.9126    3597.8761    13061.462   -1988.5568    8222.3455    313.01163    15629 
319000000   -2620.2608    3577.3034    12950.204    -2070.796    8268.3602     310.3454    15658 
320000000   -2645.0592    3590.5372    12864.275   -1972.4573    8208.0537    308.28615    15641 
321000000   -2664.4516    3339.2398    12838.203   -2051.6454    8055.3368    307.66133    15664 
322000000   -2565.2605    3656.0662    13031.585   -2103.5431    8324.8697    312.29565    15652 
323000000   -2584.3791    3403.5563    12882.842   -2120.4444    8108.3797     308.7311    15672 
324000000   -2581.3872    3535.0743    12958.213   -2089.4324    8205.8939    310.53731    15655 
325000000   -2678.8493    3505.2276    12877.777   -2148.6183    8332.6952     308.6097    15679 
326000000   -2755.6323    3484.2148    13032.955   -2005.7526    8245.5997    312.32848    15647 
327000000   -2700.4533    3593.6692    12865.219   -2026.8322    8320.9548    308.30876    15643 
328000000   -2622.1348    3430.0299    12899.265   -2128.3122    8180.4769    309.12466    15657 
329000000   -2698.8631    3419.2296    13059.009   -2088.7179    8206.8106    312.95284    15667 
330000000    -2596.977    3518.9636     12974.88   -2118.4534     8234.394    310.93673    15674 
331000000   -2681.9158    3469.6046    12853.129   -2058.0362    8209.5566    308.01904    15651 
332000000   -2650.1316    3491.9441    12989.453   -2042.1795    8184.2552    311.28598    15652 
333000000   -2624.3099    3385.1782    12881.487   -2146.4029     8155.891    308.69863    15675 
334000000   -2561.8814    3506.0776    12918.334   -2056.9559    8124.9149    309.58164    15646 
335000000   -2661.3621    3484.7454    12947.009   -2113.1351    8259.2425    310.26882    15657 
336000000     -2687.49    3468.8929    13111.965   -2012.6499    8169.0329     314.2219    15652 
337000000    -2737.073    3504.4037    12968.994   -1996.5734    8238.0501    310.79568    15655 
338000000   -2592.3681    3740.4588    13053.873   -1955.8867    8288.7137    312.82977    15650 
339000000   -2665.0331    3498.8575    12968.382   -1959.2228    8123.1133    310.78101    15650 
340000000   -2680.8255    3320.8395    12912.022   -2129.4553    8131.1203    309.43037    15647 
341000000   -2713.7785    3371.4364    12727.264   -2088.9185    8174.1334    305.00275    15665 
342000000   -2689.0894    3447.0749    12959.372   -1984.5196    8120.6839     310.5651    15639 
343000000   -2695.6641     3427.607    13069.458   -2123.5333    8246.8044    313.20324    15653 
344000000   -2663.5036    3411.1201    12984.375   -2135.3105    8209.9342    311.16427    15655 
345000000    -2693.598    3563.5203    12957.887   -2025.5038    8282.6221    310.52952    15647 
346000000   -2721.4136    3403.1801    12916.941   -2079.8484    8204.4421    309.54826    15670 
347000000   -2661.3374    3454.3403     12823.72   -2070.6532    8186.3309    307.31425    15666 
348000000   -2670.3871    3573.4695    12755.532   -2060.1128    8303.9693    305.68016    15647 
349000000    -2681.921    3373.5431    12766.481   -2142.4714    8197.9355    305.94256    15670 
350000000   -2676.2641    3438.3335    13014.205   -1999.7783    8114.3759    311.87913    15679 
351000000   -2677.8062    3364.2209    12896.065   -2067.6248    8109.6519    309.04797    15651 
352000000   -2688.4453    3341.8126    12866.861   -2053.7428    8084.0007    308.34811    15662 
353000000   -2651.4863    3307.6099    12967.221   -2147.7029     8106.799    310.75319    15678 
354000000   -2638.6543    3446.2968    12948.995   -2089.4416    8174.3927    310.31642    15684 
355000000   -2720.6845    3462.2001    12793.001   -2094.3913    8277.2759     306.5781    15664 
356000000   -2679.2539    3480.4864    12851.039   -2111.4066    8271.1469    307.96896    15658 
357000000   -2723.3174    3476.3969    13011.739   -1967.5943    8167.3086    311.82006    15658 
358000000    -2732.781    3300.6815    13055.907   -2091.6132    8125.0757     312.8785    15677 
359000000   -2712.8092    3351.1035    12862.551   -2059.0737    8122.9864    308.24482    15662 
360000000   -2717.4642    3363.0508    12986.897   -2055.3405    8135.8555    311.22472    15669 
361000000   -2778.9808    3342.1448    12932.019   -2107.8432    8228.9688    309.90959    15670 
362000000   -2744.0604    3531.7824    12773.645   -2026.2048    8302.0476    306.11423    15663 
363000000   -2673.1662    3593.6837    12993.552   -1945.4744    8212.3244     311.3842    15641 
364000000    -2705.882    3337.6796    12854.708    -2045.318    8088.8795    308.05686    15656 
365000000   -2724.1638    3413.6091    12939.928   -2100.0697    8237.8427    310.09913    15660 
366000000   -2797.3645    3529.9045    13017.036   -2008.9777    8336.2468    311.94699    15659 
367000000   -2770.2916    3385.1382     12875.01   -2001.3742    8156.8041     308.5434    15643 
368000000   -2728.7373    3450.6571    12974.819   -2055.9853    8235.3797    310.93528    15652 
369000000   -2753.2995    3483.3533    12912.694   -2047.1736    8283.8265    309.44647    15663 
370000000   -2681.1632    3392.3673     13044.37   -1969.1545     8042.685    312.60204    15643 
371000000   -2704.4761    3597.8699    12957.175    -2040.551     8342.897    310.51245    15662 
372000000   -2663.8794    3287.7174    12824.871   -2143.2301     8094.827    307.34184    15674 
373000000   -2671.0814    3583.6838    12955.786   -2147.5159    8402.2812    310.47916    15667 
374000000   -2687.2245    3408.1573    12881.119   -2037.8067    8133.1885     308.6898    15658 
375000000   -2693.3171    3426.1913    12980.625   -2098.6088    8218.1172    311.07442    15649 
376000000   -2645.0596    3514.6006    13054.699   -1981.6086    8141.2688    312.84957    15656 
377000000    -2696.991    3308.8481    12830.825   -2044.4298    8050.2689    307.48452    15649 
378000000   -2667.0653    3521.9314    12951.129   -2037.2559    8226.2526    310.36755    15666 
379000000   -2735.0271    3296.2013    12873.612   -2133.0248    8164.2532     308.5099    15670 
380000000   -2670.5122    3417.7111    12920.485   -2087.6374    8175.8606    309.63319    15664 
381000000   -2719.0976    3268.5979    12881.567   -2119.4768    8107.1723    308.70055    15670 
382000000   -2736.6476    3353.1074    12842.044   -2111.6961    8201.4511     307.7534    15672 
383000000   -2701.3698    3461.8891    12750.611   -2053.1172    8216.3761    305.56223    15649 
384000000   -2661.5178    3535.1558     13012.95   -1987.8058    8184.4794    311.84908    15642 
385000000   -2737.5696    3484.4751    12988.607   -2018.1086    8240.1533    311.26569    15664 
386000000   -2723.3321    3388.4228    12872.259   -2039.9403    8151.6952    308.47748    15645 
387000000   -2687.5323    3407.9066    13013.236   -2133.5496    8228.9885    311.85592    15658 
388000000   -2675.9141    3286.3225    12895.835   -2139.8555    8102.0921    309.04247    15668 
389000000    -2744.771     3290.726    12998.355   -2155.8113    8191.3083     311.4993    15677 
390000000   -2725.5674    3222.5596      12901.5   -2169.8937    8118.0207    309.17822    15669 
391000000   -2706.2772    3298.0865    12963.868   -2113.5473    8117.9111    310.67283    15664 
392000000   -2730.7197    3436.8864     12942.76     -2032.65    8200.2561      310.167    15671 
393000000   -2724.0545    3318.1785    12819.264   -2117.8336    8160.0666    307.20748    15684 
394000000   -2724.2813    3295.7446    12930.244     -2100.53    8120.5559    309.86705    15678 
395000000   -2780.2894    3104.8051    12877.934   -2215.6128    8100.7073    308.61348    15667 
396000000   -2782.0115    3387.2553    12944.842   -1975.1704    8144.4372    310.21689    15656 
397000000   -2774.7087    3436.8729    13008.993    -2002.139    8213.7206    311.75423    15655 
398000000   -2694.7634    3311.7161    12994.432    -2048.654    8055.1336    311.40528    15651 
399000000   -2801.7092    3192.2172    13006.803   -2145.6429    8139.5693    311.70175    15670 
400000000   -2755.7943    3411.3036     12957.84   -2049.9217    8217.0196    310.52837    15656 
401000000   -2743.1888    3361.1007    12831.239   -2018.7857    8123.0751    307.49444    15651 
402000000   -2707.4792    3214.1114    12889.812    -2184.414    8106.0047    308.89811    15685 
403000000   -2650.6528    3442.9344    12893.811   -2070.4974    8164.0847    308.99396    15658 
404000000   -2744.4665    3364.3946    12724.831   -2104.9539     8213.815    304.94444    15674 
405000000   -2681.8231    3489.0203    13077.219   -2010.5426    8181.3861    313.38923    15664 
406000000   -2714.4968    3482.0488    13003.829    -2034.017    8230.5626    311.63048    15667 
407000000   -2769.5774    3455.5333    12810.061   -1984.2157    8209.3264    306.98693    15648 
408000000   -2762.8713    3460.2268    12811.406   -2009.6813    8232.7794    307.01916    15647 
409000000   -2774.9918    3572.4115    12893.434    -1949.813    8297.2164    308.98492    15652 
410000000   -2825.1412    3191.9231    12994.975    -2080.437    8097.5012    311.41831    15655 
411000000   -2805.2224    3413.7493    12973.183   -1971.6846    8190.6563    310.89606    15656 
412000000   -2740.5992     3394.365    12932.378    -1958.719    8093.6831    309.91818    15639 
413000000   -2752.8928    3360.1101    12847.295   -2049.7803    8162.7833    307.87922    15648 
414000000   -2830.5853      3193.82    12820.679   -2117.8589    8142.2642    307.24139    15659 
415000000   -2693.5689    3398.1602    12926.888   -2101.4911    8193.2203    309.78664    15655 
416000000   -2760.4923    3356.6878    12914.538    -2004.409     8121.589    309.49067    15650 
417000000   -2751.8198    3554.0101    12905.093   -2066.7072    8372.5371    309.26433    15648 
418000000   -2782.6923    3500.9137    12944.086   -2011.7923    8295.3983    310.19877    15651 
419000000   -2781.9596    3285.7789    12824.646   -2064.2729    8132.0114    307.33646    15655 
420000000   -2735.8025    3412.5505    13058.544   -2026.3424    8174.6954     312.9417    15668 
421000000   -2691.0954    3352.4297    12982.446   -2112.6089    8156.1341    311.11806    15652 
422000000   -2771.0427    3450.8993    12834.237   -2043.8453    8265.7873    307.56629    15654 
423000000   -2735.1047    3239.6074    12831.177   -2186.8581    8161.5701    307.49296    15674 
424000000   -2782.8445    3494.4397    12957.873    -1963.093    8240.3772    310.52916    15648 
425000000   -2692.4901    3360.3107    12924.765   -2062.6695    8115.4703    309.73575    15662 
426000000   -2755.6255    3291.0447    13000.384   -2129.9626    8176.6328    311.54792    15669 
427000000   -2710.5944    3426.5685     13002.91   -2090.3797    8227.5427    311.60846    15672 
428000000   -2626.3686    3535.1821    12893.776   -2100.6192    8262.1699    308.99311    15654 
429000000   -2716.9589     3177.935    12865.201   -2121.9571     8016.851    308.30833    15670 
430000000   -2712.4995    3502.1926     12900.75   -2082.1496    8296.8418    309.16026    15656 
431000000   -2707.0406    3313.8355    12955.001   -2134.8696    8155.7456    310.46034    15671 
432000000   -2694.9396    3400.1653    12928.239   -2035.0303    8130.1352      309.819    15653 
433000000   -2675.0765     3099.608    12871.393   -2237.9165     8012.601    308.45672    15671 
434000000   -2721.3159    3400.6511    12947.006   -2088.1919    8210.1589    310.26874    15669 
435000000   -2725.2195    3348.8443    12755.936    -2071.623    8145.6868    305.68985    15670 
436000000   -2714.7907    3426.9245    13172.344   -2050.2313    8191.9464    315.66886    15659 
437000000   -2788.4266    3362.1854    13007.806   -2041.5731    8192.1851    311.72578    15661 
438000000   -2827.4151    3396.0341    12862.806   -1997.2867    8220.7359    308.25094    15639 
439000000    -2821.765     3546.131    12977.333   -1928.7535    8296.6495    310.99553    15645 
440000000   -2817.9165    3520.8466    12957.664   -1985.8552    8324.6184    310.52416    15655 
441000000    -2726.655    3446.9371    12903.766   -2030.2725    8203.8646    309.23252    15650 
442000000   -2760.5129     3318.362    12924.116   -2052.6609    8131.5359    309.72021    15653 
443000000   -2734.8646    3406.0961    12954.286   -1991.4421    8132.4028     310.4432    15638 
444000000   -2699.1179    3325.6376    12825.138   -2087.9772    8112.7327    307.34823    15663 
445000000   -2754.1208    3510.3685    12922.911   -1988.6815    8253.1707    309.69131    15652 
446000000    -2773.039    3162.0383    12828.161   -2109.7231    8044.8004    307.42068    15653 
447000000   -2757.3971    3221.8381    12837.587   -2137.0746    8116.3097    307.64657    15666 
448000000    -2757.461    3421.9995    13030.092    -2058.074    8237.5345    312.25986    15657 
449000000    -2765.077    3309.5622     13005.82   -2014.4497    8089.0889    311.67821    15635 
450000000    -2783.243    3297.4435    12855.695   -2078.5972    8159.2837    308.08053    15654 
451000000   -2748.7196    3318.4518    12932.031   -2057.1634    8124.3348    309.90988    15668 
452000000   -2843.0463    3218.9745    12816.218   -1990.7083    8052.7291    307.13447    15651 
453000000   -2797.9104     3320.357    12905.928   -2131.3322    8249.5995    309.28435    15647 
454000000   -2771.9726    3366.4709    12871.611   -2069.2496    8207.6931    308.46194    15654 
455000000   -2825.3163    3362.2477     12939.85   -1966.1972    8153.7612    310.09726    15653 
456000000   -2772.1404     3180.172     12776.35   -2164.6817    8116.9942    306.17906    15676 
457000000   -2745.1668    3313.9314    12932.173   -2123.4631    8182.5613    309.91328    15665 
458000000   -2750.3232    3358.3197    12857.774   -2046.1842    8154.8271    308.13035    15659 
459000000   -2716.7198     3541.397    12907.441   -2023.0625    8281.1794     309.3206    15638 
460000000   -2777.0393    3390.5959    12837.097   -1945.6227     8113.258    307.63482    15646 
461000000   -2806.4032    3308.4352    12858.853   -2075.7634    8190.6018     308.1562    15651 
462000000   -2791.7895    3403.5763    12756.866    -1983.366    8178.7318    305.71213    15649 
463000000   -2812.1206    3381.7039    12896.541   -2042.7183    8236.5428    309.05937    15652 
464000000   -2835.7449    3317.2212    12897.691   -2070.3467    8223.3128    309.08695    15641 
465000000   -2869.5284    3343.0659     12964.34   -2051.4655    8264.0598    310.68415    15642 
466000000    -2791.315    3320.2097    12923.912   -2131.0182    8242.5428    309.71531    15669 
467000000   -2837.1716    3321.2102    12931.611   -2042.7595    8201.1412    309.89982    15657 
468000000   -2797.9883    3332.6624    12927.941    -2008.478    8139.1287    309.81186    15658 
469000000   -2811.9834    3257.2224    13009.534   -2085.5491    8154.7549     311.7672    15672 
470000000   -2782.9884    3391.2304    13010.669   -1966.1783    8140.3971     311.7944    15632 
471000000   -2776.2043    3364.0274     12979.64   -2048.4678    8188.6994    311.05079    15641 
472000000   -2819.7261     3401.621     12910.89   -1930.2717    8151.6188    309.40326    15631 
473000000   -2844.1512    3264.1056     12988.26   -2038.0875    8146.3443    311.25737    15661 
474000000   -2832.4744    3192.0556    12887.478   -2094.0062    8118.5362    308.84218    15640 
475000000   -2855.6836    3454.5379    13061.918   -1971.7722    8281.9938    313.02255    15631 
476000000   -2834.8838    3358.5668    13070.649   -1988.7383    8182.1889     313.2318    15635 
477000000   -2811.3562    3534.0676    12806.912   -1830.3033    8175.7271    306.91145    15626 
478000000   -2827.9018    3293.7214    12879.651   -2120.6581    8242.2813    308.65462    15632 
479000000   -2825.6961    3338.7102    12851.123   -2144.2525    8308.6588    307.97095    15642 
480000000   -2754.0524    3379.5273    12948.014   -2067.9104    8201.4901     310.2929    15657 
481000000   -2767.6313    3460.5044    12923.515   -1965.3565    8193.4921     309.7058    15643 
482000000   -2798.2481    3402.7655    13063.376   -1924.2364      8125.25    313.05751    15650 
483000000     -2875.64    3237.0568    13058.696   -2043.5851    8156.2819    312.94536    15649 
484000000   -2802.3795     3338.005    12890.249   -2042.3654    8182.7499    308.90859    15653 
485000000   -2783.5875    3406.8037    12949.921   -2095.1841    8285.5753    310.33859    15656 
486000000   -2807.9815    3305.9575    13025.025   -2000.1152    8114.0542    312.13843    15634 
487000000   -2776.1106    3488.7625    12821.071   -1979.6721    8244.5452    307.25078    15635 
488000000    -2839.231     3509.727    13076.296   -1956.0224    8304.9804    313.36713    15642 
489000000   -2941.1081    3192.4775    13046.619   -2013.7439    8147.3295    312.65593    15652 
490000000   -2852.8137    3280.7303     12850.49    -2120.432    8253.9759     307.9558    15650 
491000000   -2846.9352    3427.3398    12933.897   -1978.4292    8252.7043     309.9546    15649 
492000000    -2888.967    3291.1855    12941.869     -2075.59    8255.7424    310.14564    15654 
493000000    -2817.007    3348.4502    12950.984   -2008.6635    8174.1207    310.36408    15662 
494000000   -2764.8526     3510.695    12942.046   -1941.0825      8216.63    310.14988    15633 
495000000   -2865.5896    3208.5604    12963.251   -2102.3272    8176.4772    310.65806    15642 
496000000   -2789.3975    3394.6179    13071.182   -1911.8171    8095.8326    313.24456    15641 
497000000   -2822.9559    3436.7441    12930.619   -1908.3623    8168.0624    309.87605    15626 
498000000   -2852.8997    3448.5273    12928.005   -1986.7575    8288.1845     309.8134    15647 
499000000   -2814.9515    3168.8265    12908.999   -2112.6937    8096.4717    309.35793    15651 
500000000   -2725.0008    3385.9398    12901.307   -1919.5619    8030.5024     309.1736    15624 
Loop time of 206918 on 28 procs for 500000000 steps with 14000 atoms

Performance: 5219.463 ns/day, 0.005 hours/ns, 2416.418 timesteps/s
99.4% CPU use with 28 MPI tasks x no OpenMP threads

MPI task timing breakdown:
Section |  min time  |  avg time  |  max time  |%varavg| %total
---------------------------------------------------------------
Pair    | 14004      | 19776      | 23598      |1893.5 |  9.56
Bond    | 5124.8     | 8078.1     | 10629      |2150.0 |  3.90
Neigh   | 61402      | 62061      | 62766      | 146.0 | 29.99
Comm    | 56485      | 63202      | 76008      |1910.5 | 30.54
Output  | 0.94821    | 0.94959    | 0.95063    |   0.1 |  0.00
Modify  | 27798      | 29637      | 30038      | 298.7 | 14.32
Other   |            | 2.416e+04  |            |       | 11.68

Nlocal:    500 ave 531 max 477 min
Histogram: 3 6 4 2 1 2 4 3 2 1
Nghost:    649.179 ave 925 max 391 min
Histogram: 3 4 1 1 10 1 0 1 4 3
Neighs:    4956.07 ave 6358 max 3079 min
Histogram: 4 0 3 1 1 5 2 3 4 5

Total # of neighbors = 138770
Ave neighs/atom = 9.91214
Ave special neighs/atom = 7.99457
Neighbor list builds = 99641383
Dangerous builds = 0
write_restart final_state_${fName}.restart
write_restart final_state_b70_N200_L300.restart
Total wall time: 57:28:51
