
units real
boundary p p p
atom_style full

neighbor 1.9 bin
neigh_modify every 1 delay 1 check yes

read_data b70_N200_L400.data extra/special/per/atom 50
  orthogonal box = (-420 -420 -420) to (420 420 420)
  2 by 2 by 7 MPI processor grid
  reading atoms ...
  14000 atoms
  scanning bonds ...
  51 = max bonds/atom
  scanning angles ...
  1 = max angles/atom
  reading bonds ...
  13800 bonds
  reading angles ...
  13600 angles
  2 = max # of 1-2 neighbors
  2 = max # of 1-3 neighbors
  4 = max # of 1-4 neighbors
  56 = max # of special neighbors
  special bonds CPU = 0.854168 secs
  read_data CPU = 1.00275 secs

angle_style cosine
angle_coeff * 2 # K (energy unit)

bond_style hybrid harmonic harmonic/shift/cut
bond_coeff 1 harmonic 3 10
bond_coeff 2 harmonic 3 10
bond_coeff 3 harmonic/shift/cut 1.20 11.22 12.72

pair_style lj/cut 25
# atom-typ1, atom-typ2, energy-well, sigma (bead-diameter), cut-off (distance)
pair_coeff * * 0.18 10 25

special_bonds lj 1 1 1 angle no
  2 = max # of 1-2 neighbors
  2 = max # of 1-3 neighbors
  4 = max # of 1-4 neighbors
  56 = max # of special neighbors
  special bonds CPU = 0.00084632 secs

minimize 1.0e-4 1.0e-6 100000 100000 # force_tol, energy_tol, maxiter, maxeval
WARNING: Using 'neigh_modify every 1 delay 0 check yes' setting during minimization (../min.cpp:168)
Neighbor list info ...
  update every 1 steps, delay 0 steps, check yes
  max neighbors/atom: 2000, page size: 100000
  master list distance cutoff = 26.9
  ghost atom cutoff = 26.9
  binsize = 13.45, bins = 63 63 63
  1 neighbor lists, perpetual/occasional/extra = 1 0 0
  (1) pair lj/cut, perpetual
      attributes: half, newton on
      pair build: half/bin/newton
      stencil: half/bin/3d/newton
      bin: standard
Per MPI rank memory allocation (min/avg/max) = 1.165 | 13.79 | 17.67 Mbytes
Step Temp E_pair E_mol TotEng Press 
       0            0 2.4262116e+12      2649600 2.4262142e+12 1.1227655e+09 
    2593            0   -3213.8545    8077.7575     4863.903  0.022358999 
Loop time of 0.902103 on 28 procs for 2593 steps with 14000 atoms

99.5% CPU use with 28 MPI tasks x no OpenMP threads

Minimization stats:
  Stopping criterion = energy tolerance
  Energy initial, next-to-last, final = 
     2.42621422944e+12      4864.36586087      4863.90297658
  Force two-norm initial, final = 2.10957e+10 3.95325
  Force max component initial, final = 1.05441e+09 0.95274
  Final line search alpha, max atom move = 0.049396 0.0470616
  Iterations, force evaluations = 2593 2659

MPI task timing breakdown:
Section |  min time  |  avg time  |  max time  |%varavg| %total
---------------------------------------------------------------
Pair    | 0.038658   | 0.15561    | 0.304      |  18.0 | 17.25
Bond    | 0.012349   | 0.040266   | 0.077762   |   8.2 |  4.46
Neigh   | 0.093868   | 0.095928   | 0.098521   |   0.3 | 10.63
Comm    | 0.13569    | 0.29541    | 0.45127    |  13.6 | 32.75
Output  | 0          | 0          | 0          |   0.0 |  0.00
Modify  | 0          | 0          | 0          |   0.0 |  0.00
Other   |            | 0.3149     |            |       | 34.91

Nlocal:    500 ave 894 max 183 min
Histogram: 3 3 3 4 6 0 2 2 3 2
Nghost:    312.964 ave 490 max 136 min
Histogram: 3 3 2 1 4 3 4 4 1 3
Neighs:    3601.79 ave 6560 max 1006 min
Histogram: 4 1 5 2 7 0 1 1 5 2

Total # of neighbors = 100850
Ave neighs/atom = 7.20357
Ave special neighs/atom = 5.82857
Neighbor list builds = 165
Dangerous builds = 0

# further equilibriate the system before bond formation takes place
fix fxlan all langevin $T $T 1000 ${seed}
fix fxlan all langevin 310 $T 1000 ${seed}
fix fxlan all langevin 310 310 1000 ${seed}
fix fxlan all langevin 310 310 1000 93833
fix fxnve all nve
timestep 0.1
run 10000
Per MPI rank memory allocation (min/avg/max) = 1.127 | 12.9 | 16.54 Mbytes
Step Temp E_pair E_mol TotEng Press 
    2593            0   -3213.8545    8077.7575     4863.903  0.022358999 
   12593    226.86049   -2676.8241    11559.373    18349.065   -1.0336374 
Loop time of 2.00465 on 28 procs for 10000 steps with 14000 atoms

Performance: 43.100 ns/day, 0.557 hours/ns, 4988.390 timesteps/s
99.5% CPU use with 28 MPI tasks x no OpenMP threads

MPI task timing breakdown:
Section |  min time  |  avg time  |  max time  |%varavg| %total
---------------------------------------------------------------
Pair    | 0.052918   | 0.23347    | 0.46021    |  24.6 | 11.65
Bond    | 0.038088   | 0.12831    | 0.24344    |  14.7 |  6.40
Neigh   | 0.0029367  | 0.003031   | 0.0031479  |   0.1 |  0.15
Comm    | 0.54045    | 0.88889    | 1.2143     |  15.8 | 44.34
Output  | 0.00010433 | 0.00014272 | 0.00018904 |   0.0 |  0.01
Modify  | 0.092373   | 0.29841    | 0.56629    |  22.1 | 14.89
Other   |            | 0.4524     |            |       | 22.57

Nlocal:    500 ave 895 max 183 min
Histogram: 3 3 4 3 6 0 2 2 3 2
Nghost:    312.571 ave 487 max 139 min
Histogram: 3 3 2 3 2 4 3 3 2 3
Neighs:    3614.14 ave 6565 max 1009 min
Histogram: 3 2 5 2 7 0 1 1 4 3

Total # of neighbors = 101196
Ave neighs/atom = 7.22829
Ave special neighs/atom = 5.82857
Neighbor list builds = 5
Dangerous builds = 0

unfix fxlan
unfix fxnve
reset_timestep 0

variable t equal step
variable steps equal 500000000
variable dt_thermo equal 1000000
variable dt_movie equal 10000000
variable dt_restart equal 50000000

group rxnSites type 1 3
4000 atoms in group rxnSites

# fix ID group-ID(atom-types) bond/create Nevery itype jtype Rmin bondtype (prob values = fraction seed) (iparam maxbond newType)
fix bondc rxnSites bond/create/random 20 1 3 12.72 3 prob 1 ${seed} iparam 1 1 jparam 1 3
fix bondc rxnSites bond/create/random 20 1 3 12.72 3 prob 1 93833 iparam 1 1 jparam 1 3

# fix ID group-ID bond/break Nevery bondtype Rmax keyword values ...
fix bondbr rxnSites bond/break 20 3 12.72 prob 1 ${seed}
fix bondbr rxnSites bond/break 20 3 12.72 prob 1 93833

variable frmbnd equal f_bondc[2]
variable brkbnd equal f_bondbr[2]
fix saveBond all print ${dt_thermo} "$t ${frmbnd} ${brkbnd}" file BondData_${fName}.dat screen no
fix saveBond all print 1000000 "$t ${frmbnd} ${brkbnd}" file BondData_${fName}.dat screen no
fix saveBond all print 1000000 "$t ${frmbnd} ${brkbnd}" file BondData_Run1.dat screen no

thermo_style custom step epair pe ke ebond eangle temp bonds
thermo ${dt_thermo}
thermo 1000000
fix saveThermo all print ${dt_thermo} "$t $(temp) $(ke) $(pe) $(epair) $(ebond) $(eangle) $(bonds)" file Thermo_${fName}.dat title "# Steps Temp KinEng PotEng Epair Ebond Eangle Bonds" screen no
fix saveThermo all print 1000000 "$t $(temp) $(ke) $(pe) $(epair) $(ebond) $(eangle) $(bonds)" file Thermo_${fName}.dat title "# Steps Temp KinEng PotEng Epair Ebond Eangle Bonds" screen no
fix saveThermo all print 1000000 "$t $(temp) $(ke) $(pe) $(epair) $(ebond) $(eangle) $(bonds)" file Thermo_Run1.dat title "# Steps Temp KinEng PotEng Epair Ebond Eangle Bonds" screen no

############################ Langevin Dynamics ###############################
fix fxlan all langevin $T $T 1000 ${seed}
fix fxlan all langevin 310 $T 1000 ${seed}
fix fxlan all langevin 310 310 1000 ${seed}
fix fxlan all langevin 310 310 1000 93833
fix fxnve all nve

comm_style tiled
fix fxbal all balance 1000 1.1 rcb

timestep 25

dump coor all custom ${dt_movie} traj_${fName}.dump id type mol mass x y z xu yu zu
dump coor all custom 10000000 traj_${fName}.dump id type mol mass x y z xu yu zu
dump coor all custom 10000000 traj_Run1.dump id type mol mass x y z xu yu zu

restart ${dt_restart} ${fName}_tp_*.restart
restart 50000000 ${fName}_tp_*.restart
restart 50000000 Run1_tp_*.restart
run ${steps}
run 500000000
Neighbor list info ...
  update every 1 steps, delay 1 steps, check yes
  max neighbors/atom: 2000, page size: 100000
  master list distance cutoff = 26.9
  ghost atom cutoff = 26.9
  binsize = 13.45, bins = 63 63 63
  2 neighbor lists, perpetual/occasional/extra = 1 1 0
  (1) pair lj/cut, perpetual
      attributes: half, newton on
      pair build: half/bin/newton
      stencil: half/bin/3d/newton
      bin: standard
  (2) fix bond/create/random, occasional, copy from (1)
      attributes: half, newton on
      pair build: copy
      stencil: none
      bin: none
Per MPI rank memory allocation (min/avg/max) = 17.76 | 18.28 | 18.83 Mbytes
Step E_pair PotEng KinEng E_bond E_angle Temp Bonds 
       0   -2676.8241    8882.5486    9466.5164    3051.4282    8507.9445    226.86049    13800 
 1000000   -982.66962    11417.609    12907.592    3921.1282    8479.1508    309.32422    13981 
 2000000    -894.9778    11479.671    12731.622    3907.0337    8467.6147    305.10717    13938 
 3000000    -938.9915     11424.48    12899.399    3927.2298    8436.2416    309.12787    13978 
 4000000   -926.66062    11329.215    12889.047    3920.4381     8335.437    308.87979    13959 
 5000000   -983.44617    11217.177    12993.446    3814.5412    8386.0819    311.38165    14023 
 6000000   -988.15668    11334.387    12809.681    3906.4182    8416.1258    306.97782    14005 
 7000000   -999.86521    11366.367    12909.905    3876.1888    8490.0432    309.37963    14005 
 8000000   -1016.0148    11342.254    12981.231    3912.7643    8445.5048    311.08893    14019 
 9000000   -1009.5382    11313.476    12944.889    3936.8916    8386.1222    310.21801    14019 
10000000   -1018.9397    11263.407    12745.392    3832.2926    8450.0537    305.43717    14007 
11000000   -999.04482    11246.549    13060.986    3840.0002    8405.5935    313.00022    14030 
12000000    -1039.628    11176.654    13096.857    3885.4078    8330.8744    313.85985    14013 
13000000   -980.84364    11396.065    13051.423    3920.7864     8456.122    312.77106    14010 
14000000   -960.32884    11321.608    13043.052    3856.6414    8425.2959    312.57043    14023 
15000000   -968.16484        11329    12981.446    3882.6305    8414.5345    311.09408    14027 
16000000   -941.35858     11505.41    12790.165    3984.1409    8462.6273    306.51013    13980 
17000000   -931.58416    11385.191    12904.988    3956.3363    8360.4388     309.2618    13961 
18000000   -927.33174     11325.71    13024.426    3869.4422    8383.5999    312.12409    13990 
19000000   -986.08961    11404.438     13016.45    3887.5332    8502.9945    311.93293    14014 
20000000    -970.3018    11456.257     12969.32    3943.3354    8483.2238    310.80348    13989 
21000000   -964.70831    11215.049    12903.622    3840.1971    8339.5603    309.22907    14003 
22000000   -965.63448    11413.899    12955.473    3973.9803    8405.5536    310.47165    13951 
23000000   -971.98626    11301.393    12883.671    3834.4348     8438.945    308.75096    14005 
24000000    -995.1687    11360.168    12841.069    3922.0055    8433.3309    307.73002    13992 
25000000   -898.50395    11510.017    12978.051    3985.7109      8422.81    311.01274    13959 
26000000    -945.2497    11526.999    12748.109    4007.0454    8465.2031    305.50227    13969 
27000000   -927.32592    11439.252    12934.431    3986.6416    8379.9361    309.96739    13932 
28000000   -935.49828     11440.07    12935.633    3944.0202    8431.5479    309.99619    13965 
29000000   -928.99473    11362.029    12992.233    3943.3769    8347.6465    311.35259    13969 
30000000   -944.61128     11437.54     12880.92    3922.8946     8459.257    308.68503    13981 
31000000    -983.1191    11457.321    12981.825    3988.0618    8452.3786    311.10318    13988 
32000000    -919.3358    11401.193     12795.33    3958.2981    8362.2303    306.63391    13983 
33000000    -927.1185    11459.974     12889.95    3949.2202    8437.8725    308.90144    13998 
34000000   -1011.7954    11254.448    12893.983    3959.4478     8306.796    308.99808    14017 
35000000   -946.76424    11309.734    12936.976    3896.7182    8359.7796    310.02838    13995 
36000000   -992.09355     11351.05    12935.744      3958.47    8384.6735    309.99886    14024 
37000000   -987.57042    11194.277    12867.224    3870.7465     8311.101    308.35681    13987 
38000000   -936.79288    11411.382    12854.545    3916.0683    8432.1067    308.05296    13979 
39000000   -967.52298    11282.066    12812.711    3814.5251     8435.064    307.05044    14008 
40000000   -957.67561    11283.671    13123.133    3796.8257    8444.5211    314.48956    13976 
41000000   -946.02381    11251.627    12924.957    3855.2506    8342.4001    309.74036    13970 
42000000    -962.8895    11470.989    12914.078    3987.6079    8446.2709    309.47964    13986 
43000000   -957.84718    11490.252    12918.914    3932.8697    8515.2299    309.59554    13969 
44000000   -934.02971    11391.165    12827.368    3843.6812    8481.5138    307.40167    13995 
45000000   -967.58859    11361.767    12934.767    3913.2926    8416.0635    309.97544    14014 
46000000   -955.70931    11421.239    12934.082    3937.8072    8439.1414    309.95902    13984 
47000000    -956.7717    11221.401    13049.567     3875.367     8302.806    312.72657    13995 
48000000   -963.07231    11306.679    12943.287    3909.9213    8359.8301    310.17963    14019 
49000000   -951.65882     11227.87    12886.208     3840.969    8338.5603    308.81175    14011 
50000000   -920.30194    11371.919    12934.021    3915.0695    8377.1509    309.95757    13956 
51000000   -923.43531    11369.358    12799.407    3914.5387    8378.2549    306.73161    14015 
52000000   -963.60164    11412.266    12954.558    3921.2311    8454.6363    310.44973    13969 
53000000   -885.76736    11484.205    12964.564     3987.212      8382.76    310.68951    13958 
54000000   -882.80641    11467.914    13016.508    3975.6117    8375.1091    311.93433    13961 
55000000   -915.79974    11425.241    13112.339    3876.1124    8464.9288    314.23086    13980 
56000000   -924.36612    11490.226    12833.414    3938.0632    8476.5288    307.54656    13988 
57000000   -917.04422    11468.618    13008.466    4002.7131     8382.949    311.74162    13964 
58000000   -990.26747     11345.55    12963.531     3896.876    8438.9414    310.66477    13996 
59000000   -922.54829      11361.3    12874.586    3938.0383      8345.81    308.53324    13979 
60000000   -966.40075    11283.572    12718.377    3911.1331    8338.8392    304.78976    13980 
61000000   -924.15185    11421.999    12932.958    3930.2424    8415.9085    309.93209    14003 
62000000   -1029.1312    11447.754    12915.173    3938.5812    8538.3038     309.5059    14006 
63000000   -982.37053    11408.222    12948.717    3961.8175    8428.7748    310.30976    14023 
64000000   -969.68772    11437.778      13003.9    3868.6329    8538.8326    311.63219    14003 
65000000   -903.49811    11352.752    12868.426    3907.5008    8348.7497    308.38561    13983 
66000000   -951.40029     11436.17    12950.517    3942.2092    8445.3613    310.35288    13989 
67000000   -912.16515     11317.23    12892.936     3915.484    8313.9116    308.97299    13981 
68000000   -862.75684    11553.582    12872.804    3973.7231    8442.6155    308.49053    13970 
69000000   -912.85816     11526.27    12886.484    4044.8726    8394.2554    308.81836    13958 
70000000   -1026.0839    11327.981    12987.204    3950.7151    8403.3495    311.23208    14022 
71000000   -903.53426    11411.858    12981.343    3967.4275    8347.9644    311.09161    13964 
72000000   -931.95382    11420.951    12952.576    3941.2717    8411.6328    310.40224    13963 
73000000    -879.7438    11394.408    12725.593    3921.5269    8352.6245     304.9627    13990 
74000000   -969.19517    11425.418    13007.967     3989.992    8404.6212    311.72964    13970 
75000000   -986.72683    11300.926    12747.699    3926.5349    8361.1175    305.49246    14002 
76000000   -909.53143     11534.32    12946.042    4064.7193    8379.1324    310.24565    13948 
77000000   -956.94151    11395.091    12917.049    3903.7654    8448.2672    309.55085    14010 
78000000   -919.24796    11293.039    13056.713    3872.2319    8340.0546    312.89782    13987 
79000000   -957.00563    11408.622    12947.687    3930.9282    8434.6997    310.28507    13978 
80000000   -969.72745    11345.727    12966.678    3877.2187    8438.2359    310.74018    13985 
81000000   -950.04884    11488.792    12957.636    3914.1417     8524.699     310.5235    13964 
82000000   -947.05314    11328.476    12762.896    3901.6496    8373.8793    305.85663    14000 
83000000   -962.24057    11334.109     12845.06    3904.2154    8392.1346    307.82566    13983 
84000000   -1006.7567    11360.783     13038.45    3919.4512    8448.0887    312.46016    14016 
85000000   -923.32407    11354.533    13063.518    3882.5891    8395.2684     313.0609    13985 
86000000   -902.13085    11321.925     12977.53    3932.8327    8291.2231    311.00024    13971 
87000000   -1036.3725    11228.295    12897.631    3902.3538     8362.314    309.08551    13987 
88000000   -967.44637    11366.304    12975.713    3945.0056    8388.7444     310.9567    13997 
89000000   -976.04867    11507.785    12980.486    3919.5949    8564.2389    311.07109    13999 
90000000   -1005.0518     11217.54    12744.156    3870.5107    8352.0811    305.40755    13979 
91000000   -962.85371    11382.447    13038.052    3933.1622    8412.1383    312.45062    13992 
92000000     -989.303    11370.339    12969.581    3945.8766    8413.7658    310.80975    14005 
93000000   -989.89745    11443.629     12835.15    3962.0435    8471.4834    307.58817    13999 
94000000   -964.90586    11447.487    12923.208    3906.4808    8505.9125    309.69843    14039 
95000000   -971.18131    11369.869    12818.508    3912.3534    8428.6972    307.18935    14001 
96000000   -979.07709    11287.734    12922.844    3900.3383    8366.4729    309.68971    14008 
97000000   -971.73789    11350.961    12885.883    3854.8675    8467.8318    308.80396    14005 
98000000   -960.14243    11310.757    12883.594    3826.2117    8444.6879     308.7491    14008 
99000000   -915.09073    11452.641    12805.386    3879.9235    8487.8084    306.87489    13980 
100000000   -936.34628    11363.903    12927.183    3918.5885    8381.6604     309.7937    13984 
101000000   -995.67453    11329.823    12967.584    3934.3347     8391.163    310.76189    13970 
102000000   -933.43545    11258.258     13020.87    3816.2389     8375.455    312.03886    14013 
103000000   -916.03548    11474.699    13136.519    3949.0031    8441.7315    314.81033    13993 
104000000   -940.44091    11277.558    12814.911     3951.337    8266.6616    307.10316    13976 
105000000   -991.53418    11362.223    12860.313    3950.2279    8403.5296    308.19119    13987 
106000000   -984.30774    11405.685    12981.608    4014.5158     8375.477    311.09796    14002 
107000000   -995.32198    11395.455    12861.307     3899.787    8490.9901      308.215    14026 
108000000   -1008.2959    11282.853    12956.101    3858.7067    8432.4421     310.4867    13987 
109000000   -947.19312    11428.322    12859.061    3963.1382    8412.3772    308.16119    13996 
110000000   -987.27356    11385.393    12878.531    3988.8289    8383.8381    308.62779    13989 
111000000   -990.70067    11302.737    12899.064    3921.5836    8371.8536    309.11984    13997 
112000000   -949.32425    11384.678    12976.869    3916.6732    8417.3293    310.98439    14008 
113000000   -967.89414    11348.517     13028.34    3863.1082    8453.3031    312.21788    14006 
114000000   -983.44911    11302.963    12942.528    3892.2154    8394.1971    310.16144    13985 
115000000   -957.98704     11361.07    12830.796    3964.9804    8354.0764    307.48383    13949 
116000000   -1006.0421    11392.357    13004.383    3933.1111    8465.2883    311.64376    14003 
117000000   -930.34164    11295.577     12740.49     3893.111    8332.8071     305.3197    14017 
118000000   -969.55493    11317.139    12923.175    3944.3407    8342.3529    309.69765    13979 
119000000   -994.23167    11370.227    12817.934    3944.6411    8419.8172    307.17559    13958 
120000000   -958.97928    11327.464     12969.81    3840.9308     8445.512    310.81523    13993 
121000000   -945.87326    11454.573    12893.495    3980.6678     8419.778    308.98638    13971 
122000000   -920.87295    11376.115    12997.292    3923.9462    8373.0416    311.47382    13964 
123000000   -1006.5892    11298.034    12866.745    3884.8516     8419.772    308.34533    14016 
124000000   -934.60741    11576.779    13009.252    3968.1116    8543.2745    311.76044    13996 
125000000    -910.6975    11341.192    12969.956    3907.6506    8344.2387    310.81873    13987 
126000000   -909.05155    11482.078    12992.877    4010.7967    8380.3324    311.36803    13942 
127000000   -943.38232    11542.785     12959.89     3998.735    8487.4326     310.5775    13954 
128000000   -945.55964    11388.419    12935.658      3920.69    8413.2891    309.99679    13997 
129000000   -917.69068    11342.805    12865.242    3876.4046    8384.0908    308.30932    14006 
130000000   -940.84976    11415.377    13017.463    3997.5032    8358.7232    311.95722    14000 
131000000   -937.02198    11335.446    12889.649    3864.5232    8407.9447    308.89422    13996 
132000000   -982.56098    11283.319     12841.88    3867.9111    8397.9692    307.74946    14026 
133000000   -945.43377    11389.953    13016.877    3867.7766    8467.6105    311.94318    13966 
134000000   -943.00683    11467.759    12971.153    3986.6834    8424.0827    310.84742    13982 
135000000   -914.87868    11483.062    12930.374    3906.9645    8490.9759    309.87017    13997 
136000000   -921.19714     11239.86    13009.092    3851.4381    8309.6193     311.7566    14045 
137000000     -930.077    11511.354    12938.199    4014.2562    8427.1752    310.05768    13956 
138000000   -921.89798    11394.379    12942.342    3851.9173    8464.3598    310.15698    13984 
139000000   -875.20643    11291.665    12993.293    3889.7126     8277.159    311.37799    13976 
140000000   -981.71598     11372.89    12953.596    3907.4072     8447.199    310.42668    14000 
141000000   -951.16469    11315.344    12791.001    3849.3801    8417.1282    306.53017    13977 
142000000   -976.22815    11277.193    12786.893    3789.4377    8463.9835    306.43172    13991 
143000000   -974.39646    11415.706    13004.357    3949.4878    8440.6151    311.64314    13983 
144000000    -944.8333    11520.713      12811.5    3962.5163      8503.03    307.02141    13993 
145000000   -940.46717    11284.853    12983.227    3814.3165    8411.0037    311.13678    14002 
146000000   -940.28098    11512.866    13160.182    3960.5195    8492.6279    315.37742    13988 
147000000    -948.1357    11326.574    12766.968    3919.0059    8355.7042    305.95423    13996 
148000000   -931.91961    11440.805    12903.982     3935.232    8437.4928    309.23771    14008 
149000000    -844.1335    11489.995    12986.813    3920.4925    8413.6356     311.2227    13952 
150000000    -961.0587    11380.855    12973.242    3944.3746    8397.5388    310.89748    13963 
151000000   -930.82508    11522.113     12908.17    3994.1841    8458.7541    309.33806    13970 
152000000   -882.54592    11427.593    13011.683    3959.7945    8350.3442    311.81871    13958 
153000000   -951.79062    11411.222    12886.671    3913.3491    8449.6638    308.82284    13966 
154000000   -878.59818     11323.37    13028.853    3948.3341    8253.6345    312.23018    13963 
155000000   -928.70288    11505.539    12886.017    3988.2214    8446.0201    308.80717    13990 
156000000   -982.90555    11468.086     13117.94    3893.4422    8557.5497    314.36509    13990 
157000000   -942.18192    11493.157    12892.501    4009.6133    8425.7257    308.96257    13938 
158000000   -909.53109    11271.865    12935.111     3869.618    8311.7785    309.98368    13953 
159000000     -900.239     11345.45    12925.679    3954.5393    8291.1499    309.75765    13952 
160000000   -904.54074     11430.04    12874.793    3961.8438    8372.7369     308.5382    13944 
161000000   -887.74756     11539.16    12795.562    4045.2819    8381.6259    306.63947    13942 
162000000   -922.87857    11606.245    12961.831    3932.3616    8596.7618    310.62403    13975 
163000000   -952.48289    11317.434    12981.543    3951.0718    8318.8454    311.09641    13989 
164000000   -933.92645    11477.001    12922.054    3945.1904     8465.737    309.67079    14008 
165000000   -936.94129    11391.294    12922.769    3892.8947    8435.3403    309.68792    14002 
166000000   -970.77692    11373.502    12884.993    3874.1844    8470.0941    308.78263    14024 
167000000   -904.45616    11280.881    12908.373    3836.5806    8348.7567    309.34293    13977 
168000000   -935.72052    11423.182    12859.987    3953.4199    8405.4821    308.18338    13997 
169000000   -949.58538    11540.928    12881.244    4067.9758    8422.5376    308.69279    13977 
170000000    -996.1186    11300.307    12852.235      3885.38    8411.0458    307.99761    14005 
171000000   -965.38904    11319.536    12928.834    3915.6332    8369.2919    309.83327    14030 
172000000   -963.73334    11479.614     12894.25    3937.2584    8506.0887    309.00449    13986 
173000000   -929.92242    11384.407     12761.23    3966.6509    8347.6782    305.81672    13998 
174000000   -1024.0513    11291.459    13141.231    3875.6375    8439.8732    314.92326    14020 
175000000   -921.58259    11365.154    12926.446    3991.4421    8295.2948    309.77604    13979 
176000000   -970.90588    11359.269    13076.939    3882.0654    8448.1092    313.38253    14033 
177000000   -952.32665    11557.114    12922.225    3982.3578     8527.083    309.67489    13973 
178000000   -909.06758    11401.501    12987.323    3919.7878    8390.7809    311.23492    13979 
179000000   -935.59804    11516.028    12795.099    4006.5674    8445.0588    306.62837    13981 
180000000   -955.29867    11504.525    12999.541    3962.7279    8497.0959    311.52773    13985 
181000000   -913.36534     11418.82    13039.551    3946.3545    8385.8306    312.48654    13978 
182000000   -912.44355    11496.362    12924.958      3931.38    8477.4252    309.74038    13996 
183000000   -930.01629    11357.897    12674.306    3866.6664    8421.2466    303.73363    14017 
184000000   -903.71058    11456.211    13114.647     3944.923    8414.9984    314.28619    13966 
185000000   -928.33695    11498.706    12908.849    3960.9519    8466.0909    309.35433    13987 
186000000   -954.65104    11339.867    12991.753    3909.4277    8385.0902     311.3411    13996 
187000000   -1010.1848    11240.207    12877.345    3807.6649    8442.7266    308.59934    14007 
188000000   -1020.7401     11463.91    12895.163     3920.345    8564.3048    309.02635    14002 
189000000   -990.15237      11229.2    12854.938    3901.5344    8317.8175    308.06239    14000 
190000000   -941.77433    11295.456     12871.95    3943.5512    8293.6794    308.47007    13998 
191000000   -979.05822    11333.574    12961.451    3895.0254    8417.6073    310.61492    14015 
192000000   -1007.3819    11333.535    12903.075    3921.0437    8419.8732    309.21595    14014 
193000000   -1019.5022    11173.059    13087.306    3825.8619    8366.6995    313.63097    14014 
194000000   -956.06812    11311.711    12915.689    3898.3456    8369.4334    309.51826    13982 
195000000   -960.41452    11413.689    12976.352    3956.2672    8417.8366    310.97202    13996 
196000000   -934.65588    11377.999    12791.772    3954.2367    8358.4186    306.54865    13980 
197000000   -960.47153    11451.948    12812.744    3915.1336    8497.2864    307.05121    13983 
198000000   -955.16942    11318.641    12843.874    3886.7962    8387.0146    307.79724    13965 
199000000   -974.73757    11158.717    13108.143    3845.4783    8287.9761    314.13032    14017 
200000000    -957.5373    11391.731    12901.754    3964.4633    8384.8049    309.18432    13979 
201000000    -922.7492    11421.075    12953.005    3957.4484    8386.3762     310.4125    13961 
202000000   -970.88278    11280.648     12931.36    3853.1946    8398.3364     309.8938    13999 
203000000   -935.74683    11321.973    12859.803    3850.9859    8406.7343    308.17897    13987 
204000000   -951.95771    11370.632    12898.334    3905.3615    8417.2279    309.10234    13992 
205000000   -953.97831    11376.673    12896.521    3919.1679    8411.4838     309.0589    13990 
206000000   -941.04055    11484.373    12898.665    4004.8362    8420.5778    309.11027    13981 
207000000   -899.95796     11444.05    12890.946    3954.5485    8389.4593    308.92529    13963 
208000000   -920.21534    11428.113     12946.67    3925.3088    8423.0196    310.26071    13975 
209000000   -925.79542    11507.587    12972.875    4037.4112    8395.9712    310.88868    13984 
210000000    -915.8706    11321.016    12997.912    3879.9984    8356.8884    311.48869    13962 
211000000   -948.57869     11476.06     12826.57    3960.7476    8463.8915    307.38255    13965 
212000000   -905.41081    11459.196    13046.807    3940.4579    8424.1493    312.66044    13966 
213000000   -944.95855    11208.821    12976.099    3838.0576    8315.7219    310.96594    14010 
214000000   -947.19737    11430.972    12972.919    4001.7636    8376.4054    310.88975    13958 
215000000   -960.26396    11423.654    13005.158    3867.6537    8516.2639    311.66232    13998 
216000000   -935.80191    11376.916    13036.261    3963.0946    8349.6233    312.40771    13996 
217000000   -921.16444    11202.027    12890.076    3843.8445    8279.3466    308.90444    14015 
218000000   -986.03093    11195.336    12834.504    3808.5248    8372.8421    307.57268    14008 
219000000   -957.03117    11444.182    12855.927     3975.394    8425.8192    308.08607    13968 
220000000   -937.97204    11417.881    12914.016    3954.1554    8401.6974    309.47815    13991 
221000000   -983.04306     11410.65    13016.611     3928.181    8465.5122    311.93679    13961 
222000000   -949.80121    11371.176     12914.36    3903.1243    8417.8533     309.4864    14019 
223000000    -981.9992    11324.028    12955.239    3844.1339    8461.8935    310.46605    13992 
224000000   -909.68475    11447.422    12866.003    3942.3652    8414.7418    308.32754    14000 
225000000      -971.91    11451.284    12947.169    3969.5836    8453.6107    310.27265    13972 
226000000   -1002.2234    11274.586    13022.097    3894.8406     8381.969    312.06827    14022 
227000000   -1007.3284    11365.524     12949.11    3935.2001    8437.6525    310.31918    14001 
228000000   -1031.6854     11150.83     13011.29    3847.0466    8335.4683    311.80928    14011 
229000000   -1037.6086    11213.526     13102.02    3799.1785    8451.9559    313.98358    14024 
230000000   -1065.4098    11360.945    12922.343    3927.1829    8499.1723    309.67772    14024 
231000000   -977.69662    11303.126    12831.421    3863.1409    8417.6818    307.49882    14002 
232000000   -900.41716    11425.539    12848.536    3923.5222     8402.434    307.90897    13967 
233000000   -963.33531    11257.869    12956.155    3869.5069    8351.6976    310.48801    13985 
234000000   -940.06751    11410.732    12889.405     3950.515    8400.2845    308.88837    13977 
235000000   -960.97312    11349.528    12895.729    3860.7647    8449.7361    309.03991    13989 
236000000   -988.94679    11338.315    12957.201    3940.5544    8386.7078    310.51307    14009 
237000000   -977.26238     11467.02    12784.216    3937.6222      8506.66    306.36756    13986 
238000000   -1025.9275    11239.657    12987.469    3844.2065    8421.3784    311.23842    14025 
239000000   -1032.7954    11241.461    12843.873    3822.9634    8451.2925    307.79721    14003 
240000000   -979.57469    11317.237    12929.004    3827.0747    8469.7371    309.83733    13988 
241000000   -943.73693     11408.32    13051.332    4018.4096    8333.6469    312.76886    13972 
242000000   -957.73632    11356.006    12900.618    3872.5854    8441.1565    309.15709    13997 
243000000   -945.81002    11474.969    12876.941    3996.0799    8424.6988    308.58968    13986 
244000000   -962.13154    11247.529    13102.675    3833.7038    8375.9565    313.99928    14004 
245000000   -998.64435    11375.083    13046.504    3894.9038    8478.8234    312.65317    14024 
246000000   -948.68811    11535.536    12889.256     3947.513    8536.7112    308.88479    14005 
247000000   -951.59812    11348.564    12879.237    3944.1131     8356.049    308.64469    13976 
248000000   -915.58509    11275.038    12776.009    3875.0731    8315.5501    306.17089    13988 
249000000   -939.49122    11344.578    13089.457    3873.5604    8410.5085    313.68251    13996 
250000000   -1022.7609    11385.677    12943.438    3942.1089    8466.3289    310.18325    14027 
251000000     -1009.84    11263.468    12859.184    3917.1966    8356.1118    308.16415    13990 
252000000   -879.45717    11437.082    12816.244    3915.5223    8401.0171    307.13509    13974 
253000000   -916.31359    11568.603    12694.633    3973.4605    8511.4562    304.22076    13961 
254000000   -957.15263    11393.459    13105.506    3923.1543    8427.4571    314.06713    13984 
255000000   -946.56849    11506.737    13066.419    3976.3776    8476.9276    313.13043    13969 
256000000   -1021.5808    11470.189    13018.428    3936.6681    8555.1014    311.98033    14026 
257000000   -1006.5186     11414.86    12895.867    3895.9844    8525.3944    309.04322    14015 
258000000   -998.49776    11262.042    12963.886    3918.0048    8342.5352    310.67327    13981 
259000000   -994.67663    11207.993    12989.422    3809.8825    8392.7873    311.28522    14025 
260000000   -1046.7697    11271.149    13009.699    3915.6306    8402.2882    311.77116    14020 
261000000   -1006.9504    11242.271    12959.431    3852.5189    8396.7022    310.56652    14023 
262000000   -919.58717    11399.138    12977.604    3942.5265    8376.1986    311.00203    13996 
263000000   -944.97103    11345.216    12743.621    3883.8323    8406.3545    305.39472    13972 
264000000    -973.0123     11323.36    12714.353    3961.7789    8334.5938    304.69333    14003 
265000000   -968.46641    11441.645    12926.853    3929.9279    8480.1834    309.78579    14011 
266000000   -916.32517    11476.311    13029.505    3955.7736    8436.8628     312.2458    13972 
267000000   -933.49538    11237.638    13095.172    3833.9682    8337.1656    313.81946    14012 
268000000   -954.94338    11209.188    12948.287    3813.2881     8350.843    310.29944    14003 
269000000    -938.6014    11385.953    12792.835    3957.7256    8366.8293    306.57412    13974 
270000000   -973.31195    11403.986    12926.319    3919.4612    8457.8363    309.77299    13972 
271000000    -943.4048    11303.374    13045.966    3938.1084    8308.6701    312.64028    13984 
272000000    -1033.346    11422.393    12897.278    3993.9253     8461.814    309.07703    14007 
273000000   -889.20563    11294.841    12865.929    3847.6894    8336.3572    308.32578    13996 
274000000   -970.19738    11369.391    12881.669    3931.1728    8408.4157    308.70298    14005 
275000000   -988.36973    11295.391    12890.487    3902.2934    8381.4669     308.9143    14002 
276000000   -999.84778    11285.867    13104.588    3857.9302    8427.7846    314.04511    14024 
277000000   -1001.1597    11418.213    12936.656    4029.6454    8389.7275    310.02071    13983 
278000000   -1001.8239     11319.62    13070.317    3876.2213    8445.2227    313.22385    14005 
279000000   -972.41047    11367.176    12946.651    3876.5127    8463.0734    310.26024    14017 
280000000   -1022.0874    11288.695    12882.742    3957.5535    8353.2285     308.7287    14010 
281000000   -987.42746      11453.9    12811.681    3974.2841    8467.0434    307.02575    13990 
282000000   -924.10641    11407.575    13009.545    3978.4347    8353.2462    311.76747    13991 
283000000   -923.47309    11564.093    12970.498    3992.0284    8495.5382    310.83173    13976 
284000000   -962.46992    11322.478    12854.865    3926.5589    8358.3892    308.06065    13993 
285000000   -960.71926    11336.749    12837.561    3844.9132    8452.5553    307.64595    13997 
286000000   -972.36799    11299.148    12964.608    3896.4295    8375.0862    310.69057    13978 
287000000   -970.69315    11344.717    13064.841    3924.4184    8390.9917    313.09262    13987 
288000000   -965.16196    11296.868    12967.213     3843.237    8418.7932    310.75299    13985 
289000000   -927.80814    11340.755    12888.004    3895.0917     8373.471    308.85479    13988 
290000000   -940.96862    11293.194    12900.613    3911.8793     8322.283    309.15696    13996 
291000000   -959.15412    11326.306    12794.165    3918.9492    8366.5105    306.60598    14015 
292000000   -1003.3571    11254.585    13003.915    3908.6418    8349.3003    311.63256    14020 
293000000   -998.52166    11302.484    12952.555    3791.4312    8509.5746    310.40173    14031 
294000000   -957.85224    11190.914    12850.957    3948.1455     8200.621    307.96699    13993 
295000000   -988.97477    11280.629    12805.644     3851.492    8418.1119    306.88108    13993 
296000000   -972.17423    11377.681    12866.457    3944.6041    8405.2512    308.33843    13987 
297000000   -1001.3459    11416.186    12859.897    3882.5185    8535.0137    308.18123    14004 
298000000   -1003.4046    11313.863    13041.604    3945.1705    8372.0969    312.53574    13993 
299000000    -997.1521    11306.073    12858.595    3893.8751    8409.3496    308.15002    13997 
300000000   -1017.2239    11311.587    12870.291    3914.9662    8413.8444    308.43031    14009 
301000000   -996.80811    11419.727    12970.851    3914.3433    8502.1922    310.84018    13973 
302000000   -947.42405    11415.023    12687.669    3927.2882    8435.1591    304.05386    14000 
303000000   -973.43403    11239.565    12784.907    3879.8785    8333.1203    306.38413    13991 
304000000   -1028.5701    11182.846    13024.889    3882.2367    8329.1796    312.13518    13992 
305000000   -1028.9725    11257.732    13007.973    3847.2453    8439.4595    311.72979    14031 
306000000   -998.10261    11178.771    12777.701     3833.604    8343.2699    306.21143    14033 
307000000   -969.43398    11329.941    13021.438    3870.3019    8429.0728    312.05248    14009 
308000000   -1053.6193    11263.546    13010.764    3839.2885     8477.877    311.79668    14018 
309000000   -1033.8536    11304.092    12985.353    3966.0958    8371.8501    311.18771    14011 
310000000   -1009.6444    11299.626    12882.254    3930.0113    8379.2595      308.717    14003 
311000000   -1022.9299    11215.846     12969.13    3849.9306    8388.8455    310.79894    13995 
312000000   -992.15609    11273.177    12926.857    3855.1643    8410.1688     309.7859    14002 
313000000   -1019.6501    11178.359    12823.392     3896.833    8301.1763    307.30639    14011 
314000000    -1025.601    11323.756    13016.155    3949.0112    8400.3456    311.92588    14007 
315000000   -1006.1017    11279.288    13051.099    3934.9093    8350.4809     312.7633    13992 
316000000   -1019.1281    11318.471    12762.253    3861.9311    8475.6678    305.84122    14016 
317000000   -1049.6778    11257.049     12914.93    3858.6252    8448.1019    309.50006    14033 
318000000   -1028.0108    11140.409    12998.481    3786.2463    8382.1732    311.50233    14005 
319000000   -1025.5104    11261.336    13124.401    3892.5834    8394.2634    314.51992    14043 
320000000   -987.92173    11292.521    12981.235     3933.578    8346.8645    311.08903    13990 
321000000   -1069.0433    11264.291     12962.14    3893.6345    8439.6995    310.63143    14036 
322000000   -950.07078    11458.012    12798.651    3978.4303    8429.6521    306.71349    13976 
323000000    -1010.488    11114.686     13001.61     3857.822    8267.3519    311.57732    14008 
324000000   -978.48608    11273.847    12757.531    3898.9051    8353.4283    305.72807    14031 
325000000    -964.2674    11305.426    12939.011    3829.8266    8439.8669    310.07716    14000 
326000000   -1042.7517     11232.66    13014.317    3870.0211    8405.3903    311.88183    14023 
327000000   -960.40455    11405.428    13071.717    3941.3212    8424.5117    313.25738    13990 
328000000   -956.42922    11309.397    12962.439    3887.9338    8377.8921     310.6386    14001 
329000000   -925.12544    11377.881    12969.836    3936.1595    8366.8471    310.81586    14012 
330000000   -944.83182    11301.452    12758.328    3869.0814    8377.2023    305.74717    14003 
331000000   -990.77429    11255.212    13022.787    3957.1034    8288.8833    312.08481    14003 
332000000   -976.49673    11510.097    12922.744    3885.0121    8601.5812    309.68731    13987 
333000000   -926.78411    11380.464    13119.447    3979.1246    8328.1233    314.40121    13982 
334000000    -938.6612    11333.472    12849.165     3876.946     8395.187    307.92404    13973 
335000000   -943.66896    11378.188    13044.049    3937.5749    8384.2825    312.59434    14004 
336000000   -933.78616    11278.376    13036.891    3837.4998    8374.6626    312.42281    14004 
337000000   -893.58545    11451.476    12896.704    3966.9649    8378.0966    309.06329    13980 
338000000   -977.63343     11309.79    12981.608     3843.589    8443.8345    311.09797    14012 
339000000   -944.12298    11264.392    12963.902    3855.6513    8352.8637    310.67366    13987 
340000000   -981.02065     11398.71     13003.95    3988.3334    8391.3968    311.63338    13993 
341000000   -994.29062    11287.137    12831.689    3946.2492    8335.1784    307.50524    14008 
342000000   -1087.6707    11296.336    12930.947    3918.9288    8465.0782    309.88389    14009 
343000000   -973.75265    11267.278    12895.633    3874.3021    8366.7284    309.03762    13996 
344000000   -997.42623    11180.121    12945.268    3875.1539    8302.3938    310.22709    14004 
345000000   -933.95212    11433.242    13032.889    3976.7971    8390.3967    312.32688    13991 
346000000   -922.95438    11327.664    12944.487    3969.8378    8280.7804    310.20839    13987 
347000000   -894.69409    11436.377    12724.438    3961.6111    8369.4602    304.93501    13965 
348000000   -907.12939    11496.911    12944.377    3943.3244    8460.7163    310.20575    13943 
349000000   -979.34911    11251.815    12914.567    3866.3921    8364.7718    309.49136    14004 
350000000   -996.98054    11417.422    12988.728    4031.3411    8383.0614    311.26859    14007 
351000000   -1009.9115    11374.469    12966.454     3955.722    8428.6583    310.73481    14013 
352000000   -969.22008    11273.821     12937.53     3921.878    8321.1631    310.04166    14023 
353000000   -985.78158    11283.209    12943.864    3894.8476    8374.1431    310.19344    13998 
354000000   -1007.4487    11359.183    13078.405     3950.139    8416.4928    313.41767    13994 
355000000   -934.51713    11269.572    13026.875    3918.6539    8285.4357    312.18277    14014 
356000000   -934.96996    11397.448    12806.925    3950.3257    8382.0922    306.91178    13989 
357000000   -1005.6225    11359.246    13062.933    3931.1972    8433.6713    313.04689    14005 
358000000   -985.84508    11383.295    12867.886    3919.1337    8450.0065    308.37268    14018 
359000000   -1021.8045    11462.286    12944.377    3978.6438     8505.447    310.20574    13994 
360000000   -973.86789    11218.691    12946.909    3873.7571    8318.8023    310.26644    14012 
361000000   -1028.5498    11411.091    12643.098    3960.8494    8478.7918    302.98574    14026 
362000000   -986.08616    11342.763    12964.201     3925.179    8403.6699    310.68082    13993 
363000000   -942.50578    11308.327    12905.447    3913.0327       8337.8    309.27281    13991 
364000000   -938.96424    11332.104    12956.064    3925.8186    8345.2494    310.48583    13977 
365000000   -942.92121    11304.504    12935.414    3929.1509    8318.2743    309.99096    13987 
366000000   -986.17154    11336.062    12988.713    3900.4183    8421.8148    311.26825    13999 
367000000   -936.54206    11438.898     12927.28    3943.7303    8431.7098    309.79601    13987 
368000000   -950.88873    11332.794    12831.952    3914.2586    8369.4237    307.51153    13988 
369000000   -957.17186    11493.134    13019.599    3925.4899    8524.8155    312.00841    13985 
370000000   -987.46786     11416.55    12878.667    3942.4877    8461.5303    308.63103    13974 
371000000   -910.61266    11439.412    12968.722    3930.0002    8420.0245    310.78916    13970 
372000000   -909.58369    11350.176    12791.356    3947.4166    8312.3428    306.53868    13982 
373000000   -960.05449    11286.615    12952.344    3919.4317    8327.2376    310.39667    13997 
374000000   -940.25956    11580.964    12942.885    4049.5709    8471.6525    310.16998    14004 
375000000   -959.65563    11385.996    12939.509    3908.1137    8437.5377    310.08908    14025 
376000000   -1003.1432    11364.186    12953.172    3902.3205     8465.009    310.41652    14021 
377000000     -1015.81    11301.442     12775.48    3941.9709    8375.2807     306.1582    14026 
378000000   -1011.8416    11308.137    12939.425    3815.9543    8504.0245    310.08707    14007 
379000000   -991.05669    11339.505    12800.595    3932.5372     8398.024    306.76009    13998 
380000000   -962.54847    11396.424     12950.26    3942.8904    8416.0822    310.34673    13989 
381000000   -1006.5251    11322.314    12927.715    3863.0655    8465.7735    309.80645    14045 
382000000   -1012.8677    11252.243    12954.032    3861.4526    8403.6579    310.43712    14011 
383000000   -1014.8231    11240.043    12855.947    3924.7902    8330.0761    308.08655    13995 
384000000   -993.23455    11396.704    13044.645    4010.2518    8379.6864    312.60863    13995 
385000000   -1063.2984    11303.285    12958.738    3945.2137    8421.3701     310.5499    14011 
386000000   -1039.1346     11185.95    12917.051    3875.9862    8349.0981    309.55089    14016 
387000000   -1000.3611    11455.291    12844.486    3951.2053    8504.4469    307.81191    13992 
388000000   -988.53408    11331.573    12995.895    3914.0388    8406.0687    311.44034    14005 
389000000   -1006.6758    11205.316    12839.471    3887.7341    8324.2579    307.69173    14001 
390000000   -1018.5446    11436.679    12897.325    3991.1326    8464.0909    309.07817    14020 
391000000   -945.09001    11426.626    13024.508    3964.9756    8406.7403    312.12605    13995 
392000000   -946.95463    11322.281    13061.836    3894.7246     8374.511    313.02059    14007 
393000000   -976.56585    11357.404    12903.908     3935.339     8398.631    309.23593    13978 
394000000   -1017.8493    11259.952    12814.311    3820.8196    8456.9819    307.08877    14011 
395000000   -965.28697    11340.651    12753.322    3936.3172    8369.6207    305.62721    13995 
396000000   -966.71347     11358.24    12945.798    3881.4083    8443.5448    310.23981    13997 
397000000   -1000.4018    11388.713    12941.001    3933.4047    8455.7103    310.12484    13986 
398000000   -963.56166    11280.182    13081.705    3919.2775    8324.4662    313.49674    13984 
399000000   -917.40871    11244.853    12932.897    3836.9072    8325.3548    309.93064    13996 
400000000   -1023.8305    11275.564    12774.006    3864.4315    8434.9635    306.12289    14020 
401000000   -977.08594    11103.992    13009.936    3779.3184    8301.7595    311.77683    14036 
402000000   -1047.4475    11247.197    12937.946    3893.5577    8401.0871    310.05163    14026 
403000000   -1038.7042    11225.688    12844.633    3900.2035    8364.1884    307.81542    14009 
404000000   -995.78554    11417.718    12916.669    3999.7663    8413.7376    309.54174    13991 
405000000   -1010.5896    11231.776    13000.302    3877.6165    8364.7489    311.54596    14010 
406000000    -1000.329    11448.312    12870.967    3959.1522    8489.4887    308.44652    13999 
407000000   -977.52276     11331.25    12746.547    3948.5828    8360.1899    305.46485    14002 
408000000   -952.43728    11161.778    12840.776    3811.8685    8302.3468      307.723    14040 
409000000   -970.13282     11334.84    13073.458    3925.6671    8379.3056    313.29911    13971 
410000000   -924.58723    11239.986    12914.369    3862.0624    8302.5107    309.48661    13971 
411000000    -1015.399    11354.878    12915.566    3918.4543    8451.8223    309.51531    14010 
412000000   -940.28542    11380.749    12974.075     3925.088    8395.9466    310.91745    13999 
413000000   -943.14956    11299.707    12918.065    3837.3109    8405.5458     309.5752    13997 
414000000   -959.70565    11346.277    12974.197    3918.1202    8387.8625    310.92036    13987 
415000000    -962.9889    11384.234    12801.855    3920.5059    8426.7167    306.79028    13990 
416000000   -959.33733    11556.641    12991.932    3930.5786    8585.3997    311.34539    13993 
417000000   -950.47014    11443.215    12937.288    3960.0581    8433.6269    310.03586    13968 
418000000   -945.93638    11449.671    12856.108    3929.7662    8465.8409    308.09042    14011 
419000000   -974.10696    11342.267    12984.208    3904.8981    8411.4754    311.16029    13999 
420000000   -965.59794    11219.082    12962.069    3928.9109    8255.7693    310.62972    13977 
421000000   -909.75034    11323.852    12790.864    3934.6015    8299.0013    306.52689    13968 
422000000   -976.28631    11393.284    13050.399    4011.1691    8358.4009    312.74652    13989 
423000000   -954.66545    11214.586    12932.889     3835.376     8333.876    309.93044    13990 
424000000   -1013.2463    11212.611    12934.962    3857.7667    8368.0905    309.98013    14020 
425000000   -935.66486    11363.388     12844.48    3859.9097    8439.1427    307.81176    13970 
426000000   -967.20251    11315.524    12783.136    3922.5076    8360.2188    306.34168    13997 
427000000   -964.35343    11268.047    12894.942    3907.2471    8325.1531    309.02107    13991 
428000000   -1007.1142    11266.776    12890.036    3889.8631    8384.0268    308.90349    13993 
429000000   -956.94543    11447.829    12823.219    3968.5413     8436.233    307.30226    13967 
430000000   -981.23628     11267.88    12921.262    3854.3521    8394.7647    309.65181    14006 
431000000   -1032.9489    11381.719    12976.178    3960.1373    8454.5303    310.96784    13994 
432000000    -1007.061    11409.504    13151.095     3948.861    8467.7042    315.15963    13997 
433000000   -1047.8058    11065.091    12860.656     3785.779    8327.1181    308.19942    14050 
434000000   -1036.5712    11274.753    12992.264    3850.8647     8460.459    311.35333    14022 
435000000   -1004.5327    11397.661    13054.037    3976.0892    8426.1043    312.83369    13987 
436000000   -931.83707    11243.126    12932.678    3927.8591    8247.1037    309.92538    13992 
437000000   -966.47348    11207.213    12930.876    3849.9091    8323.7779    309.88221    13995 
438000000   -947.79408    11430.508    13061.047    3904.9909    8473.3111    313.00168    13977 
439000000    -922.8531    11353.333    12988.662    3902.3084    8373.8775      311.267    13986 
440000000   -1009.1766    11353.447    13012.771    3951.2168    8411.4069    311.84477    13992 
441000000   -960.20794    11364.255    12889.802    3934.3265    8390.1369    308.89788    13995 
442000000   -998.23613    11387.813    13044.027    3986.3366    8399.7124    312.59382    14010 
443000000   -1006.6952    11147.067    12873.884    3827.1499    8326.6121    308.51641    14035 
444000000   -996.38708    11380.685    12963.791    3964.7898    8412.2821      310.671    14010 
445000000   -971.39943    11272.604    12986.729    3895.8725    8348.1304    311.22069    14026 
446000000   -970.55748    11272.374    12877.033    3886.1968    8356.7346    308.59188    14019 
447000000   -891.39005    11359.705    12861.755    3899.4319    8351.6632    308.22574    13966 
448000000   -944.84835    11305.729    13088.632    3848.4596    8402.1176    313.66274    13980 
449000000   -943.96513    11416.077    12888.971    3954.6463    8405.3958    308.87796    13986 
450000000   -940.45215     11489.29    12925.946    3973.6376    8456.1044    309.76405    14001 
451000000   -980.20083    11393.059    12884.523    3903.0244    8470.2352    308.77138    13999 
452000000   -938.95707    11473.446    12932.556    3923.3758    8489.0277    309.92246    14011 
453000000   -928.18107    11444.894     12905.74    3982.2235    8390.8519    309.27984    14001 
454000000    -964.7523    11274.787    12857.338    3962.9275    8276.6118    308.11989    14006 
455000000   -1046.6132     11354.93    12920.494    3932.4416    8469.1021     309.6334    14008 
456000000   -974.20817    11400.575    13001.585    3918.3749    8456.4085    311.57672    13973 
457000000   -950.72626    11364.342    12901.292    3888.5053    8426.5633    309.17324    13998 
458000000   -949.84035    11336.026    13105.355    3910.6577     8375.209    314.06349    13958 
459000000   -983.47144    11376.625    12941.549     3916.188    8443.9086    310.13798    14016 
460000000   -963.90216    11377.113    13031.711    3914.0133    8427.0022    312.29867    13981 
461000000   -912.25604    11436.795     12902.22    4069.8289     8279.222    309.19548    13988 
462000000   -973.57636      11387.4    13057.634    3895.0256     8465.951    312.91989    14006 
463000000   -889.70351     11396.47    12949.644    3881.6561    8404.5174    310.33198    13973 
464000000   -897.13514    11402.668    13008.473    3894.6898    8405.1135    311.74179    13982 
465000000   -913.01881    11387.707    13008.021     3920.499    8380.2264    311.73095    13995 
466000000   -925.09703    11438.699    12991.079    3909.7974    8453.9989    311.32493    13947 
467000000   -888.18072    11413.885    12791.737    3908.1455      8393.92     306.5478    13961 
468000000   -916.93785    11450.002    12968.319    3948.3922    8418.5472    310.77951    13962 
469000000   -940.72869    11451.744    13045.206    3934.5404    8457.9325    312.62205    13981 
470000000   -923.94332     11449.65    12739.453    3874.9297    8498.6634    305.29484    13970 
471000000   -938.11161    11557.769     12853.77    3989.4769     8506.404     308.0344    13960 
472000000   -933.38421     11513.59    12773.935    4003.4267    8443.5476    306.12119    13981 
473000000   -942.43986    11427.694    12786.843    3973.2805    8396.8529    306.43052    13966 
474000000   -917.83126    11373.713    12864.196    3954.9976    8336.5464    308.28425    14001 
475000000   -951.30684    11440.971    12867.531    3975.4785    8416.7992    308.36418    13979 
476000000   -891.15282    11337.651      12907.3    3961.6166    8267.1869    309.31721    13970 
477000000   -962.47788    11428.075    12921.167    3943.5058    8447.0476    309.64954    13984 
478000000   -906.02386    11492.638    13135.524    4004.0036    8394.6581     314.7865    13977 
479000000   -896.13351    11467.443    12831.413    3907.1616    8456.4153    307.49863    13966 
480000000   -875.36699    11454.971    13151.257    3911.6622    8418.6761    315.16352    13976 
481000000   -981.03571     11466.83    12969.811    3961.2748    8486.5912    310.81525    13999 
482000000   -895.69825    11405.287    13045.485    3862.3303    8438.6554    312.62876    13979 
483000000   -907.23533    11448.749    12858.308    3902.0079    8453.9763    308.14313    14004 
484000000   -890.05534    11461.171     12888.87    3970.3971    8380.8296    308.87556    13972 
485000000    -961.0046    11315.796    13075.331     3881.163     8395.638    313.34399    13967 
486000000   -903.74886    11416.088    12805.969    3962.1468    8357.6897    306.88887    13975 
487000000   -918.17394    11428.263    13082.205    3949.5508     8396.886    313.50872    13980 
488000000   -1002.4176    11548.276    12882.399    3970.7086    8579.9845    308.72048    14005 
489000000   -995.90921    11344.582    12770.687    3847.2332    8493.2585    306.04335    14014 
490000000   -948.52924    11525.653    12992.534    3975.8589    8498.3237    311.35981    13984 
491000000   -974.86169    11355.441    12967.315    3933.5865    8396.7167    310.75545    14026 
492000000    -908.3865    11521.898    12911.975    3970.5962    8459.6882    309.42924    13960 
493000000   -916.33904    11412.541    12951.202    3899.6086    8429.2717    310.36931    13967 
494000000   -952.00067    11515.192    12872.423     3913.499    8553.6935    308.48141    13986 
495000000   -916.18242    11441.874    12885.646    3958.7805    8399.2754    308.79829    13987 
496000000   -1023.7661    11517.942    12798.309    3950.7155    8590.9923    306.70531    14007 
497000000   -912.18446    11505.104    13002.273    3991.7475    8425.5414     311.5932    13942 
498000000    -930.3154    11456.304    13102.501    3929.1851    8457.4342    313.99511    13978 
499000000   -942.78536    11310.177    12965.663     3909.802    8343.1604    310.71585    14003 
500000000    -958.7982    11369.136    12887.107    3862.0334    8465.9004     308.8333    14000 
Loop time of 140967 on 28 procs for 500000000 steps with 14000 atoms

Performance: 7661.360 ns/day, 0.003 hours/ns, 3546.926 timesteps/s
99.5% CPU use with 28 MPI tasks x no OpenMP threads

MPI task timing breakdown:
Section |  min time  |  avg time  |  max time  |%varavg| %total
---------------------------------------------------------------
Pair    | 7324.3     | 9422       | 12808      |1713.9 |  6.68
Bond    | 5025.2     | 6940.3     | 12998      |3159.9 |  4.92
Neigh   | 28882      | 29209      | 29679      | 118.0 | 20.72
Comm    | 41274      | 51304      | 55913      |1859.2 | 36.39
Output  | 0.65538    | 0.65679    | 0.65919    |   0.1 |  0.00
Modify  | 24775      | 26371      | 27804      | 632.0 | 18.71
Other   |            | 1.772e+04  |            |       | 12.57

Nlocal:    500 ave 502 max 497 min
Histogram: 1 0 0 0 5 0 16 0 4 2
Nghost:    396.964 ave 545 max 267 min
Histogram: 2 2 4 5 4 4 1 1 4 1
Neighs:    2301.21 ave 2941 max 1853 min
Histogram: 4 3 3 4 3 4 2 4 0 1

Total # of neighbors = 64434
Ave neighs/atom = 4.60243
Ave special neighs/atom = 6.125
Neighbor list builds = 100018505
Dangerous builds = 0
write_restart final_state_${fName}.restart
write_restart final_state_Run1.restart
Total wall time: 39:09:32
