
units real
boundary p p p
atom_style full

neighbor 1.9 bin
neigh_modify every 1 delay 1 check yes

read_data b70_N200_L400.data extra/special/per/atom 50
  orthogonal box = (-420 -420 -420) to (420 420 420)
  2 by 2 by 7 MPI processor grid
  reading atoms ...
  14000 atoms
  scanning bonds ...
  51 = max bonds/atom
  scanning angles ...
  1 = max angles/atom
  reading bonds ...
  13800 bonds
  reading angles ...
  13600 angles
  2 = max # of 1-2 neighbors
  2 = max # of 1-3 neighbors
  4 = max # of 1-4 neighbors
  56 = max # of special neighbors
  special bonds CPU = 0.320344 secs
  read_data CPU = 0.371928 secs

angle_style cosine
angle_coeff * 2 # K (energy unit)

bond_style hybrid harmonic harmonic/shift/cut
bond_coeff 1 harmonic 3 10
bond_coeff 2 harmonic 3 10
bond_coeff 3 harmonic/shift/cut 1.20 11.22 12.72

pair_style lj/cut 25
# atom-typ1, atom-typ2, energy-well, sigma (bead-diameter), cut-off (distance)
pair_coeff * * 0.18 10 25

special_bonds lj 1 1 1 angle no
  2 = max # of 1-2 neighbors
  2 = max # of 1-3 neighbors
  4 = max # of 1-4 neighbors
  56 = max # of special neighbors
  special bonds CPU = 0.0009758 secs

minimize 1.0e-4 1.0e-6 100000 100000 # force_tol, energy_tol, maxiter, maxeval
WARNING: Using 'neigh_modify every 1 delay 0 check yes' setting during minimization (../min.cpp:168)
Neighbor list info ...
  update every 1 steps, delay 0 steps, check yes
  max neighbors/atom: 2000, page size: 100000
  master list distance cutoff = 26.9
  ghost atom cutoff = 26.9
  binsize = 13.45, bins = 63 63 63
  1 neighbor lists, perpetual/occasional/extra = 1 0 0
  (1) pair lj/cut, perpetual
      attributes: half, newton on
      pair build: half/bin/newton
      stencil: half/bin/3d/newton
      bin: standard
Per MPI rank memory allocation (min/avg/max) = 1.165 | 13.79 | 17.67 Mbytes
Step Temp E_pair E_mol TotEng Press 
       0            0 2.4262116e+12      2649600 2.4262142e+12 1.1227655e+09 
    2593            0   -3213.8545    8077.7575     4863.903  0.022358999 
Loop time of 0.800099 on 28 procs for 2593 steps with 14000 atoms

99.5% CPU use with 28 MPI tasks x no OpenMP threads

Minimization stats:
  Stopping criterion = energy tolerance
  Energy initial, next-to-last, final = 
     2.42621422944e+12      4864.36586087      4863.90297658
  Force two-norm initial, final = 2.10957e+10 3.95325
  Force max component initial, final = 1.05441e+09 0.95274
  Final line search alpha, max atom move = 0.049396 0.0470616
  Iterations, force evaluations = 2593 2659

MPI task timing breakdown:
Section |  min time  |  avg time  |  max time  |%varavg| %total
---------------------------------------------------------------
Pair    | 0.038976   | 0.13033    | 0.24069    |  16.5 | 16.29
Bond    | 0.012462   | 0.034054   | 0.071334   |   7.9 |  4.26
Neigh   | 0.07323    | 0.075216   | 0.077064   |   0.3 |  9.40
Comm    | 0.14705    | 0.27852    | 0.41128    |  13.3 | 34.81
Output  | 0          | 0          | 0          |   0.0 |  0.00
Modify  | 0          | 0          | 0          |   0.0 |  0.00
Other   |            | 0.282      |            |       | 35.24

Nlocal:    500 ave 894 max 183 min
Histogram: 3 3 3 4 6 0 2 2 3 2
Nghost:    312.964 ave 490 max 136 min
Histogram: 3 3 2 1 4 3 4 4 1 3
Neighs:    3601.79 ave 6560 max 1006 min
Histogram: 4 1 5 2 7 0 1 1 5 2

Total # of neighbors = 100850
Ave neighs/atom = 7.20357
Ave special neighs/atom = 5.82857
Neighbor list builds = 165
Dangerous builds = 0

# further equilibriate the system before bond formation takes place
fix fxlan all langevin $T $T 1000 ${seed}
fix fxlan all langevin 310 $T 1000 ${seed}
fix fxlan all langevin 310 310 1000 ${seed}
fix fxlan all langevin 310 310 1000 33010
fix fxnve all nve
timestep 0.1
run 10000
Per MPI rank memory allocation (min/avg/max) = 1.127 | 12.9 | 16.54 Mbytes
Step Temp E_pair E_mol TotEng Press 
    2593            0   -3213.8545    8077.7575     4863.903  0.022358999 
   12593    226.05857   -2685.9455    11552.925    18300.033  -0.99797107 
Loop time of 1.80107 on 28 procs for 10000 steps with 14000 atoms

Performance: 47.972 ns/day, 0.500 hours/ns, 5552.264 timesteps/s
99.6% CPU use with 28 MPI tasks x no OpenMP threads

MPI task timing breakdown:
Section |  min time  |  avg time  |  max time  |%varavg| %total
---------------------------------------------------------------
Pair    | 0.052428   | 0.19844    | 0.4024     |  23.2 | 11.02
Bond    | 0.037905   | 0.10909    | 0.21348    |  13.8 |  6.06
Neigh   | 0.0024189  | 0.002464   | 0.0025573  |   0.1 |  0.14
Comm    | 0.5632     | 0.82495    | 1.088      |  15.1 | 45.80
Output  | 7.4296e-05 | 0.00011323 | 0.00015424 |   0.0 |  0.01
Modify  | 0.09052    | 0.2527     | 0.44193    |  19.9 | 14.03
Other   |            | 0.4133     |            |       | 22.95

Nlocal:    500 ave 894 max 184 min
Histogram: 3 3 4 3 6 0 2 2 3 2
Nghost:    313.536 ave 489 max 137 min
Histogram: 4 2 2 3 2 3 4 3 2 3
Neighs:    3615.75 ave 6533 max 1017 min
Histogram: 4 1 4 3 7 0 1 0 6 2

Total # of neighbors = 101241
Ave neighs/atom = 7.2315
Ave special neighs/atom = 5.82857
Neighbor list builds = 5
Dangerous builds = 0

unfix fxlan
unfix fxnve
reset_timestep 0

variable t equal step
variable steps equal 500000000
variable dt_thermo equal 1000000
variable dt_movie equal 10000000
variable dt_restart equal 50000000

group rxnSites type 1 3
4000 atoms in group rxnSites

# fix ID group-ID(atom-types) bond/create Nevery itype jtype Rmin bondtype (prob values = fraction seed) (iparam maxbond newType)
fix bondc rxnSites bond/create/random 20 1 3 12.72 3 prob 1 ${seed} iparam 1 1 jparam 1 3
fix bondc rxnSites bond/create/random 20 1 3 12.72 3 prob 1 33010 iparam 1 1 jparam 1 3

# fix ID group-ID bond/break Nevery bondtype Rmax keyword values ...
fix bondbr rxnSites bond/break 20 3 12.72 prob 1 ${seed}
fix bondbr rxnSites bond/break 20 3 12.72 prob 1 33010

variable frmbnd equal f_bondc[2]
variable brkbnd equal f_bondbr[2]
fix saveBond all print ${dt_thermo} "$t ${frmbnd} ${brkbnd}" file BondData_${fName}.dat screen no
fix saveBond all print 1000000 "$t ${frmbnd} ${brkbnd}" file BondData_${fName}.dat screen no
fix saveBond all print 1000000 "$t ${frmbnd} ${brkbnd}" file BondData_Run3.dat screen no

thermo_style custom step epair pe ke ebond eangle temp bonds
thermo ${dt_thermo}
thermo 1000000
fix saveThermo all print ${dt_thermo} "$t $(temp) $(ke) $(pe) $(epair) $(ebond) $(eangle) $(bonds)" file Thermo_${fName}.dat title "# Steps Temp KinEng PotEng Epair Ebond Eangle Bonds" screen no
fix saveThermo all print 1000000 "$t $(temp) $(ke) $(pe) $(epair) $(ebond) $(eangle) $(bonds)" file Thermo_${fName}.dat title "# Steps Temp KinEng PotEng Epair Ebond Eangle Bonds" screen no
fix saveThermo all print 1000000 "$t $(temp) $(ke) $(pe) $(epair) $(ebond) $(eangle) $(bonds)" file Thermo_Run3.dat title "# Steps Temp KinEng PotEng Epair Ebond Eangle Bonds" screen no

############################ Langevin Dynamics ###############################
fix fxlan all langevin $T $T 1000 ${seed}
fix fxlan all langevin 310 $T 1000 ${seed}
fix fxlan all langevin 310 310 1000 ${seed}
fix fxlan all langevin 310 310 1000 33010
fix fxnve all nve

comm_style tiled
fix fxbal all balance 1000 1.1 rcb

timestep 25

dump coor all custom ${dt_movie} traj_${fName}.dump id type mol mass x y z xu yu zu
dump coor all custom 10000000 traj_${fName}.dump id type mol mass x y z xu yu zu
dump coor all custom 10000000 traj_Run3.dump id type mol mass x y z xu yu zu

restart ${dt_restart} ${fName}_tp_*.restart
restart 50000000 ${fName}_tp_*.restart
restart 50000000 Run3_tp_*.restart
run ${steps}
run 500000000
Neighbor list info ...
  update every 1 steps, delay 1 steps, check yes
  max neighbors/atom: 2000, page size: 100000
  master list distance cutoff = 26.9
  ghost atom cutoff = 26.9
  binsize = 13.45, bins = 63 63 63
  2 neighbor lists, perpetual/occasional/extra = 1 1 0
  (1) pair lj/cut, perpetual
      attributes: half, newton on
      pair build: half/bin/newton
      stencil: half/bin/3d/newton
      bin: standard
  (2) fix bond/create/random, occasional, copy from (1)
      attributes: half, newton on
      pair build: copy
      stencil: none
      bin: none
Per MPI rank memory allocation (min/avg/max) = 17.76 | 18.27 | 18.83 Mbytes
Step E_pair PotEng KinEng E_bond E_angle Temp Bonds 
       0   -2685.9455    8866.9799    9433.0534    3040.1167    8512.8086    226.05857    13800 
 1000000   -953.94361      11368.2     12986.67    3933.4869    8388.6569    311.21927    13948 
 2000000    -919.9969    11543.564    12977.922    3989.5679    8473.9925    311.00963    14002 
 3000000   -962.16024    11289.958     12924.04    3821.2573    8430.8606    309.71838    14003 
 4000000   -977.46645    11380.097    12905.764     3911.491    8446.0728    309.28041    13997 
 5000000   -928.82767    11395.857     12908.92    3887.0794    8437.6054    309.35604    13975 
 6000000   -965.61795    11421.828    12825.852    3919.3253    8468.1207    307.36536    14001 
 7000000   -1038.3893    11247.113    12935.754    3848.8029    8436.6996     309.9991    14021 
 8000000   -977.94256    11373.047    12717.333    3992.2808     8358.709    304.76476    14023 
 9000000   -995.78163    11374.623    12802.817    3933.2671    8437.1377    306.81333    13978 
10000000   -970.80747    11287.213     12827.64    3842.2965    8415.7239    307.40819    14023 
11000000   -995.82256    11206.235    12893.314    3865.1128    8336.9453    308.98205    14005 
12000000   -1031.1007    11200.518    13112.724    3879.7058    8351.9131    314.24011    14008 
13000000   -939.20799    11304.979    12817.862    3895.2559    8348.9309    307.17387    14007 
14000000   -994.95451    11223.295    13003.397    3889.4137    8328.8354    311.62014    14015 
15000000   -1035.6974    11288.553    13089.283    3883.8418     8440.409    313.67834    14012 
16000000   -990.33972    11326.982    13015.587    3937.3462    8379.9754    311.91226    14003 
17000000   -1009.4423    11322.573    12816.108    3887.8255    8444.1901    307.13183    13999 
18000000   -926.94092    11562.667    12919.829    4023.6772    8465.9309    309.61747    13983 
19000000   -985.78682    11293.593     12837.79    3900.1545    8379.2252    307.65143    14014 
20000000   -945.60012      11266.5    12983.296    3880.5054    8331.5949    311.13842    14019 
21000000   -984.72506    11316.518    12959.656    3927.1845    8374.0587    310.57189    14000 
22000000   -942.57033    11406.023    12918.217    3909.1622     8439.431    309.57884    13978 
23000000   -989.31368     11225.43    13010.431    3913.1852    8301.5584    311.78869    14020 
24000000   -960.01178     11376.87    13054.246    3970.3151    8366.5663    312.83871    13978 
25000000   -947.23989    11355.467    13007.121    3899.1413    8403.5652    311.70939    14002 
26000000   -972.59975    11451.777    12886.577    3989.1773    8435.1991     308.8206    13981 
27000000    -957.9673    11208.238    13036.043    3818.7855    8347.4203    312.40247    14008 
28000000   -944.10609    11240.076    12973.964    3880.4745    8303.7081    310.91479    14002 
29000000    -932.2648    11408.751    12847.166    3892.5062    8448.5101    307.87614    14023 
30000000   -993.50566    11343.119    13070.728    3882.1818    8454.4426    313.23368    14010 
31000000   -963.06939    11319.388     12869.05    3882.5255    8399.9322    308.40058    14017 
32000000   -972.80381    11329.713    12905.005    3835.4189     8467.098    309.26222    14012 
33000000   -892.64295    11403.809    12827.305     3854.741    8441.7111    307.40017    13991 
34000000   -912.64321    11343.929    12996.426    3862.7071    8393.8654    311.45308    13984 
35000000   -962.21385    11371.521    12874.816    3813.9055    8519.8295    308.53876    13997 
36000000   -930.41122    11283.363    13030.084    3965.4613    8248.3125    312.25967    13982 
37000000   -885.84883    11324.865     12754.93    3856.7355    8353.9779    305.66574    14002 
38000000   -957.61556    11610.905    12803.704    4003.5233    8564.9973    306.83458    13989 
39000000   -890.47156    11511.978      13032.6    4026.0542    8376.3952    312.31997    13941 
40000000    -913.5069    11386.411    12940.074    3913.5691     8386.349    310.10264    13987 
41000000   -955.30124    11318.849    13011.533    3882.9592    8391.1914    311.81511    14004 
42000000   -939.10735    11240.305    13015.575    3942.6625    8236.7502    311.91198    14010 
43000000   -958.71862    11340.715    12935.599    3853.6842    8445.7492    309.99538    14004 
44000000   -962.63795    11472.863    12945.232    3895.6375    8539.8637    310.22624    14011 
45000000    -958.6772    11312.075    12903.069    3883.3094    8387.4427    309.21582    14021 
46000000   -963.48888    11359.884    12955.297    3929.1887    8394.1844    310.46745    13987 
47000000   -879.77709    11376.855    12866.753    3873.8501    8382.7817    308.34553    13952 
48000000   -918.81849    11524.865    12817.511    3967.3218    8476.3621    307.16547    13984 
49000000    -942.1449    11182.749    12939.966    3835.7381    8289.1554    310.10004    13997 
50000000   -1026.7685    11247.079    12806.192    3863.5019    8410.3452    306.89421    14024 
51000000   -938.50792    11267.106    12872.856    3892.3279    8313.2861    308.49178    13984 
52000000   -988.39315    11462.911    12831.525    3938.4843    8512.8194     307.5013    13997 
53000000   -961.76326    11236.515    12870.128    3906.0271    8292.2511     308.4264    13996 
54000000   -983.89216    11322.747    12932.887    3920.2329    8386.4068     309.9304    13985 
55000000   -1025.4013    11389.705    13051.271    3944.3518    8470.7548     312.7674    14010 
56000000   -999.82347    11387.887    12846.918    3921.8261    8465.8846    307.87018    14020 
57000000   -1023.3138    11295.838     12797.49    3923.5927    8395.5595    306.68568    14006 
58000000   -1033.4117    11214.881    12876.834    3927.0054    8321.2878    308.58711    14019 
59000000   -1030.9824    11329.161    12846.501    3990.0644    8370.0792     307.8602    13973 
60000000   -995.36708    11389.867    12892.855    3980.4286    8404.8052    308.97104    13991 
61000000   -976.85089    11368.918    12826.679    3905.9096    8439.8592    307.38517    13997 
62000000   -1035.5212    11293.701    13076.403    3899.7417    8429.4809    313.36968    14026 
63000000   -999.44078    11314.231    13005.377    3965.1318    8348.5396    311.66758    13977 
64000000   -986.11232    11222.852    13012.282    3874.5696    8334.3951    311.83307    13964 
65000000   -926.45641    11444.165    12959.661    3920.3165     8450.305    310.57201    13978 
66000000   -871.78351    11382.709    12896.374    3959.1398    8295.3531    309.05538    13972 
67000000   -907.09962    11409.219    13007.061      3951.51    8364.8092    311.70793    13958 
68000000   -928.79673    11498.494    12914.497    3986.6293    8440.6618    309.48968    13973 
69000000   -967.07798    11314.381    12823.194    3936.6774    8344.7818    307.30165    13990 
70000000   -1018.5857    11343.954    12886.527    3926.0681    8436.4718    308.81939    14007 
71000000   -976.78346    11365.145    13068.705    3946.0534    8395.8748     313.1852    14001 
72000000   -986.62104    11328.491    13114.295    3854.9959     8460.116    314.27774    13998 
73000000   -984.42402    11284.335    12971.027    3818.7438    8450.0149    310.84439    13988 
74000000    -1057.842    11311.488    12857.452    3925.4814    8443.8488    308.12262    13979 
75000000   -945.75354    11408.392    12891.174    3897.2894    8456.8557    308.93077    14006 
76000000   -929.60349    11466.909    13072.627    4007.1005    8389.4123    313.27919    13991 
77000000   -991.84641    11268.989    12960.814    3849.9306    8410.9047    310.59966    13999 
78000000   -959.22843    11252.432    12911.673    3895.6514    8316.0095    309.42201    13991 
79000000   -939.60966    11506.508    12942.874    3931.3439     8514.774    310.16973    13968 
80000000   -973.03972    11374.293    12947.021     3915.501    8431.8315    310.26911    14007 
81000000    -969.3223    11449.622    12793.681     3941.908    8477.0366    306.59439    13977 
82000000   -926.96803    11509.416    12819.339    3986.8464    8449.5371    307.20928    13998 
83000000   -956.35554    11258.252    12898.602    3846.2612     8368.346    309.10877    14020 
84000000   -946.83631    11404.083    12767.048    3984.1979    8366.7213    305.95615    13991 
85000000   -1002.8241    11307.607    13055.461    3913.6079    8396.8236    312.86782    14006 
86000000   -929.38366    11256.376    13046.194    3818.6227     8367.137    312.64575    14018 
87000000   -968.75065    11347.623    12848.189    3946.6438    8369.7293    307.90064    13981 
88000000   -901.64733    11327.144    12849.784    3922.8353    8305.9563    307.93886    13984 
89000000   -947.54578      11425.2     12963.55    3983.7315    8389.0147    310.66523    13978 
90000000   -984.10871    11344.812    12784.383    3934.8546    8394.0665    306.37157    13979 
91000000   -943.70164    11298.717    12900.883    3943.6281    8298.7905    309.16344    13993 
92000000   -957.99679    11305.706    12784.289    3944.7036    8318.9994    306.36931    13976 
93000000   -1009.3988    11263.607    12897.387      3936.73    8336.2756    309.07966    13996 
94000000   -999.01302    11336.822    12942.053    3892.0332    8443.8014    310.15005    14019 
95000000   -1011.7606    11276.382    12863.177    3792.9379    8495.2045    308.25982    14058 
96000000   -1040.7272    11422.243    12957.013    3941.7343    8521.2364    310.50855    14025 
97000000   -975.45909    11311.476    12978.917    3972.7302    8314.2052    311.03347    14004 
98000000   -948.14895    11264.987    13063.785    3842.0508    8371.0847    313.06731    14000 
99000000   -954.93132    11371.869    13055.155    3931.8868    8394.9134    312.86049    14016 
100000000   -1002.9422    11167.449    12843.198    3845.6568    8324.7345    307.78105    14010 
101000000   -929.83359     11429.84    12865.122    3938.8602    8420.8129    308.30644    13990 
102000000   -959.35062    11323.915    13054.591     3969.669     8313.597    312.84697    13994 
103000000   -919.89328    11472.709    12942.012    3967.4351    8425.1668    310.14907    13987 
104000000   -934.07039    11269.471     12969.74    3834.6805    8368.8607    310.81356    13996 
105000000   -943.90589    11641.019    12951.465    4008.2281    8576.6969    310.37562    13991 
106000000   -1002.8984    11330.858     13005.95    3933.6935    8400.0629    311.68131    14018 
107000000    -965.8179    11146.689    13153.578    3839.0138    8273.4928    315.21914    14001 
108000000   -958.56064    11258.375    13050.144    3842.1289    8374.8066     312.7404    14014 
109000000   -980.78504    11394.799    12857.499    3884.6178    8490.9664    308.12377    14031 
110000000   -986.07963    11363.733    12986.788    3909.1294    8440.6834    311.22211    14005 
111000000   -940.36766    11422.309    12895.484    3983.4723    8379.2048    309.03405    13983 
112000000   -953.26589    11407.842     12744.05    3889.7695    8471.3387    305.40502    14011 
113000000   -932.10836    11351.765    12935.787    3897.2867    8386.5869    309.99989    13984 
114000000   -965.94462    11385.797    12974.851    3878.8582    8472.8829    310.93603    14030 
115000000   -927.51828    11421.958    12940.331    3914.6386    8434.8374    310.10879    13996 
116000000   -937.98451    11382.521    13003.937    3883.2144    8437.2914    311.63308    13997 
117000000   -964.87907    11360.557    12958.927    3984.8088    8340.6272    310.55443    13971 
118000000   -951.52955      11418.7    13012.986    3974.3784    8395.8511    311.84993    13980 
119000000   -946.13323    11420.866    12933.191    3934.6979    8432.3016    309.93768    13995 
120000000   -915.69438    11367.961     13049.84    3812.6186    8471.0363    312.73312    14015 
121000000   -938.93837    11480.529     13028.19    3950.7304    8468.7364    312.21427    13960 
122000000    -913.1648    11499.138    12945.957    3965.6332    8446.6693    310.24361    13986 
123000000   -960.25001    11324.288    12904.694     3873.151    8411.3873    309.25476    13993 
124000000   -927.00204    11395.349    12952.968     3916.104    8406.2474    310.41162    13997 
125000000   -970.08588    11381.189    12591.161    3950.4805    8400.7946    301.74111    13993 
126000000   -994.64933    11286.659    12856.843    3910.8666    8370.4421    308.10805    13998 
127000000   -1006.2681    11364.742      12795.4    3898.2447    8472.7652    306.63559    13978 
128000000   -1003.2137    11287.629     13027.54    3849.2662    8441.5766    312.19871    14002 
129000000   -947.03296    11442.311    12954.165    3925.1263    8464.2174    310.44031    14002 
130000000   -942.86214    11325.896    12975.379    3840.9695    8427.7887    310.94869    13989 
131000000   -946.42511    11471.765    12950.331    3964.1575    8454.0323    310.34842    13960 
132000000   -981.23487    11321.745    12772.928    3890.8187    8412.1611    306.09706    13994 
133000000   -986.23006    11512.331    12975.093    3976.1013    8522.4602    310.94183    13976 
134000000   -994.22836    11179.058    13142.332    3823.6124    8349.6739    314.94965    14017 
135000000   -1002.1355    11281.811    12989.911    3809.4731    8474.4735    311.29695    13995 
136000000   -965.37188     11469.19    13002.896    3986.5408    8448.0208    311.60813    13996 
137000000   -986.93126     11280.91    12846.851     3982.717    8285.1242    307.86858    14014 
138000000   -998.20789    11276.938    13048.325    3921.9368    8353.2095    312.69681    13995 
139000000   -1005.7389    11273.776    12975.901    3877.6259    8401.8891     310.9612    14011 
140000000   -1023.8816    11223.391     12863.54    3888.4282    8358.8443    308.26854    14033 
141000000   -959.18076    11380.646    12933.348    3935.8956    8403.9309    309.94145    14003 
142000000   -987.44785    11233.472     12986.72     3848.505    8372.4145    311.22047    14008 
143000000   -1008.1863    11247.333    13029.047    3854.6964    8400.8231    312.23483    13994 
144000000   -965.53183    11396.893    13063.087    3882.5803    8479.8445    313.05058    13991 
145000000   -936.71315    11471.172    12969.433    3886.4708    8521.4143    310.80621    13988 
146000000   -1005.0098    11361.997    12912.444    3973.4236    8393.5835    309.44048    14006 
147000000   -959.48344    11306.538    12928.744    3957.6613      8308.36     309.8311    13985 
148000000   -945.13639    11390.564    12965.864     3810.732    8524.9682    310.72066    13991 
149000000   -987.76187    11324.746    12965.901    3925.9107    8386.5975    310.72156    13977 
150000000   -954.84179    11424.834    12826.764     3959.008    8420.6683    307.38721    13974 
151000000   -912.16876    11248.697    12858.963    3840.9074    8319.9584    308.15885    14032 
152000000   -919.62037    11365.277    13000.171    3906.4197    8378.4778    311.54283    13982 
153000000   -944.21113    11274.244    12870.122     3898.546    8319.9088    308.42626    14014 
154000000   -1018.4006    11383.811    12861.801    3935.1685    8467.0429    308.22684    14016 
155000000   -1029.1183    11226.759    12861.991    3789.4596    8466.4179     308.2314    14030 
156000000   -991.62005    11512.717    12768.715    3961.1898    8543.1474     305.9961    14001 
157000000   -959.10036    11295.009     12813.42    3884.8053     8369.304    307.06744    14008 
158000000   -946.37177    11285.056    13054.123    3914.2776    8317.1504    312.83576    14003 
159000000   -963.79847    11329.914    12956.159    3971.6359    8322.0763    310.48809    13998 
160000000   -1060.0624    11291.626    12821.852    3846.7272    8504.9616    307.26949    14035 
161000000     -973.914    11495.082    13076.114    3946.4181    8522.5783    313.36277    13976 
162000000   -942.43905    11400.459    12945.807    3895.2608    8447.6372    310.24001    13990 
163000000   -978.84419    11261.605    12951.476    3851.3981    8389.0509    310.37588    14005 
164000000   -965.36515    11231.357    12856.383    3815.3391    8381.3827    308.09702    14001 
165000000   -992.24862     11475.91      13000.4    3925.9396    8542.2193     311.5483    13985 
166000000   -950.90911    11428.681    12885.914    3953.0398      8426.55     308.8047    13987 
167000000   -1029.1829    11128.384    12996.033    3869.5627    8288.0044    311.44366    14021 
168000000   -1014.2415    11373.062     12990.82    4015.4474    8371.8558    311.31874    14005 
169000000     -1031.47    11374.049    12997.005    3992.7058    8412.8132    311.46696    14003 
170000000   -972.72391    11371.351    12841.352    4004.5129    8339.5617     307.7368    13973 
171000000   -941.50849    11334.058    13059.076    3857.6407    8417.9262    312.95446    13982 
172000000   -944.45018    11305.502    13072.613    3935.7609     8314.191    313.27886    14010 
173000000    -987.0006    11312.372    12881.843     3885.483    8413.8896    308.70716    13996 
174000000   -973.33669    11319.106    12968.892    3964.4336    8328.0087    310.79323    14016 
175000000   -964.50371    11353.441    12876.922    3919.2218    8398.7233    308.58923    13989 
176000000   -952.06328    11199.283    12894.448    3866.7747    8284.5713    309.00923    14000 
177000000   -951.93449    11380.464    12924.071    3956.7052    8375.6936    309.71911    13996 
178000000   -993.01169    11396.873    12964.495    3905.4001     8484.485    310.68787    13986 
179000000   -1007.0499    11237.391    13039.442    3874.5692    8369.8712    312.48393    14027 
180000000   -987.85717    11302.191    13065.853    3901.6696     8388.379    313.11686    14001 
181000000   -936.80819    11321.342    12842.227    3826.3055    8431.8443    307.75776    13989 
182000000   -1045.8583    11476.899    12842.571    4054.1084    8468.6485    307.76601    14018 
183000000   -922.38363    11687.619    12899.134    4016.8906    8593.1122    309.12152    13996 
184000000   -962.40426    11202.594    12938.243    3790.8038    8374.1942    310.05874    14021 
185000000   -1001.9258    11280.004    13013.901    3874.2983    8407.6313    311.87186    14006 
186000000   -977.11908    11354.974    12948.385    3918.2534    8413.8395    310.30181    13987 
187000000   -1018.4095    11294.647    12896.289     3936.288    8376.7685    309.05334    14034 
188000000   -1036.7337    11285.902    12898.173    3879.2164    8443.4196    309.09848    14029 
189000000   -989.16158    11434.206    12993.194    3973.9793    8449.3883    311.37562    14016 
190000000   -942.27778    11317.085     12806.63    3889.0976    8370.2647    306.90472    13989 
191000000   -996.40771    11299.633    12785.059    3830.6977    8465.3431    306.38777    13989 
192000000   -955.96974    11319.722     13090.75    3854.3134    8421.3783    313.71349    14021 
193000000   -960.43034    11370.382    12785.751    3886.0435    8444.7686    306.40434    13987 
194000000   -966.83365    11285.707    13033.106    3779.0937    8473.4469    312.33208    14013 
195000000   -940.49588    11291.713    12998.684    3881.8965    8350.3126    311.50719    13966 
196000000   -898.69149    11485.324    12885.746      3994.62    8389.3956    308.80069    13973 
197000000   -882.68438     11265.52    12897.047     3853.508    8294.6965    309.07152    14012 
198000000   -895.79653    11433.914    13072.126    3897.6372    8432.0738     313.2672    13971 
199000000   -898.33041      11364.8    12962.214    4003.7164     8259.414    310.63319    13972 
200000000   -975.10923    11418.118    12843.839    3939.8703    8453.3565     307.7964    14005 
201000000   -907.58006    11349.784    12898.813     3952.617    8304.7474    309.11382    13959 
202000000   -974.06367    11498.789    12944.735    3943.3094     8529.543    310.21432    13992 
203000000   -983.00956    11325.942    12894.457    3895.7019    8413.2498    309.00943    13987 
204000000    -965.3139    11186.014    12905.427    3816.7022    8334.6257    309.27233    14003 
205000000   -955.43813    11477.599     12790.87    3986.9372    8446.0995    306.52703    14004 
206000000   -940.81294    11348.851    12895.885    3950.9338    8338.7305    309.04366    13981 
207000000   -979.15071    11320.257    12952.437    3933.6259    8365.7821    310.39891    14005 
208000000   -970.43986    11172.782    13079.493    3832.9034    8310.3188    313.44373    13985 
209000000   -951.77296     11319.45    12914.422    3901.4416     8369.781    309.48789    14023 
210000000   -928.42672    11525.423    13138.133    3959.0718    8494.7784    314.84903    13993 
211000000   -887.60219    11424.177    12886.265    3954.5893      8357.19    308.81311    13949 
212000000   -908.10793    11470.017    12904.938    3887.4439    8490.6806     309.2606    13971 
213000000   -933.10386    11373.524    12812.788    3926.0191    8380.6083    307.05227    13973 
214000000    -901.4267    11429.293     13059.36    3974.2385    8356.4815    312.96125    13977 
215000000   -965.92286    11546.684     13047.26     3971.967    8540.6396    312.67129    13982 
216000000   -991.60054     11220.16    13079.485    3870.6221    8341.1381    313.44353    14015 
217000000   -921.20266    11391.338     12800.33    3974.2221    8338.3188    306.75374    13976 
218000000   -956.31275    11533.764    13007.701    3960.1484    8529.9282    311.72327    13983 
219000000   -902.61744    11458.089    13073.499     3976.885     8383.821     313.3001    13945 
220000000   -828.62782    11553.848      12728.3    3974.6459    8407.8299    305.02756    13964 
221000000   -848.40119     11581.66    12865.469    3986.1593    8443.9017    308.31476    13961 
222000000   -953.08331    11402.061    12988.862    3934.8802    8420.2638    311.27181    13964 
223000000   -899.83794     11437.71     12913.08    3947.5761    8389.9724    309.45572    13956 
224000000   -970.26056    11406.258     13009.93     3978.248    8398.2701     311.7767    14016 
225000000   -933.10748    11387.755    13068.084    3915.2535     8405.609    313.17032    13987 
226000000    -938.9432    11378.113    12860.277    3920.4911    8396.5651    308.19034    13985 
227000000   -929.99937    11433.988    12879.005    3992.0045    8371.9832    308.63914    13975 
228000000   -953.31119    11263.546    13007.664    3925.3528    8291.5041    311.72239    14018 
229000000   -927.68777    11438.111    12781.997    4001.9368    8363.8615    306.31438    13993 
230000000   -952.21232    11341.256    12863.478    3888.0775    8405.3912    308.26704    13988 
231000000   -965.39893    11554.515    12783.509    3981.2853    8538.6291    306.35061    14001 
232000000   -994.52153    11321.109    13003.464    3920.5346    8395.0956    311.62173    14024 
233000000   -924.34069    11471.278    12996.028    3922.6509    8472.9677    311.44354    14007 
234000000    -970.6567    11337.204    12727.403    3891.6242     8416.237    305.00606    13990 
235000000   -959.44091    11325.619    12919.815    3918.0702    8366.9901    309.61713    14002 
236000000   -970.01792    11250.645    12779.069    3902.3399    8318.3233    306.24421    13976 
237000000   -963.79459    11374.248    12996.416    3893.7571    8444.2852    311.45283    13997 
238000000   -1009.8524    11224.696    12895.081    3840.9125    8393.6356     309.0244    14024 
239000000   -938.40193    11237.418    13025.997     3950.953    8224.8666    312.16173    13986 
240000000   -971.53441    11279.243    12778.453    3840.7075    8410.0695    306.22946    14008 
241000000   -904.14376    11412.884     12867.92     3963.513    8353.5147     308.3735    13966 
242000000   -941.32861    11605.614    12950.959    4010.5936    8536.3491    310.36349    13987 
243000000   -958.04399    11520.046    12805.337    3973.6476     8504.442    306.87373    13980 
244000000   -1018.4055    11315.229    12937.677    3978.6919    8354.9422    310.04519    13992 
245000000   -980.17832    11430.304    12845.938    3978.8631    8431.6192     307.8467    13996 
246000000   -1005.2293    11187.902    12925.062    3863.0738    8330.0578    309.74287    14009 
247000000    -985.4952     11402.11    12828.917    4004.9291    8382.6765    307.43881    14003 
248000000   -957.06168    11458.787     12880.87    3955.0465    8460.8022    308.68383    13951 
249000000   -949.27102    11282.897    13080.902    3886.5965    8345.5713    313.47751    13966 
250000000   -1020.4177    11355.314    12814.676    4020.6235    8355.1082    307.09752    13987 
251000000   -1078.7176    11252.143    12943.142    3902.6831     8428.177    310.17615    14005 
252000000   -1067.9379    11222.556    13000.096    3883.0966    8407.3968    311.54103    14005 
253000000   -1008.8874    11233.793    12979.999    3865.6734     8377.007     311.0594    13964 
254000000   -984.40144    11326.692    12930.752    3856.6423    8454.4509    309.87923    14008 
255000000   -1007.9993    11376.685    12854.499    3903.7401    8480.9437    308.05186    13992 
256000000   -995.77788    11314.422    12952.113    3866.6582    8443.5419    310.39112    13984 
257000000   -936.55908    11379.356    12763.853    3880.5907    8435.3239    305.87957    13990 
258000000   -924.25618    11444.286    12969.264    3934.5709    8433.9711    310.80215    13960 
259000000   -1025.0952    11381.379    12995.151    3942.0731     8464.401    311.42251    14013 
260000000   -912.17692    11493.571    12833.518    3957.5621    8448.1861    307.54906    13984 
261000000   -976.01854    11246.644    12950.187    3851.2485    8371.4144    310.34497    13975 
262000000   -918.31873     11280.97    13034.042    3774.8006    8424.4877    312.35454    14019 
263000000   -906.38954    11342.482    12983.664     3843.061     8405.811    311.14724    14019 
264000000   -988.75873    11283.349    12957.366    3848.7261    8423.3821    310.51701    14022 
265000000   -940.14887    11399.817    12815.319    3927.0478    8412.9184    307.11293    14002 
266000000   -903.00869    11499.457     12871.82    3947.3843    8455.0813    308.46696    13991 
267000000    -946.5987    11397.636    12904.386    3897.0537    8447.1813    309.24738    13992 
268000000   -1026.1974    11284.104    12909.144    3878.5024    8431.7992    309.36141    14004 
269000000   -970.16124    11317.778     12980.92    3889.6618    8398.2772    311.08148    14005 
270000000    -951.4075    11305.816    12935.867    3791.2177     8466.006    310.00182    14024 
271000000   -979.84364    11262.494    13019.569    3875.4862    8366.8512    312.00769    14012 
272000000   -981.85638    11374.441    12910.291    3841.6744    8514.6233     309.3889    14031 
273000000   -984.09281    11410.078    12890.668    3983.3537    8410.8173    308.91863    14025 
274000000   -919.13881    11456.044    12825.853    3898.0611    8477.1213    307.36538    13991 
275000000   -933.71241    11375.246    13032.678    3935.1301    8373.8281    312.32184    14019 
276000000   -907.68877    11487.066    12925.706    3940.8092    8453.9459    309.75829    13975 
277000000   -985.40843    11233.774    13083.441    3825.7041     8393.478    313.53834    14021 
278000000   -921.55691    11426.573    12962.418    4026.5191    8321.6105    310.63809    13972 
279000000   -976.40692    11381.449    12914.948    3847.3515    8510.5042    309.50049    14033 
280000000   -954.86406    11337.159    12885.339    3859.3801    8432.6429    308.79093    14002 
281000000   -939.51567    11318.923    12984.333    3865.0188    8393.4203    311.16327    13984 
282000000   -960.86763    11431.968     12820.07    3846.7669    8546.0682     307.2268    14007 
283000000   -935.98235    11471.931    12927.573    3969.4932    8438.4205    309.80305    13980 
284000000    -972.9696    11270.553     12947.96    3874.1341    8369.3882     310.2916    14019 
285000000   -948.73426    11414.081    13014.588    3971.2247    8391.5907    311.88833    13992 
286000000   -994.63208    11340.216    13011.351    3914.0347    8420.8139    311.81074    13983 
287000000   -978.26071    11320.429    12793.553    3849.1294    8449.5602    306.59132    13989 
288000000    -945.4495    11391.812    12884.079    3943.4307     8393.831    308.76073    14001 
289000000    -929.2135    11537.221    13002.509    3976.0244    8490.4099    311.59885    13981 
290000000   -990.87596    11238.709    13047.633    3790.1338     8439.451    312.68023    14006 
291000000   -949.78413    11460.753    12924.908     3903.273    8507.2645    309.73919    13995 
292000000   -989.12877    11379.357    13029.168    3918.0813    8450.4041    312.23771    13987 
293000000   -951.28673    11573.026    12904.842    4015.6433    8508.6694    309.25831    13992 
294000000   -942.67191    11302.633    12903.441    3891.9857    8353.3195    309.22474    13990 
295000000   -998.68886    11350.242    13039.314    3913.2565    8435.6746    312.48087    13998 
296000000    -988.2336    11271.015    12668.991    3946.4001    8312.8488    303.60624    14021 
297000000   -971.88293    11359.202    12926.974    3985.5961    8345.4887    309.78869    13976 
298000000   -962.97974    11432.328    12902.478    4011.9961    8383.3118    309.20166    13998 
299000000   -970.40111    11271.416    12888.569    3829.7552    8412.0617    308.86834    14015 
300000000   -959.48753    11325.999    12810.201     3874.943    8410.5439    306.99029    13981 
301000000   -949.78216    11421.614     13000.09    3909.8301    8461.5663    311.54088    13997 
302000000   -996.26177     11314.11    12925.213    3929.2223    8381.1498    309.74649    14019 
303000000   -1012.2092     11178.44    12844.764    3837.1992    8353.4501    307.81857    13982 
304000000   -981.33671    11417.386    12974.538    3952.7948    8445.9278    310.92853    14008 
305000000   -965.89495    11258.441    12927.796    3885.9054    8338.4306    309.80838    13987 
306000000   -918.71604    11306.349    12852.157    3912.7835     8312.282    307.99573    13969 
307000000   -977.99026    11446.928    12816.727    4018.6499     8406.268    307.14668    13961 
308000000   -932.98061    11404.259    12816.681    3960.7457     8376.494    307.14556    13982 
309000000   -985.40904    11374.951    12925.215    3866.9617    8493.3984    309.74654    13983 
310000000   -941.79325    11346.863    12936.542     3940.664    8347.9926    310.01797    13990 
311000000   -983.69272     11266.56    12761.805    3890.6321    8359.6206    305.83051    14007 
312000000   -918.11766    11357.886    13077.629    3897.1715    8378.8326    313.39908    13992 
313000000   -968.28051    11238.667    13056.447    3892.6632    8314.2846    312.89144    13979 
314000000   -1003.4233    11323.627    12851.473    3869.9625    8457.0878    307.97935    14001 
315000000    -1073.747    11342.114    12753.866    3910.0492    8505.8121    305.64024    14040 
316000000   -1071.5206    11340.987    12864.639    3864.4419    8548.0656    308.29486    14030 
317000000   -984.16126    11124.139    12880.087    3851.5495     8256.751    308.66506    14018 
318000000   -977.03917    11291.983    12805.582    3859.2143    8409.8074     306.8796    13988 
319000000   -1011.3671    11255.102    12779.042    3884.6771    8381.7923    306.24357    14016 
320000000    -944.4951     11249.17    12894.214    3910.5926    8283.0725    309.00362    14015 
321000000   -956.18054     11409.57    13090.453    3938.5828    8427.1678    313.70639    13997 
322000000   -1020.2504    11354.593    13063.051    3880.4365    8494.4072     313.0497    14004 
323000000   -966.23841    11473.722    12999.837    3964.9481    8475.0123    311.53481    13966 
324000000   -959.93763    11314.536    12882.751    3880.1933      8394.28     308.7289    14014 
325000000   -934.83391    11261.824    12848.346    3801.9938    8394.6646    307.90441    14015 
326000000   -1005.7804    11338.191    13099.208    3880.2851     8463.686    313.91619    13979 
327000000   -973.26511    11466.581    12993.437    4035.7777    8404.0685    311.38144    13993 
328000000   -1028.9548    11389.158    12995.481    3943.2867    8474.8263    311.43042    13986 
329000000   -983.27638     11316.91    12962.365    3891.0987    8409.0873    310.63682    14028 
330000000   -967.01834    11376.171    12902.259    3927.8908    8415.2981    309.19641    14001 
331000000   -921.58494    11435.448    12961.731    3959.1292    8397.9034    310.62162    13939 
332000000   -971.70823    11333.311    12983.706    3844.0378    8460.9815    311.14824    13983 
333000000   -981.44715    11509.293     12927.18    3868.8624    8621.8779    309.79363    13999 
334000000   -969.64791    11587.506    12937.276    3978.4724    8578.6815    310.03557    13976 
335000000   -950.31301     11383.57    12802.461    3961.6648    8372.2187    306.80479    13987 
336000000   -943.35657     11308.26    12999.799     3932.059    8319.5572     311.5339    13981 
337000000   -957.23234    11495.822    13054.927    3868.7395    8584.3146    312.85503    13977 
338000000   -990.34875    11392.367    12906.307    3979.0832    8403.6321    309.29342    14011 
339000000   -989.46986    11138.538    12959.666    3862.4618    8265.5458    310.57214    14026 
340000000    -1009.516    11244.358    13021.561    3859.3783    8394.4957    312.05542    13975 
341000000   -906.72455    11297.106    13024.023    3946.0716    8257.7585    312.11442    13978 
342000000   -1007.0872    11244.729    12930.575     3900.039    8351.7769    309.87498    14029 
343000000    -956.6371    11302.393    12841.552    3899.5922    8359.4383    307.74159    13991 
344000000   -1034.9818      11294.7    12987.363    3902.6323    8427.0493    311.23588    14001 
345000000    -985.0829    11386.688    12950.496    3886.5294    8485.2419     310.3524    14000 
346000000   -1030.1895    11240.813    13038.672    3866.5901    8404.4129    312.46548    14007 
347000000   -1049.3184     11124.04      12801.2    3803.2224    8370.1362    306.77458    14032 
348000000    -1009.545    11447.094    12891.491    3883.8737    8572.7653    308.93836    14005 
349000000   -974.04373     11463.99     12950.09    4014.1419    8423.8918    310.34266    13996 
350000000   -908.43469    11574.322     12949.16    4018.8243    8463.9321    310.32037    13975 
351000000   -945.47826    11370.171    12870.454     3898.432    8417.2169    308.43423    13999 
352000000   -971.89659    11410.249    13100.949    3912.3921    8469.7532    313.95793    14008 
353000000   -1049.7585    11260.014     12902.78    3905.7639    8404.0084    309.20888    14005 
354000000   -992.55328    11183.366    12862.738    3903.1756    8272.7433     308.2493    14011 
355000000   -988.67696    11313.897    13027.767    3914.6962    8387.8778    312.20415    14020 
356000000   -961.27741    11287.843    12912.973    3895.6859    8353.4343    309.45317    14005 
357000000    -996.2142      11262.5    13087.994    3923.6017     8335.112    313.64745    13992 
358000000    -977.3512    11309.182    12828.298    3827.2089    8459.3241    307.42397    14016 
359000000   -883.57576     11438.19    12993.144    3950.6613    8371.1049    311.37442    13969 
360000000   -996.57934    11296.052    12942.089    3950.4465     8342.185    310.15092    14020 
361000000   -961.40327    11360.928    12770.301    3869.6839    8452.6471     306.0341    14017 
362000000   -899.56245    11248.747    13077.395    3883.3787    8264.9307    313.39347    13996 
363000000   -938.15907    11395.128    12915.685    3938.2314    8395.0553    309.51817    13988 
364000000   -924.26545    11524.602    12920.118    3963.2051     8485.662    309.62439    13988 
365000000   -954.89232    11394.993    13098.789    3993.5561    8356.3292    313.90616    13970 
366000000   -978.78412     11351.31    13031.749    3891.3607    8438.7338    312.29957    14007 
367000000   -947.70915    11433.209    13139.916    3958.2592    8422.6593    314.89173    13991 
368000000   -921.59165    11364.764     12813.24    3922.7563    8363.5998     307.0631    14003 
369000000   -964.86399    11452.856    13037.903    3977.9384    8439.7816    312.44705    13976 
370000000   -991.31951    11355.461    12932.191    3914.4381    8432.3423    309.91371    13994 
371000000   -906.48774     11469.49     12885.26    3866.6689    8509.3093    308.78904    13986 
372000000   -926.20968    11420.578    13039.508    3866.0184    8480.7689    312.48552    14011 
373000000   -934.30629    11292.387    12875.574    3835.2653    8391.4284    308.55691    14007 
374000000   -1003.6865    11330.782      12843.9      3983.44    8351.0283    307.79787    13998 
375000000   -926.90746     11538.23    12931.686    4015.0813    8450.0563    309.90162    13985 
376000000   -959.16282    11271.709    12930.985    3818.1106    8412.7614    309.88482    13999 
377000000   -923.70095     11439.55    13026.825    3919.8041    8443.4465    312.18157    13973 
378000000   -929.54597    11383.317    12840.715    3890.6619    8422.2012    307.72153    13984 
379000000   -969.61624    11247.789    13001.394     3909.721    8307.6842    311.57214    13982 
380000000   -994.40026    11520.723    13017.945    3943.8144    8571.3091    311.96877    13966 
381000000   -1000.5716    11319.082    12883.278    3815.8198    8503.8341    308.74154    14016 
382000000   -1008.9117    11251.407    12772.577      3935.51     8324.809    306.08865    14017 
383000000   -963.62377    11124.372    12862.563    3802.2395    8285.7567    308.24512    14028 
384000000   -974.85861    11313.678    12905.886    3947.3153    8341.2213    309.28332    13993 
385000000   -955.04373    11401.975    12999.466    3974.2419    8382.7768    311.52593    13978 
386000000   -990.26275    11419.722    13054.642    3940.0956    8469.8887     312.8482    14006 
387000000   -924.97365     11445.62    12898.143    3918.6004    8451.9931    309.09777    14006 
388000000   -981.80842    11397.107    12915.659    3936.2101    8442.7055    309.51754    13992 
389000000   -890.02762    11458.455    12960.274    3982.4852    8365.9969    310.58671    13976 
390000000   -950.91742    11527.927    12907.709    4002.3298    8476.5142    309.32702    13975 
391000000   -969.39633    11398.735    13085.469    3920.9787    8447.1528    313.58694    13997 
392000000   -1032.7394    11248.582    12916.841    3832.6385    8448.6832    309.54585    14005 
393000000   -965.17445    11368.301     12792.27    3829.5881    8503.8877    306.56056    13992 
394000000   -901.67364    11274.242     12772.37    3838.8812     8337.034    306.08369    13995 
395000000   -955.55745     11463.52     12884.05    3970.5615    8448.5161    308.76004    13951 
396000000   -952.77332    11372.173    13062.613    3831.0705    8493.8762    313.03922    13984 
397000000   -941.13001    11342.938    12843.995    3863.1286    8420.9397    307.80013    13997 
398000000   -975.40938    11340.695    13009.731    3928.0038    8388.1007    311.77191    13970 
399000000   -900.46072    11397.127    12870.692    3864.0717    8433.5164    308.43993    14027 
400000000   -991.41128    11343.613    12969.528    3884.9308    8450.0937    310.80849    14012 
401000000   -962.98432    11342.901    12976.789    3921.9271     8383.958    310.98248    13971 
402000000   -966.98904    11336.976    12952.902    3875.7747    8428.1907    310.41005    14013 
403000000   -984.13902    11299.902    13092.193    3907.6115    8376.4297    313.74808    14012 
404000000   -968.65038    11349.136    12885.935    3970.9811    8346.8055    308.80522    13999 
405000000   -934.34316    11378.227    12961.095    3910.1217    8402.4484    310.60638    13977 
406000000   -929.44296    11313.523     12849.87    3925.2116    8317.7544    307.94092    13991 
407000000   -898.59223    11448.869    12888.286    3958.7035    8388.7581    308.86155    13978 
408000000   -916.45258    11307.017    13052.581    3944.7353    8278.7339     312.7988    14000 
409000000   -930.29726    11293.438     13004.11    3869.6053    8354.1299    311.63721    14003 
410000000    -921.2343    11415.587    12925.385    3986.6253    8350.1957     309.7506    13989 
411000000   -969.81151    11403.073     12960.18    3896.8273    8476.0572    310.58446    14020 
412000000   -1020.0543    11409.895    12887.589    3937.3568    8492.5925    308.84484    13999 
413000000   -959.67327    11450.635    12826.283    3991.8217    8418.4864    307.37568    13994 
414000000    -983.7223    11264.848     12936.49     3860.166    8388.4041    310.01673    14001 
415000000   -962.19887    11302.107    12942.273    3888.9427    8375.3632    310.15533    13982 
416000000   -964.02817    11304.786    12842.075    3950.2464    8318.5673    307.75413    14006 
417000000    -939.9622    11202.848    12897.069     3854.294    8288.5166    309.07204    14006 
418000000   -961.95814    11265.007    12791.343    3874.6541    8352.3109    306.53836    14001 
419000000   -976.49634    11348.695    13052.665    3895.0788    8430.1127    312.80081    14000 
420000000   -948.18895    11260.904    12811.385    3858.0803    8351.0124    307.01865    13982 
421000000   -985.84517    11410.904    13046.727    3911.6904    8485.0586    312.65852    14008 
422000000   -984.38109    11320.047    12975.581    3924.5173    8379.9105    310.95354    13999 
423000000   -986.46173    11297.493    12908.883    3858.0126    8425.9421    309.35515    14028 
424000000    -927.9021    11519.976    12896.335     3940.318    8507.5597    309.05443    13976 
425000000   -925.45402    11385.518    13135.412    3929.8998    8381.0726     314.7838    13959 
426000000   -934.01778    11391.059    12922.731     3951.248    8373.8283      309.687    13986 
427000000    -927.6372    11341.305    12934.271    3904.4936    8364.4483    309.96357    14023 
428000000   -952.12852    11405.156    12917.719    3897.2043      8460.08    309.56691    14000 
429000000   -927.92483    11352.626    12779.779    3895.2342     8385.317    306.26123    14001 
430000000   -926.03787    11387.373    13008.123    3887.2017     8426.209    311.73338    13954 
431000000   -966.67677    11294.552    13144.094    3933.5166    8327.7117    314.99186    13999 
432000000   -920.89527    11441.326    12827.338    3953.0548    8409.1668    307.40096    14005 
433000000   -929.86153    11339.743     12928.46    3983.2259    8286.3788     309.8243    13974 
434000000   -989.73757    11433.535    12764.914    3997.1073     8426.165      305.905    13961 
435000000   -948.14199     11439.72    12987.256    3966.7195    8421.1425    311.23333    13959 
436000000   -926.22038    11435.137    12878.387    3965.5775    8395.7799    308.62432    13993 
437000000   -909.85184    11524.552    12945.975    3997.5814    8436.8225    310.24405    13989 
438000000   -912.13538    11245.181    13043.603    3892.6888     8264.628    312.58365    13988 
439000000   -945.28089    11470.615    12905.244    3984.0464    8431.8496    309.26794    13986 
440000000   -960.24468    11398.484    12993.257    3969.2201    8389.5084    311.37714    13993 
441000000   -963.68788    11405.519    12873.941    3941.4713     8427.736    308.51777    13997 
442000000   -891.81829     11470.84    13003.844    3896.7363     8465.922    311.63085    13976 
443000000   -1017.4215    11250.582    12963.528    3891.9924    8376.0108     310.6647    13989 
444000000   -1061.2014    11298.647     12935.98     3947.643    8412.2052    310.00451    13991 
445000000   -927.18903    11469.333    12872.591    3968.8149    8427.7068    308.48544    13971 
446000000   -944.96969    11453.104    12921.447    3942.3183    8455.7556    309.65623    13964 
447000000   -938.57881    11378.077    12960.118    3955.1003    8361.5557    310.58297    13975 
448000000   -950.83681     11194.08    12964.415    3780.8391    8364.0779    310.68595    13992 
449000000   -895.79036     11415.44    13045.574    3937.6811    8373.5493    312.63088    13950 
450000000   -953.58789    11439.468    13026.088    3968.7586    8424.2973     312.1639    13965 
451000000   -928.62222    11351.137    12874.831    3971.4291    8308.3298     308.5391    13976 
452000000   -958.89512     11295.59     12857.44    3908.6576    8345.8272    308.12235    13972 
453000000   -924.65433    11319.427    12891.214    3891.0644    8353.0174    308.93171    13966 
454000000   -945.47865    11355.764    12954.844    3972.8949    8328.3481    310.45659    13993 
455000000   -1030.6531    11165.285    12921.139    3823.5043    8372.4333    309.64885    14030 
456000000   -969.64443    11237.921    12946.868    3906.5368     8301.029    310.26545    14001 
457000000   -1020.8939    11346.817    12904.836    3890.7128    8476.9984    309.25815    14003 
458000000   -972.76572    11290.324    12831.724    3845.6975    8417.3923    307.50607    14002 
459000000   -945.48969    11265.566    12718.971    3842.3907     8368.665      304.804    13983 
460000000   -955.89747    11382.153    12995.828    3944.1672    8393.8833    311.43874    13979 
461000000   -983.47993    11405.836    12736.737    3932.8496    8456.4668    305.22975    14010 
462000000   -985.84446    11272.907    12914.418    3872.6518    8386.0995    309.48779    13968 
463000000   -1024.5865    11154.458    13022.054    3823.9828    8355.0621    312.06725    14030 
464000000   -987.03001    11242.886    12879.802    3857.9664      8371.95    308.65823    14009 
465000000   -1045.6643    11229.021    12855.503    3830.0242     8444.661    308.07592    14010 
466000000   -987.11199    11362.132    13131.538    3949.2377    8400.0068    314.69097    14012 
467000000    -1005.692    11163.344     12910.09    3914.5687    8254.4669    309.38408    13993 
468000000   -1060.8667     11165.19    12843.782    3838.3723    8387.6842    307.79503    14038 
469000000   -949.52879    11465.268    13020.633    3944.7754    8470.0216    312.03319    13988 
470000000   -1036.9475    11226.852    12912.042    3854.6537    8409.1459    309.43084    14020 
471000000   -1008.0154    11443.385    12808.385    4004.6768    8446.7235    306.94677    13995 
472000000   -882.95941    11517.999    13085.381    4021.9408    8379.0178    313.58484    13974 
473000000    -967.0735    11335.614    12938.548    3984.8018     8317.886    310.06607    14007 
474000000   -978.92659    11406.393    13069.921    4025.2994    8360.0207    313.21434    13984 
475000000   -963.26245    11427.245    12935.284    3937.8541    8452.6532    309.98784    14014 
476000000    -987.3858    11441.975    13004.479    3944.2714    8485.0895    311.64607    13992 
477000000   -958.15329    11426.172    12860.129    4020.0957    8364.2297    308.18679    13987 
478000000    -987.0002    11336.506    13090.122    3976.2499    8347.2562    313.69844    14011 
479000000   -941.95538    11416.579    12910.357    3918.5276    8440.0066    309.39048    13950 
480000000    -1004.558    11416.456    12874.156    3975.1068    8445.9067    308.52292    13987 
481000000   -1015.2814    11373.501    12811.502    3914.3513    8474.4308    307.02146    14005 
482000000   -1055.8402    11339.259     12878.17    3873.6218    8521.4777    308.61912    14003 
483000000   -1035.3286    11223.716    12884.486    3816.3762    8442.6686    308.77049    14032 
484000000   -964.08376    11292.182    12949.599    3924.3193    8331.9466    310.33088    13997 
485000000   -922.09714    11541.765    12990.519    4010.5339    8453.3285    311.31153    13984 
486000000    -979.1945    11282.174     12897.99    3888.8261    8372.5427    309.09409    14009 
487000000   -1029.0006     11299.37    12817.313    3894.9638    8433.4068    307.16072    13984 
488000000   -988.57995    11413.005    13070.645     3857.073    8544.5119     313.2317    14023 
489000000    -994.7505    11136.836    12932.957    3888.9578    8242.6283    309.93208    13976 
490000000   -969.69764    11400.506    12891.376    3876.4871    8493.7163    308.93561    14008 
491000000   -916.51719    11304.958    13017.153    3877.1023    8344.3724    311.94978    13979 
492000000   -962.53234    11419.257    12949.566     3941.414    8440.3751    310.33009    13986 
493000000   -972.05974    11274.115    13057.208    3918.4503    8327.7241    312.90968    13995 
494000000   -1006.3046    11398.071    12928.743       3909.7    8494.6754    309.83108    14022 
495000000   -979.85095     11277.76      12836.7    3891.5228    8366.0878    307.62533    13973 
496000000   -953.16261    11380.874    13057.097    3899.7943    8434.2422    312.90703    13999 
497000000   -969.77391    11367.851    12905.092      3934.62    8403.0045    309.26431    14008 
498000000   -975.76714     11363.76    12899.786    3951.7645    8387.7629    309.13714    13997 
499000000   -1021.1639    11272.929    12844.325    3896.1227    8397.9698    307.80805    14016 
500000000   -894.79042    11461.963    12915.175    3981.3799    8375.3733    309.50593    13965 
Loop time of 151422 on 28 procs for 500000000 steps with 14000 atoms

Performance: 7132.382 ns/day, 0.003 hours/ns, 3302.029 timesteps/s
99.6% CPU use with 28 MPI tasks x no OpenMP threads

MPI task timing breakdown:
Section |  min time  |  avg time  |  max time  |%varavg| %total
---------------------------------------------------------------
Pair    | 8181.9     | 9319.3     | 12688      | 951.8 |  6.15
Bond    | 5725.6     | 6412       | 12652      |1974.5 |  4.23
Neigh   | 29535      | 30026      | 30627      | 173.0 | 19.83
Comm    | 51211      | 59796      | 63222      |1207.9 | 39.49
Output  | 0.67598    | 0.67728    | 0.67892    |   0.1 |  0.00
Modify  | 28016      | 28422      | 29176      | 210.5 | 18.77
Other   |            | 1.745e+04  |            |       | 11.52

Nlocal:    500 ave 520 max 481 min
Histogram: 1 1 1 7 4 6 5 2 0 1
Nghost:    386 ave 596 max 225 min
Histogram: 2 3 3 8 3 3 2 0 2 2
Neighs:    2263.93 ave 2765 max 1683 min
Histogram: 1 1 4 2 5 2 4 6 2 1

Total # of neighbors = 63390
Ave neighs/atom = 4.52786
Ave special neighs/atom = 6.073
Neighbor list builds = 100018406
Dangerous builds = 0
write_restart final_state_${fName}.restart
write_restart final_state_Run3.restart
Total wall time: 42:03:45
