
units real
boundary p p p
atom_style full

neighbor 1.9 bin
neigh_modify every 1 delay 1 check yes

read_data b70_N200_L400.data extra/special/per/atom 50
  orthogonal box = (-420 -420 -420) to (420 420 420)
  2 by 2 by 7 MPI processor grid
  reading atoms ...
  14000 atoms
  scanning bonds ...
  51 = max bonds/atom
  scanning angles ...
  1 = max angles/atom
  reading bonds ...
  13800 bonds
  reading angles ...
  13600 angles
  2 = max # of 1-2 neighbors
  2 = max # of 1-3 neighbors
  4 = max # of 1-4 neighbors
  56 = max # of special neighbors
  special bonds CPU = 0.729539 secs
  read_data CPU = 0.900476 secs

angle_style cosine
angle_coeff * 2 # K (energy unit)

bond_style hybrid harmonic harmonic/shift/cut
bond_coeff 1 harmonic 3 10
bond_coeff 2 harmonic 3 10
bond_coeff 3 harmonic/shift/cut 2.40 11.22 12.72

pair_style lj/cut 25
# atom-typ1, atom-typ2, energy-well, sigma (bead-diameter), cut-off (distance)
pair_coeff * * 0.01 10 25
pair_coeff 2 2 0.18 10 25
pair_coeff 4 4 0.18 10 25

special_bonds lj 1 1 1 angle no
  2 = max # of 1-2 neighbors
  2 = max # of 1-3 neighbors
  4 = max # of 1-4 neighbors
  56 = max # of special neighbors
  special bonds CPU = 0.000618206 secs

minimize 1.0e-4 1.0e-6 100000 100000 # force_tol, energy_tol, maxiter, maxeval
WARNING: Using 'neigh_modify every 1 delay 0 check yes' setting during minimization (../min.cpp:168)
Neighbor list info ...
  update every 1 steps, delay 0 steps, check yes
  max neighbors/atom: 2000, page size: 100000
  master list distance cutoff = 26.9
  ghost atom cutoff = 26.9
  binsize = 13.45, bins = 63 63 63
  1 neighbor lists, perpetual/occasional/extra = 1 0 0
  (1) pair lj/cut, perpetual
      attributes: half, newton on
      pair build: half/bin/newton
      stencil: half/bin/3d/newton
      bin: standard
Per MPI rank memory allocation (min/avg/max) = 1.165 | 13.79 | 17.67 Mbytes
Step Temp E_pair E_mol TotEng Press 
       0            0 1.5959422e+12      2649600 1.5959449e+12 7.3854599e+08 
    2872            0   -1769.6168    5348.8369    3579.2201  0.031182827 
Loop time of 1.00849 on 28 procs for 2872 steps with 14000 atoms

99.3% CPU use with 28 MPI tasks x no OpenMP threads

Minimization stats:
  Stopping criterion = energy tolerance
  Energy initial, next-to-last, final = 
     1.59594489115e+12      3579.56365059      3579.22009235
  Force two-norm initial, final = 4.92929e+10 2.03587
  Force max component initial, final = 1.05441e+09 0.154693
  Final line search alpha, max atom move = 0.461827 0.0714414
  Iterations, force evaluations = 2872 3119

MPI task timing breakdown:
Section |  min time  |  avg time  |  max time  |%varavg| %total
---------------------------------------------------------------
Pair    | 0.041918   | 0.14116    | 0.27272    |  17.7 | 14.00
Bond    | 0.013664   | 0.03877    | 0.07253    |   8.2 |  3.84
Neigh   | 0.093515   | 0.09686    | 0.098932   |   0.5 |  9.60
Comm    | 0.20852    | 0.33763    | 0.48664    |  13.1 | 33.48
Output  | 0          | 0          | 0          |   0.0 |  0.00
Modify  | 0          | 0          | 0          |   0.0 |  0.00
Other   |            | 0.3941     |            |       | 39.08

Nlocal:    500 ave 911 max 179 min
Histogram: 3 3 4 4 5 0 2 3 2 2
Nghost:    314.393 ave 518 max 130 min
Histogram: 3 2 3 3 4 4 3 3 2 1
Neighs:    3173.18 ave 5987 max 902 min
Histogram: 3 2 6 3 5 0 1 3 3 2

Total # of neighbors = 88849
Ave neighs/atom = 6.34636
Ave special neighs/atom = 5.82857
Neighbor list builds = 199
Dangerous builds = 0

# further equilibriate the system before bond formation takes place
fix fxlan all langevin $T $T 1000 ${seed}
fix fxlan all langevin 310 $T 1000 ${seed}
fix fxlan all langevin 310 310 1000 ${seed}
fix fxlan all langevin 310 310 1000 14656
fix fxnve all nve
timestep 0.1
run 10000
Per MPI rank memory allocation (min/avg/max) = 1.127 | 13.42 | 16.54 Mbytes
Step Temp E_pair E_mol TotEng Press 
    2872            0   -1769.6168    5348.8369    3579.2201  0.031182827 
   12872    223.60314   -1482.1955    9144.7007    16993.098   -1.6927076 
Loop time of 1.84375 on 28 procs for 10000 steps with 14000 atoms

Performance: 46.861 ns/day, 0.512 hours/ns, 5423.725 timesteps/s
99.3% CPU use with 28 MPI tasks x no OpenMP threads

MPI task timing breakdown:
Section |  min time  |  avg time  |  max time  |%varavg| %total
---------------------------------------------------------------
Pair    | 0.045446   | 0.16661    | 0.36848    |  21.6 |  9.04
Bond    | 0.035981   | 0.10465    | 0.1984     |  13.6 |  5.68
Neigh   | 0.0024963  | 0.0025725  | 0.0027213  |   0.1 |  0.14
Comm    | 0.59531    | 0.8386     | 1.0471     |  13.4 | 45.48
Output  | 8.7893e-05 | 0.00011783 | 0.00013926 |   0.0 |  0.01
Modify  | 0.087824   | 0.24568    | 0.46312    |  20.5 | 13.33
Other   |            | 0.4855     |            |       | 26.33

Nlocal:    500 ave 910 max 180 min
Histogram: 3 3 3 4 6 0 2 3 2 2
Nghost:    314.464 ave 516 max 134 min
Histogram: 3 3 2 3 3 4 4 2 3 1
Neighs:    3186.71 ave 5989 max 917 min
Histogram: 3 3 5 3 5 0 1 3 3 2

Total # of neighbors = 89228
Ave neighs/atom = 6.37343
Ave special neighs/atom = 5.82857
Neighbor list builds = 5
Dangerous builds = 0

unfix fxlan
unfix fxnve
reset_timestep 0

variable t equal step
variable steps equal 500000000
variable dt_thermo equal 1000000
variable dt_movie equal 10000000
variable dt_restart equal 50000000

group rxnSites type 1 3
4000 atoms in group rxnSites

# fix ID group-ID(atom-types) bond/create Nevery itype jtype Rmin bondtype (prob values = fraction seed) (iparam maxbond newType)
fix bondc rxnSites bond/create/random 20 1 3 12.72 3 prob 1 ${seed} iparam 1 1 jparam 1 3
fix bondc rxnSites bond/create/random 20 1 3 12.72 3 prob 1 14656 iparam 1 1 jparam 1 3

# fix ID group-ID bond/break Nevery bondtype Rmax keyword values ...
fix bondbr rxnSites bond/break 20 3 12.72 prob 1 ${seed}
fix bondbr rxnSites bond/break 20 3 12.72 prob 1 14656

variable frmbnd equal f_bondc[2]
variable brkbnd equal f_bondbr[2]
fix saveBond all print ${dt_thermo} "$t ${frmbnd} ${brkbnd}" file BondData_${fName}.dat screen no
fix saveBond all print 1000000 "$t ${frmbnd} ${brkbnd}" file BondData_${fName}.dat screen no
fix saveBond all print 1000000 "$t ${frmbnd} ${brkbnd}" file BondData_Run5.dat screen no

thermo_style custom step epair pe ke ebond eangle temp bonds
thermo ${dt_thermo}
thermo 1000000
fix saveThermo all print ${dt_thermo} "$t $(temp) $(ke) $(pe) $(epair) $(ebond) $(eangle) $(bonds)" file Thermo_${fName}.dat title "# Steps Temp KinEng PotEng Epair Ebond Eangle Bonds" screen no
fix saveThermo all print 1000000 "$t $(temp) $(ke) $(pe) $(epair) $(ebond) $(eangle) $(bonds)" file Thermo_${fName}.dat title "# Steps Temp KinEng PotEng Epair Ebond Eangle Bonds" screen no
fix saveThermo all print 1000000 "$t $(temp) $(ke) $(pe) $(epair) $(ebond) $(eangle) $(bonds)" file Thermo_Run5.dat title "# Steps Temp KinEng PotEng Epair Ebond Eangle Bonds" screen no

############################ Langevin Dynamics ###############################
fix fxlan all langevin $T $T 1000 ${seed}
fix fxlan all langevin 310 $T 1000 ${seed}
fix fxlan all langevin 310 310 1000 ${seed}
fix fxlan all langevin 310 310 1000 14656
fix fxnve all nve

comm_style tiled
fix fxbal all balance 1000 1.1 rcb

timestep 25

dump coor all custom ${dt_movie} traj_${fName}.dump id type mol mass x y z xu yu zu
dump coor all custom 10000000 traj_${fName}.dump id type mol mass x y z xu yu zu
dump coor all custom 10000000 traj_Run5.dump id type mol mass x y z xu yu zu

restart ${dt_restart} ${fName}_tp_*.restart
restart 50000000 ${fName}_tp_*.restart
restart 50000000 Run5_tp_*.restart
run ${steps}
run 500000000
Neighbor list info ...
  update every 1 steps, delay 1 steps, check yes
  max neighbors/atom: 2000, page size: 100000
  master list distance cutoff = 26.9
  ghost atom cutoff = 26.9
  binsize = 13.45, bins = 63 63 63
  2 neighbor lists, perpetual/occasional/extra = 1 1 0
  (1) pair lj/cut, perpetual
      attributes: half, newton on
      pair build: half/bin/newton
      stencil: half/bin/3d/newton
      bin: standard
  (2) fix bond/create/random, occasional, copy from (1)
      attributes: half, newton on
      pair build: copy
      stencil: none
      bin: none
Per MPI rank memory allocation (min/avg/max) = 17.76 | 18.28 | 18.84 Mbytes
Step E_pair PotEng KinEng E_bond E_angle Temp Bonds 
       0   -1482.1955    7662.5052    9330.5924    3057.7048    6086.9959    223.60314    13800 
 1000000   -307.74783    10806.516     13017.54     2921.985    8192.2787    311.95906    14387 
 2000000   -292.70477    10816.515    13038.486    2967.6128    8141.6074    312.46103    14369 
 3000000    -264.8561    10393.312    12817.302     2529.232    8128.9366    307.16044    14535 
 4000000   -265.26761    10749.778    12935.309    2799.6993    8215.3468    309.98844    14456 
 5000000   -254.05804    10348.953    12859.444    2551.9572    8051.0538    308.17037    14542 
 6000000   -286.15508     10544.34    12983.877    2626.5707    8203.9245    311.15234    14519 
 7000000   -275.05483    10415.571    12934.911    2566.6006    8124.0248     309.9789    14529 
 8000000    -259.5885    10560.054    13149.899    2670.1054     8149.537    315.13099    14534 
 9000000   -276.61858    10530.166    13089.526      2700.86    8105.9242    313.68418    14493 
10000000   -271.92061    10613.174    12916.879    2671.1077    8213.9868    309.54676    14516 
11000000     -252.459    10421.423    12967.686    2637.9414     8035.941    310.76432    14575 
12000000   -300.02229    10254.807    12908.668     2437.773    8117.0567    309.35001    14553 
13000000   -231.01022     10138.71    12987.923    2413.7018    7956.0184     311.2493    14594 
14000000   -306.76181    10246.226    12906.995    2466.8271    8086.1603    309.30991    14579 
15000000     -288.589    10520.039    12926.319    2615.7244    8192.9032      309.773    14553 
16000000    -269.4868    10307.152    12954.082    2539.0689    8037.5697    310.43831    14587 
17000000    -288.2709    10421.214     12937.73    2495.4696    8214.0153    310.04645    14586 
18000000   -285.15829    10444.867    12919.678    2612.3465    8117.6783    309.61385    14532 
19000000   -281.78664    10357.441    12952.356    2517.9606    8121.2674    310.39696    14552 
20000000   -252.14129    10427.342    13110.368    2523.4467    8156.0365    314.18364    14608 
21000000   -270.37711    10392.219    12953.316    2462.1848    8200.4109    310.41995    14605 
22000000   -260.28912    10369.553    12911.406    2409.8586    8219.9837    309.41562    14636 
23000000   -242.60489    10402.666    12994.621    2409.9537    8235.3172    311.40983    14663 
24000000   -297.45695    10304.704    12874.155    2461.2928    8140.8682    308.52292    14610 
25000000    -278.8777    10410.597    12933.577    2494.9299    8194.5446    309.94694    14575 
26000000   -265.14241    10478.337    12884.086    2607.9099    8135.5697    308.76089    14524 
27000000    -296.8793    10383.431    12939.166    2482.9255    8197.3852    310.08087    14561 
28000000   -280.44779    10401.236    12992.252    2600.6662    8081.0181    311.35305    14524 
29000000   -287.30004    10511.477    12886.677    2630.3696    8168.4069      308.823    14567 
30000000   -289.77108    10439.643    12890.598    2503.6361    8225.7784    308.91696    14582 
31000000   -270.85039    10264.551    12948.731    2465.8156    8069.5854    310.31008    14589 
32000000   -277.65341     10523.87    12992.707    2645.2488    8156.2744    311.36394    14552 
33000000   -289.94858    10559.629     13008.41    2649.7508    8199.8271    311.74027    14532 
34000000   -276.62346     10580.79    12884.668     2641.898    8215.5158    308.77484    14575 
35000000   -261.96526     10297.16     12955.82    2562.5933    7996.5318    310.47998    14545 
36000000   -281.76725    10446.358    12851.337    2582.1545    8145.9707    307.97609    14550 
37000000   -290.69026    10461.624    13006.151    2628.4925    8123.8213    311.68612    14565 
38000000   -291.76198    10433.758    12809.502    2496.7086    8228.8112    306.97354    14575 
39000000   -293.72193    10338.413     12924.47    2423.9076    8208.2276    309.72868    14587 
40000000   -306.64735    10452.476     12869.93    2550.4307    8208.6925    308.42167    14601 
41000000   -276.71694     10200.42    12928.665    2473.0569    8004.0797    309.82923    14617 
42000000   -294.02285    10335.203    13039.937    2410.6267    8218.5993     312.4958    14624 
43000000   -291.15472    10441.652    12903.647    2484.5795    8248.2272    309.22968    14613 
44000000   -304.97593    10362.568    12941.686    2494.4545    8173.0892    310.14127    14616 
45000000   -245.20371    10391.885    12895.991    2472.7306    8164.3583    309.04619    14616 
46000000   -293.72678    10393.762    12927.808    2457.4589    8230.0302    309.80868    14637 
47000000   -263.98307    10234.655    12963.344    2428.3731    8070.2653    310.66028    14629 
48000000   -269.71139    10393.728    13025.533    2470.6546    8192.7848    312.15061    14595 
49000000   -251.68973    10288.676    12821.904    2351.2703    8189.0954    307.27074    14620 
50000000   -314.93022    10318.816    12928.039    2546.9548     8086.791    309.81422    14579 
51000000   -269.19703     10366.16    12864.496    2476.3811     8158.976    308.29143    14598 
52000000   -296.19485    10337.367    12781.942    2438.3127    8195.2495    306.31306    14595 
53000000   -284.04466    10314.318    13040.009    2502.4988     8095.864    312.49752    14583 
54000000   -293.04958    10438.851    12997.534    2530.7461    8201.1547    311.47964    14550 
55000000   -249.89125    10458.321    12931.571    2587.9293    8120.2834    309.89886    14575 
56000000    -265.2791    10440.613    12931.884    2576.6241    8129.2679    309.90636    14580 
57000000   -279.71787    10508.485    12973.762    2595.5285    8192.6744    310.90994    14569 
58000000   -283.04051     10377.91    12819.471    2581.0485    8079.9019    307.21243    14570 
59000000   -271.73684    10440.847    13002.162    2643.3435    8069.2407    311.59054    14546 
60000000   -280.70408    10284.828    12822.381    2542.1005     8023.432    307.28218    14577 
61000000    -269.0101    10265.915    12997.129    2453.7654    8081.1596    311.46992    14592 
62000000    -280.5578    10574.374     12912.18    2594.7071    8260.2246    309.43416    14570 
63000000   -301.05306    10435.946    12770.139    2483.4506    8253.5487    306.03022    14593 
64000000   -290.25315    10244.143    12966.827    2473.3771    8061.0193    310.74374    14626 
65000000   -297.00777    10370.102    12987.852    2525.5844    8141.5256    311.24761    14593 
66000000   -282.31902    10375.388    12844.852    2503.8451     8153.862    307.82067    14558 
67000000   -297.70903    10407.614    12825.242    2527.8163    8177.5066    307.35073    14603 
68000000   -285.48121    10350.104    12862.956    2555.3529     8080.232    308.25452    14601 
69000000   -256.57305    10325.169    12969.496    2484.1498    8097.5919    310.80772    14584 
70000000   -264.78361    10233.834    12718.553    2524.6444    7973.9736    304.79399    14605 
71000000   -261.65537     10404.54    12868.725     2504.479    8161.7162    308.39278    14577 
72000000   -301.42827    10140.847    13080.277     2342.508    8099.7677    313.46252    14623 
73000000   -325.53561    10401.986    12961.756    2520.8734    8206.6479    310.62223    14605 
74000000   -277.17882    10384.568    12891.304     2551.183    8110.5641    308.93387    14586 
75000000   -264.57423    10280.887    12931.458    2423.9154    8121.5457    309.89615    14613 
76000000   -283.92737    10252.768    12920.261    2484.1624     8052.533    309.62782    14596 
77000000   -278.61568    10420.173      12987.6    2574.6227    8124.1658    311.24157    14582 
78000000   -295.25018    10166.652    12720.633    2469.6142    7992.2881    304.84384    14587 
79000000   -258.89147    10396.267    13061.161    2519.3949    8135.7631    313.00443    14610 
80000000   -323.71063    10294.302    12910.823    2428.7954    8189.2175    309.40163    14596 
81000000    -269.0836    10412.752    13031.364    2570.3623    8111.4736    312.29035    14596 
82000000   -294.65263    10249.705     12871.93    2421.2442    8123.1137    308.46959    14627 
83000000   -271.92995    10275.591    12777.211    2473.8516    8073.6694     306.1997    14597 
84000000    -258.7793    10363.526    12790.039    2574.8226    8047.4828    306.50712    14574 
85000000   -275.17199    10422.131    12892.055     2556.049    8141.2539    308.95187    14590 
86000000   -276.18119    10555.113    12916.715     2632.805    8198.4891    309.54283    14547 
87000000   -284.63102    10132.029    12855.254    2427.4406    7989.2199    308.06996    14607 
88000000   -264.82182    10255.602    12918.432    2492.0658    8028.3582    309.58399    14578 
89000000   -302.78803    10366.781    12850.776    2474.9413    8194.6281    307.96265    14611 
90000000   -298.87294    10550.349    13014.145     2577.294    8271.9278     311.8777    14562 
91000000      -276.91    10433.529    12926.847    2623.1719    8087.2669    309.78566    14534 
92000000   -275.40654    10493.853    12910.463    2727.7412    8041.5188    309.39301    14545 
93000000   -266.98905    10245.901    12901.313    2366.9906    8145.8997    309.17374    14624 
94000000   -275.09081    10329.993    12823.668    2406.3914    8198.6922    307.31302    14669 
95000000   -284.75944     10180.98    12917.577     2471.274    7994.4655     309.5635    14585 
96000000   -295.52169    10241.062    12982.514     2490.994    8045.5894    311.11968    14590 
97000000   -267.62597    10289.417    13017.028    2448.2981    8108.7454    311.94678    14626 
98000000   -302.16187     10360.16    12874.875    2516.3538    8145.9682    308.54016    14587 
99000000   -294.24731    10147.623    12986.104    2463.3554    7978.5145    311.20572    14598 
100000000   -253.52328     10128.07    12945.876     2365.166    8016.4273    310.24168    14657 
101000000   -284.01833    10231.328    12933.865    2379.5827    8135.7634    309.95382    14638 
102000000   -266.26224     10416.89    12898.337    2558.3501    8124.8018    309.10242    14594 
103000000    -269.0267    10570.824     12811.34    2658.3364    8181.5142    307.01759    14568 
104000000   -294.43748    10212.728     12894.73    2413.4248     8093.741    309.01597    14646 
105000000   -287.58821    10226.836    12903.121    2504.0005    8010.4239    309.21707    14636 
106000000   -294.39433    10338.318    12944.696    2454.3275    8178.3844    310.21339    14589 
107000000   -268.22711    10557.268    12822.216    2657.0147    8168.4803    307.27823    14560 
108000000   -264.28674    10584.903    12976.773    2577.9307     8271.259    310.98209    14581 
109000000   -308.84844    10341.429     12991.52    2525.0972    8125.1803    311.33551    14599 
110000000   -267.07973    10213.293    12907.776    2366.0311    8114.3412    309.32862    14678 
111000000   -264.09735    10332.773    12918.604    2536.4949    8060.3758    309.58811    14605 
112000000   -267.87508    10433.169    12933.265    2556.3984    8144.6459    309.93945    14591 
113000000   -308.52863    10256.213    12821.312    2524.6906    8040.0511    307.25656    14589 
114000000   -284.13103    10187.934    13008.283    2409.5065    8062.5582    311.73723    14595 
115000000   -285.14551    10546.644     13002.16    2592.9594      8238.83    311.59048    14555 
116000000   -270.31276    10203.952    12916.027    2482.0108    7992.2538    309.52636    14619 
117000000   -250.10987    10325.314    13015.205    2489.3559     8086.068    311.90311    14602 
118000000   -262.86722    10466.448    13094.987    2554.6434    8174.6721    313.81505    14607 
119000000   -282.95424    10372.747    12960.536    2512.0019    8143.6993      310.593    14593 
120000000   -246.71466    10140.667     12893.16    2379.3663    8008.0156    308.97835    14614 
121000000    -284.0669     10192.39     12857.44     2379.596    8096.8605    308.12235    14616 
122000000   -278.57296    10403.542    12919.414    2438.0594    8244.0551    309.60751    14589 
123000000   -287.57568    10407.085     12936.58    2513.5543    8181.1059    310.01889    14609 
124000000   -280.60843    10280.378    13110.214    2399.6711    8161.3151    314.17994    14585 
125000000   -271.33374    10425.513    12979.857    2546.0701    8150.7767    311.05602    14583 
126000000   -298.17031    10429.315    12963.871    2499.7171    8227.7681    310.67291    14596 
127000000   -325.19751     10228.69    12872.726    2410.9991    8142.8879    308.48868    14599 
128000000   -291.75049    10190.931    12992.745    2451.0976     8031.584    311.36485    14603 
129000000     -276.976    10462.584    12938.013    2589.2537    8150.3064    310.05325    14601 
130000000    -281.3151    10137.445    13174.158    2261.5295    8157.2308    315.71234    14650 
131000000   -269.95563    10370.538    12908.223    2503.2561    8137.2371    309.33934    14627 
132000000   -267.38221    10515.938     12819.33    2564.3757    8218.9444    307.20904    14576 
133000000   -300.24276    10204.155    12795.726    2452.6691    8051.7291    306.64339    14611 
134000000   -272.96973    10508.885    12900.603      2624.91    8156.9448    309.15673    14537 
135000000   -262.14644    10502.009    12926.723    2560.4157    8203.7402    309.78267    14562 
136000000   -260.27452    10311.072    13044.432    2386.6541    8184.6925    312.60351    14628 
137000000   -273.26668    10449.777    13037.303    2489.9611    8233.0824    312.43268    14608 
138000000   -280.27684    10288.434    13036.585    2461.8672    8106.8439    312.41546    14573 
139000000   -273.99745     10416.86    12708.267    2517.2435    8173.6141    304.54748    14605 
140000000   -288.30335    10461.219    12937.707    2629.2622      8120.26    310.04591    14572 
141000000   -281.36357    10451.845    13063.199    2627.7006    8105.5085    313.05325    14580 
142000000    -285.8168     10416.51    12928.266    2494.9864      8207.34    309.81964    14575 
143000000   -258.08435    10353.252    13041.183    2482.0277    8129.3083    312.52566    14591 
144000000   -257.45907    10288.588    12710.801    2503.4782    8042.5685    304.60822    14594 
145000000   -266.41269      10503.1    12883.949     2548.787     8220.726    308.75762    14588 
146000000   -260.12769    10280.564    13036.319    2406.1271     8134.565     312.4091    14611 
147000000   -245.14162     10290.29    12966.426    2461.5246     8073.907    310.73414    14592 
148000000   -245.05024    10396.563    12899.082    2499.0717    8142.5417    309.12028    14611 
149000000   -303.51312    10191.029    12922.205    2481.1751    8013.3669    309.67441    14619 
150000000   -290.86854    10392.967    12815.372    2518.7899     8165.046    307.11419    14559 
151000000   -306.10422    10193.051    12801.949    2439.7614     8059.394    306.79253    14604 
152000000   -264.70016    10425.268    13026.968    2599.2989    8090.6696    312.18499    14549 
153000000   -278.11439    10320.095    13040.152    2536.1802    8062.0295    312.50095    14582 
154000000   -292.15545    10250.964    12906.235    2445.6311    8097.4881    309.29169    14607 
155000000   -284.79048    10285.492    12953.217    2553.7238    8016.5584    310.41759    14570 
156000000   -284.90694    10451.488    12947.148    2546.7695    8189.6257    310.27216    14539 
157000000   -271.25746     10367.21    12882.325    2574.5299    8063.9379    308.71869    14566 
158000000    -261.5077    10383.718    13013.145    2547.3403     8097.885    311.85374    14566 
159000000   -297.68005    10643.011    12894.071    2765.4348    8175.2562    309.00019    14506 
160000000   -291.80583    10565.511    13027.597    2631.7971      8225.52    312.20006    14557 
161000000   -279.44002    10513.359     13054.87    2573.0739    8219.7252    312.85366    14555 
162000000     -261.754    10397.208    12713.222    2516.6483    8142.3135    304.66623    14585 
163000000   -266.00145    10267.246    12696.085    2440.3727    8092.8752    304.25554    14604 
164000000   -294.28395    10419.246    12851.607    2551.6308    8161.8987    307.98255    14580 
165000000   -290.72242    10514.055    12811.507    2642.6966     8162.081    307.02157    14511 
166000000   -272.96297     10531.01    12847.107     2578.747    8225.2256    307.87473    14571 
167000000    -282.3901    10199.556    13121.698    2416.8363    8065.1101    314.45517    14621 
168000000   -277.69916    10282.858    12818.473    2449.5335    8111.0233    307.18852    14614 
169000000    -279.2595    10233.817     13030.44    2417.9647    8095.1113    312.26821    14612 
170000000   -274.26207    10435.233    12895.396    2546.5883    8162.9064    309.03195    14581 
171000000    -296.7852     10433.33    12866.425    2574.8917    8155.2236    308.33766    14581 
172000000   -291.72765    10399.455    12887.932     2475.503      8215.68    308.85306    14607 
173000000   -254.03513    10293.362    12900.217     2489.125    8058.2722    309.14747    14570 
174000000   -272.17801     10308.63    13011.655    2528.7706    8052.0373    311.81803    14576 
175000000   -282.03313    10271.805    12798.858    2538.4259    8015.4122    306.71846    14609 
176000000   -255.89233    10422.176    12900.034    2479.9613    8198.1068    309.14309    14579 
177000000   -265.75237    10493.975    12951.969    2443.6028     8316.125    310.38768    14627 
178000000   -274.73706    10285.579    12907.886     2483.358    8076.9578    309.33126    14618 
179000000    -286.5934    10344.021    12940.381    2418.7431    8211.8709    310.10998    14614 
180000000   -262.35374    10310.232    12988.042    2476.6666    8095.9189    311.25215    14559 
181000000   -239.55677    10550.774    12848.348    2624.6597    8165.6713    307.90445    14541 
182000000   -265.27406    10394.974    12935.625    2568.6748    8091.5737    309.99601    14565 
183000000     -244.549    10022.334     12986.23    2377.3113     7889.572    311.20872    14647 
184000000   -279.36157    10239.088    12855.075    2492.5341    8025.9151    308.06566    14593 
185000000   -289.10729    10318.114    12958.525     2494.983    8112.2384     310.5448    14565 
186000000   -268.73827    10316.315    12848.089    2497.5204    8087.5329    307.89824    14585 
187000000   -277.88187    10507.175    12775.324    2579.2775    8205.7799    306.15447    14560 
188000000   -286.31193    10255.612    12840.866    2489.9426    8051.9811    307.72516    14575 
189000000   -282.14602    10403.804    12987.974    2517.7084    8168.2412    311.25053    14601 
190000000   -241.97188    10237.669    12981.255    2396.7247    8082.9165     311.0895    14629 
191000000   -292.37811    10119.813    12983.021    2409.7428    8002.4486    311.13184    14607 
192000000   -282.47932    10423.552     13105.46    2544.7143    8161.3171    314.06602    14569 
193000000   -258.85612    10378.474    12804.748    2533.0687    8104.2618    306.85961    14598 
194000000   -286.48473    10300.583    12947.452      2466.04    8121.0274    310.27944    14573 
195000000   -302.14381    10396.125    13051.552    2546.5489    8151.7197    312.77414    14559 
196000000   -267.19439     10473.18    12892.274    2596.3763     8143.998    308.95711    14571 
197000000   -319.84203    10331.378    13056.219    2471.7343    8179.4861    312.88598    14608 
198000000   -286.50496    10374.785     12900.56     2512.472    8148.8176    309.15569    14583 
199000000   -298.80313    10252.624    12897.875    2417.0117    8134.4153    309.09135    14638 
200000000   -300.55305    10439.384     12913.07    2493.3126    8246.6246    309.45549    14581 
201000000   -280.16691    10183.132    12818.701    2339.2791      8124.02    307.19397    14670 
202000000   -273.79425    10224.159    12841.943    2421.1422    8076.8115    307.75096    14630 
203000000   -267.68398     10299.49    12857.822    2534.7981    8032.3759    308.13149    14575 
204000000   -322.44844    10273.064    12902.206    2432.6255    8162.8865    309.19514    14612 
205000000    -290.8934    10297.377     12826.45    2459.4663    8128.8042    307.37969    14600 
206000000   -260.23195    10484.701    12904.296    2534.1053    8210.8279    309.24524    14561 
207000000   -278.58422    10358.006    12808.126    2515.6499    8120.9405    306.94056    14600 
208000000   -310.55804    10301.854     12969.58    2522.1429     8090.269    310.80972    14585 
209000000   -264.39041    10220.668    12962.622    2444.1008    8040.9578    310.64299    14598 
210000000   -316.41788    10386.302    12850.912    2506.6307    8196.0895    307.96591    14608 
211000000   -294.50284    10156.018    12806.701    2421.5319    8028.9885    306.90641    14627 
212000000   -262.53362    10303.586    13071.219    2463.0578    8103.0614    313.24546    14592 
213000000   -271.21129    10252.009    12895.187    2413.4709    8109.7492    309.02693    14595 
214000000   -283.28391     10299.72    12891.458    2444.3567    8138.6475    308.93756    14627 
215000000   -267.18268    10211.607    12938.467    2439.0073    8039.7829    310.06412    14636 
216000000   -280.37777    10313.028    12937.211    2464.3268    8129.0785    310.03401    14610 
217000000   -267.24182    10229.985    12897.383    2446.1595    8051.0677    309.07956    14612 
218000000   -263.49691    10442.264     12769.02    2521.5284    8184.2327    306.00341    14584 
219000000   -271.87567    10487.402    12773.242     2648.899     8110.379    306.10458    14563 
220000000    -261.2253    10363.479    12887.576    2569.8871     8054.817    308.84453    14587 
221000000   -286.90002    10381.878    12816.783    2514.4494    8154.3286    307.14801    14591 
222000000    -272.9746    10231.205    12934.538    2495.8913    8008.2887    309.96996    14586 
223000000   -300.63206      10469.6    12960.368     2601.435    8168.7968    310.58895    14533 
224000000   -240.50235    10424.284    12879.467    2487.3064    8177.4797     308.6502    14582 
225000000   -296.70262    10231.514    12873.055     2417.309    8110.9077    308.49654    14629 
226000000   -292.12079    10429.751    12905.316    2561.8852    8159.9863    309.26966    14564 
227000000   -287.86981    10198.941    12843.822    2437.5416    8049.2687    307.79598    14608 
228000000    -289.1469    10339.683    13136.556    2501.7576    8127.0719    314.81122    14607 
229000000   -252.02725    10281.773    13133.913    2406.2943    8127.5055    314.74789    14602 
230000000   -299.55068    10284.107    12831.178    2425.5642    8158.0931    307.49299    14643 
231000000   -272.76518     10356.46    12884.185     2525.249    8103.9761    308.76328    14584 
232000000   -278.41385    10513.983    12897.004    2603.0417     8189.355    309.07048    14620 
233000000    -242.6904     10130.73    12993.482    2371.7721    8001.6487    311.38253    14640 
234000000   -286.30545    10269.934    12862.209    2502.9703    8053.2695    308.23662    14608 
235000000   -293.13798    10213.756    12837.378    2412.9809    8093.9132    307.64157    14620 
236000000   -284.53665    10254.854    12799.758    2458.4262    8080.9642    306.74001    14615 
237000000   -268.21218    10338.414    13017.915    2445.4623    8161.1642    311.96805    14610 
238000000     -289.222    10316.495    12969.106    2436.9774    8168.7394    310.79836    14632 
239000000   -276.58639    10233.322    13110.963    2460.2278    8049.6802    314.19791    14600 
240000000   -247.01623    10040.587    12891.677     2320.871    7966.7323    308.94281    14632 
241000000   -283.70192    10440.674    12875.012     2471.793    8252.5831    308.54345    14568 
242000000   -279.21458    10402.303    12937.232     2397.218    8284.2991    310.03451    14642 
243000000   -298.98381    10350.734    12973.939    2449.9206    8199.7976    310.91419    14629 
244000000   -273.44034    10407.496    12888.753    2547.7442    8133.1918    308.87274    14576 
245000000   -286.19586    10405.188    12994.326    2590.7813    8100.6023    311.40274    14544 
246000000   -259.70869    10407.223    12938.411    2501.7699     8165.162    310.06277    14573 
247000000   -276.21105    10406.571     12860.79    2534.5723    8148.2103    308.20262    14571 
248000000   -256.80375    10309.983    12776.002    2490.6577    8076.1291    306.17073    14582 
249000000   -270.70813    10341.507    12917.868    2506.1996    8106.0154    309.57046    14556 
250000000   -275.78062    10266.434    12838.096    2474.5855    8067.6289    307.65878    14574 
251000000   -279.56442     10460.71     12838.89    2613.7176     8126.557     307.6778    14535 
252000000   -277.40265    10461.463    13045.696    2661.1669     8077.699     312.6338    14528 
253000000   -293.52234    10505.224    12858.613     2595.526    8203.2199    308.15046    14537 
254000000   -261.77627    10572.555    13054.218    2657.0991    8177.2319    312.83804    14571 
255000000   -255.53746    10404.346    12708.262    2481.6601    8178.2233    304.54737    14570 
256000000   -253.37923    10091.138    12921.267    2378.6378    7965.8793    309.65193    14609 
257000000   -279.60959    10346.441    13069.008    2553.6632    8072.3871    313.19246    14581 
258000000   -286.97501    10561.578    12969.903    2577.7285    8270.8245    310.81746    14550 
259000000   -283.92105    10355.173    12828.083    2416.0626     8223.031    307.41882    14594 
260000000     -279.719    10324.066    12876.411    2507.7913    8095.9933    308.57696    14589 
261000000   -250.46472    10536.878    12776.347    2587.8307    8199.5117    306.17899    14570 
262000000   -263.23544    10276.573    12975.283    2520.6178    8019.1909     310.9464    14579 
263000000   -284.29368     10385.38    12889.194    2560.9704     8108.703    308.88332    14557 
264000000   -260.25282    10577.654    12791.775    2655.0686    8182.8378    306.54872    14566 
265000000   -287.01551    10310.031    12889.451    2393.6367    8203.4099    308.88946    14621 
266000000   -269.53527    10455.625    13001.063    2516.7799    8208.3809    311.56421    14594 
267000000   -272.24864    10443.014    12850.739    2627.7379     8087.525    307.96177    14561 
268000000   -269.38803    10341.731    12974.718    2555.1276    8055.9918    310.93286    14596 
269000000   -277.42287    10449.889    12945.956    2602.2395    8125.0722    310.24359    14582 
270000000   -258.80086    10320.464    12898.621    2398.2019    8181.0634    309.10921    14594 
271000000   -288.14047    10144.922    12843.698    2432.3066    8000.7562    307.79302    14650 
272000000   -281.85194     10485.65    12912.502     2578.587    8188.9147    309.44189    14556 
273000000   -278.75882    10219.414    12909.209    2309.0231    8189.1497    309.36297    14653 
274000000   -275.32802    10427.013    12968.297    2538.3865    8163.9548    310.77898    14603 
275000000   -284.13075     10235.99    12860.022    2434.0856    8086.0351    308.18423    14574 
276000000    -279.2409     10363.18    13015.269    2401.7928    8240.6278    311.90463    14603 
277000000   -281.27698    10107.788     12950.71    2401.4884    7987.5764     310.3575    14643 
278000000   -272.44587    10358.349    12880.418    2446.2865    8184.5087    308.67299    14590 
279000000    -285.5897    10253.379    12797.923    2520.2515     8018.717    306.69605    14601 
280000000    -292.1817    10455.767    12821.849    2520.3389    8227.6094    307.26941    14625 
281000000   -249.80172    10181.359    12968.269    2351.8769    8079.2837    310.77831    14672 
282000000   -286.62827    10292.897    12945.243    2463.5971    8115.9283    310.22649    14637 
283000000   -308.23259    10140.926    12793.317    2374.6613    8074.4971    306.58566    14604 
284000000   -266.42397    10320.082    13075.375    2436.5335    8149.9728    313.34506    14618 
285000000   -282.48197    10210.895    12974.279    2463.1167    8030.2599    310.92233    14601 
286000000   -251.44191    10421.952    12964.575    2542.8212    8130.5723    310.68979    14569 
287000000    -302.3148    10257.592    12770.825    2445.3107    8114.5966    306.04665    14613 
288000000   -266.73311    10374.539    12910.284    2522.7432    8118.5292    309.38872    14624 
289000000   -275.89519    10247.419    12977.298    2503.7089    8019.6056    310.99468    14601 
290000000   -237.44189    10482.316    12880.631    2513.4108    8206.3471     308.6781    14595 
291000000   -259.17707    10365.479    12855.198     2577.677    8046.9793    308.06861    14569 
292000000   -271.13556    10569.681    12879.292     2624.208    8216.6088      308.646    14534 
293000000   -299.76723    10252.841    12995.975    2428.6794    8123.9285    311.44226    14587 
294000000   -260.93156    10266.734    12849.223    2532.0616    7995.6036    307.92543    14571 
295000000   -273.69057    10514.772    12982.574     2667.897    8120.5652    311.12113    14521 
296000000   -306.48465    10458.626    12776.616    2589.3592    8175.7511    306.18543    14561 
297000000   -280.36041    10440.078    12868.091    2585.9755    8134.4628     308.3776    14525 
298000000   -287.54842    10388.425    13046.572    2555.5795    8120.3936    312.65479    14534 
299000000   -265.87873    10383.296    12949.713    2583.3259    8065.8485    310.33361    14575 
300000000   -304.43534    10390.524    12918.029    2515.7101     8179.249    309.57432    14568 
301000000   -265.67145    10341.461    12927.715    2523.4005    8083.7317    309.80644    14583 
302000000    -262.2533    10256.942     12953.02    2459.2925    8059.9023    310.41287    14611 
303000000   -290.68849    10459.676    12937.633    2501.1634    8249.2011    310.04414    14585 
304000000   -254.73091    10743.147    12887.656    2727.2708    8270.6075    308.84645    14553 
305000000   -266.66259     10296.23    13054.882    2520.6851    8042.2078    312.85395    14594 
306000000   -296.34741    10351.163     12886.95    2566.6591    8080.8513    308.82955    14564 
307000000   -280.75169    10317.673    13025.176    2482.4074    8116.0176    312.14207    14587 
308000000   -302.98607    10322.407    13007.957    2465.0899    8160.3034    311.72941    14578 
309000000   -271.73289    10425.797    12966.125    2559.8072    8137.7225    310.72691    14564 
310000000   -266.09526    10289.984    12999.737     2502.064    8054.0154    311.53242    14561 
311000000   -275.91987    10475.336    12913.668    2561.5245    8189.7315    309.46981    14590 
312000000   -292.29846    10113.892    13097.443    2357.3229    8048.8672    313.87389    14633 
313000000    -290.0589     10483.99    12819.775    2504.8151    8269.2333    307.21973    14582 
314000000   -290.58031    10199.084    12861.785    2461.1079    8028.5564    308.22646    14593 
315000000   -275.54603    10188.659    13031.016    2404.3486    8059.8562      312.282    14604 
316000000   -257.00802     10510.74    12933.897    2586.6992    8181.0492    309.95459    14542 
317000000   -274.96856    10438.959    12778.791    2589.0666    8124.8606    306.23757    14551 
318000000   -300.28237     10481.92    12867.927    2638.6203    8143.5821    308.37365    14562 
319000000   -271.56619    10383.039    12933.199    2481.6431    8172.9624    309.93788    14601 
320000000    -296.2426    10670.622    12907.196    2737.8456     8229.019    309.31472    14506 
321000000   -240.67411    10382.559    13043.771    2521.7458    8101.4873    312.58769    14599 
322000000   -297.10454    10142.576    12815.879    2368.4039    8071.2767    307.12635    14626 
323000000   -300.82925    10252.985    12803.749    2403.1681    8150.6466    306.83566    14585 
324000000   -238.92625    10362.109    12970.528    2502.3388    8098.6968    310.83244    14589 
325000000   -279.22793     10283.75    12818.194     2499.055     8063.923    307.18183    14578 
326000000    -272.0553    10344.634    12979.748    2527.0989    8089.5904    311.05339    14577 
327000000   -265.05076    10488.604    12932.695    2561.5025    8192.1525    309.92579    14584 
328000000   -277.83315    10444.002    13061.264    2518.9034    8202.9321    313.00688    14582 
329000000   -297.11435    10173.462    12945.434    2406.0863    8064.4902    310.23107    14613 
330000000   -291.21751    10298.458    13026.378    2469.6817    8119.9938    312.17086    14624 
331000000   -245.82427     10196.24    13032.927    2458.7415    7983.3223     312.3278    14617 
332000000   -302.69714     10576.37    12871.614    2644.9141    8234.1528    308.46202    14533 
333000000     -270.279    10312.703    12903.041    2431.2494    8151.7322    309.21516    14607 
334000000   -283.47016    10326.138    12873.862    2408.8156    8200.7925    308.51588    14631 
335000000   -264.18897    10529.554    13026.558    2642.3869    8151.3565    312.17517    14541 
336000000   -283.28142    10397.971     12809.28    2583.9777    8097.2752    306.96821    14565 
337000000   -269.61996    10335.668    12919.435    2565.1128    8040.1753    309.60803    14582 
338000000   -274.40634    10383.918    13025.185    2480.7286    8177.5956    312.14228    14616 
339000000   -250.91839    10438.994    12773.862     2497.478    8192.4348    306.11944    14577 
340000000   -255.07002    10319.614    12855.769    2483.5251    8091.1587     308.0823    14623 
341000000   -280.31384    10514.868    13017.071    2612.7291     8182.453    311.94781    14561 
342000000   -264.19739     10315.45     13029.66    2507.5271    8072.1208    312.24951    14588 
343000000      -301.38    10165.891    12908.989    2392.1351    8075.1359    309.35768    14606 
344000000   -288.28453    10220.151    12972.353    2304.9133    8203.5227    310.87617    14601 
345000000   -310.56494    10637.904    13044.798    2591.4651    8357.0036    312.61228    14585 
346000000   -285.60674     10313.02    12831.271    2430.7896    8167.8371    307.49522    14584 
347000000   -306.85032    10209.177    13111.595    2486.6418    8029.3854    314.21305    14618 
348000000   -281.41468    10351.524    12901.108    2433.2896    8199.6493    309.16883    14609 
349000000   -260.63259    10517.407    12880.998    2648.7614    8129.2783     308.6869    14585 
350000000   -290.23824    10264.894    12927.764    2358.5706    8196.5618    309.80762    14646 
351000000   -249.63827    10263.336    12715.968    2422.9865     8089.988    304.73203    14622 
352000000   -278.61995    10281.177    12985.974     2493.733    8066.0644    311.20259    14571 
353000000   -289.09529     10268.61    12783.323     2520.233    8037.4721    306.34616    14600 
354000000   -285.06562    10275.683    12903.717    2493.3199    8067.4285    309.23134    14609 
355000000   -292.74993    10302.817    12750.692    2415.6474    8179.9195    305.56418    14601 
356000000    -302.5667    10328.879    13073.339    2443.1582    8188.2872    313.29626    14632 
357000000   -278.29593    10088.859     13057.05    2350.8355    8016.3199     312.9059    14627 
358000000   -295.44314    10268.278      12856.1    2411.2325    8152.4886    308.09024    14617 
359000000   -275.88422    10376.223    12919.876    2530.2372    8121.8704     309.6186    14576 
360000000   -265.92675    10559.988    13060.141    2670.0178    8155.8967    312.97998    14557 
361000000   -286.13045    10342.402    12760.916    2482.3075    8146.2253     305.8092    14559 
362000000    -228.5145    10399.904    12873.773    2449.4612    8178.9573    308.51375    14615 
363000000   -244.52787    10243.881    12989.612    2405.1664    8083.2421    311.28977    14634 
364000000   -301.26726    10607.604    12942.977    2627.4625    8281.4083    310.17219    14562 
365000000   -266.34961    10373.107    12968.128    2551.9006    8087.5559    310.77492    14554 
366000000    -262.9022    10496.847    13000.218    2631.0872    8128.6615    311.54394    14566 
367000000   -284.99282    10472.376    12810.019    2660.0332    8097.3358    306.98591    14541 
368000000   -269.05656    10170.485    12958.406    2470.2058     7969.336    310.54194    14579 
369000000   -281.60317    10476.006    13031.483    2570.9759    8186.6332    312.29319    14581 
370000000   -256.84873    10140.906    12982.594    2380.9051    8016.8492     311.1216    14608 
371000000   -276.84915    10369.037     13012.83    2494.7602    8151.1256    311.84619    14604 
372000000   -255.68435    10400.721    12768.924    2575.4171    8080.9879    306.00111    14568 
373000000   -279.37732    10388.513     12925.28    2463.3168    8204.5738    309.74809    14596 
374000000   -268.84485    10514.061    12910.632    2630.4152     8152.491    309.39706    14554 
375000000   -272.17552    10189.175    12912.471    2394.8092    8066.5416    309.44114    14641 
376000000   -267.07227     10514.95    12909.443    2558.1198    8223.9029    309.36857    14579 
377000000   -266.75703    10383.916     12921.47    2568.0258    8082.6468    309.65679    14551 
378000000   -273.85696    10410.789     13061.22    2511.4057    8173.2405    313.00583    14604 
379000000   -292.73133    10312.333    13029.037    2525.5743    8079.4896    312.23459    14607 
380000000   -245.32157    10430.262    12984.756    2472.5302    8203.0537     311.1734    14583 
381000000   -273.27517    10348.766    13147.231    2506.9698     8115.071    315.06704    14582 
382000000   -286.45778    10394.185    12811.553    2512.0889    8168.5542    307.02268    14579 
383000000   -291.77022    10251.555    12924.953     2411.615    8131.7098    309.74026    14634 
384000000   -278.00001    10368.621    13076.586    2437.0524     8209.569    313.37408    14607 
385000000   -278.90247    10321.069    12920.976    2439.8994    8160.0722    309.64496    14630 
386000000   -251.76373    10284.469    12978.775    2537.9542    7998.2785    311.03008    14561 
387000000   -263.66491    10310.547    12962.099     2488.032    8086.1804    310.63044    14596 
388000000   -278.01666    10298.247    12822.673    2483.2902    8092.9733    307.28917    14601 
389000000   -292.75862    10269.477    12895.778    2471.2929    8090.9424    309.04109    14578 
390000000   -292.85051    10356.943    12857.524    2538.4854    8111.3084    308.12434    14580 
391000000   -269.64527    10336.329    12983.749    2411.8757    8194.0986    311.14927    14590 
392000000   -269.43992     10328.71     12876.81    2531.9128    8066.2374    308.58652    14586 
393000000   -266.41901    10186.209    12922.655    2431.4587    8021.1695    309.68519    14646 
394000000   -282.07999    10418.333    12887.705    2516.1938    8184.2192    308.84763    14573 
395000000   -279.98699    10370.717    12791.287    2487.4302    8163.2737    306.53701    14631 
396000000   -286.78207    10284.783    12997.354    2461.8819    8109.6829     311.4753    14652 
397000000    -265.1213     10335.27    12906.544    2567.5905    8032.8011    309.29909    14616 
398000000   -258.76494    10370.345    12881.361     2442.517    8186.5929    308.69559    14594 
399000000   -283.61375     10339.26    12992.209    2453.4113    8169.4622    311.35202    14597 
400000000    -264.8573    10298.218    12838.988    2485.0753    8078.0003    307.68015    14586 
401000000   -268.30731    10242.984    12984.867    2442.7204    8068.5705    311.17607    14601 
402000000     -314.595    10403.749     12727.69    2457.8465    8260.4977    305.01295    14569 
403000000   -254.97063    10420.638    12988.871    2488.8507     8186.758    311.27203    14609 
404000000   -262.23363     10200.48    12943.518    2480.9182    7981.7958    310.18515    14611 
405000000   -261.17364    10408.377    12789.319     2555.167    8114.3837    306.48985    14599 
406000000   -283.84055    10460.785    12913.291    2679.2231    8065.4026     309.4608    14548 
407000000   -254.58262    10247.844    12893.652    2412.0708    8090.3562    308.99015    14603 
408000000   -291.93569    10090.244    12889.531    2308.0562    8074.1233    308.89138    14646 
409000000    -298.6461    10394.663    12926.845    2618.3194    8074.9894     309.7856    14590 
410000000   -324.89025    10321.403    12850.536    2447.6078    8198.6854     307.9569    14595 
411000000   -270.44752     10615.77    12674.218    2634.0202    8252.1976    303.73151    14540 
412000000   -273.22897    10266.512    12849.354    2425.1952    8114.5456    307.92857    14643 
413000000   -290.19503    10336.599    13024.878    2472.3497    8154.4442    312.13492    14625 
414000000   -266.99619     10256.12    12983.879    2475.2631    8047.8532    311.15239    14601 
415000000     -290.458    10324.644    12728.432    2526.3535    8088.7484    305.03073    14574 
416000000   -289.54457    10572.449    13076.318    2689.6598    8172.3334    313.36765    14498 
417000000   -305.08839    10496.817    12923.163     2602.143    8199.7625    309.69736    14604 
418000000   -258.30486    10298.446    12930.778    2483.3743    8073.3764    309.87984    14624 
419000000   -259.30671    10531.185    12886.419    2696.8183    8093.6734     308.8168    14537 
420000000   -276.93643     10428.39    12945.261    2548.5519     8156.775    310.22694    14574 
421000000   -285.59713    10346.137    12801.369    2528.6176    8103.1164    306.77862    14615 
422000000   -269.38882     10284.53    12882.754     2455.144     8098.775    308.72899    14605 
423000000   -273.31426    10479.655    12981.996    2568.0256    8184.9433    311.10727    14570 
424000000   -275.80851    10459.596    12888.672    2649.8682    8085.5366     308.8708    14543 
425000000    -273.1219    10318.248    12992.452    2460.8557    8130.5145    311.35785    14588 
426000000   -297.70905      10492.4    12971.842    2643.8415    8146.2677    310.86392    14541 
427000000   -287.29764    10433.437    13026.822    2597.5469    8123.1878     312.1815    14569 
428000000   -282.62095    10246.476    12800.475    2469.9143     8059.183    306.75721    14591 
429000000   -276.68079    10489.639    12710.302    2687.8617    8078.4582    304.59625    14532 
430000000    -273.8692    10506.186    12825.337    2585.6892    8194.3664      307.353    14547 
431000000   -297.37186    10546.251    12933.393    2655.8654    8187.7571    309.94253    14528 
432000000   -304.38483    10157.445    12904.883    2324.7283    8137.1016    309.25929    14649 
433000000   -271.13354    10500.547     12827.69    2562.2104    8209.4699    307.40941    14573 
434000000   -240.15592    10365.627    12952.621    2541.5563    8064.2263    310.40331    14602 
435000000   -245.89603     10381.45    13128.507    2497.8838    8129.4617    314.61832    14598 
436000000   -301.74107    10266.864    12924.553    2467.6131    8100.9917    309.73066    14594 
437000000   -263.29492    10334.728    12952.001    2507.1901    8090.8333    310.38845    14586 
438000000   -302.76619    10129.403    12862.195    2320.7441    8111.4246     308.2363    14643 
439000000   -299.48807    10195.624    12952.751    2391.2517    8103.8608    310.40643    14590 
440000000   -272.90922    10441.009    12828.157    2561.3701     8152.548     307.4206    14562 
441000000   -264.45094    10327.756    12994.381    2475.7242    8116.4826    311.40406    14597 
442000000   -299.93148     10446.02    12962.789    2549.4793     8196.472    310.64697    14556 
443000000   -291.05591    10081.279    12831.351    2313.3604    8058.9749    307.49712    14634 
444000000   -294.97309    10258.669    13093.187    2451.0212    8102.6204     313.7719    14597 
445000000   -284.17813    10256.822    12996.977    2411.9313    8129.0689    311.46629    14628 
446000000   -320.24465    10226.911    12951.102    2414.7355    8132.4204    310.36691    14613 
447000000   -294.00536     10269.93      13013.8    2451.9352    8112.0006    311.86945    14572 
448000000   -306.26494    10462.639    12923.314    2576.5742    8192.3302    309.70099    14579 
449000000   -269.92264    10428.048    13177.343    2649.9659    8048.0052    315.78865    14554 
450000000   -272.48723    10328.287    12909.848    2512.0374    8088.7368    309.37829    14572 
451000000   -276.39116    10265.829     12877.08    2511.8994    8030.3208    308.59301    14595 
452000000   -284.57348    10359.216    12948.375    2536.4634    8107.3263    310.30155    14567 
453000000   -299.48888    10236.912    12952.819    2455.8258    8080.5747    310.40806    14632 
454000000   -270.35003    10327.964    12969.066    2524.0003     8074.314    310.79741    14602 
455000000    -281.4729    10194.976    12904.721    2406.2731    8070.1758     309.2554    14611 
456000000   -265.87628    10415.855    13044.826    2578.3145    8103.4167    312.61295    14571 
457000000   -276.57936     10452.48     12694.44    2540.7401    8188.3192    304.21613    14531 
458000000   -278.61362    10430.482    12920.091    2540.6592    8168.4362    309.62375    14583 
459000000   -290.38911    10272.695    12804.701    2434.8876    8128.1968    306.85848    14592 
460000000   -263.43293    10515.338    12962.492    2602.2058    8176.5649    310.63986    14556 
461000000   -312.58692    10574.517    13086.377    2624.3396    8262.7648     313.6087    14553 
462000000   -298.84617    10153.035    12866.738    2388.9991    8062.8823    308.34517    14627 
463000000   -264.09781    10315.789    12983.661    2485.1035    8094.7829    311.14716    14613 
464000000   -271.06991    10215.658    12821.107    2397.2995    8089.4287    307.25163    14617 
465000000   -259.69984    10190.713    12908.056    2362.0986    8088.3142    309.33532    14595 
466000000   -296.34693    10256.986     12809.78    2458.4696    8094.8635     306.9802    14590 
467000000   -275.04693    10399.973    12921.579    2559.6842    8115.3356     309.6594    14565 
468000000   -280.96829    10457.838    12911.694    2552.1139    8186.6924     309.4225    14536 
469000000   -281.12358    10292.933    12948.178    2483.4165    8090.6398    310.29683    14598 
470000000   -273.77559    10264.771    13133.304    2432.7784    8105.7682     314.7333    14635 
471000000   -306.95286    10574.498    12939.678    2706.0904      8175.36    310.09314    14522 
472000000   -301.61277    10483.533     12776.72    2561.2028    8223.9429    306.18793    14566 
473000000   -286.63608     10345.61    12950.239    2484.7019    8147.5445    310.34622    14580 
474000000   -251.80602    10228.755    12992.093    2497.6529    7982.9082    311.34925    14572 
475000000   -249.25988    10230.564    12854.316    2430.6316    8049.1922    308.04748    14603 
476000000   -267.72754    10556.183    12821.737    2592.6342    8231.2761    307.26674    14551 
477000000   -269.62377    10364.068    12890.002    2525.1957    8108.4963    308.90267    14595 
478000000    -273.5296    10277.782    12911.881    2416.4769    8134.8346    309.42699    14635 
479000000   -292.34872    10083.505    12898.936    2348.0298    8027.8239    309.11677    14638 
480000000   -284.39875    10581.369    12914.775    2605.3828    8260.3848    309.49634    14551 
481000000   -282.81015    10404.647    12938.803    2521.5299    8165.9272    310.07217    14561 
482000000   -259.27958    10321.641     12879.13    2402.6425    8178.2781    308.64214    14623 
483000000   -290.67969    10270.505    12913.368    2446.5481    8114.6365    309.46264    14616 
484000000   -260.99733    10357.261    12953.808    2534.9764    8083.2817    310.43174    14596 
485000000   -275.66394     10492.43    12988.859    2545.3256    8222.7688    311.27175    14599 
486000000   -258.41433    10213.157    12913.953    2378.4258    8093.1456    309.47666    14599 
487000000    -286.5437    10393.336    12997.752    2505.9973    8173.8826    311.48484    14563 
488000000   -280.39561    10244.749    13017.623     2457.312     8067.833    311.96105    14600 
489000000   -272.37359    10243.441    13011.699    2455.8731    8059.9413    311.81908    14591 
490000000   -229.43843    10201.283    12875.511    2357.8843    8072.8372    308.55541    14622 
491000000   -254.19126    10452.795    12796.214    2531.7785    8175.2074    306.65509    14576 
492000000    -277.6147    10134.278    12876.102    2340.9024    8070.9901    308.56958    14609 
493000000    -280.4277    10135.027    12934.362     2443.305    7972.1496    309.96574    14601 
494000000   -269.90226    10330.618     12956.52    2489.3715    8111.1488    310.49675    14605 
495000000   -303.82018    10489.103    12809.437    2706.3959    8086.5278    306.97196    14533 
496000000   -264.67352    10644.247     12808.39    2628.4245    8280.4962    306.94689    14497 
497000000   -248.18757    10423.093    12726.232    2504.3601    8166.9204    304.97801    14596 
498000000   -269.48053    10195.309    12988.864    2352.0788    8112.7103    311.27187    14637 
499000000   -267.68687    10446.015    13076.973    2509.9034     8203.798    313.38335    14596 
500000000   -279.49816     10316.89    12889.545    2497.6858    8098.7026    308.89173    14575 
Loop time of 145570 on 28 procs for 500000000 steps with 14000 atoms

Performance: 7419.108 ns/day, 0.003 hours/ns, 3434.772 timesteps/s
99.4% CPU use with 28 MPI tasks x no OpenMP threads

MPI task timing breakdown:
Section |  min time  |  avg time  |  max time  |%varavg| %total
---------------------------------------------------------------
Pair    | 8248.8     | 8892       | 12157      |1071.9 |  6.11
Bond    | 5561.7     | 6339       | 12020      |2339.8 |  4.35
Neigh   | 26666      | 27500      | 28268      | 303.3 | 18.89
Comm    | 44183      | 55019      | 60539      |1589.7 | 37.80
Output  | 0.72102    | 0.72228    | 0.72321    |   0.1 |  0.00
Modify  | 28042      | 28232      | 28630      | 113.6 | 19.39
Other   |            | 1.959e+04  |            |       | 13.46

Nlocal:    500 ave 541 max 450 min
Histogram: 1 0 2 6 4 2 5 5 2 1
Nghost:    394.786 ave 582 max 244 min
Histogram: 1 3 5 2 5 6 3 1 1 1
Neighs:    2267.18 ave 2984 max 1907 min
Histogram: 5 1 7 6 4 2 2 0 0 1

Total # of neighbors = 63481
Ave neighs/atom = 4.53436
Ave special neighs/atom = 6.79543
Neighbor list builds = 100025815
Dangerous builds = 0
write_restart final_state_${fName}.restart
write_restart final_state_Run5.restart
Total wall time: 40:26:15
