
units real
boundary p p p
atom_style full

neighbor 1.9 bin
neigh_modify every 1 delay 1 check yes

read_data b70_N200_L400.data extra/special/per/atom 50
  orthogonal box = (-420 -420 -420) to (420 420 420)
  2 by 2 by 7 MPI processor grid
  reading atoms ...
  14000 atoms
  scanning bonds ...
  51 = max bonds/atom
  scanning angles ...
  1 = max angles/atom
  reading bonds ...
  13800 bonds
  reading angles ...
  13600 angles
  2 = max # of 1-2 neighbors
  2 = max # of 1-3 neighbors
  4 = max # of 1-4 neighbors
  56 = max # of special neighbors
  special bonds CPU = 0.00225815 secs
  read_data CPU = 0.0744664 secs

angle_style cosine
angle_coeff * 2 # K (energy unit)

bond_style hybrid harmonic harmonic/shift/cut
bond_coeff 1 harmonic 3 10
bond_coeff 2 harmonic 3 10
bond_coeff 3 harmonic/shift/cut 4.80 11.22 12.72

pair_style lj/cut 25
# atom-typ1, atom-typ2, energy-well, sigma (bead-diameter), cut-off (distance)
pair_coeff * * 0.18 10 25

special_bonds lj 1 1 1 angle no
  2 = max # of 1-2 neighbors
  2 = max # of 1-3 neighbors
  4 = max # of 1-4 neighbors
  56 = max # of special neighbors
  special bonds CPU = 0.00101383 secs

minimize 1.0e-4 1.0e-6 100000 100000 # force_tol, energy_tol, maxiter, maxeval
WARNING: Using 'neigh_modify every 1 delay 0 check yes' setting during minimization (../min.cpp:168)
Neighbor list info ...
  update every 1 steps, delay 0 steps, check yes
  max neighbors/atom: 2000, page size: 100000
  master list distance cutoff = 26.9
  ghost atom cutoff = 26.9
  binsize = 13.45, bins = 63 63 63
  1 neighbor lists, perpetual/occasional/extra = 1 0 0
  (1) pair lj/cut, perpetual
      attributes: half, newton on
      pair build: half/bin/newton
      stencil: half/bin/3d/newton
      bin: standard
Per MPI rank memory allocation (min/avg/max) = 1.165 | 13.79 | 17.67 Mbytes
Step Temp E_pair E_mol TotEng Press 
       0            0 2.4262116e+12      2649600 2.4262142e+12 1.1227655e+09 
    2593            0   -3213.8545    8077.7575     4863.903  0.022358999 
Loop time of 0.765359 on 28 procs for 2593 steps with 14000 atoms

99.4% CPU use with 28 MPI tasks x no OpenMP threads

Minimization stats:
  Stopping criterion = energy tolerance
  Energy initial, next-to-last, final = 
     2.42621422944e+12      4864.36586087      4863.90297658
  Force two-norm initial, final = 2.10957e+10 3.95325
  Force max component initial, final = 1.05441e+09 0.95274
  Final line search alpha, max atom move = 0.049396 0.0470616
  Iterations, force evaluations = 2593 2659

MPI task timing breakdown:
Section |  min time  |  avg time  |  max time  |%varavg| %total
---------------------------------------------------------------
Pair    | 0.056557   | 0.1898     | 0.3508     |  20.0 | 24.80
Bond    | 0.017611   | 0.048755   | 0.086861   |   9.0 |  6.37
Neigh   | 0.10339    | 0.10448    | 0.10554    |   0.2 | 13.65
Comm    | 0.082274   | 0.26106    | 0.4505     |  20.3 | 34.11
Output  | 0          | 0          | 0          |   0.0 |  0.00
Modify  | 0          | 0          | 0          |   0.0 |  0.00
Other   |            | 0.1613     |            |       | 21.07

Nlocal:    500 ave 894 max 183 min
Histogram: 3 3 3 4 6 0 2 2 3 2
Nghost:    312.964 ave 490 max 136 min
Histogram: 3 3 2 1 4 3 4 4 1 3
Neighs:    3601.79 ave 6560 max 1006 min
Histogram: 4 1 5 2 7 0 1 1 5 2

Total # of neighbors = 100850
Ave neighs/atom = 7.20357
Ave special neighs/atom = 5.82857
Neighbor list builds = 165
Dangerous builds = 0

# further equilibriate the system before bond formation takes place
fix fxlan all langevin $T $T 1000 ${seed}
fix fxlan all langevin 310 $T 1000 ${seed}
fix fxlan all langevin 310 310 1000 ${seed}
fix fxlan all langevin 310 310 1000 74626
fix fxnve all nve
timestep 0.1
run 10000
Per MPI rank memory allocation (min/avg/max) = 1.127 | 12.9 | 16.54 Mbytes
Step Temp E_pair E_mol TotEng Press 
    2593            0   -3213.8545    8077.7575     4863.903  0.022358999 
   12593    224.31909   -2699.5759    11672.747    18333.639   -1.2163847 
Loop time of 1.94635 on 28 procs for 10000 steps with 14000 atoms

Performance: 44.391 ns/day, 0.541 hours/ns, 5137.823 timesteps/s
99.4% CPU use with 28 MPI tasks x no OpenMP threads

MPI task timing breakdown:
Section |  min time  |  avg time  |  max time  |%varavg| %total
---------------------------------------------------------------
Pair    | 0.075266   | 0.28395    | 0.5838     |  28.3 | 14.59
Bond    | 0.055074   | 0.15489    | 0.27731    |  16.2 |  7.96
Neigh   | 0.0025705  | 0.0026319  | 0.0027715  |   0.1 |  0.14
Comm    | 0.27353    | 0.66855    | 1.0152     |  25.6 | 34.35
Output  | 5.3135e-05 | 8.7983e-05 | 0.0001314  |   0.0 |  0.00
Modify  | 0.13361    | 0.36184    | 0.64212    |  24.1 | 18.59
Other   |            | 0.4744     |            |       | 24.37

Nlocal:    500 ave 896 max 184 min
Histogram: 3 3 4 3 6 0 2 2 3 2
Nghost:    312.607 ave 483 max 137 min
Histogram: 3 3 2 1 4 3 4 2 3 3
Neighs:    3607 ave 6619 max 1008 min
Histogram: 3 2 6 2 6 0 1 2 4 2

Total # of neighbors = 100996
Ave neighs/atom = 7.214
Ave special neighs/atom = 5.82857
Neighbor list builds = 4
Dangerous builds = 0

unfix fxlan
unfix fxnve
reset_timestep 0

variable t equal step
variable steps equal 500000000
variable dt_thermo equal 1000000
variable dt_movie equal 10000000
variable dt_restart equal 50000000

group rxnSites type 1 3
4000 atoms in group rxnSites

# fix ID group-ID(atom-types) bond/create Nevery itype jtype Rmin bondtype (prob values = fraction seed) (iparam maxbond newType)
fix bondc rxnSites bond/create/random 20 1 3 12.72 3 prob 1 ${seed} iparam 1 1 jparam 1 3
fix bondc rxnSites bond/create/random 20 1 3 12.72 3 prob 1 74626 iparam 1 1 jparam 1 3

# fix ID group-ID bond/break Nevery bondtype Rmax keyword values ...
fix bondbr rxnSites bond/break 20 3 12.72 prob 1 ${seed}
fix bondbr rxnSites bond/break 20 3 12.72 prob 1 74626

variable frmbnd equal f_bondc[2]
variable brkbnd equal f_bondbr[2]
fix saveBond all print ${dt_thermo} "$t ${frmbnd} ${brkbnd}" file BondData_${fName}.dat screen no
fix saveBond all print 1000000 "$t ${frmbnd} ${brkbnd}" file BondData_${fName}.dat screen no
fix saveBond all print 1000000 "$t ${frmbnd} ${brkbnd}" file BondData_Run4.dat screen no

thermo_style custom step epair pe ke ebond eangle temp bonds
thermo ${dt_thermo}
thermo 1000000
fix saveThermo all print ${dt_thermo} "$t $(temp) $(ke) $(pe) $(epair) $(ebond) $(eangle) $(bonds)" file Thermo_${fName}.dat title "# Steps Temp KinEng PotEng Epair Ebond Eangle Bonds" screen no
fix saveThermo all print 1000000 "$t $(temp) $(ke) $(pe) $(epair) $(ebond) $(eangle) $(bonds)" file Thermo_${fName}.dat title "# Steps Temp KinEng PotEng Epair Ebond Eangle Bonds" screen no
fix saveThermo all print 1000000 "$t $(temp) $(ke) $(pe) $(epair) $(ebond) $(eangle) $(bonds)" file Thermo_Run4.dat title "# Steps Temp KinEng PotEng Epair Ebond Eangle Bonds" screen no

############################ Langevin Dynamics ###############################
fix fxlan all langevin $T $T 1000 ${seed}
fix fxlan all langevin 310 $T 1000 ${seed}
fix fxlan all langevin 310 310 1000 ${seed}
fix fxlan all langevin 310 310 1000 74626
fix fxnve all nve

comm_style tiled
fix fxbal all balance 1000 1.1 rcb

timestep 25

dump coor all custom ${dt_movie} traj_${fName}.dump id type mol mass x y z xu yu zu
dump coor all custom 10000000 traj_${fName}.dump id type mol mass x y z xu yu zu
dump coor all custom 10000000 traj_Run4.dump id type mol mass x y z xu yu zu

restart ${dt_restart} ${fName}_tp_*.restart
restart 50000000 ${fName}_tp_*.restart
restart 50000000 Run4_tp_*.restart
run ${steps}
run 500000000
Neighbor list info ...
  update every 1 steps, delay 1 steps, check yes
  max neighbors/atom: 2000, page size: 100000
  master list distance cutoff = 26.9
  ghost atom cutoff = 26.9
  binsize = 13.45, bins = 63 63 63
  2 neighbor lists, perpetual/occasional/extra = 1 1 0
  (1) pair lj/cut, perpetual
      attributes: half, newton on
      pair build: half/bin/newton
      stencil: half/bin/3d/newton
      bin: standard
  (2) fix bond/create/random, occasional, copy from (1)
      attributes: half, newton on
      pair build: copy
      stencil: none
      bin: none
Per MPI rank memory allocation (min/avg/max) = 17.76 | 18.27 | 18.83 Mbytes
Step E_pair PotEng KinEng E_bond E_angle Temp Bonds 
       0   -2699.5759    8973.1714    9360.4677    3166.8432    8505.9041    224.31909    13800 
 1000000   -1616.2651    5729.4957    12978.978   -1212.5338    8558.2947    311.03495    14975 
 2000000   -1817.1393    4486.1362    12908.448   -2089.6046    8392.8801    309.34474    15169 
 3000000   -1943.5489    3870.9109    12877.569   -2516.1432     8330.603    308.60472    15250 
 4000000   -1975.1404    3748.6637    12968.203   -2678.9479     8402.752    310.77672    15302 
 5000000   -2030.2096    3376.9271    12890.282   -2925.2821    8332.4188    308.90939    15358 
 6000000   -1987.8472    3183.1386    12954.388   -3087.7424    8258.7282    310.44566    15388 
 7000000   -2032.6233    3152.1953    12933.319   -3195.6645    8380.4832    309.94074    15411 
 8000000   -2026.2177    3137.3824    12842.421   -3184.3912    8347.9913    307.76243    15421 
 9000000   -2102.7154    3001.2172    12839.601    -3324.325    8428.2577    307.69485    15444 
10000000   -2201.3143    2725.4623    13008.589   -3374.7684    8301.5449    311.74455    15461 
11000000   -2133.8186    2680.9242    12988.358   -3468.6937    8283.4365    311.25973    15468 
12000000   -2156.1844    2622.4389    12868.114   -3541.9108    8320.5341    308.37814    15478 
13000000   -2221.7826    2633.2423    13003.169   -3501.6359    8356.6607    311.61468    15493 
14000000   -2151.5059    2555.3098    12862.957    -3494.756    8201.5717    308.25457    15495 
15000000   -2215.5066      2579.67     12961.96   -3503.0233    8298.1999    310.62711    15507 
16000000   -2243.4302    2526.1214    12881.669   -3557.9427    8327.4942    308.70298    15493 
17000000   -2283.8182    2257.8688    13100.432   -3701.4414    8243.1284    313.94553    15526 
18000000   -2295.3908    2293.3038     12803.69   -3713.7323    8302.4269    306.83426    15525 
19000000   -2241.0604    2307.9268    12860.041   -3713.4781    8262.4653    308.18467    15527 
20000000   -2264.0433    2392.9219    13059.207   -3663.8216    8320.7868     312.9576    15540 
21000000   -2308.6511    2173.6134    12917.092   -3842.3503    8324.6148    309.55188    15551 
22000000   -2303.9692    2145.9537    12942.053   -3704.1396    8154.0625    310.15005    15550 
23000000   -2362.1346    2106.0791    12824.261   -3769.3034    8237.5172    307.32722    15563 
24000000   -2310.1297    2103.7257    12929.593   -3864.7623    8278.6177    309.85145    15575 
25000000   -2297.2352    2084.9303    12924.502   -3956.0666    8338.2322    309.72944    15574 
26000000   -2328.7706    1978.3149    13019.731   -3918.2841    8225.3697    312.01157    15581 
27000000   -2353.2843    1853.8396     12985.84   -3947.5797    8154.7035    311.19938    15583 
28000000   -2352.4264    1852.0493    12945.133     -4033.09    8237.5657    310.22387    15596 
29000000   -2311.8763    2005.8518    12879.489   -3862.5718    8180.2999    308.65074    15588 
30000000   -2253.6838    1947.6756    12834.183   -3955.5958    8156.9552    307.56501    15588 
31000000   -2382.4262    1747.2216    12958.017   -4064.8596    8194.5074    310.53262    15602 
32000000   -2344.9094     1883.116    12990.608   -3988.8642    8216.8896    311.31366    15605 
33000000    -2379.862    1781.4432    12849.721   -4095.2735    8256.5787    307.93735    15601 
34000000   -2398.2385    1839.5163    12869.805   -4028.8878    8266.6426    308.41867    15606 
35000000   -2400.8111    1712.3961    12864.701   -4019.1641    8132.3713    308.29635    15604 
36000000   -2356.6994    1908.5823    12886.208   -4022.2407    8287.5223    308.81176    15609 
37000000    -2440.055    1715.5309    12828.926   -4016.5168    8172.1027    307.43903    15608 
38000000   -2443.9181     1663.435    12847.904   -4117.0064    8224.3596    307.89382    15619 
39000000   -2372.9209    1878.5266    12812.677   -4045.1527    8296.6002    307.04963    15609 
40000000   -2446.5107    1638.2396    12911.544    -4153.751    8238.5014    309.41891    15619 
41000000   -2458.3834    1621.6083     12911.76   -4166.5632     8246.555    309.42411    15619 
42000000   -2497.5431    1615.4872    13001.887   -4096.5992    8209.6295    311.58395    15618 
43000000    -2513.932    1488.2258    12889.228   -4200.3132     8202.471    308.88412    15624 
44000000   -2479.0757    1660.9407    12887.209   -4123.4051    8263.4215    308.83573    15619 
45000000   -2383.0238    1806.0272    12960.992   -4159.0215    8348.0725    310.60391    15615 
46000000   -2512.3992    1526.9953    12976.463   -4158.8275     8198.222    310.97468    15633 
47000000    -2460.788    1724.8019     12787.65   -4102.2863    8287.8762    306.44987    15619 
48000000   -2446.0688    1563.1335    13020.562   -4163.6654    8172.8676    312.03148    15632 
49000000   -2537.6812    1569.8618    12935.072   -4108.8466    8216.3896    309.98275    15633 
50000000   -2496.0989    1575.8835    12968.051   -4161.7073    8233.6897    310.77308    15624 
51000000   -2499.6169      1637.24    13014.257   -4109.9448    8246.8018    311.88038    15624 
52000000   -2521.1902    1658.4865     13013.02   -4101.4835    8281.1602    311.85074    15631 
53000000   -2498.1578    1507.0276    12795.874   -4237.9973    8243.1827    306.64694    15626 
54000000   -2510.7978    1380.5442    12990.422    -4221.298      8112.64    311.30918    15627 
55000000   -2483.1247    1663.6658    12905.725   -4151.9353    8298.7259    309.27948    15633 
56000000   -2441.7881    1684.4799    12982.369    -4171.889     8298.157    311.11622    15636 
57000000    -2475.619      1565.33    12952.411   -4192.3244    8233.2734    310.39828    15637 
58000000   -2436.7176    1511.1158    12928.175   -4273.6777    8221.5111    309.81748    15644 
59000000   -2456.8188    1477.9155     13093.59   -4287.9625    8222.6968    313.78157    15644 
60000000   -2466.2351    1550.5359    13004.097   -4123.7729    8140.5439    311.63691    15646 
61000000   -2423.6678    1455.2168    12951.132     -4189.79    8068.6746    310.36762    15641 
62000000    -2490.457    1488.2729    13033.516   -4281.7705    8260.5004    312.34192    15649 
63000000   -2467.4817    1420.1761    12932.091   -4236.3522    8124.0101    309.91131    15651 
64000000   -2468.6202    1477.8989    13120.749   -4280.6682    8227.1873    314.43241    15651 
65000000   -2485.8684    1652.8688    12951.389   -4167.0076    8305.7447    310.37378    15652 
66000000   -2598.7192    1358.7236    12991.898   -4183.6613    8141.1042    311.34457    15646 
67000000   -2484.0685    1618.0018    13014.109   -4229.4074    8331.4777    311.87684    15650 
68000000   -2539.2658    1324.4491    12953.127   -4222.5644    8086.2792    310.41544    15652 
69000000   -2581.2814    1160.4289    13002.533   -4362.0205    8103.7308    311.59943    15659 
70000000   -2603.1818      1470.35    12873.226   -4188.5339    8262.0658    308.50064    15655 
71000000   -2547.6084    1515.7854     13016.02   -4259.1759    8322.5697    311.92263    15640 
72000000   -2577.7656    1303.6475    12857.547   -4319.1834    8200.5966    308.12491    15652 
73000000    -2486.257    1410.4229    12899.403   -4204.5067    8101.1866    309.12796    15657 
74000000   -2553.1333    1251.2953    12851.795   -4348.5094    8152.9379    307.98707    15664 
75000000   -2590.8742    1472.1668    12972.897   -4238.0288    8301.0697    310.88921    15657 
76000000   -2512.9209    1265.7981    13051.019   -4323.8844    8102.6034    312.76137    15659 
77000000   -2554.2949    1304.3868    12917.009   -4306.3797    8165.0614    309.54988    15658 
78000000   -2531.3214    1460.1543    12988.645   -4279.6119    8271.0876    311.26662    15671 
79000000   -2573.8222    1255.7964    12999.893   -4315.1558    8144.7744    311.53617    15661 
80000000   -2592.1238    1325.1182    12929.371   -4358.2176    8275.4595    309.84613    15659 
81000000    -2557.303    1352.2301    12991.813   -4278.6399    8188.1729    311.34252    15672 
82000000   -2559.1382    1310.4294    12954.277   -4287.9572    8157.5248      310.443    15670 
83000000   -2488.1319    1369.4001    13051.513   -4270.8496    8128.3817     312.7732    15663 
84000000   -2549.6343    1326.7549    12870.763    -4306.444    8182.8332    308.44161    15674 
85000000   -2543.2904    1316.6551    12892.996   -4294.7077    8154.6532    308.97442    15672 
86000000   -2564.9222    1378.2102    12970.289   -4311.5723    8254.7047    310.82671    15673 
87000000   -2582.1841    1394.6403    12923.697   -4278.5908    8255.4152    309.71016    15675 
88000000   -2667.0375    1183.6629    13120.524   -4339.4856     8190.186    314.42703    15665 
89000000   -2601.7547    1211.9224    12897.636   -4375.0149     8188.692    309.08562    15667 
90000000   -2626.6732     1110.457    12831.617   -4316.1548     8053.285    307.50351    15669 
91000000   -2583.0753    1127.0038    12966.007   -4406.8849     8116.964     310.7241    15674 
92000000   -2579.4054     1179.481    12970.549    -4337.688    8096.5744    310.83295    15676 
93000000   -2605.3731    1110.0319    12996.892    -4412.426     8127.831    311.46424    15677 
94000000   -2629.3005     1124.947    12947.413   -4430.8937    8185.1412    310.27851    15681 
95000000   -2644.6337    1240.3421    12821.914   -4327.4997    8212.4755    307.27098    15672 
96000000    -2617.241    1162.0914    12818.575   -4376.4225    8155.7548    307.19097    15688 
97000000    -2632.015    1144.4901     12873.83   -4419.7095    8196.2146    308.51512    15688 
98000000   -2621.3454    1145.9288    12881.266   -4413.9195    8181.1938    308.69332    15688 
99000000   -2611.7007    1211.9705    12987.628   -4419.7612    8243.4324    311.24224    15691 
100000000   -2572.9024    1183.7574    13015.292   -4427.7899    8184.4497    311.90518    15692 
101000000   -2601.5192     1217.923    12851.703   -4357.5906    8177.0328    307.98486    15680 
102000000   -2528.4753    1131.2462     13016.07   -4419.9411    8079.6626    311.92382    15690 
103000000   -2645.6228    1216.4731    13015.597   -4404.0812    8266.1772    311.91249    15683 
104000000   -2622.8725    1266.2046    12882.225   -4391.1879     8280.265     308.7163    15692 
105000000   -2664.9891    1170.1047    12852.014   -4416.8748    8251.9687    307.99231    15684 
106000000   -2664.8279    1094.6937    12842.956   -4498.4742    8257.9957    307.77524    15694 
107000000   -2628.0755    1180.6386    12831.261   -4431.4663    8240.1805    307.49499    15697 
108000000   -2616.9611    1051.6501    12887.381   -4467.1161    8135.7273    308.83987    15693 
109000000   -2658.3959     1071.347    12970.441    -4464.777    8194.5199    310.83035    15704 
110000000   -2590.7077    1167.4876    12871.831   -4397.1069    8155.3022     308.4672    15692 
111000000   -2678.4777    1114.0552    12815.599   -4361.1947    8153.7276    307.11964    15689 
112000000   -2641.1567    1045.8067    12833.587   -4435.2437    8122.2071    307.55071    15698 
113000000   -2775.7073    1001.3152     13078.76   -4599.9004     8376.923    313.42616    15701 
114000000   -2575.0606    1209.3835    12963.685   -4443.4701    8227.9142    310.66844    15706 
115000000   -2651.1409    1073.7728    12946.607   -4536.4529    8261.3666    310.25918    15707 
116000000   -2827.2076    891.96195    12939.091   -4589.8681    8309.0377    310.07908    15707 
117000000   -2587.6466    1088.2041    12944.745    -4397.532    8073.3827    310.21457    15711 
118000000   -2619.4854    968.37087    12889.962   -4623.8569    8211.7131    308.90171    15715 
119000000   -2533.0142      1123.14    13002.895   -4478.1771    8134.3313    311.60809    15706 
120000000   -2587.5069    1050.9347    12911.684   -4394.8761    8033.3177    309.42227    15705 
121000000   -2622.2159    1016.4971    13026.655   -4521.9749     8160.688    312.17751    15708 
122000000   -2497.2021    1066.9297    13061.586   -4519.5094    8083.6411     313.0146    15717 
123000000   -2608.6693    1069.3139    12711.259   -4535.2142    8213.1974    304.61917    15701 
124000000   -2629.4076    1028.0795    12898.563   -4518.7571    8176.2442    309.10782    15724 
125000000   -2594.7581    1086.1036    12945.001   -4503.8916    8184.7533     310.2207    15717 
126000000   -2624.1487    977.21916    12862.727   -4495.2581     8096.626    308.24905    15713 
127000000    -2622.528    1162.3313     12981.65    -4432.407    8217.2664    311.09898    15703 
128000000   -2568.9879     958.5528      12971.2   -4559.4957    8087.0365    310.84855    15720 
129000000   -2640.0089    935.95557     12819.51   -4567.7609    8143.7253    307.21338    15725 
130000000   -2604.5737    857.53102    12956.745   -4577.9343     8040.039    310.50215    15718 
131000000   -2636.1166    1009.8127      12943.2    -4531.591    8177.5203    310.17753    15723 
132000000   -2596.8284     915.0303     12888.72   -4544.3425    8056.2012    308.87196    15716 
133000000   -2565.4753    1053.8506     12879.57   -4555.1435    8174.4694    308.65268    15726 
134000000   -2721.0731    868.78761    12883.221   -4568.9919    8158.8526    308.74017    15710 
135000000   -2700.5498    970.60395    13087.958   -4503.4394    8174.5932     313.6466    15720 
136000000   -2668.3365    1013.5429    12886.561   -4517.6609    8199.5403    308.82021    15715 
137000000   -2659.3596    1059.7141    12842.075   -4535.5354    8254.6092    307.75413    15714 
138000000   -2650.5935    1030.0773    12959.373   -4528.3933     8209.064    310.56511    15721 
139000000   -2681.4796    987.40284    12813.017   -4524.2514    8193.1339    307.05777    15732 
140000000    -2680.272    1005.6122    12869.262   -4497.9514    8183.8357    308.40566    15720 
141000000   -2691.3424    892.56824    12942.094   -4622.4617    8206.3723    310.15104    15721 
142000000   -2608.9556    922.06649    12877.422   -4618.2728    8149.2949     308.6012    15722 
143000000     -2617.74    930.90057    12989.444   -4512.4179    8061.0584    311.28577    15712 
144000000   -2662.7962    964.13012    12984.724    -4552.512    8179.4384    311.17265    15728 
145000000   -2616.2537    1019.3289    12849.437   -4559.4998    8195.0824    307.93055    15722 
146000000   -2693.5705    1214.9977    12992.489   -4476.9512    8385.5194    311.35874    15720 
147000000   -2668.2159    1028.7583    12968.474   -4565.8426    8262.8168    310.78321    15725 
148000000    -2555.565    1202.8732    12885.032   -4482.0136    8240.4518    308.78357    15722 
149000000   -2542.9689    978.69195    12908.095   -4556.4399    8078.1007    309.33627    15723 
150000000    -2525.727    1226.9234      12742.1   -4466.2129    8218.8633    305.35827    15718 
151000000   -2647.3069    947.52061    12830.876    -4571.589    8166.4165    307.48576    15723 
152000000    -2633.827    890.72987    12850.983   -4519.0809    8043.6378     307.9676    15725 
153000000   -2647.3971     1030.659    12990.313   -4615.6561    8293.7122    311.30658    15720 
154000000   -2612.0189    1040.2995    12902.056   -4578.0538    8230.3722    309.19155    15714 
155000000   -2623.4787     864.6228    12764.113   -4520.2984    8008.3998    305.88581    15718 
156000000   -2579.3172     934.9703    13034.634   -4480.6151    7994.9026    312.36872    15719 
157000000   -2612.6731    1007.4872    12873.553   -4500.8308    8120.9911    308.50847    15717 
158000000   -2678.6534    918.81173    12935.009   -4471.1928    8068.6579    309.98124    15713 
159000000   -2675.6913    750.82775    13180.557   -4637.8658    8064.3849    315.86568    15722 
160000000   -2618.7334     946.4824    12988.603   -4602.1531    8167.3689    311.26561    15719 
161000000   -2655.2642     772.6601    13061.509   -4675.7442    8103.6685    313.01276    15730 
162000000   -2721.0686    953.18971    12977.527   -4540.9182    8215.1765    311.00017    15722 
163000000   -2601.1312    1016.5507    12860.389   -4517.0633    8134.7452    308.19302    15719 
164000000   -2698.0652    943.44214    12853.847   -4540.7767     8182.284    308.03624    15728 
165000000    -2614.575    925.37412    13015.189   -4566.5968    8106.5459    311.90273    15718 
166000000   -2635.7893      855.411    13080.702   -4653.3562    8144.5565    313.47271    15732 
167000000   -2600.0406    895.59937    12897.636   -4606.3756    8102.0155    309.08563    15719 
168000000    -2639.435    981.98815    12846.117   -4630.5725    8251.9957    307.85099    15723 
169000000   -2670.8703    970.02685    12964.009   -4534.1056    8175.0027    310.67623    15721 
170000000   -2626.4514    1059.9334    12883.233   -4483.0248    8169.4096    308.74047    15712 
171000000   -2553.1527    954.12616    12904.424   -4570.5396    8077.8185    309.24829    15724 
172000000    -2667.386    903.50926    12899.689   -4565.5137     8136.409    309.13482    15722 
173000000   -2633.0805    889.19675    12864.148   -4599.2584    8121.5357    308.28309    15724 
174000000   -2628.6015    913.98783    13033.983   -4586.2974    8128.8867     312.3531    15732 
175000000   -2610.6997    935.36498     12864.94   -4580.8644     8126.929    308.30207    15718 
176000000   -2655.6885     1018.522    12902.307   -4645.5102    8319.7207    309.19755    15736 
177000000   -2641.4998    988.46795    12887.315   -4575.9238    8205.8915    308.83829    15740 
178000000   -2654.1902    917.84338    12800.111   -4551.9168    8123.9504    306.74849    15729 
179000000   -2628.6382    859.38174    12818.532   -4729.0821     8217.102    307.18993    15735 
180000000   -2607.8371    869.47711    12773.201   -4613.9244    8091.2387    306.10359    15731 
181000000   -2607.5129    823.34563    12938.709   -4649.1562    8080.0147    310.06992    15732 
182000000   -2738.4211    833.49447    12917.055   -4605.6201    8177.5357      309.551    15718 
183000000   -2658.2806    886.06208    12971.745   -4574.4259    8118.7686     310.8616    15728 
184000000   -2606.6994     889.6555    12906.512    -4639.466    8135.8208    309.29832    15725 
185000000   -2546.5965    1069.5287     13131.15   -4547.7214    8163.8467    314.68166    15730 
186000000   -2649.1905    967.82931    13008.569    -4581.703    8198.7227    311.74409    15727 
187000000   -2624.9071    1009.7345    12785.382   -4574.2795    8208.9211     306.3955    15718 
188000000   -2632.0343    963.55721    12971.066    -4585.329    8180.9206    310.84534    15731 
189000000   -2585.4675    969.48604     12848.61   -4555.4765      8110.43    307.91073    15720 
190000000   -2674.2089    857.33581    12955.966   -4632.9684    8164.5131    310.48348    15729 
191000000   -2667.4038    925.65313    12950.116   -4589.4113    8182.4682    310.34329    15725 
192000000   -2656.7227    998.55416    12993.518   -4596.0036    8251.2805    311.38339    15723 
193000000   -2594.6494    920.00461    12991.221   -4621.3556    8136.0096    311.32834    15734 
194000000   -2645.9811    973.93658    12960.052   -4572.1995    8192.1171     310.5814    15733 
195000000   -2681.5509    815.71103    13092.335    -4709.114    8206.3759     313.7515    15732 
196000000   -2682.4639    876.51856    13048.397   -4637.3838    8196.3663    312.69853    15728 
197000000   -2659.4651    867.62716    13131.484   -4556.7844    8083.8766    314.68968    15725 
198000000   -2690.3886    989.65415     12870.12   -4527.8383     8207.881    308.42621    15732 
199000000   -2630.6495    968.84371    12824.452   -4608.8028     8208.296    307.33179    15724 
200000000    -2631.707    1006.4732    13129.963   -4605.6313    8243.8115    314.65323    15732 
201000000   -2661.0745     924.2992    12921.469   -4568.3392    8153.7129    309.65676    15726 
202000000   -2647.8799    848.75609    12797.795   -4584.4076    8081.0436    306.69297    15733 
203000000   -2677.2631    876.83327     12957.67   -4497.4081    8051.5044    310.52431    15719 
204000000   -2677.6022    959.78381      12983.3   -4582.9521    8220.3382    311.13853    15737 
205000000   -2629.3104    848.92969    12899.963   -4612.0634    8090.3035     309.1414    15732 
206000000   -2684.3595    864.14075    12945.919   -4683.8068     8232.307     310.2427    15734 
207000000   -2631.9529    918.10951    12779.955   -4596.1958    8146.2582    306.26546    15734 
208000000   -2738.0424    801.53845    12931.641   -4699.4015    8238.9823    309.90053    15740 
209000000   -2662.7969     815.3683    13083.697   -4638.3317    8116.4969    313.54447    15743 
210000000   -2719.4688    754.79603    13106.576    -4711.357    8185.6218    314.09276    15736 
211000000   -2600.7555    867.88428    12848.662   -4614.7986    8083.4384    307.91198    15743 
212000000   -2682.0877    781.19767    12974.405   -4635.4453    8098.7306    310.92534    15727 
213000000   -2673.3432    941.35187    13036.782   -4605.0217    8219.7168    312.42018    15742 
214000000   -2724.3505    964.81851    12956.775    -4575.744     8264.913    310.50286    15729 
215000000   -2696.7031    882.74871    13060.343   -4612.4572    8191.9091    312.98483    15730 
216000000   -2630.3386    876.74307    12946.266   -4591.9577    8099.0394    310.25102    15728 
217000000   -2759.8669    835.69057    13019.147   -4589.1363    8184.6938    311.99758    15737 
218000000   -2667.3283    955.02484    12842.876   -4596.3769      8218.73    307.77333    15735 
219000000   -2672.7525    747.92835    12927.531   -4766.5842     8187.265    309.80203    15739 
220000000   -2684.7129    952.44622    12972.437   -4624.4031    8261.5622    310.87818    15721 
221000000   -2629.1845    845.21254    12934.692   -4604.7598    8079.1568    309.97365    15728 
222000000   -2676.7597    882.29823    13018.551   -4640.7446    8199.8026    311.98329    15739 
223000000   -2691.4594    898.10932    12870.407   -4599.9609    8189.5297    308.43309    15738 
224000000   -2627.9764     769.2792    12990.541   -4729.0892    8126.3448    311.31203    15730 
225000000   -2674.1985     856.1963    12901.481   -4634.6209    8165.0157    309.17776    15729 
226000000   -2573.8786    976.32639    13003.373   -4668.7351    8218.9401    311.61957    15736 
227000000   -2662.4206    1004.7512    13078.249   -4464.4028    8131.5745    313.41393    15723 
228000000   -2652.4661    944.53012    12932.227   -4607.2969    8204.2932    309.91459    15738 
229000000   -2648.5828    861.32135    13009.963   -4641.1435    8151.0477    311.77748    15742 
230000000   -2605.7384    857.76429    12777.531   -4607.8475    8071.3502    306.20736    15722 
231000000   -2770.5116    731.78875    12841.268   -4585.5523    8087.8526    307.73479    15736 
232000000   -2639.0299    728.85375    12969.482   -4774.6264    8142.5101    310.80738    15740 
233000000   -2669.1229    833.34738    12981.073   -4657.1949    8159.6651    311.08514    15742 
234000000   -2613.2172    1006.9105     12993.71   -4589.4953    8209.6229    311.38799    15733 
235000000   -2741.1222    805.10428    12982.245   -4659.9837    8206.2101    311.11324    15741 
236000000   -2740.4981    742.97317    12957.669   -4666.3829    8149.8541    310.52429    15737 
237000000   -2731.6955     773.8082    12954.795   -4629.1552    8134.6589    310.45541    15736 
238000000   -2691.4243    769.07338    12862.919   -4648.1627    8108.6604    308.25364    15734 
239000000   -2665.2968    739.71126    12946.746   -4744.9906    8149.9987    310.26251    15751 
240000000   -2694.4413    906.36019    12893.817   -4669.2766     8270.078    308.99409    15739 
241000000   -2669.0309    779.32447     12948.31     -4782.19    8230.5454    310.29999    15746 
242000000   -2592.1159    846.09072    12923.577   -4644.8151    8083.0217    309.70729    15736 
243000000    -2630.215    854.85719    13010.996   -4670.3136    8155.3857    311.80223    15745 
244000000   -2549.3814    895.84806      12894.3   -4667.1816    8112.4111    309.00568    15738 
245000000   -2657.8066    886.93721    12897.971   -4605.3841    8150.1279    309.09366    15746 
246000000   -2605.6879    851.38827    12962.121   -4646.1603    8103.2365    310.63097    15740 
247000000   -2624.3522    876.76162     12931.87   -4656.7011    8157.8149    309.90603    15732 
248000000   -2578.9134     733.9569    12981.492   -4716.4821    8029.3524    311.09519    15744 
249000000   -2636.0095    972.68273     12807.78   -4603.2119    8211.9041    306.93227    15740 
250000000    -2601.604    921.74715    12857.178   -4566.7974    8090.1486    308.11607    15739 
251000000   -2700.8417    811.81548    12752.285   -4672.5873    8185.2445    305.60236    15745 
252000000   -2664.1521    750.71811      13037.2   -4665.4509    8080.3211     312.4302    15727 
253000000   -2631.2177    741.68374    12998.245    -4641.351    8014.2525    311.49666    15739 
254000000   -2630.4184    776.60546    12897.295    -4632.406    8039.4298    309.07745    15739 
255000000   -2792.3377    648.95025    12958.872   -4731.1661    8172.4541    310.55312    15744 
256000000   -2625.5731     744.3896    12970.759   -4620.8397    7990.8024    310.83797    15739 
257000000   -2610.4881      1010.51    12833.834   -4564.7432    8185.7413    307.55663    15736 
258000000   -2719.4619    778.65226    12926.547   -4630.8584    8128.9726    309.77845    15739 
259000000   -2619.8022    851.68029    13009.892    -4664.415    8135.8975    311.77577    15739 
260000000   -2684.2604    911.16858    13019.439   -4651.8851    8247.3141    312.00458    15747 
261000000   -2735.4909    794.79821    13132.767    -4638.283    8168.5721    314.72041    15745 
262000000   -2693.6801    884.01389    12955.074   -4702.7004    8280.3944    310.46209    15755 
263000000   -2678.8219    771.42539    12876.217   -4703.6494    8153.8968    308.57233    15753 
264000000   -2631.1507    662.94891    12779.912    -4719.157    8013.2567    306.26442    15743 
265000000   -2711.0059    621.17533    12995.545   -4763.7454    8095.9266    311.43197    15755 
266000000   -2638.6843    946.96479    13009.721   -4632.8077    8218.4568    311.77168    15740 
267000000   -2590.2048    878.25885    13007.994   -4725.0098    8193.4734    311.73031    15746 
268000000   -2699.5157    651.80795    13057.556   -4720.8035    8072.1271    312.91802    15751 
269000000   -2679.9241    748.41703    13074.128   -4715.1489    8143.4901    313.31516    15757 
270000000   -2671.4223    819.21044    13118.201   -4683.3474    8173.9801    314.37135    15755 
271000000   -2704.9865    792.76945    12916.385   -4728.7725    8226.5285    309.53492    15750 
272000000   -2634.8381    553.22462    12886.549    -4786.682    7974.7447    308.81993    15747 
273000000   -2736.0196    650.31192    12913.345   -4787.0582    8173.3896    309.46207    15750 
274000000     -2688.11     684.5809    12932.969   -4735.4621     8108.153    309.93236    15745 
275000000   -2699.9321    818.26862    12993.705   -4708.9792    8227.1799    311.38787    15749 
276000000   -2659.0478    914.90244    12978.313   -4612.2133    8186.1635    311.01902    15747 
277000000   -2703.7841    845.06104    12986.597   -4679.8056    8228.6507    311.21753    15748 
278000000   -2652.6796    834.28676    12919.654   -4631.0163    8117.9827    309.61328    15741 
279000000   -2699.0383    806.41036    12812.551   -4639.7991    8145.2477     307.0466    15746 
280000000   -2718.7535    717.95942    12932.492   -4679.1367    8115.8496    309.92092    15745 
281000000   -2625.9877    904.60441    12955.873   -4545.0509     8075.643    310.48124    15742 
282000000   -2723.6984    713.89744    12929.898   -4756.9887    8194.5845    309.85877    15737 
283000000   -2664.2951    772.07086    12841.368   -4643.2279    8079.5939    307.73719    15740 
284000000   -2691.5499    722.32944    13015.035   -4677.7902    8091.6696    311.89904    15737 
285000000   -2713.7365    852.33068    12871.255   -4643.6798     8209.747    308.45341    15740 
286000000   -2701.1175    775.06088     12931.16   -4671.7269    8147.9052    309.88901    15746 
287000000   -2776.5202    636.41061    12893.227   -4769.8993    8182.8301    308.97997    15755 
288000000   -2709.1455    658.83882    12869.434   -4714.1376    8082.1219    308.40976    15741 
289000000    -2764.911    708.74705    12772.464   -4708.8914    8182.5494    306.08594    15747 
290000000   -2686.2218    782.58574    12795.029   -4621.9609    8090.7684     306.6267    15742 
291000000   -2712.4305    777.14103     12874.09   -4695.3208    8184.8924    308.52135    15735 
292000000   -2683.7059    785.25565    12940.618   -4662.3121    8131.2736    310.11567    15743 
293000000   -2701.9021    818.03518    12908.449   -4623.6183    8143.5555    309.34474    15736 
294000000    -2759.956    796.01033    12945.059   -4660.6103    8216.5766    310.22209    15743 
295000000   -2750.4735    906.00749    12889.177   -4579.7724    8236.2533    308.88291    15736 
296000000   -2724.7727    627.81147    12894.643   -4768.2448     8120.829    309.01391    15744 
297000000   -2750.2924    608.80615     13144.17   -4760.3589    8119.4574    314.99369    15746 
298000000   -2665.1207    687.32663    12967.637   -4788.4051    8140.8524    310.76315    15744 
299000000   -2738.8772    892.31732    12974.694   -4600.7622    8231.9567    310.93228    15749 
300000000   -2808.1858    662.96331    12818.697    -4722.643    8193.7922    307.19388    15751 
301000000   -2687.9626    748.18106    12980.911   -4695.1225    8131.2661    311.08127    15751 
302000000   -2674.4225     728.2111    12940.609   -4728.2327    8130.8664    310.11545    15746 
303000000    -2701.045    623.90699    12873.932   -4800.0519    8125.0039    308.51756    15754 
304000000   -2611.1062    727.72935    12832.269   -4717.4951    8056.3307    307.51914    15762 
305000000   -2650.5388     793.9712    12901.441   -4705.2834    8149.7934    309.17681    15757 
306000000   -2625.4671    716.52217    12888.547   -4750.8533    8092.8425    308.86781    15749 
307000000   -2719.9454     702.3893    12842.383   -4691.1068    8113.4414     307.7615    15746 
308000000   -2744.7918    718.85546    13024.224    -4656.168    8119.8153    312.11923    15749 
309000000   -2715.8409    806.01762    12968.273   -4671.9522    8193.8107    310.77841    15755 
310000000   -2703.7089    741.10243     13149.02   -4707.8542    8152.6655    315.10992    15748 
311000000   -2751.7184     492.3273    12926.053   -4784.2377    8028.2834    309.76662    15752 
312000000   -2650.1288    813.71757    12999.472   -4702.4303    8166.2766    311.52608    15761 
313000000   -2689.8674    673.36945    12909.286   -4772.8245    8136.0613    309.36481    15750 
314000000   -2782.7664    773.77862    12778.227   -4669.8725    8226.4175    306.22404    15750 
315000000   -2671.5015    741.32364    13047.308   -4694.5074    8107.3325    312.67244    15750 
316000000   -2703.4344    676.95918    12937.943   -4714.1322    8094.5258    310.05157    15749 
317000000   -2703.0056    820.24993    13044.207   -4617.2058    8140.4613    312.59812    15749 
318000000   -2745.7541    824.65133    12908.553   -4704.3751    8274.7805    309.34725    15747 
319000000   -2661.5935    690.59047    12920.819   -4715.4121    8067.5961    309.64118    15746 
320000000   -2680.5159    675.92234    12823.382    -4739.984    8096.4222    307.30615    15737 
321000000   -2706.1854    641.90113    12927.053   -4760.1829    8108.2694    309.79058    15761 
322000000   -2655.1009    792.77385    12833.029    -4711.454    8159.3287    307.53734    15744 
323000000   -2777.5901    756.43011    13056.971   -4607.9526    8141.9728    312.90401    15742 
324000000   -2813.5196     730.9874     13171.51   -4623.3429    8167.8499    315.64888    15741 
325000000   -2809.2445    644.50877    13094.445   -4668.3768      8122.13    313.80205    15749 
326000000   -2728.3531    645.79467    12922.311   -4675.7631    8049.9108    309.67694    15746 
327000000   -2747.4393    744.71232    12965.647   -4743.9065    8236.0582    310.71546    15751 
328000000   -2815.9644    785.31687     13023.64   -4573.6152    8174.8964    312.10524    15749 
329000000   -2751.6013    719.56189    12937.587   -4722.8756    8194.0388    310.04301    15752 
330000000   -2743.0274    793.98965     12884.68   -4664.1517    8201.1688    308.77513    15752 
331000000   -2722.5687    749.08631    12724.251   -4616.0674    8087.7224    304.93054    15744 
332000000   -2734.1277    622.34588    12884.152   -4658.3939    8014.8675    308.76249    15743 
333000000   -2717.9073    610.26828    12978.769   -4695.9834     8024.159    311.02992    15752 
334000000    -2729.118    613.77734    13050.213   -4735.6813    8078.5767    312.74207    15753 
335000000   -2709.2029    631.08748    12818.332   -4699.1302    8039.4205    307.18513    15751 
336000000   -2672.2919    893.45428    12914.909    -4621.893    8187.6393    309.49957    15744 
337000000   -2599.3494     807.1501    12894.849   -4632.7518    8039.2513    309.01883    15743 
338000000   -2706.6425    745.00283    13009.486   -4684.5182    8136.1635    311.76605    15742 
339000000   -2761.6631    607.13421    12891.063   -4771.0117     8139.809     308.9281    15744 
340000000   -2759.3716    717.86881    12935.412   -4716.7906     8194.031     309.9909    15758 
341000000   -2734.3303    545.30714    13022.902   -4702.4728    7982.1103    312.08756    15747 
342000000   -2751.6841    702.22911    12984.327   -4643.1019    8097.0151    311.16312    15744 
343000000   -2690.2309    723.17053    12816.336   -4712.4203    8125.8217     307.1373    15755 
344000000   -2717.4589    703.85406    12839.364   -4704.1381     8125.451    307.68916    15750 
345000000   -2692.9898    641.40871    12893.271   -4848.9359    8183.3343    308.98101    15752 
346000000   -2704.6687    774.07418    12802.361   -4692.8125    8171.5554    306.80241    15751 
347000000   -2693.1081    776.96366    12892.756   -4749.8642     8219.936    308.96868    15747 
348000000   -2783.4771    702.06511    12917.834   -4652.6555    8138.1977    309.56967    15749 
349000000   -2783.3396    759.91044    12863.665   -4667.0139    8210.2639    308.27153    15749 
350000000   -2681.6517    539.61448     12949.91   -4763.9166    7985.1828    310.33835    15756 
351000000   -2659.8613    798.79043    12935.704   -4686.1234    8144.7751     309.9979    15747 
352000000   -2661.8275    820.13655    12945.338   -4717.5891    8199.5532    310.22877    15749 
353000000   -2676.5203    574.41696    12993.889   -4703.3561    7954.2933    311.39227    15752 
354000000   -2740.3099    600.61591    12864.613   -4730.5845    8071.5102    308.29425    15757 
355000000   -2643.6686    798.48085     12972.79   -4655.4537    8097.6032    310.88665    15755 
356000000   -2790.3907    627.96037    12910.519   -4679.7067    8098.0577    309.39436    15745 
357000000   -2735.8668    669.24875    13010.433   -4629.9532    8035.0688    311.78874    15738 
358000000   -2703.1848    559.56751    12914.409   -4798.7359    8061.4882    309.48757    15752 
359000000    -2695.736    604.42065    12887.007   -4824.5431    8124.6998     308.8309    15754 
360000000   -2748.1812    673.12453    13069.089   -4777.8491    8199.1548    313.19441    15755 
361000000   -2732.4153    680.21359    12945.204   -4679.1274    8091.7563    310.22557    15748 
362000000   -2734.8055    592.35421    12868.779   -4861.7534    8188.9131    308.39408    15762 
363000000   -2732.9841    784.94752     12880.94   -4712.9454     8230.877    308.68551    15751 
364000000   -2745.7052    698.28708    12942.283   -4728.4111    8172.4034    310.15557    15752 
365000000   -2744.3762    753.21368    12910.406   -4550.4412    8048.0311    309.39164    15754 
366000000   -2780.2537    635.82669    12819.025   -4732.5687    8148.6491    307.20174    15758 
367000000   -2767.0391    734.82223    12999.937   -4602.2761    8104.1374    311.53721    15751 
368000000    -2857.846    526.02909    12948.801   -4669.3298    8053.2049    310.31175    15753 
369000000   -2773.0197    794.06118    12851.054    -4670.452    8237.5329     307.9693    15756 
370000000   -2745.2291    678.90594    12874.862   -4718.1739    8142.3089    308.53986    15745 
371000000   -2736.7076    599.02714    12816.454   -4712.2429    8047.9776    307.14013    15751 
372000000   -2755.9223    594.86949    12970.129   -4708.5315    8059.3234    310.82289    15758 
373000000   -2808.0357    768.95756    12984.738   -4693.4518    8270.4451    311.17298    15760 
374000000   -2823.8108    637.97536    12887.374   -4667.6267    8129.4129     308.8397    15761 
375000000   -2801.7196    557.88116    13029.137   -4718.6143    8078.2151    312.23697    15748 
376000000   -2814.8109    608.29137    13005.909   -4820.0536    8243.1559    311.68034    15763 
377000000   -2819.8056    550.66321    12790.491   -4734.9416    8105.4103    306.51795    15753 
378000000   -2681.1836    779.66497    12981.863   -4675.5658    8136.4143    311.10408    15757 
379000000    -2680.992    731.13517    13025.771   -4598.8105    8010.9377     312.1563    15747 
380000000   -2735.0422    596.16446     12938.63   -4732.4197    8063.6264    310.06803    15754 
381000000   -2724.3663    650.78001    12867.096   -4658.1086    8033.2549    308.35374    15747 
382000000   -2757.4282    677.45391    12925.254   -4736.4512    8171.3334    309.74746    15756 
383000000   -2750.1835    652.64082    12695.346   -4690.7083    8093.5327    304.23785    15754 
384000000   -2814.6506    598.61565    12733.309   -4698.1741    8111.4403     305.1476    15754 
385000000   -2841.1924     718.3546    12903.498   -4572.0103    8131.5574     309.2261    15737 
386000000   -2803.9532    809.20378    13080.022    -4627.098     8240.255     313.4564    15738 
387000000   -2796.9991    601.74555    12904.292   -4690.8923     8089.637    309.24512    15750 
388000000   -2710.4002    631.54706    12921.036   -4804.1928      8146.14    309.64639    15761 
389000000   -2814.7525    717.63183    13024.285   -4704.3227     8236.707    312.12069    15748 
390000000   -2828.5071    574.21371    12931.261   -4635.1679    8037.8887    309.89143    15751 
391000000   -2757.8239    713.22285    12536.619   -4684.0332      8155.08    300.43401    15751 
392000000   -2764.8191    590.30864    12833.741   -4738.2798    8093.4076     307.5544    15752 
393000000   -2764.6223    720.09352    12938.351   -4690.1056    8174.8214    310.06134    15763 
394000000    -2788.777    724.53462    12748.173   -4656.0968    8169.4084    305.50382    15750 
395000000   -2852.0447    646.06775    12727.406   -4588.6934    8086.8058    305.00614    15745 
396000000   -2792.9913    608.51553    12977.933   -4750.6957    8152.2025     311.0099    15747 
397000000   -2747.1878    816.46709    13145.421   -4548.3317    8111.9865    315.02366    15744 
398000000   -2735.1914    589.96751    13025.421   -4739.9445    8065.1034    312.14792    15757 
399000000   -2756.0738    723.38588    13007.511   -4755.8075    8235.2672    311.71871    15758 
400000000    -2707.373    749.91567    12956.524   -4726.1088    8183.3974    310.49685    15760 
401000000   -2730.2256    876.69734    12882.456   -4697.2066    8304.1295    308.72184    15750 
402000000   -2764.7478    562.86282    12939.316   -4728.5764    8056.1871    310.08446    15749 
403000000   -2681.5316    600.70111      12927.9    -4717.537    7999.7698    309.81088    15763 
404000000   -2746.3349    732.48778    12845.562   -4641.9046    8120.7273    307.83769    15754 
405000000   -2693.6785    565.52208    12911.266    -4831.434    8090.6345    309.41226    15762 
406000000   -2677.0536    695.09655    12874.913   -4753.5522    8125.7024    308.54109    15757 
407000000    -2738.696    599.88695    12992.566   -4707.0839    8045.6668    311.36057    15770 
408000000   -2694.5507    859.58942    12883.603   -4620.3583    8174.4984    308.74932    15747 
409000000   -2697.5806    787.39891    13036.435   -4721.0486    8206.0282    312.41186    15753 
410000000   -2687.3989    841.25175    12850.467   -4645.0282    8173.6789    307.95525    15755 
411000000   -2696.6209    804.06476     12799.45   -4647.3994    8148.0851    306.73263    15757 
412000000   -2636.4071    679.11451    12954.335   -4773.3542    8088.8757    310.44439    15753 
413000000   -2730.3399    774.02272    13035.178   -4667.0322    8171.3948    312.38174    15763 
414000000    -2729.776    739.48167    12978.972    -4641.584    8110.8417     311.0348    15752 
415000000   -2672.2269    763.82208    12967.164   -4662.3753    8098.4242    310.75182    15761 
416000000   -2728.3725    649.69859    13116.505   -4647.0625    8025.1336    314.33071    15753 
417000000   -2742.4035    588.30564    12934.838   -4764.5343    8095.2434    309.97714    15757 
418000000   -2730.5744    608.59786    12978.974   -4830.2274    8169.3996    311.03486    15759 
419000000     -2834.98    694.74591    12839.551   -4614.2533    8143.9792    307.69364    15750 
420000000    -2682.022    709.04623    12869.979   -4708.2673    8099.3355    308.42284    15752 
421000000   -2805.0436    505.68763    12985.832    -4743.276    8054.0073     311.1992    15759 
422000000   -2756.9296     647.2964    12999.466    -4724.848     8129.074    311.52592    15766 
423000000   -2879.0437    496.87595    12936.801   -4763.7576    8139.6773    310.02419    15754 
424000000   -2775.4204    741.14602    12760.447   -4676.1332    8192.6996    305.79795    15755 
425000000   -2751.9359    566.23596    12947.656   -4757.4318    8075.6036    310.28432    15762 
426000000   -2761.6948    650.79946    12955.656   -4776.0654    8188.5597    310.47604    15759 
427000000   -2811.5793    487.16495    13188.815   -4720.6625    8019.4067    316.06358    15750 
428000000   -2758.9385    536.65039    12850.345   -4754.3748    8049.9637    307.95232    15762 
429000000   -2741.9186    650.50361    12888.398   -4724.2766    8116.6988    308.86423    15760 
430000000   -2728.1888    572.08101    13019.248   -4796.4266    8096.6964          312    15765 
431000000   -2815.0552      565.223    12767.033    -4733.432    8113.7102    305.95578    15756 
432000000   -2715.6785    703.37201    12913.439   -4650.9509    8070.0014    309.46434    15757 
433000000   -2696.9187    663.06718    12990.417   -4754.7885    8114.7743    311.30908    15757 
434000000   -2704.8865    845.00484    13070.418   -4704.9713    8254.8626    313.22625    15752 
435000000   -2736.3649    690.82146    13009.311   -4732.7771    8159.9634    311.76185    15752 
436000000   -2715.9278    642.09472    12911.911   -4668.3105     8026.333     309.4277    15750 
437000000   -2737.8466    673.94632    12823.612   -4740.7894    8152.5824    307.31167    15759 
438000000   -2750.1955    640.89753    12887.093    -4685.562    8076.6549    308.83297    15760 
439000000   -2778.2748    641.14966    12857.756   -4676.9491    8096.3736    308.12992    15756 
440000000   -2682.2049    646.54807    12958.484   -4693.7253    8022.4783    310.54381    15763 
441000000   -2762.9204    451.86232    13105.681   -4878.1343     8092.917    314.07132    15761 
442000000   -2782.4226    526.77584     12816.28   -4811.2129    8120.4113    307.13596    15767 
443000000   -2618.4791    867.72132    12886.716    -4661.879    8148.0795    308.82394    15754 
444000000   -2631.3717    700.20716    13087.003   -4807.7533    8139.3322     313.6237    15756 
445000000   -2672.5296    811.72596    12806.688    -4738.749    8223.0045     306.9061    15760 
446000000   -2620.5537    709.21865    13078.668   -4763.6644    8093.4368    313.42397    15765 
447000000   -2704.8102    580.96159    12987.317   -4743.1185    8028.8903    311.23479    15762 
448000000   -2733.0197    666.59699     12948.71   -4718.4637    8118.0804     310.3096    15753 
449000000   -2771.6737     536.0963    12890.499    -4695.348     8003.118    308.91458    15756 
450000000   -2681.6073    663.22337    12910.824   -4672.0482    8016.8789    309.40167    15761 
451000000   -2716.8418    487.60018    12904.192   -4768.3138    7972.7558    309.24272    15768 
452000000     -2709.38    703.75734    12934.982   -4632.1655    8045.3029    309.98059    15747 
453000000   -2704.0896    461.39179    12897.776    -4840.706    8006.1874    309.08898    15769 
454000000   -2733.2913    729.99564     13019.59   -4687.8606    8151.1475     312.0082    15751 
455000000   -2787.2212    817.66433    13003.551   -4571.7113    8176.5968    311.62382    15750 
456000000   -2793.7018    638.19777    12952.705   -4679.0089    8110.9085    310.40532    15762 
457000000   -2719.1596    567.62023    12858.555   -4753.9855    8040.7653    308.14906    15759 
458000000   -2674.4181    712.62152    13026.561   -4709.0252    8096.0648    312.17524    15757 
459000000   -2722.6763    484.81958    12965.385   -4794.9686    8002.4645     310.7092    15767 
460000000   -2781.6249    584.73676    12766.644   -4720.4793    8086.8409    305.94647    15758 
461000000   -2757.0777    492.40801    12916.933   -4786.2549    8035.7406    309.54807    15755 
462000000   -2749.8979    643.26941    12860.507   -4721.6899    8114.8572    308.19584    15758 
463000000   -2815.4817    419.14452    13064.351   -4851.6859    8086.3121    313.08085    15769 
464000000   -2785.9195    706.09662    12872.283   -4692.1467    8184.1628    308.47804    15764 
465000000    -2661.846     646.1706     12998.64   -4733.6532    8041.6698    311.50613    15770 
466000000   -2697.3207    698.00127    12962.934     -4740.39     8135.712    310.65045    15762 
467000000   -2770.3732    531.23869    12889.375   -4778.0523    8079.6643    308.88766    15757 
468000000   -2735.8239    796.19908    12841.376   -4620.3152    8152.3382    307.73738    15748 
469000000   -2759.7231    597.25734    13078.043   -4731.3328    8088.3132    313.40898    15759 
470000000   -2818.2032    509.17166    13051.939   -4764.7525    8092.1274    312.78343    15760 
471000000   -2701.8954    743.33491    12900.339   -4705.5314    8150.7618     309.1504    15754 
472000000   -2741.2132    533.56267    12793.552   -4752.7005    8027.4763     306.5913    15760 
473000000   -2829.1746    571.08039    12934.985   -4726.4377    8126.6927    309.98066    15749 
474000000   -2869.5911    683.77903    12995.345   -4529.5375    8082.9077    311.42716    15746 
475000000   -2782.6174    516.14658    13042.497   -4820.2081    8118.9721    312.55715    15758 
476000000   -2799.1003     448.1134    12905.602   -4736.4896    7983.7032    309.27653    15753 
477000000   -2797.2987    627.89731    13003.571   -4709.1959    8134.3919     311.6243    15755 
478000000   -2705.5718     735.3487    12993.399   -4697.6765     8138.597    311.38053    15745 
479000000   -2734.1136    428.37274    12766.518   -4734.4711    7896.9575    305.94345    15755 
480000000   -2717.0635    812.47578    12904.381   -4688.3586    8217.8979    309.24727    15754 
481000000   -2624.3591    854.04714    12852.673   -4684.1398     8162.546     308.0081    15751 
482000000   -2706.7126     664.9253    12871.934    -4666.371    8038.0089    308.46969    15752 
483000000   -2699.5746    616.03631    12938.113   -4746.7027    8062.3136    310.05563    15766 
484000000   -2746.3202    665.09112     12953.76    -4730.038    8141.4493     310.4306    15759 
485000000   -2668.9655    715.25878    13074.297   -4725.9794    8110.2037    313.31921    15753 
486000000   -2739.9467    727.56709    12877.633   -4728.6792     8196.193    308.60626    15756 
487000000   -2724.8587    737.37528    12898.155   -4716.2223    8178.4563    309.09806    15749 
488000000    -2745.628    652.84751    12811.767   -4726.7803    8125.2558    307.02781    15757 
489000000   -2772.3355    713.87435    12975.698   -4654.1587    8140.3685    310.95633    15756 
490000000    -2747.764    625.60763    12715.291   -4702.6243    8075.9959    304.71581    15749 
491000000   -2783.2207     423.8836    12818.806   -4760.1888    7967.2931    307.19651    15757 
492000000   -2743.5769    831.33936    12751.633   -4698.7009    8273.6172    305.58673    15759 
493000000   -2692.0171    736.65429    12947.713   -4750.1625    8178.8339    310.28569    15763 
494000000   -2692.9876     686.6183    13056.248   -4762.7637    8142.3696    312.88668    15769 
495000000   -2663.2473    809.15591    12783.509   -4703.1994    8175.6026    306.35062    15754 
496000000   -2762.7487    680.68375     12902.08   -4716.2467    8159.6791    309.19212    15763 
497000000   -2746.0057    773.71995    12968.681   -4725.7591    8245.4848    310.78818    15755 
498000000   -2758.1841    624.23972    12906.694   -4806.8637    8189.2876     309.3027    15758 
499000000   -2786.0165    788.79086     13044.84   -4712.7836    8287.5909    312.61329    15753 
500000000   -2703.8166    609.72205    12963.536   -4742.2049    8055.7435    310.66489    15759 
Loop time of 154095 on 28 procs for 500000000 steps with 14000 atoms

Performance: 7008.658 ns/day, 0.003 hours/ns, 3244.749 timesteps/s
99.4% CPU use with 28 MPI tasks x no OpenMP threads

MPI task timing breakdown:
Section |  min time  |  avg time  |  max time  |%varavg| %total
---------------------------------------------------------------
Pair    | 16321      | 19041      | 22443      | 920.9 | 12.36
Bond    | 5963.7     | 6472.3     | 10837      |1363.6 |  4.20
Neigh   | 48209      | 48940      | 49777      | 206.8 | 31.76
Comm    | 41972      | 48516      | 52261      | 994.2 | 31.48
Output  | 0.6351     | 0.63683    | 0.63767    |   0.1 |  0.00
Modify  | 22435      | 22697      | 23858      | 182.8 | 14.73
Other   |            | 8428       |            |       |  5.47

Nlocal:    500 ave 527 max 452 min
Histogram: 2 0 0 3 1 4 5 4 5 4
Nghost:    657.179 ave 942 max 328 min
Histogram: 2 1 1 3 7 3 3 3 4 1
Neighs:    4883.18 ave 6348 max 3024 min
Histogram: 1 1 2 2 3 7 2 8 1 1

Total # of neighbors = 136729
Ave neighs/atom = 9.76636
Ave special neighs/atom = 8.08014
Neighbor list builds = 94118562
Dangerous builds = 0
write_restart final_state_${fName}.restart
write_restart final_state_Run4.restart
Total wall time: 42:48:18
