
units real
boundary p p p
atom_style full

neighbor 1.9 bin
neigh_modify every 1 delay 1 check yes

read_data b70_N200_L400.data extra/special/per/atom 50
  orthogonal box = (-420 -420 -420) to (420 420 420)
  2 by 2 by 7 MPI processor grid
  reading atoms ...
  14000 atoms
  scanning bonds ...
  51 = max bonds/atom
  scanning angles ...
  1 = max angles/atom
  reading bonds ...
  13800 bonds
  reading angles ...
  13600 angles
  2 = max # of 1-2 neighbors
  2 = max # of 1-3 neighbors
  4 = max # of 1-4 neighbors
  56 = max # of special neighbors
  special bonds CPU = 0.00343324 secs
  read_data CPU = 0.0641881 secs

angle_style cosine
angle_coeff * 2 # K (energy unit)

bond_style hybrid harmonic harmonic/shift/cut
bond_coeff 1 harmonic 3 10
bond_coeff 2 harmonic 3 10
bond_coeff 3 harmonic/shift/cut 4.80 11.22 12.72

pair_style lj/cut 25
# atom-typ1, atom-typ2, energy-well, sigma (bead-diameter), cut-off (distance)
pair_coeff * * 0.01 10 25
pair_coeff 2 2 0.18 10 25
pair_coeff 4 4 0.18 10 25

special_bonds lj 1 1 1 angle no
  2 = max # of 1-2 neighbors
  2 = max # of 1-3 neighbors
  4 = max # of 1-4 neighbors
  56 = max # of special neighbors
  special bonds CPU = 0.000714088 secs

minimize 1.0e-4 1.0e-6 100000 100000 # force_tol, energy_tol, maxiter, maxeval
WARNING: Using 'neigh_modify every 1 delay 0 check yes' setting during minimization (../min.cpp:168)
Neighbor list info ...
  update every 1 steps, delay 0 steps, check yes
  max neighbors/atom: 2000, page size: 100000
  master list distance cutoff = 26.9
  ghost atom cutoff = 26.9
  binsize = 13.45, bins = 63 63 63
  1 neighbor lists, perpetual/occasional/extra = 1 0 0
  (1) pair lj/cut, perpetual
      attributes: half, newton on
      pair build: half/bin/newton
      stencil: half/bin/3d/newton
      bin: standard
Per MPI rank memory allocation (min/avg/max) = 1.165 | 13.79 | 17.67 Mbytes
Step Temp E_pair E_mol TotEng Press 
       0            0 1.5959422e+12      2649600 1.5959449e+12 7.3854599e+08 
    2872            0   -1769.6168    5348.8369    3579.2201  0.031182827 
Loop time of 0.959888 on 28 procs for 2872 steps with 14000 atoms

99.0% CPU use with 28 MPI tasks x no OpenMP threads

Minimization stats:
  Stopping criterion = energy tolerance
  Energy initial, next-to-last, final = 
     1.59594489115e+12      3579.56365059      3579.22009235
  Force two-norm initial, final = 4.92929e+10 2.03587
  Force max component initial, final = 1.05441e+09 0.154693
  Final line search alpha, max atom move = 0.461827 0.0714414
  Iterations, force evaluations = 2872 3119

MPI task timing breakdown:
Section |  min time  |  avg time  |  max time  |%varavg| %total
---------------------------------------------------------------
Pair    | 0.041708   | 0.15542    | 0.62047    |  27.9 | 16.19
Bond    | 0.013658   | 0.038579   | 0.070805   |   8.1 |  4.02
Neigh   | 0.086967   | 0.088327   | 0.089574   |   0.2 |  9.20
Comm    | 0.083572   | 0.35711    | 0.69032    |  32.9 | 37.20
Output  | 0          | 0          | 0          |   0.0 |  0.00
Modify  | 0          | 0          | 0          |   0.0 |  0.00
Other   |            | 0.3205     |            |       | 33.38

Nlocal:    500 ave 911 max 179 min
Histogram: 3 3 4 4 5 0 2 3 2 2
Nghost:    314.393 ave 518 max 130 min
Histogram: 3 2 3 3 4 4 3 3 2 1
Neighs:    3173.18 ave 5987 max 902 min
Histogram: 3 2 6 3 5 0 1 3 3 2

Total # of neighbors = 88849
Ave neighs/atom = 6.34636
Ave special neighs/atom = 5.82857
Neighbor list builds = 199
Dangerous builds = 0

# further equilibriate the system before bond formation takes place
fix fxlan all langevin $T $T 1000 ${seed}
fix fxlan all langevin 310 $T 1000 ${seed}
fix fxlan all langevin 310 310 1000 ${seed}
fix fxlan all langevin 310 310 1000 98753
fix fxnve all nve
timestep 0.1
run 10000
Per MPI rank memory allocation (min/avg/max) = 1.127 | 13.42 | 16.54 Mbytes
Step Temp E_pair E_mol TotEng Press 
    2872            0   -1769.6168    5348.8369    3579.2201  0.031182827 
   12872    223.66002   -1482.5261    9151.6667    17002.106   -1.8052563 
Loop time of 1.37406 on 28 procs for 10000 steps with 14000 atoms

Performance: 62.879 ns/day, 0.382 hours/ns, 7277.677 timesteps/s
99.3% CPU use with 28 MPI tasks x no OpenMP threads

MPI task timing breakdown:
Section |  min time  |  avg time  |  max time  |%varavg| %total
---------------------------------------------------------------
Pair    | 0.044932   | 0.16769    | 0.36514    |  21.6 | 12.20
Bond    | 0.035705   | 0.10513    | 0.19559    |  13.6 |  7.65
Neigh   | 0.0019029  | 0.0019355  | 0.0020306  |   0.1 |  0.14
Comm    | 0.2983     | 0.53829    | 0.75248    |  17.3 | 39.17
Output  | 4.4384e-05 | 6.5468e-05 | 8.0072e-05 |   0.0 |  0.00
Modify  | 0.089326   | 0.24695    | 0.45496    |  20.2 | 17.97
Other   |            | 0.314      |            |       | 22.85

Nlocal:    500 ave 911 max 177 min
Histogram: 3 3 3 5 5 0 2 3 2 2
Nghost:    314.607 ave 510 max 131 min
Histogram: 3 2 3 3 4 3 4 2 3 1
Neighs:    3184.11 ave 5990 max 879 min
Histogram: 3 2 5 4 5 0 1 2 4 2

Total # of neighbors = 89155
Ave neighs/atom = 6.36821
Ave special neighs/atom = 5.82857
Neighbor list builds = 4
Dangerous builds = 0

unfix fxlan
unfix fxnve
reset_timestep 0

variable t equal step
variable steps equal 500000000
variable dt_thermo equal 1000000
variable dt_movie equal 10000000
variable dt_restart equal 50000000

group rxnSites type 1 3
4000 atoms in group rxnSites

# fix ID group-ID(atom-types) bond/create Nevery itype jtype Rmin bondtype (prob values = fraction seed) (iparam maxbond newType)
fix bondc rxnSites bond/create/random 20 1 3 12.72 3 prob 1 ${seed} iparam 1 1 jparam 1 3
fix bondc rxnSites bond/create/random 20 1 3 12.72 3 prob 1 98753 iparam 1 1 jparam 1 3

# fix ID group-ID bond/break Nevery bondtype Rmax keyword values ...
fix bondbr rxnSites bond/break 20 3 12.72 prob 1 ${seed}
fix bondbr rxnSites bond/break 20 3 12.72 prob 1 98753

variable frmbnd equal f_bondc[2]
variable brkbnd equal f_bondbr[2]
fix saveBond all print ${dt_thermo} "$t ${frmbnd} ${brkbnd}" file BondData_${fName}.dat screen no
fix saveBond all print 1000000 "$t ${frmbnd} ${brkbnd}" file BondData_${fName}.dat screen no
fix saveBond all print 1000000 "$t ${frmbnd} ${brkbnd}" file BondData_Run1.dat screen no

thermo_style custom step epair pe ke ebond eangle temp bonds
thermo ${dt_thermo}
thermo 1000000
fix saveThermo all print ${dt_thermo} "$t $(temp) $(ke) $(pe) $(epair) $(ebond) $(eangle) $(bonds)" file Thermo_${fName}.dat title "# Steps Temp KinEng PotEng Epair Ebond Eangle Bonds" screen no
fix saveThermo all print 1000000 "$t $(temp) $(ke) $(pe) $(epair) $(ebond) $(eangle) $(bonds)" file Thermo_${fName}.dat title "# Steps Temp KinEng PotEng Epair Ebond Eangle Bonds" screen no
fix saveThermo all print 1000000 "$t $(temp) $(ke) $(pe) $(epair) $(ebond) $(eangle) $(bonds)" file Thermo_Run1.dat title "# Steps Temp KinEng PotEng Epair Ebond Eangle Bonds" screen no

############################ Langevin Dynamics ###############################
fix fxlan all langevin $T $T 1000 ${seed}
fix fxlan all langevin 310 $T 1000 ${seed}
fix fxlan all langevin 310 310 1000 ${seed}
fix fxlan all langevin 310 310 1000 98753
fix fxnve all nve

comm_style tiled
fix fxbal all balance 1000 1.1 rcb

timestep 25

dump coor all custom ${dt_movie} traj_${fName}.dump id type mol mass x y z xu yu zu
dump coor all custom 10000000 traj_${fName}.dump id type mol mass x y z xu yu zu
dump coor all custom 10000000 traj_Run1.dump id type mol mass x y z xu yu zu

restart ${dt_restart} ${fName}_tp_*.restart
restart 50000000 ${fName}_tp_*.restart
restart 50000000 Run1_tp_*.restart
run ${steps}
run 500000000
Neighbor list info ...
  update every 1 steps, delay 1 steps, check yes
  max neighbors/atom: 2000, page size: 100000
  master list distance cutoff = 26.9
  ghost atom cutoff = 26.9
  binsize = 13.45, bins = 63 63 63
  2 neighbor lists, perpetual/occasional/extra = 1 1 0
  (1) pair lj/cut, perpetual
      attributes: half, newton on
      pair build: half/bin/newton
      stencil: half/bin/3d/newton
      bin: standard
  (2) fix bond/create/random, occasional, copy from (1)
      attributes: half, newton on
      pair build: copy
      stencil: none
      bin: none
Per MPI rank memory allocation (min/avg/max) = 17.76 | 18.29 | 18.84 Mbytes
Step E_pair PotEng KinEng E_bond E_angle Temp Bonds 
       0   -1482.5261    7669.1406    9332.9656    3067.6626    6084.0042    223.66002    13800 
 1000000   -313.00448    6966.4932    12924.543    -937.0183     8216.516    309.73044    14940 
 2000000   -278.66889    5973.0668    13027.896   -1776.1986    8027.9343    312.20724    15131 
 3000000   -263.10137    5604.2834    12931.568   -2193.5282    8060.9129    309.89879    15226 
 4000000   -276.60327    5296.7387    13063.331   -2474.9708    8048.3128    313.05642    15273 
 5000000   -274.20506     5157.024    12691.608   -2656.7635    8087.9926    304.14826    15331 
 6000000   -272.48196    4943.2966    12918.602   -2869.8072    8085.5857    309.58806    15359 
 7000000   -245.39142    4867.9685     12967.54   -2900.3111    8013.6711    310.76084    15376 
 8000000   -245.70088    4722.0232     12939.66   -3055.8792    8023.6034    310.09271    15405 
 9000000   -252.75942     4669.797     13042.34   -3075.8913    7998.4477    312.55338    15422 
10000000    -248.9656    4606.2008     12849.89   -3223.3813    8078.5477    307.94142    15445 
11000000   -280.92334    4460.6075    13074.578   -3215.3809    7956.9118    313.32594    15454 
12000000   -222.63014    4293.9781    12897.303   -3339.4656    7856.0738    309.07764    15479 
13000000   -245.18591    4437.6802     12953.36   -3323.7371    8006.6033    310.42103    15482 
14000000   -268.14009     4364.671    12868.979   -3453.3894    8086.2005    308.39887    15500 
15000000    -253.7895    4079.0463    12831.782   -3538.5709    7871.4067    307.50745    15506 
16000000   -243.42301    4107.8166    13054.984   -3583.5288    7934.7684    312.85639    15529 
17000000   -246.35858    4104.3349    13096.402   -3653.1153    8003.8088    313.84895    15524 
18000000    -275.0003    4086.3646    12925.753   -3718.1724    8079.5373    309.75944    15544 
19000000   -251.98535    4113.1127    13106.592   -3640.8017    8005.8998    314.09314    15532 
20000000   -280.72775      3973.74    12957.053   -3794.5278    8048.9955    310.50952    15554 
21000000   -284.22099    3959.4922      12860.4   -3767.9987    8011.7119    308.19328    15563 
22000000   -261.66276     3818.359     12914.57   -3873.4425    7953.4643    309.49144    15575 
23000000   -263.59407    4042.1185     13132.36   -3755.7395    8061.4521    314.71067    15568 
24000000   -271.93618    3909.6789     12994.43   -3805.9082    7987.5233    311.40524    15575 
25000000      -258.59    3889.6803    12977.868   -3858.7387     8007.009    311.00835    15582 
26000000    -269.1119    3782.0493    13005.269    -3858.386    7909.5472      311.665    15591 
27000000   -226.86687    3780.8798    12922.464   -3902.0166    7909.7632     309.6806    15584 
28000000    -245.9724    3752.1888     13021.02    -3872.844    7871.0051    312.04247    15591 
29000000   -275.09532    3907.0628    12832.668   -3928.7628    8110.9209    307.52869    15599 
30000000    -282.4108    3842.3369    12835.054   -3908.2143    8032.9621    307.58586    15599 
31000000   -272.04716    3734.0281    12848.307   -3926.8992    7932.9745    307.90347    15609 
32000000   -262.32733    3959.9605    12878.627   -3868.2999    8090.5877    308.63007    15604 
33000000    -296.2358    3787.4438    12909.625   -3943.4914     8027.171    309.37292    15608 
34000000   -280.14383    3714.8598    12894.721   -4009.0619    8004.0655    309.01577    15614 
35000000   -281.72931    3636.6724    12952.915   -4005.9496    7924.3513    310.41036    15629 
36000000   -252.31539    3745.5501    12961.493   -4053.0904    8050.9559    310.61592    15628 
37000000   -280.18959    3653.4165    12903.853   -4048.3342    7981.9403     309.2346    15639 
38000000   -254.88873    3516.0264    13112.046   -4207.6998    7978.6149    314.22386    15654 
39000000   -238.26593    3552.1314    12861.963     -4094.86    7885.2574    308.23074    15651 
40000000   -259.08939    3596.8634    12992.632   -4117.6584    7973.6112    311.36216    15645 
41000000   -251.03347    3627.9502    12929.294   -4071.5525    7950.5362    309.84428    15639 
42000000    -259.5302    3507.9595     12965.01   -4133.7751    7901.2648     310.7002    15651 
43000000   -253.82359    3442.3535    12875.392   -4255.5733    7951.7505    308.55256    15666 
44000000   -260.17444    3486.4984    12959.487   -4191.2324    7937.9052    310.56785    15656 
45000000   -270.06178     3474.401    13013.728   -4151.2589    7895.7216     311.8677    15660 
46000000   -281.60059    3507.3609    12902.692   -4151.6444     7940.606    309.20678    15664 
47000000   -267.53884    3574.7817    12841.741   -4140.3854    7982.7059    307.74611    15662 
48000000   -252.80531    3479.1873    12978.558   -4161.2988    7893.2914    311.02487    15666 
49000000   -250.04595    3551.1551    12836.527   -4253.9659    8055.1669    307.62116    15681 
50000000   -296.59147    3333.9761    12884.663   -4310.9821    7941.5496    308.77474    15668 
51000000   -273.37677      3441.29     12873.62   -4219.5509    7934.2177    308.51009    15673 
52000000   -270.23976    3291.4049     13020.18   -4322.7446    7884.3893    312.02232    15679 
53000000   -297.81372    3316.7284    12812.561   -4310.1461    7924.6882    307.04683    15688 
54000000   -267.84692     3468.668    12815.205    -4269.947    8006.4619    307.11021    15683 
55000000   -293.38112    3449.3966    12998.627   -4280.3002     8023.078    311.50582    15681 
56000000   -293.33347    3385.7559    12886.894   -4285.6885    7964.7779    308.82819    15683 
57000000   -291.72736    3407.1738    12891.132   -4296.4344    7995.3355    308.92975    15684 
58000000   -257.75419    3447.8317     12875.47   -4308.4211     8014.007    308.55441    15681 
59000000   -265.33847    3405.9909     12875.03   -4270.4458    7941.7752    308.54387    15684 
60000000   -242.59551    3331.1041    12933.692    -4352.789    7926.4886    309.94968    15686 
61000000   -274.89566    3300.8821      12953.2   -4348.9219    7924.6996    310.41719    15691 
62000000   -270.00747    3232.2036    12986.047   -4374.8681    7877.0792    311.20435    15685 
63000000   -276.75545    3154.2052    12908.826   -4460.3359    7891.2965    309.35377    15693 
64000000   -253.09122    3440.3965    12802.145   -4313.2371    8006.7249    306.79722    15690 
65000000   -241.28255    3358.1576    12927.669   -4375.3401    7974.7803    309.80535    15692 
66000000   -296.23141    3490.1673    12829.559   -4268.6945    8055.0932    307.45418    15683 
67000000    -264.9829    3426.6556     13005.67   -4374.8302    8066.4687     311.6746    15691 
68000000   -276.53186    3479.9268    13027.062   -4151.6226    7908.0813    312.18724    15683 
69000000   -238.31935    3416.8605    12845.298   -4324.1793    7979.3591    307.83137    15688 
70000000   -259.77395    3470.0129    12992.178   -4359.7667    8089.5535    311.35128    15691 
71000000   -290.80585    3470.0508    12977.833   -4213.5493     7974.406    311.00751    15695 
72000000   -276.15779    3388.1396    12923.913   -4258.7281    7923.0254    309.71533    15690 
73000000   -266.48231    3381.4365    13050.138   -4313.8881    7961.8069    312.74026    15692 
74000000    -260.4335    3472.9887    12833.914   -4286.2429     8019.665    307.55856    15687 
75000000   -270.01133    3382.3114    12787.538   -4329.4223     7981.745    306.44718    15690 
76000000   -262.82898    3394.0952    13125.236   -4401.1013    8058.0256    314.53995    15692 
77000000   -236.86595    3511.2573    12977.472   -4258.8914    8007.0146    310.99884    15692 
78000000   -250.55123    3276.3647    12800.423   -4357.3164    7884.2323    306.75595    15696 
79000000   -271.99268    3266.6799    12857.788   -4447.8924     7986.565    308.13068    15707 
80000000   -243.52059    3277.0071    12961.214   -4396.3011    7916.8288    310.60923    15708 
81000000   -222.07895    3356.9696    12867.005   -4383.7269    7962.7755    308.35157    15698 
82000000   -268.61927    3295.7205    12978.385   -4419.4145    7983.7542    311.02073    15700 
83000000   -281.93008    3306.5252    13095.911   -4462.3085    8050.7638    313.83718    15711 
84000000   -257.86978    3444.4669    12934.621   -4314.7115    8017.0482    309.97196    15701 
85000000   -254.57713    3272.1104    12944.139   -4298.0358    7824.7233    310.20005    15704 
86000000   -274.59017     3336.516    13116.232   -4361.7376    7972.8437    314.32416    15707 
87000000    -278.5034    3191.2223    12944.915   -4443.9252    7913.6509    310.21863    15712 
88000000   -266.29164    3277.7898    13096.267    -4385.389    7929.4704    313.84571    15715 
89000000   -270.50681    3256.7873    12943.321   -4444.9905    7972.2847    310.18044    15711 
90000000   -270.61375    3349.6943    12804.235   -4360.8974    7981.2055     306.8473    15708 
91000000   -271.28611    3347.7421    12854.636   -4414.0861    8033.1144    308.05515    15714 
92000000   -247.78325    3292.8284    12793.517   -4452.0459    7992.6575    306.59046    15706 
93000000   -277.60986    3320.4616    12962.598   -4393.4872    7991.5587     310.6424    15697 
94000000   -238.28199    3226.0427    12951.152   -4481.9012    7946.2259     310.3681    15706 
95000000   -288.52984    3285.4747    12947.642   -4370.3048    7944.3093    310.28399    15718 
96000000   -293.75592    3089.7444    12858.475   -4553.4013    7936.9016    308.14714    15720 
97000000   -277.19804    3268.5067    13058.708   -4467.1489    8012.8536    312.94563    15711 
98000000   -272.89017    3419.7809    12836.939   -4355.8465    8048.5176    307.63104    15718 
99000000   -278.28765    3152.4874    12855.304   -4518.0799    7948.8549    308.07116    15725 
100000000   -276.45172    3184.4309     12837.92   -4436.4896    7897.3722    307.65455    15716 
101000000   -300.51239    3164.8767     12811.87   -4499.0403    7964.4294    307.03028    15715 
102000000   -236.15347    3194.9014    12840.994    -4464.755    7895.8098    307.72823    15732 
103000000   -262.63863    3044.2377    12904.614   -4502.8644    7809.7407    309.25285    15734 
104000000   -242.41136    3026.7761    12853.441   -4669.0781    7938.2655     308.0265    15730 
105000000   -273.34687    3193.3007    12990.386   -4399.9668    7866.6144    311.30833    15733 
106000000    -264.2415    3081.0182    12912.765   -4617.1824    7962.4421    309.44817    15737 
107000000   -245.91519    3129.0924    12827.263   -4529.8606    7904.8682    307.39917    15725 
108000000   -283.61284    3110.9409    12882.915   -4523.4712     7918.025    308.73284    15733 
109000000   -276.70304    3124.0381    13018.683   -4548.8206    7949.5618    311.98645    15730 
110000000    -260.4527    3310.0526    12914.871   -4471.7982    8042.3035    309.49866    15736 
111000000   -269.79817    3254.0901    12945.666   -4506.8811    8030.7694    310.23663    15740 
112000000   -258.34474    3188.3402    12803.773   -4473.4214    7920.1064    306.83624    15726 
113000000   -260.23644    3213.2387    12984.565   -4434.9747    7908.4498    311.16883    15720 
114000000   -248.72652    3153.6622    12963.592   -4560.5914    7962.9801    310.66622    15734 
115000000   -247.04005    3290.3932    12951.259   -4517.1892    8054.6225    310.37067    15735 
116000000   -253.32687    3280.7204    13066.135   -4459.5799    7993.6272    313.12361    15731 
117000000    -309.7536    3270.6976    12954.049    -4447.119    8027.5702    310.43754    15728 
118000000   -268.18485    3270.4701    12972.925    -4567.241    8105.8959    310.88989    15733 
119000000   -262.21327    3268.2355    12741.827   -4587.7947    8118.2434    305.35173    15737 
120000000   -253.90573    3315.9632    12984.805   -4454.1866    8024.0555    311.17458    15736 
121000000   -265.61751    3164.0647    13042.723   -4557.9113    7987.5935    312.56256    15733 
122000000   -241.27341    3175.3559    12962.606   -4467.8909    7884.5202     310.6426    15728 
123000000   -282.51013    3223.4206    12854.724   -4495.0195    8000.9503    308.05726    15727 
124000000   -283.92956     3098.294    12772.714   -4622.7255    8004.9491    306.09193    15734 
125000000   -281.66411    3386.0713    12791.198   -4424.6593    8092.3947    306.53488    15724 
126000000   -244.38736    3118.9739    12887.232   -4635.2446    7998.6058    308.83629    15739 
127000000    -259.6675    3224.0801    13043.682   -4517.8028    8001.5504    312.58553    15727 
128000000   -250.36651    3036.8592    12947.105   -4648.7656    7935.9914    310.27112    15732 
129000000   -266.48899    3212.8529    12823.254   -4465.8678    7945.2097     307.3031    15725 
130000000   -274.27578    3197.9933     12797.88   -4460.5973    7932.8664    306.69503    15730 
131000000   -231.65091    3185.6002    12944.054   -4518.6828    7935.9339    310.19801    15737 
132000000   -275.58043     3314.154    12965.868   -4445.0492    8034.7837    310.72076    15723 
133000000   -276.04807    3202.2665    13102.977   -4464.7422    7943.0568    314.00651    15728 
134000000   -240.65116    3217.9993    12746.161   -4450.1027    7908.7532     305.4556    15723 
135000000   -236.20527    3089.6686    12778.489     -4531.97    7857.8438    306.23032    15737 
136000000   -283.92499    3078.7872    13098.141   -4609.3643    7972.0764    313.89062    15743 
137000000    -256.4601    3086.4935    13085.051   -4484.3271    7827.2807    313.57692    15726 
138000000   -249.92861    3211.9457    13079.726   -4469.4867     7931.361    313.44931    15722 
139000000   -295.36164    3117.7632    12965.696   -4508.1901    7921.3149    310.71665    15728 
140000000   -281.93885    3228.0324    12883.421   -4527.3901    8037.3613    308.74497    15729 
141000000   -282.11687    3228.3618    12886.552   -4444.0844     7954.563    308.82001    15733 
142000000    -254.4418    3177.6533    12929.375   -4562.2431    7994.3382    309.84623    15732 
143000000   -267.62759      3116.09    12928.753   -4468.3601    7852.0777    309.83132    15730 
144000000   -266.37522    3170.8631    12923.419   -4487.3484    7924.5867    309.70349    15731 
145000000   -257.38437    3266.9988    12907.551   -4507.1907    8031.5739    309.32323    15723 
146000000   -256.16483    3228.7381    12805.987   -4568.8412    8053.7442    306.88929    15738 
147000000   -257.43848    3138.1487    12921.134   -4529.1703    7924.7574    309.64875    15732 
148000000   -251.92875    3082.5582    12832.558   -4505.0593    7839.5462    307.52607    15738 
149000000   -283.94933    3177.0906    12944.046   -4528.7388    7989.7787    310.19781    15733 
150000000   -278.48646    3102.9544    12919.937   -4598.6632     7980.104    309.62006    15746 
151000000   -265.73918    3204.9647    13076.122   -4513.3004    7984.0043    313.36294    15733 
152000000   -237.40454    3188.5531    12960.557   -4469.0076    7894.9652     310.5935    15729 
153000000   -278.37083    3186.5908    13038.942   -4554.0958    8019.0574    312.47196    15737 
154000000   -268.34148    3178.5002    13028.687    -4595.149    8041.9907    312.22619    15747 
155000000   -267.70683    3250.9803     12934.52   -4570.2985    8088.9856    309.96953    15736 
156000000   -253.62867    3117.8912    13021.844   -4603.7041    7975.2239    312.06219    15738 
157000000   -220.82728    3230.3705     13021.54   -4559.9873    8011.1851    312.05491    15739 
158000000   -263.46011    3192.7019     12887.08   -4460.6312    7916.7932    308.83266    15730 
159000000   -285.73603    3200.4381    13005.908   -4509.8119    7995.9861    311.68031    15748 
160000000   -254.10145     2908.963    12717.347   -4648.9371    7812.0016    304.76508    15738 
161000000   -270.69047    3154.5049    12935.501   -4589.4684    8014.6637    309.99303    15739 
162000000    -256.7583    3180.4526    12791.791   -4548.1417    7985.3525    306.54909    15748 
163000000   -285.11858    3163.6109    13070.363   -4491.8685     7940.598    313.22493    15737 
164000000   -279.66912    3103.8937    13037.701   -4575.7519    7959.3147    312.44221    15741 
165000000   -256.49441    3146.2385    12933.663   -4568.5044    7971.2373      309.949    15734 
166000000   -247.76516    3108.6995    12762.662   -4644.3597    8000.8243    305.85105    15747 
167000000   -277.58044    3037.8384    13040.117   -4532.3498    7847.7687     312.5001    15741 
168000000   -261.86144    3069.3345    12833.551   -4665.4372    7996.6332    307.54985    15755 
169000000   -294.95256    3034.0133    12906.865   -4554.7485    7883.7143    309.30679    15736 
170000000   -261.41026    3220.2147    12958.961    -4577.464     8059.089    310.55525    15748 
171000000   -236.10931    3246.9979     12872.64   -4535.8902    8018.9974     308.4866    15745 
172000000   -261.22922    3122.8877    13000.677    -4608.508    7992.6249    311.55495    15735 
173000000    -289.4655    2941.4541    12893.509   -4675.2492    7906.1688    308.98671    15743 
174000000   -263.35073    3199.9132    12863.336   -4463.3727    7926.6366    308.26364    15741 
175000000   -219.72757    3025.7947    12758.861   -4562.3428     7807.865    305.75995    15740 
176000000   -247.18158    2995.6739    12938.621   -4599.1651    7842.0206    310.06781    15748 
177000000   -243.42358    3056.5052    13114.714   -4565.0815    7865.0103     314.2878    15743 
178000000   -249.26554    3091.8955    12878.728   -4672.9136    8014.0746    308.63249    15746 
179000000   -229.40027    3166.6914    12953.785   -4585.0459    7981.1375    310.43119    15752 
180000000    -257.1996    3075.0637    12942.987   -4551.7154    7883.9787    310.17242    15745 
181000000   -266.85693    3190.8167    12961.853   -4532.1804     7989.854    310.62454    15744 
182000000   -262.07841    3181.7053    12918.317   -4609.7559    8053.5396    309.58124    15752 
183000000    -244.1255    3093.1087     12978.94    -4599.026    7936.2602    311.03402    15748 
184000000    -217.7097    3062.1809    13066.944   -4618.2929    7898.1835    313.14301    15744 
185000000   -292.37058    3042.5647    13032.184   -4483.6433    7818.5786    312.31001    15743 
186000000   -271.29363    3016.2194    12924.528   -4594.3312    7881.8442    309.73008    15749 
187000000   -279.69535    3101.3562    12998.038   -4547.9332    7928.9848     311.4917    15745 
188000000   -261.62849    3037.2563    12891.416   -4627.6763    7926.5611    308.93657    15743 
189000000   -257.29341    3038.2131    12836.857   -4693.3851    7988.8916    307.62909    15746 
190000000   -269.65592    2912.4412    12898.277   -4675.6648    7857.7619    309.10097    15744 
191000000   -283.75299     3147.178    12946.949   -4531.9568    7962.8878    310.26739    15751 
192000000   -242.79363    3085.5639    12842.399     -4555.46    7883.8176     307.7619    15748 
193000000     -258.544    3180.9368     13061.42   -4525.9746    7965.4553    313.01062    15744 
194000000   -265.60285    3079.0068    12975.221    -4546.713    7891.3227    310.94491    15741 
195000000   -284.50355    3107.5212    12841.982   -4603.5012    7995.5259    307.75189    15737 
196000000   -268.31063    3199.1926    12834.496   -4477.2571    7944.7604     307.5725    15734 
197000000   -279.15986    3024.5165    12949.461   -4631.0611    7934.7375    310.32759    15740 
198000000   -288.74082    3118.8388    12979.021   -4577.8788    7985.4584    311.03596    15746 
199000000   -280.65542    3045.0966    12854.493   -4644.1974    7969.9494    308.05173    15750 
200000000   -280.12839    3072.3339    12892.635   -4622.5746    7975.0369    308.96579    15753 
201000000   -248.93937    3016.2445    12886.305   -4609.0443    7874.2282    308.81407    15747 
202000000   -249.53242    3161.8584    12922.344   -4547.4453    7958.8361    309.67775    15750 
203000000   -272.95276    3105.0395    13102.993   -4596.6812    7974.6735     314.0069    15751 
204000000   -261.27864    3053.7979    12971.711   -4647.5149    7962.5914    310.86078    15751 
205000000   -238.29873    3063.9243    13061.438   -4616.1748    7918.3978    313.01106    15753 
206000000   -278.38533    3017.1879     12972.99   -4656.3024    7951.8757    310.89144    15748 
207000000   -245.77176    3145.9489    13090.909   -4536.1925    7927.9132    313.71732    15752 
208000000   -290.44184    3061.8852    12898.988   -4567.5062    7919.8332    309.11801    15753 
209000000   -254.23708     3116.705    13019.033   -4501.1309     7872.073    311.99484    15749 
210000000   -260.71649    3086.9415    12865.091    -4619.462      7967.12    308.30569    15758 
211000000   -266.01996    3103.3376    12946.788   -4587.3323    7956.6899    310.26352    15765 
212000000   -253.45948     3140.752    13004.358   -4638.0183    8032.2298    311.64317    15760 
213000000   -284.78118    3056.7778     12918.07   -4627.8002    7969.3592     309.5753    15750 
214000000   -261.08114    3106.7862    13119.471   -4525.3105    7893.1779     314.4018    15741 
215000000   -297.88177    3105.1774    12914.975   -4544.9873    7948.0465    309.50115    15747 
216000000   -266.66439    3143.1648    12938.947   -4615.7752    8025.6043    310.07563    15750 
217000000   -262.56952    3078.1622    12900.863   -4547.2823    7888.0139    309.16295    15750 
218000000   -259.94618    2953.2983     12805.32   -4674.9505    7888.1949    306.87332    15750 
219000000   -234.50421    3179.7413     12993.45   -4631.4648    8045.7103    311.38176    15763 
220000000   -273.98495    3008.4823    12960.366   -4713.0534    7995.5207    310.58893    15759 
221000000   -243.10704     3211.006    12877.062   -4602.5498    8056.6628    308.59258    15751 
222000000   -270.14367    3067.7568    12889.619   -4667.2229    8005.1233     308.8935    15760 
223000000   -232.42445    3009.7103    12878.972   -4649.6567    7891.7915    308.63835    15754 
224000000   -246.33168    3169.6757    13053.868   -4564.3826      7980.39    312.82964    15755 
225000000   -269.63593    3106.7289    12994.721   -4717.2689    8093.6338    311.41221    15757 
226000000   -267.41378    3074.1427    13001.615   -4583.5081    7925.0646    311.57743    15753 
227000000   -281.28542     3119.582    13088.819   -4619.2111    8020.0785    313.66723    15751 
228000000   -289.26155    3040.6062    12965.036   -4591.1432     7921.011    310.70082    15759 
229000000   -276.18621    3045.3747    12909.144   -4659.8584    7981.4193    309.36141    15764 
230000000   -251.55897    3003.8337    12775.452   -4588.3741    7843.7668    306.15754    15752 
231000000   -237.45245    3081.4555    12894.363    -4599.604     7918.512    309.00719    15753 
232000000   -281.37883     2952.524    12792.039   -4678.2714    7912.1742    306.55505    15768 
233000000   -248.02999    3024.6338     12950.25   -4751.1359    8023.7996    310.34649    15763 
234000000    -229.8049    3008.6359    12983.694   -4704.4409    7942.8816    311.14797    15755 
235000000   -254.62968    2958.0853    12835.335   -4766.5131    7979.2281    307.59261    15759 
236000000   -255.25459    3014.6002    12904.559   -4625.0553    7894.9102    309.25152    15750 
237000000   -251.58405    3158.8454    12889.715   -4606.2399    8016.6694     308.8958    15758 
238000000    -218.8594    3155.4916    12904.205   -4585.1331    7959.4841    309.24305    15758 
239000000   -272.49026    3042.1547    12903.696   -4605.2507    7919.8957    309.23084    15758 
240000000   -291.54235    3047.1292    13024.478   -4604.1149    7942.7865    312.12532    15755 
241000000   -266.47288    3059.8662    13015.965   -4672.6031    7998.9422    311.92132    15755 
242000000    -279.6389     3128.835    13092.116   -4536.1354    7944.6093    313.74624    15747 
243000000   -263.69477    3165.8187    12815.585   -4565.8834    7995.3969     307.1193    15756 
244000000   -243.49885    3195.7963    13089.804   -4534.2167    7973.5118    313.69084    15749 
245000000    -256.3012    3139.3759    13058.624   -4618.3147    8013.9918    312.94362    15760 
246000000    -251.8075    3251.9786    12717.684   -4543.1455    8046.9316    304.77316    15749 
247000000   -273.64018    3036.4972    12868.718   -4651.5241    7961.6615    308.39262    15753 
248000000   -260.73324    3200.7945    13057.797   -4495.2538    7956.7816     312.9238    15752 
249000000   -233.52587    3092.3364    12845.175   -4646.2099    7972.0722    307.82841    15754 
250000000   -265.72365     3057.697     12935.48   -4649.4462    7972.8668    309.99253    15754 
251000000   -230.01131    3028.0577    12724.881   -4684.3528    7942.4218    304.94564    15753 
252000000   -273.20856    2973.5208    12965.701   -4652.9612    7899.6906    310.71675    15750 
253000000   -278.55753     3082.548    12846.961   -4617.3156    7978.4211    307.87123    15759 
254000000   -255.29351    3048.0635    12896.817   -4636.5135    7939.8705    309.06599    15752 
255000000   -287.19554    3187.9652    13077.011   -4519.6331    7994.7938    313.38426    15749 
256000000    -261.9842    3178.3257    12991.263   -4568.9638    8009.2737    311.32934    15747 
257000000   -279.58453    3093.9768    13052.247   -4641.2893    8014.8507     312.7908    15757 
258000000   -286.09788     3139.363     12907.81   -4586.1191      8011.58    309.32945    15755 
259000000   -270.43277    3072.7187    12873.668   -4539.2606     7882.412    308.51123    15748 
260000000   -263.26031    3002.9223    12888.712   -4635.6434     7901.826    308.87175    15759 
261000000   -198.19087    3257.6833    12935.659   -4660.2287    8116.1029    309.99682    15766 
262000000   -283.01311    3043.8442    12992.664   -4564.3834    7891.2407    311.36291    15749 
263000000   -263.83148    3096.7669    13012.905    -4616.503    7977.1013      311.848    15761 
264000000   -256.05287    3017.2851    12850.634   -4640.1544    7913.4923    307.95924    15755 
265000000   -259.75076    3074.8128    12967.838   -4625.2279    7959.7915    310.76798    15764 
266000000   -243.09859    3070.7807    12991.776    -4607.353    7921.2323    311.34165    15756 
267000000   -248.51626    3064.4509    12816.781   -4612.9605    7925.9276    307.14796    15755 
268000000   -262.29322    3041.5606    13002.215   -4630.3501    7934.2039    311.59181    15754 
269000000   -250.81085    3083.4048    13021.226   -4609.2454    7943.4611    312.04739    15762 
270000000   -258.44913    3062.1701    12802.902   -4607.5835    7928.2028    306.81537    15753 
271000000   -273.86163     3189.751    12893.958   -4579.3147    8042.9273    308.99748    15755 
272000000   -275.01265    3092.3016    12911.139    -4608.879    7976.1933     309.4092    15758 
273000000   -264.19675    2984.9238    12957.908   -4715.6936    7964.8141    310.53002    15763 
274000000   -252.05466    2950.2418    12904.949   -4736.8802    7939.1766    309.26086    15768 
275000000   -265.17328     3095.934    12952.531   -4701.2336    8062.3409    310.40115    15757 
276000000   -242.33308    3127.6909    12821.021   -4657.7038    8027.7278    307.24958    15758 
277000000   -246.57995    3203.8176    13029.682   -4563.3381    8013.7356    312.25004    15760 
278000000   -246.92102    3132.9349    12964.981   -4619.0226    7998.8785    310.69951    15756 
279000000    -255.2406    3148.0468    12914.775   -4600.9541    8004.2415    309.49635    15754 
280000000   -267.02684    3158.2525     12791.71   -4642.6264    8067.9057    306.54715    15763 
281000000   -246.06337    3139.6137    12832.462   -4623.6666    8009.3437    307.52376    15766 
282000000   -250.41881    3115.7543    12838.494   -4614.6229     7980.796    307.66831    15764 
283000000   -241.61837    3065.3194    12984.381   -4612.0101    7918.9479    311.16443    15754 
284000000   -233.49077    2985.0124    12887.991   -4700.0605    7918.5636    308.85449    15763 
285000000   -277.28213    3085.7535    12848.218   -4605.9501    7968.9857    307.90135    15760 
286000000   -266.80265    3083.9928    12906.669   -4635.4969    7986.2924    309.30209    15751 
287000000   -258.33442    3084.2632    12881.683   -4665.3636    8007.9612    308.70332    15754 
288000000   -250.24567      3019.16    12857.873   -4542.9455    7812.3512    308.13272    15756 
289000000   -300.45371     3155.002    13062.336   -4614.7944    8070.2501    313.03257    15757 
290000000   -270.38625    3164.8219    12877.939   -4541.7158    7976.9239    308.61359    15754 
291000000   -297.97776     2972.071    12953.801   -4592.1821    7862.2309    310.43158    15760 
292000000   -279.48323    2919.6493      12926.2   -4662.8626    7861.9951    309.77015    15760 
293000000   -289.73793    3003.5313    12868.174   -4699.8274    7993.0966    308.37957    15752 
294000000   -276.63178    3235.3904     12928.97   -4499.7234    8011.7456    309.83652    15747 
295000000   -266.60251    3079.7565    12839.188   -4627.2428    7973.6018    307.68495    15761 
296000000    -251.0129    3121.5478    12932.854   -4681.4475    8054.0083     309.9296    15754 
297000000   -267.19841    3135.7974    12780.007   -4594.2371    7997.2329    306.26669    15755 
298000000   -297.83207     3037.157    12974.346   -4602.4071    7937.3961    310.92394    15757 
299000000   -248.79341    3099.1343    12975.403    -4586.486    7934.4137    310.94927    15749 
300000000   -245.35198    3073.1886    12967.916   -4658.0232    7976.5638    310.76985    15760 
301000000   -258.08081    3173.1506    12845.852   -4574.6241    8005.8555    307.84464    15759 
302000000   -275.62183    2932.0421    13017.686   -4675.9834    7883.6473    311.96256    15766 
303000000   -274.56081    3039.6572     13029.83    -4652.999    7967.2171    312.25358    15757 
304000000   -251.77815    3048.8723    12950.882   -4584.7812    7885.4317    310.36165    15760 
305000000   -267.02964    2942.7445     12884.71   -4683.3956    7893.1697    308.77585    15754 
306000000   -273.12191    3138.2319    12851.493   -4524.2089    7935.5627    307.97984    15752 
307000000   -265.95925    2956.9152    12724.387   -4667.5972    7890.4716    304.93379    15770 
308000000   -245.89539    3066.3032    12797.818   -4527.4896    7839.6882    306.69353    15754 
309000000   -280.85155     3067.257    12926.222   -4681.3679    8029.4764    309.77066    15768 
310000000   -257.41093    3163.6298    13032.906   -4572.6427    7993.6834    312.32731    15759 
311000000   -246.28552     2946.738    12843.564   -4684.8508    7877.8743     307.7898    15765 
312000000   -266.50893    2976.6678     12916.43   -4662.2685    7905.4453      309.536    15757 
313000000   -253.28642    3009.9593    12909.132    -4645.339    7908.5847    309.36111    15761 
314000000   -263.12169    2975.4483    12973.176   -4652.9905    7891.5605    310.89591    15762 
315000000   -255.27158    2827.1244    12990.422   -4748.5396    7830.9356     311.3092    15768 
316000000   -268.46152     2750.277    13034.676   -4773.4521    7792.1906    312.36971    15760 
317000000   -268.57229    3012.9349    13020.865   -4576.9808     7858.488    312.03874    15764 
318000000   -288.35401    3056.2702    12966.682   -4624.3544    7968.9786    310.74028    15762 
319000000   -250.65457    3146.9087    13062.382   -4646.5892    8044.1525    313.03367    15771 
320000000   -271.03638    2844.3865    12888.669   -4670.4664    7785.8892    308.87074    15762 
321000000   -252.80439    3053.8891    12973.475   -4652.3537    7959.0472    310.90307    15763 
322000000   -254.14762    3077.5497    12935.156   -4649.3053    7981.0026    309.98478    15753 
323000000   -286.53682    3103.1134    12954.892    -4584.806    7974.4561    310.45772    15757 
324000000   -276.59524    2970.4399    12920.159   -4696.0952    7943.1303    309.62537    15771 
325000000   -273.81346    3022.9611    12968.001   -4686.5983    7983.3728    310.77187    15759 
326000000   -274.30125    3150.5101    12831.634    -4636.121    8060.9324    307.50391    15774 
327000000   -271.19483    3058.0636    12813.111   -4651.5612    7980.8196    307.06002    15762 
328000000   -279.82096    2950.4667     12918.68    -4693.702    7923.9897    309.58993    15773 
329000000   -303.31976    3099.1772    13109.755   -4675.7223    8078.2193    314.16895    15764 
330000000   -265.47209    3068.3935    12787.362   -4628.7103     7962.576    306.44295    15768 
331000000   -284.61132    2967.6616    12945.222   -4700.9961     7953.269      310.226    15761 
332000000   -259.45656    3105.9814    13109.078   -4562.3578    7927.7958    314.15272    15757 
333000000   -280.13686    3002.6629    12794.919   -4639.7955    7922.5953    306.62407    15762 
334000000    -266.0007    3058.8813     13161.46    -4623.767     7948.649    315.40803    15763 
335000000   -274.58031    3137.5777    12864.701   -4631.3809    8043.5389    308.29635    15759 
336000000    -258.3025    3035.9591    12884.529   -4687.4098    7981.6714    308.77151    15762 
337000000   -258.43271    3168.3131    13019.039   -4564.4487    7991.1945      311.995    15758 
338000000   -292.05005    3001.8944    12865.441   -4715.5997    8009.5442    308.31409    15767 
339000000   -270.79214    2880.2967    12908.312   -4819.9968    7971.0857    309.34147    15771 
340000000   -250.02252     3014.298    12966.828   -4588.2455    7852.5661    310.74378    15770 
341000000   -270.22688     3009.914    12977.419   -4658.2929    7938.4338    310.99758    15765 
342000000   -297.67813    2974.0805    12837.735   -4672.2838    7944.0425    307.65011    15762 
343000000   -278.85556    2846.2884    12941.328   -4810.7326    7935.8765    310.13267    15758 
344000000   -260.84171     2887.604    12929.461   -4731.2539    7879.6997    309.84829    15769 
345000000    -245.3792    3062.6675    12869.815   -4589.7149    7897.7616    308.41891    15757 
346000000    -281.3074    3008.3511    12899.218   -4607.1771    7896.8355    309.12353    15765 
347000000   -245.14035    3156.5445    13043.147   -4623.2092    8024.8941    312.57272    15753 
348000000    -292.7073    3116.4979    12930.881   -4591.7689    8000.9741    309.88233    15760 
349000000   -228.40036    3087.6367    13009.094    -4648.551    7964.5881    311.75666    15763 
350000000   -264.43382    2894.7367    12918.908   -4756.8255     7915.996    309.59539    15766 
351000000   -275.28517    3024.7882    12940.685   -4614.3058    7914.3791    310.11726    15757 
352000000   -237.46736    3275.7094    12827.119   -4537.5054    8050.6822    307.39572    15752 
353000000   -275.96485    3072.2327    12841.505   -4643.6075     7991.805    307.74048    15759 
354000000   -262.88673    3051.1934    12885.939   -4610.7089     7924.789    308.80531    15763 
355000000   -277.40764    2977.4398     12938.03   -4643.7092    7898.5566    310.05365    15764 
356000000   -247.94308    3069.4114    12974.157   -4660.3168    7977.6713     310.9194    15761 
357000000   -240.03208    3197.3628    12751.969   -4568.6407    8006.0356    305.59479    15758 
358000000   -279.90493     3101.366    12998.071   -4607.0818    7988.3528     311.4925    15759 
359000000     -270.821    3147.1068    12749.396   -4595.5096    8013.4375    305.53313    15757 
360000000   -275.21001    3104.4108    12953.457   -4577.2549    7956.8757    310.42334    15757 
361000000    -253.0313    3043.1844    12933.819   -4617.7268    7913.9424    309.95273    15756 
362000000   -271.28872    3040.9978    12847.662   -4629.5539    7941.8404    307.88801    15753 
363000000   -281.96816    2963.5161    12947.413    -4725.288    7970.7723     310.2785    15770 
364000000   -289.75459    3196.1989    13003.072    -4565.452    8051.4055    311.61233    15768 
365000000   -266.82481    2960.6511     12944.44   -4658.9969    7886.4728    310.20727    15751 
366000000   -269.33417    2906.7643    12934.477   -4725.8045    7901.9029     309.9685    15760 
367000000   -278.47593    3077.2396    12770.441   -4651.5724     8007.288    306.03746    15763 
368000000   -287.18547    3184.4498    13061.684   -4591.8415    8063.4767    313.01694    15767 
369000000   -260.94408    2974.2872    12951.835   -4709.3592    7944.5904    310.38446    15771 
370000000   -263.73341     3028.763    12840.774   -4684.9789    7977.4753    307.72294    15770 
371000000   -251.28684    2993.2345    13026.003   -4659.2065    7903.7279    312.16188    15760 
372000000   -274.96757    3012.3279    12955.687   -4649.0482    7936.3436    310.47677    15763 
373000000   -261.42943    3002.8044    12887.346    -4658.469    7922.7029    308.83903    15762 
374000000   -262.77999    3052.5981    12982.657   -4615.5188    7930.8969    311.12311    15758 
375000000   -248.79949    3058.2041     12979.63   -4631.7219    7938.7254    311.05057    15759 
376000000    -283.3858    3038.7602    13040.853   -4708.6255    8030.7716    312.51775    15755 
377000000   -295.91483    2918.3922    12826.075   -4699.8721    7914.1792    307.37069    15755 
378000000   -272.10556    2920.9125    13055.287   -4690.6226    7883.6407    312.86366    15764 
379000000   -238.19826    3146.2018     12818.05   -4561.6516    7946.0517    307.17837    15755 
380000000   -268.60241    3162.0693    12947.382    -4635.528    8066.1997    310.27777    15753 
381000000   -250.63667    3044.3607    12815.377   -4677.3819    7972.3792    307.11433    15760 
382000000   -262.45461    2912.6401    12986.328   -4689.7969    7864.8916    311.21108    15760 
383000000   -240.69479    2977.2657    12766.151   -4683.9632    7901.9237    305.93464    15768 
384000000   -286.89045    3023.6651    12894.814   -4684.8033    7995.3588      309.018    15763 
385000000   -240.94115    3057.7528    12880.717   -4702.1637    8000.8576    308.68016    15760 
386000000   -220.95697    3007.7136     12936.99   -4625.8801    7854.5506    310.02871    15754 
387000000   -252.11951     3016.345    13053.111   -4552.8792    7821.3437    312.81151    15764 
388000000   -222.81295    2903.1422    12819.463   -4694.4507    7820.4059    307.21225    15764 
389000000   -238.10846    2975.4851    12895.893   -4727.0674    7940.6609    309.04384    15761 
390000000   -265.05195    3104.0942    12895.874   -4564.7891    7933.9353     309.0434    15759 
391000000   -238.25922    3178.3189    12771.907   -4649.8506    8066.4287    306.07258    15766 
392000000   -277.89055    2925.0822    12966.368   -4703.5971    7906.5698    310.73274    15768 
393000000   -308.77145    3102.4153     12911.55   -4627.0792     8038.266    309.41906    15758 
394000000    -259.0123    3062.5538    12885.999    -4586.277    7907.8431    308.80674    15756 
395000000   -248.11739    3022.8286    13007.896   -4586.2007    7857.1467    311.72795    15760 
396000000   -251.92076    3105.2249    13006.006   -4610.6905    7967.8362    311.68265    15756 
397000000   -276.18667    3087.1354    13056.896    -4580.095    7943.4171     312.9022    15755 
398000000   -314.37094     3052.787    12902.746   -4590.9221    7958.0801    309.20808    15752 
399000000   -237.92583     3142.174    12932.128   -4577.5102      7957.61     309.9122    15761 
400000000   -272.10304    2913.1945    13052.152   -4754.1188    7939.4164    312.78851    15759 
401000000   -260.60835    2769.7415    12872.514   -4693.7736    7724.1235    308.48358    15764 
402000000   -284.02741    2890.3459    12928.991   -4709.8144    7884.1877    309.83703    15762 
403000000   -268.03409    2993.8627    13092.508   -4667.5996    7929.4965    313.75564    15760 
404000000   -272.72638     2876.649    12806.623   -4778.4391    7927.8145    306.90454    15760 
405000000   -287.85131    2915.4563    12903.303   -4641.8126    7845.1201    309.22142    15762 
406000000   -269.19352     3068.507    12882.405    -4591.607    7929.3076    308.72061    15760 
407000000   -289.08074    3181.5351    12959.196   -4587.6226    8058.2384    310.56087    15751 
408000000   -253.70337     2958.747     13090.41   -4742.9761    7955.4265    313.70536    15771 
409000000   -249.84741    3120.5923    13031.197   -4584.3159    7954.7557    312.28634    15750 
410000000   -265.55323    3057.5935    12836.099   -4711.8258    8034.9726    307.61092    15770 
411000000   -272.14696    3048.9954    13103.943    -4604.511    7925.6534    314.02968    15758 
412000000   -226.71357    3286.6876    12855.027   -4473.8906    7987.2918    308.06452    15755 
413000000   -259.02609    2949.2044    12935.461   -4718.9511    7927.1816    309.99207    15764 
414000000   -240.65641      3050.05    12793.718   -4629.2118    7919.9182    306.59528    15760 
415000000   -281.03978     2917.327     12885.11   -4813.0178    8011.3846    308.78545    15767 
416000000   -256.53161    2965.1165    12882.133   -4697.1893    7918.8374    308.71411    15764 
417000000    -265.6065    3263.5496    13063.967   -4543.2472    8072.4033    313.07166    15761 
418000000   -273.23922    2903.2565    13037.443   -4712.6754    7889.1711    312.43604    15755 
419000000   -244.69419    3192.7094    12966.539   -4593.9304     8031.334    310.73685    15749 
420000000   -243.85792    3179.3972    12826.256   -4661.4192    8084.6743    307.37503    15764 
421000000   -246.17643    3291.4262    12929.065    -4547.703    8085.3056     309.8388    15761 
422000000    -240.0624    3030.6466    12941.252   -4660.9347    7931.6437    310.13086    15766 
423000000   -276.64687    2950.7251    12816.918   -4676.3824    7903.7544    307.15126    15770 
424000000   -278.31949    3033.6728    13063.683    -4632.728    7944.7203    313.06485    15767 
425000000   -257.84977    2937.3889    12834.982   -4679.5715    7874.8101    307.58414    15764 
426000000   -253.01353    3202.1104    12935.699   -4645.9307    8101.0547    309.99777    15752 
427000000   -253.45729    3151.7188    12981.508   -4499.2393    7904.4154    311.09556    15751 
428000000   -273.15214    2881.9145    12867.107   -4682.2915    7837.3581    308.35402    15763 
429000000    -258.3324    2969.3489    13044.393   -4655.1972    7882.8784    312.60259    15768 
430000000    -275.0851    3096.8162    12841.645   -4546.4139    7918.3152    307.74382    15760 
431000000   -271.32199    2933.4685    13010.438   -4714.5724    7919.3629    311.78887    15770 
432000000   -252.10259    3101.6448    12991.416   -4588.6298    7942.3771    311.33302    15741 
433000000   -248.97178    3067.6264    12956.485    -4565.984    7882.5821    310.49591    15753 
434000000   -289.21195    3071.1843    13000.745   -4614.7372    7975.1335    311.55657    15756 
435000000   -273.12902    3050.5198    12864.519   -4667.4718    7991.1206      308.292    15767 
436000000   -243.90647    3099.2705    12950.416   -4570.0996    7913.2766    310.35046    15751 
437000000   -300.82567    2895.2519    12967.065   -4723.3834     7919.461    310.74946    15769 
438000000   -294.70326    2953.9605    12968.051   -4688.3043    7936.9681    310.77309    15767 
439000000   -214.96591    3079.8592     12861.06    -4701.581    7996.4061     308.2091    15761 
440000000   -256.36117    2964.6506    12983.286    -4736.043    7957.0547    311.13818    15767 
441000000   -269.99812    3004.4849    12876.002   -4677.8643    7952.3474    308.56718    15762 
442000000    -290.6865    3044.8487    12841.064   -4667.3115    8002.8466     307.7299    15764 
443000000   -251.66093    3042.2819    12783.631   -4603.5448    7897.4877    306.35354    15752 
444000000   -261.35177    3088.4222    12865.346   -4576.3544    7926.1284    308.31181    15758 
445000000   -278.50236    2980.1602    13065.445   -4712.1235     7970.786    313.10709    15757 
446000000   -241.67292    3002.7872    12889.867   -4695.0376    7939.4977    308.89944    15769 
447000000   -274.50792    2988.6944    12920.188   -4653.6553    7916.8575    309.62606    15757 
448000000   -267.36482    3172.8703     12861.42   -4611.8466    8052.0817    308.21773    15754 
449000000   -270.02839     3145.991    12895.882   -4597.1242    8013.1436    309.04358    15756 
450000000    -245.3488    3095.5459    12894.947   -4628.2482     7969.143    309.02117    15767 
451000000   -239.26109    3093.5673    12794.908   -4681.2174    8014.0458     306.6238    15765 
452000000   -276.61682     2931.289    12843.481   -4652.4615    7860.3673    307.78783    15771 
453000000   -249.37169    3181.7462    13103.945   -4592.2769    8023.3948    314.02972    15762 
454000000   -274.24451    3098.5679    12905.761   -4639.3715    8012.1838    309.28032    15768 
455000000   -232.61558    3086.3422    13002.511   -4582.8298    7901.7876     311.5989    15767 
456000000   -288.93916    3004.7092    12946.189   -4637.1832    7930.8316    310.24917    15755 
457000000   -252.43562    2984.4595    12973.661   -4692.1129    7929.0081    310.90751    15759 
458000000   -262.35417    3045.7105    12915.205   -4600.1838    7908.2485    309.50666    15758 
459000000   -263.77819    3117.2821    12955.393   -4649.2019    8030.2621    310.46975    15762 
460000000   -241.57221    2977.6107    12910.285    -4700.079    7919.2619    309.38874    15773 
461000000   -262.40667    3077.8411    12971.515   -4743.2392     8083.487     310.8561    15769 
462000000   -255.43964    2910.2981    12988.423   -4703.1413     7868.879    311.26128    15760 
463000000   -210.37136    2996.3827    13050.829   -4620.2715    7827.0256    312.75682    15767 
464000000   -267.76352    3153.1168    12980.617   -4613.6354    8034.5157    311.07423    15761 
465000000    -235.2648    3123.8255    12862.182   -4602.6667     7961.757    308.23599    15751 
466000000   -240.92465     2877.411    13075.189   -4847.9651    7966.3007    313.34059    15771 
467000000   -227.48576     3036.349    12981.665    -4557.087    7820.9218    311.09933    15771 
468000000   -245.85955    3052.7214    13036.983   -4561.1483    7859.7292    312.42499    15751 
469000000   -242.09509    3052.2091    12960.571    -4633.413    7927.7172    310.59383    15763 
470000000   -274.78904    3052.7267    12829.171   -4622.9822     7950.498    307.44488    15751 
471000000   -266.97327    2931.6629    12836.265   -4728.4899    7927.1261    307.61489    15767 
472000000   -246.93268    3002.8067    12966.104   -4609.4966     7859.236    310.72643    15761 
473000000   -250.71644    2936.0486    12854.045   -4695.2361    7882.0011    308.04099    15768 
474000000   -292.93508    3047.4631    13017.447   -4648.9597    7989.3579    311.95684    15761 
475000000   -246.41384    3005.9103    12772.346   -4690.5626    7942.8867     306.0831    15766 
476000000   -261.54643    2848.1946    13044.355   -4732.7104    7842.4514    312.60166    15769 
477000000    -280.6042    2949.3275    13128.624   -4744.2759    7974.2076    314.62113    15777 
478000000    -261.4443    3127.8657    13006.499   -4585.1132    7974.4232    311.69446    15763 
479000000   -263.97057    2977.1854    12994.206   -4732.3539    7973.5099    311.39987    15766 
480000000    -285.8137    3077.2153    12933.954   -4583.8307    7946.8598    309.95597    15764 
481000000   -273.40351    2977.1482    12948.082   -4728.5888    7979.1405    310.29454    15769 
482000000   -270.76389    3084.0652    12865.559   -4682.9461    8037.7753     308.3169    15772 
483000000   -253.29289    2989.0872    12954.861   -4680.6036    7922.9837    310.45699    15760 
484000000   -265.33185    2901.3301    13017.683   -4691.2809    7857.9429     311.9625    15765 
485000000   -270.12072    3022.5921     12861.65   -4650.9297    7943.6425    308.22323    15770 
486000000   -254.04019    3028.7619     12817.68   -4667.7223    7950.5244    307.16952    15766 
487000000    -223.6517     3088.155    12782.945   -4660.3238    7972.1305    306.33711    15762 
488000000   -269.28567    2957.7774    12797.451   -4679.7485    7906.8115    306.68473    15763 
489000000   -265.15905    3035.4777    12881.485   -4610.8494    7911.4862    308.69856    15761 
490000000   -261.83739    2777.5293    13076.268   -4698.4673     7737.834    313.36646    15770 
491000000   -285.31961    2988.1805    12935.056   -4677.5524    7951.0525    309.98237    15767 
492000000   -257.03188    3140.4106    12915.808   -4638.0075      8035.45    309.52111    15761 
493000000   -258.37663    3064.3648    13098.099   -4604.5013    7927.2428    313.88961    15762 
494000000   -277.32845    2936.2942    12821.185   -4667.8285    7881.4512    307.25352    15772 
495000000   -270.59357    2959.4172    12853.978    -4738.697    7968.7078    308.03939    15766 
496000000   -258.23557    3028.3773    12973.654   -4665.4084    7952.0213    310.90736    15753 
497000000    -244.5154    3066.7444    13097.835   -4651.3911    7962.6509     313.8833    15768 
498000000   -256.36711    2867.2552    12979.905   -4700.9641    7824.5864    311.05715    15762 
499000000   -265.35821    3081.3405    13134.329   -4645.3146    7992.0133    314.75785    15765 
500000000   -259.56917    2908.7171    12852.042   -4717.9347     7886.221    307.99299    15772 
Loop time of 111184 on 28 procs for 500000000 steps with 14000 atoms

Performance: 9713.590 ns/day, 0.002 hours/ns, 4497.032 timesteps/s
99.3% CPU use with 28 MPI tasks x no OpenMP threads

MPI task timing breakdown:
Section |  min time  |  avg time  |  max time  |%varavg| %total
---------------------------------------------------------------
Pair    | 9848.3     | 10656      | 11337      | 394.0 |  9.58
Bond    | 5716.2     | 6014.2     | 6630       | 342.2 |  5.41
Neigh   | 28958      | 29407      | 30189      | 217.0 | 26.45
Comm    | 34264      | 36687      | 39128      | 602.3 | 33.00
Output  | 0.67948    | 0.68057    | 0.68131    |   0.0 |  0.00
Modify  | 20320      | 20791      | 21232      | 269.6 | 18.70
Other   |            | 7629       |            |       |  6.86

Nlocal:    500 ave 527 max 470 min
Histogram: 2 2 4 1 2 4 6 5 1 1
Nghost:    443.893 ave 663 max 264 min
Histogram: 2 2 4 7 4 2 2 1 1 3
Neighs:    2747.89 ave 3342 max 2258 min
Histogram: 3 1 3 2 8 2 4 4 0 1

Total # of neighbors = 76941
Ave neighs/atom = 5.49579
Ave special neighs/atom = 7.89486
Neighbor list builds = 94504236
Dangerous builds = 0
write_restart final_state_${fName}.restart
write_restart final_state_Run1.restart
Total wall time: 30:53:07
