
units           real
boundary p p p
atom_style      full

read_restart final_state_Run3.restart
  restoring atom style full from restart
  orthogonal box = (-420 -420 -420) to (420 420 420)
  2 by 2 by 7 MPI processor grid
  restoring pair style lj/cut from restart
  restoring bond style hybrid from restart
  restoring angle style cosine from restart
  14000 atoms
  15404 bonds
  13600 angles
  3 = max # of 1-2 neighbors
  4 = max # of 1-3 neighbors
  8 = max # of 1-4 neighbors
  56 = max # of special neighbors
  special bonds CPU = 0.418822 secs
  read_restart CPU = 0.495128 secs
mass 1 100
mass 2 100
mass 3 100
mass 4 100

neighbor 1.9 bin
neigh_modify every 1 delay 1 check yes

angle_style  cosine
angle_coeff   *  2  # K (energy unit)

bond_style 		hybrid harmonic harmonic/shift/cut
bond_coeff   1   harmonic 3   10
bond_coeff   2   harmonic 3   10
bond_coeff	3	harmonic/shift/cut 3.60	11.22	12.72

pair_style lj/cut 25
# atom-typ1, atom-typ2, energy-well, sigma (bead-diameter), cut-off (distance)
pair_coeff  * * 0.18 10 25

special_bonds lj  0 1 1 angle yes
  3 = max # of 1-2 neighbors
  4 = max # of 1-3 neighbors
  8 = max # of 1-4 neighbors
  40032 = # of 1-3 neighbors before angle trim
  27200 = # of 1-3 neighbors after angle trim
  56 = max # of special neighbors
  special bonds CPU = 0.00165356 secs

# further equilibriate the system before bond formation takes place
fix fxlan all langevin $T $T 1000 ${seed}
fix fxlan all langevin 310 $T 1000 ${seed}
fix fxlan all langevin 310 310 1000 ${seed}
fix fxlan all langevin 310 310 1000 61776
fix fxnve all nve
timestep 0.1
run 10000
Neighbor list info ...
  update every 1 steps, delay 1 steps, check yes
  max neighbors/atom: 2000, page size: 100000
  master list distance cutoff = 26.9
  ghost atom cutoff = 26.9
  binsize = 13.45, bins = 63 63 63
  1 neighbor lists, perpetual/occasional/extra = 1 0 0
  (1) pair lj/cut, perpetual
      attributes: half, newton on
      pair build: half/bin/newton
      stencil: half/bin/3d/newton
      bin: standard
Per MPI rank memory allocation (min/avg/max) = 1.103 | 7.671 | 16.69 Mbytes
Step Temp E_pair E_mol TotEng Press 
400000000    312.60145   -3807.6782    7380.0675    16616.735 -0.061272322 
400010000    309.76014    -3799.973    7374.0795    16499.889 -0.034029389 
Loop time of 5.44907 on 28 procs for 10000 steps with 14000 atoms

Performance: 15.856 ns/day, 1.514 hours/ns, 1835.175 timesteps/s
99.6% CPU use with 28 MPI tasks x no OpenMP threads

MPI task timing breakdown:
Section |  min time  |  avg time  |  max time  |%varavg| %total
---------------------------------------------------------------
Pair    | 0.00040521 | 0.51787    | 2.789      | 116.0 |  9.50
Bond    | 0.00059318 | 0.11241    | 0.5222     |  48.4 |  2.06
Neigh   | 0.021044   | 0.022393   | 0.025128   |   1.0 |  0.41
Comm    | 0.0022091  | 1.6246     | 3.8983     | 120.4 | 29.81
Output  | 0.00010481 | 0.0004631  | 0.00080896 |   0.0 |  0.01
Modify  | 0.001154   | 0.24512    | 1.1285     |  71.1 |  4.50
Other   |            | 2.926      |            |       | 53.70

Nlocal:    500 ave 2343 max 0 min
Histogram: 16 1 4 2 1 0 0 1 0 3
Nghost:    493.929 ave 1876 max 0 min
Histogram: 13 3 0 4 3 1 0 0 3 1
Neighs:    6861.32 ave 34101 max 0 min
Histogram: 16 1 5 1 1 0 0 1 1 2

Total # of neighbors = 192117
Ave neighs/atom = 13.7226
Ave special neighs/atom = 7.86886
Neighbor list builds = 8
Dangerous builds = 0

unfix fxlan
unfix fxnve
reset_timestep 0

variable t equal step
variable steps equal 400000000
variable dt_thermo equal 1000000
variable dt_movie equal 10000000
variable dt_restart equal 40000000

group rxnSites type 1 3
4000 atoms in group rxnSites

# fix ID group-ID(atom-types) bond/create Nevery itype jtype Rmin bondtype (prob values = fraction seed) (iparam maxbond newType)
fix bondc rxnSites bond/create/random 20 1 3 12.72 3 prob 1 ${seed} iparam 1 1 jparam 1 3
fix bondc rxnSites bond/create/random 20 1 3 12.72 3 prob 1 61776 iparam 1 1 jparam 1 3

# fix ID group-ID bond/break Nevery bondtype Rmax keyword values ...
fix bondbr rxnSites bond/break 20 3 12.72 prob 1 ${seed}
fix bondbr rxnSites bond/break 20 3 12.72 prob 1 61776

variable frmbnd equal f_bondc[2]
variable brkbnd equal f_bondbr[2]
fix saveBond all print ${dt_thermo} "$t ${frmbnd} ${brkbnd}" file BondData_${fName}.dat screen no
fix saveBond all print 1000000 "$t ${frmbnd} ${brkbnd}" file BondData_${fName}.dat screen no
fix saveBond all print 1000000 "$t ${frmbnd} ${brkbnd}" file BondData_Run3_ext.dat screen no

thermo_style    custom step epair pe ke ebond eangle temp bonds
thermo          ${dt_thermo}
thermo          1000000
fix saveThermo all print ${dt_thermo} "$t $(temp) $(ke) $(pe) $(epair) $(ebond) $(eangle) $(bonds)" file Thermo_${fName}.dat title "# Steps Temp KinEng PotEng Epair Ebond Eangle Bonds" screen no
fix saveThermo all print 1000000 "$t $(temp) $(ke) $(pe) $(epair) $(ebond) $(eangle) $(bonds)" file Thermo_${fName}.dat title "# Steps Temp KinEng PotEng Epair Ebond Eangle Bonds" screen no
fix saveThermo all print 1000000 "$t $(temp) $(ke) $(pe) $(epair) $(ebond) $(eangle) $(bonds)" file Thermo_Run3_ext.dat title "# Steps Temp KinEng PotEng Epair Ebond Eangle Bonds" screen no

############################ Langevin Dynamics ###############################
fix fxlan all langevin $T $T 1000 ${seed}
fix fxlan all langevin 310 $T 1000 ${seed}
fix fxlan all langevin 310 310 1000 ${seed}
fix fxlan all langevin 310 310 1000 61776
fix fxnve all nve

comm_style tiled
fix fxbal all balance 1000 1.1 rcb

timestep 25

dump coor all custom ${dt_movie} traj_${fName}.dump id type mol mass x y z xu yu zu
dump coor all custom 10000000 traj_${fName}.dump id type mol mass x y z xu yu zu
dump coor all custom 10000000 traj_Run3_ext.dump id type mol mass x y z xu yu zu

restart ${dt_restart} ${fName}_tp_*.restart
restart 40000000 ${fName}_tp_*.restart
restart 40000000 Run3_ext_tp_*.restart
run ${steps}
run 400000000
Neighbor list info ...
  update every 1 steps, delay 1 steps, check yes
  max neighbors/atom: 2000, page size: 100000
  master list distance cutoff = 26.9
  ghost atom cutoff = 26.9
  binsize = 13.45, bins = 63 63 63
  2 neighbor lists, perpetual/occasional/extra = 1 1 0
  (1) pair lj/cut, perpetual
      attributes: half, newton on
      pair build: half/bin/newton
      stencil: half/bin/3d/newton
      bin: standard
  (2) fix bond/create/random, occasional, copy from (1)
      attributes: half, newton on
      pair build: copy
      stencil: none
      bin: none
Per MPI rank memory allocation (min/avg/max) = 17.8 | 18.26 | 19.34 Mbytes
Step E_pair PotEng KinEng E_bond E_angle Temp Bonds 
       0    -3799.973    3574.1065    12925.783   -934.76786    8308.8473    309.76014    15404 
 1000000   -3871.9805    3447.4103    12850.277   -950.56544    8269.9562    307.95069    15387 
 2000000   -3903.9222    3287.2817    12871.928   -973.65476    8164.8586    308.46953    15399 
 3000000   -3737.1838    3610.5175    12911.649   -840.00017    8187.7015    309.42143    15389 
 4000000   -3768.7345    3359.1895     12890.03   -1115.6655    8243.5895    308.90334    15428 
 5000000   -3742.9982    3692.6637    12706.254   -946.11135    8381.7733    304.49924    15396 
 6000000   -3898.5389    3454.2378    12985.997   -1007.0153     8359.792    311.20316    15426 
 7000000   -3818.5276    3599.1241     12928.31   -903.28009    8320.9317     309.8207    15380 
 8000000    -3811.684    3362.5453    12915.088   -982.62829    8156.8576    309.50384    15403 
 9000000    -3790.737    3419.7561    12755.068   -1012.0805    8222.5736    305.66904    15404 
10000000   -3878.4671    3305.2869    12986.631    -1059.524    8243.2781    311.21834    15419 
11000000   -3796.1427    3433.2365    12824.235   -1004.4479    8233.8271    307.32661    15408 
12000000   -3725.6038    3749.5403    13003.935   -934.97633    8410.1204    311.63302    15376 
13000000   -3892.1504    3272.8129    12913.766   -1091.3634    8256.3267    309.47217    15430 
14000000   -3843.8018    3517.4677    12730.553   -1010.4566    8371.7261    305.08155    15413 
15000000   -3807.1839    3383.1239    12940.167   -1031.1099    8221.4177    310.10486    15430 
16000000   -3791.9005     3358.838    12919.614   -1080.6712    8231.4097    309.61231    15404 
17000000   -3806.6666    3304.9426     12798.28   -1118.4122    8230.0214     306.7046    15403 
18000000   -3835.1749    3387.4037    12908.473   -973.24253    8195.8212    309.34531    15416 
19000000   -3845.9559    3264.0685    12788.627   -1171.5446    8281.5689    306.47326    15438 
20000000   -3757.2872    3525.7707     12922.63    -1015.344    8298.4019    309.68459    15402 
21000000   -3856.6863    3523.9938    13002.425   -939.48061    8320.1607    311.59683    15389 
22000000   -3779.1128     3502.834    12921.459   -908.77793    8190.7247    309.65653    15394 
23000000    -3868.274    3291.3467    13070.662   -1092.7917    8252.4124     313.2321    15420 
24000000   -3881.1414    3676.7507    12987.398   -757.24913    8315.1412    311.23672    15375 
25000000   -3815.7568    3419.8735    12969.179   -958.24953    8193.8798    310.80011    15395 
26000000   -3826.4738    3543.1682     13047.42   -978.60374    8348.2457    312.67513    15411 
27000000   -3835.9969    3366.0023    13008.655    -1045.122    8247.1213    311.74614    15415 
28000000   -3816.6389      3543.73    12956.119   -980.60434    8340.9732    310.48714    15412 
29000000   -3735.2593    3769.2926    12891.451   -876.47745    8381.0294     308.9374    15388 
30000000   -3731.2108    3584.8043    12862.962   -999.62239    8315.6375    308.25468    15403 
31000000   -3772.8683    3594.9239    12896.389   -976.81472    8344.6069    309.05575    15409 
32000000   -3759.9488    3460.1478    12913.192   -1151.0671    8371.1638    309.45842    15406 
33000000   -3799.2967    3593.3157     12893.67   -854.90495    8247.5173    308.99057    15382 
34000000   -3775.1729    3564.0908    12965.851   -889.27024     8228.534    310.72036    15381 
35000000   -3827.1855    3388.8686    12918.951   -1034.7031    8250.7572    309.59643    15384 
36000000    -3839.592    3549.3664    12805.725   -956.93716    8345.8957    306.88302    15389 
37000000   -3799.5962    3508.4398    13137.453   -934.92641    8242.9624    314.83272    15392 
38000000   -3864.0033    3361.0868    13018.469    -992.3931    8217.4832    311.98133    15401 
39000000   -3906.5337    3407.7856    12910.606   -1052.4051    8366.7244    309.39644    15412 
40000000   -3766.4274    3556.1308      13086.7   -914.05858    8236.6167    313.61646    15388 
41000000   -3763.9704    3606.5895    12829.918   -866.62707     8237.187    307.46279    15405 
42000000   -3765.8096    3554.3142    12902.247   -1013.2719    8333.3957    309.19613    15405 
43000000   -3725.2186    3367.9056    12871.838   -1108.7871    8201.9113    308.46737    15427 
44000000   -3834.0387    3454.7007    12927.552   -1024.2269    8312.9662    309.80254    15411 
45000000   -3771.2584    3462.9006    12856.284   -1016.0615    8250.2205    308.09463    15412 
46000000   -3777.7738    3628.9888    12945.546   -910.95348    8317.7161    310.23377    15391 
47000000   -3730.9067    3647.9337    13020.203   -928.23539    8307.0758    312.02287    15396 
48000000   -3792.9098    3322.1271    12989.971   -961.12636    8076.1633    311.29839    15419 
49000000   -3884.8777    3327.5513    12687.556   -1048.3446    8260.7736    304.05114    15411 
50000000    -3776.455    3671.8394    12797.456   -928.42067     8376.715    306.68484    15404 
51000000   -3723.1213    3655.0314    12815.348   -887.61148    8265.7642    307.11362    15410 
52000000   -3806.3644    3395.5995     13000.03   -1009.5458    8211.5097    311.53944    15412 
53000000   -3888.9765    3467.1193    12896.841   -913.15148    8269.2473    309.06657    15401 
54000000   -3800.9792    3407.2275    13009.731   -1014.9811    8223.1878    311.77192    15405 
55000000   -3804.8391    3478.4865    13027.659   -1000.1918    8283.5174    312.20156    15403 
56000000   -3784.1185    3435.2415    12952.454    -1031.701    8251.0609     310.3993    15406 
57000000   -3700.3368    3738.5042    12844.133   -873.39172    8312.2328    307.80344    15382 
58000000   -3686.1769    3490.9415    12994.799   -1067.3904    8244.5088     311.4141    15390 
59000000   -3818.6063    3520.3908    12918.632   -909.35805    8248.3551    309.58877    15375 
60000000   -3797.2305    3466.2602    13046.722   -956.70847    8220.1992    312.65838    15392 
61000000   -3884.6083    3415.6649     12805.95   -954.61214    8254.8853    306.88842    15409 
62000000   -3840.7935    3466.9584    13044.022   -957.38809    8265.1399    312.59369    15403 
63000000   -3794.4778    3358.7756    12768.452   -1020.7208    8173.9742    305.98979    15385 
64000000   -3708.2293    3491.0359    12883.449   -985.97817    8185.2434    308.74563    15416 
65000000   -3803.2452    3634.9244     13067.98   -871.47037      8309.64    313.16784    15396 
66000000   -3743.1104    3475.3112    12921.437   -1037.3384    8255.7599    309.65601    15401 
67000000   -3908.6423    3394.6582    12865.807   -961.34482    8264.6453    308.32286    15417 
68000000   -3829.4818    3378.2294    12983.209   -970.10941    8177.8206    311.13634    15396 
69000000   -3869.4851    3409.0054    12908.791   -953.00557    8231.4961    309.35295    15395 
70000000   -3857.7883    3173.6933    12903.883    -1148.993    8180.4747    309.23533    15417 
71000000   -3810.5316    3518.7027     12816.26   -1024.2065    8353.4409    307.13548    15407 
72000000   -3824.1123    3530.1016    12774.002    -1037.093    8391.3069    306.12279    15429 
73000000    -3958.158    3224.1807    12965.376   -1045.6028    8227.9414    310.70898    15415 
74000000   -3906.2689    3162.3507    13033.028   -999.11737     8067.737    312.33023    15421 
75000000   -3760.6472    3492.2816    12935.821    -1022.528    8275.4568    310.00071    15423 
76000000   -3781.0467    3562.7261     12819.99   -882.70041    8226.4732    307.22486    15376 
77000000   -3751.4608    3469.5736    12997.157    -964.4518    8185.4862    311.47059    15418 
78000000   -3880.4032    3386.8053    12904.534   -955.45999    8222.6685    309.25093    15402 
79000000   -3901.4769    3377.2268    13043.045   -1003.0218    8281.7255    312.57027    15415 
80000000   -3851.0208     3340.366      12864.4   -1046.1479    8237.5347    308.28914    15418 
81000000   -3799.8909    3445.3135    12986.228    -999.7942    8244.9986    311.20869    15414 
82000000   -3752.1214     3507.909    12932.828   -1045.5647     8305.595    309.92897    15413 
83000000   -3824.3536    3443.4601    12870.559   -1033.8407    8301.6543    308.43674    15418 
84000000   -3855.8404    3379.1953     13038.64    -1037.141    8272.1767    312.46471    15410 
85000000   -3828.1605    3451.9107    12910.711   -966.48594    8246.5571    309.39897    15410 
86000000   -3875.6694     3376.722    12902.687   -1060.6573    8313.0487    309.20666    15421 
87000000   -3837.9422    3303.8606    13023.023    -1059.905    8201.7078    312.09046    15405 
88000000   -3834.3034    3601.7691    13024.969   -934.67899    8370.7516    312.13709    15428 
89000000   -3739.3525    3508.1484     12899.75   -1031.7739    8279.2749    309.13627    15403 
90000000   -3750.9686    3596.9272    13039.404   -981.46835    8329.3641    312.48301    15396 
91000000   -3840.2423    3467.2481    13010.149   -944.76261     8252.253    311.78194    15380 
92000000   -3877.7731    3312.3442    12832.991   -1028.3484    8218.4658    307.53644    15408 
93000000   -3782.9688    3485.3763    12999.646   -992.48657    8260.8317    311.53025    15398 
94000000   -3829.0792    3469.1769    12951.828   -910.55211    8208.8082    310.38431    15416 
95000000   -3866.5955    3415.5668    13008.374   -1006.4586     8288.621     311.7394    15386 
96000000   -3834.4455    3477.1169    12969.972   -1053.5734    8365.1358    310.81912    15417 
97000000   -3735.1518     3565.271    12947.746   -1030.4341    8330.8568    310.28647    15399 
98000000   -3810.9993    3542.4675    12914.651   -966.51398    8319.9807    309.49337    15386 
99000000   -3750.3316    3496.8547     12906.97   -981.77424    8228.9606     309.3093    15400 
100000000   -3840.9466    3284.4413    12883.198   -1056.8132    8182.2012    308.73963    15425 
101000000   -3793.7664    3491.9293    12899.366   -991.06296    8276.7586    309.12708    15406 
102000000   -3792.5376     3492.158    12863.565   -880.73445      8165.43    308.26911    15377 
103000000   -3781.2105    3351.3793    12909.829    -1082.825    8215.4148    309.37783    15417 
104000000   -3788.7937    3566.1845     12908.85   -1061.0096    8415.9879    309.35435    15415 
105000000   -3795.0507    3308.4344    12906.708   -1004.0785    8107.5637    309.30302    15396 
106000000   -3726.3738    3475.4812    13004.101   -996.46628    8198.3213    311.63701    15378 
107000000   -3865.5718    3269.6443    13016.038   -1055.4958    8190.7119    311.92306    15417 
108000000   -3882.0308    3426.2821    12759.095    -1044.359    8352.6719    305.76555    15412 
109000000   -3884.7731    3400.5981    13002.805   -1131.2493    8416.6205    311.60593    15430 
110000000   -3817.1536    3446.4678    12885.689   -953.34972    8216.9711    308.79932    15399 
111000000   -3863.3595    3239.6784    13050.351   -1048.3057    8151.3436    312.74536    15398 
112000000   -3811.0227    3547.6984    12936.405   -948.18802    8306.9091    310.01471    15404 
113000000   -3815.7345    3650.1651    12787.749   -867.86182    8333.7614    306.45223    15393 
114000000   -3792.8755    3587.8516    12876.769   -960.17769    8340.9048    308.58555    15395 
115000000   -3767.8037    3558.9125    12955.922   -945.51989    8272.2361    310.48243    15406 
116000000   -3861.7306     3377.031    12765.657   -1011.3545    8250.1162    305.92281    15418 
117000000   -3685.9273    3529.3127    12895.915   -925.09072    8140.3307    309.04439    15383 
118000000   -3676.8775    3547.3284    12998.585   -946.25155    8170.4575    311.50482    15369 
119000000   -3631.7061    3712.4992    13061.297   -939.76529    8283.9706    313.00767    15391 
120000000   -3716.2819    3571.8654    12851.336    -900.8339    8188.9812    307.97606    15397 
121000000   -3696.5792    3629.1898      13018.4   -964.51983    8290.2888    311.97966    15398 
122000000   -3782.1842    3561.9806    12910.106   -980.91632    8325.0811    309.38445    15415 
123000000   -3840.0202     3418.565    12968.222   -1045.6299    8304.2151    310.77717    15419 
124000000   -3794.3704    3364.3404    13078.309   -1044.1985    8202.9093    313.41536    15438 
125000000   -3749.9983    3427.0744    12825.561   -965.02826     8142.101    307.35837    15392 
126000000   -3692.2152     3821.025    12839.392   -909.93358    8423.1737    307.68983    15394 
127000000   -3717.6336    3400.2796    12830.952   -1046.5846    8164.4978    307.48756    15413 
128000000   -3843.3905    3392.5109     12911.76   -1028.0218    8263.9233    309.42408    15426 
129000000    -3787.094    3659.1263    12782.019   -951.63821    8397.8585    306.31492    15403 
130000000   -3791.7016    3521.5201    12867.505    -890.9503     8204.172    308.36355    15383 
131000000    -3684.823    3572.9556    12807.863   -912.49831    8170.2769    306.93426    15406 
132000000   -3787.9689    3557.9682    13032.581   -949.01551    8294.9526    312.31951    15403 
133000000    -3761.653    3475.5448    12923.493    -1029.484    8266.6818    309.70527    15392 
134000000    -3801.799    3410.8967    12794.304   -1025.3847    8238.0803    306.60932    15386 
135000000   -3744.9261     3611.029    13047.567   -970.47406    8326.4292    312.67863    15388 
136000000   -3764.4702    3514.0965    12942.868    -1038.301    8316.8678    310.16959    15408 
137000000   -3778.8653    3348.4218    12903.295   -1033.7914    8161.0784    309.22124    15396 
138000000    -3848.687    3557.2553    13096.057   -969.96721    8375.9094    313.84069    15411 
139000000   -3675.5134     3387.079    12878.143   -1141.1447    8203.7371    308.61848    15421 
140000000   -3767.3094     3469.949    12870.604   -961.40516    8198.6635    308.43781    15398 
141000000   -3855.0966    3372.8722    12872.835    -1043.581    8271.5497    308.49128    15399 
142000000   -3809.4595    3513.4278    12924.681   -901.71865    8224.6059    309.73373    15386 
143000000   -3759.8552    3644.7849    12920.908   -971.53283    8376.1729    309.64333    15418 
144000000   -3820.0507     3519.926    12783.213   -1066.4241    8406.4008    306.34353    15402 
145000000   -3850.9496    3446.7746    13129.888   -899.00198    8196.7262    314.65142    15389 
146000000   -3822.5393    3385.5226    13043.526   -1006.4368    8214.4987     312.5818    15412 
147000000   -3849.5276    3356.5651    12893.274   -1049.6907    8255.7833    308.98109    15415 
148000000   -3841.5729    3146.3575     12956.28   -1112.1747    8100.1052    310.49099    15391 
149000000   -3707.2034    3534.1357    13063.237    -1051.566    8292.9051    313.05418    15420 
150000000   -3810.4764    3431.4189    13015.533   -1003.0846    8244.9799    311.91096    15402 
151000000   -3793.0645    3294.8043    12834.357   -1073.3958    8161.2646    307.56917    15412 
152000000   -3858.6259    3388.7277    12786.922   -975.43311    8222.7867    306.43241    15410 
153000000    -3845.139    3527.3228    13009.763   -982.44756    8354.9094    311.77268    15418 
154000000   -3811.8259    3389.8956    12946.543   -1019.0316    8220.7531    310.25766    15429 
155000000   -3909.7266     3267.627     12992.47   -1096.0685     8273.422    311.35826    15415 
156000000   -3772.5031    3572.0784    12949.799   -949.59351     8294.175    310.33568    15384 
157000000   -3817.3479    3460.9494    12911.899   -914.27659    8192.5738    309.42742    15404 
158000000   -3774.5324     3542.168    12998.017   -926.71073    8243.4111    311.49121    15411 
159000000   -3733.6198     3433.332    12973.192    -983.7334    8150.6852    310.89627    15413 
160000000   -3714.6029    3752.6802    12935.907   -923.65672    8390.9399    310.00277    15380 
161000000   -3782.5933    3360.3531    12714.226   -993.73776    8136.6841    304.69029    15402 
162000000   -3797.3695    3357.5635    12968.734   -1056.6837    8211.6168    310.78944    15411 
163000000   -3914.9044    3308.6646    12860.141   -1128.1621     8351.731    308.18707    15441 
164000000   -3844.9311      3464.25    12919.705   -931.24376    8240.4249    309.61449    15402 
165000000   -3847.6172    3455.8743    12806.395   -959.68956     8263.181    306.89906    15413 
166000000   -3928.7529    3146.9415    12815.751   -1088.6958    8164.3901     307.1233    15428 
167000000   -3831.2256    3417.2757    12855.688   -952.36576     8200.867    308.08036    15401 
168000000     -3827.26      3275.13    12832.239    -1185.925    8288.3151     307.5184    15419 
169000000   -3703.4836      3449.72    13082.103   -957.21793    8110.4216    313.50629    15386 
170000000    -3875.022    3445.0179    12677.991   -1005.9222    8325.9621    303.82194    15403 
171000000   -3800.9477    3516.2993    12943.103   -869.00074    8186.2477    310.17522    15394 
172000000   -3848.7229    3376.6594    12852.477   -942.03656    8167.4188    308.00341    15408 
173000000   -3788.1225    3519.2438      13022.8   -1028.6266    8335.9929    312.08512    15416 
174000000   -3804.7385    3520.5863    12808.213   -932.23484    8257.5596    306.94265    15395 
175000000   -3777.7886    3673.9728    12910.939   -929.86638    8381.6279    309.40443    15396 
176000000   -3659.5095    3524.8171    12834.114    -1046.928    8231.2545    307.56334    15401 
177000000   -3820.7346    3358.6982    13041.941   -1010.2952     8189.728    312.54382    15416 
178000000   -3861.6129    3428.5144    13020.198   -974.55848    8264.6859    312.02276    15396 
179000000   -3838.8875    3421.3831    12902.157   -1117.0134     8377.284    309.19398    15398 
180000000   -3866.8593    3254.7644      12908.9   -1101.7392    8223.3629    309.35556    15413 
181000000   -3823.6819    3357.5638    12949.268   -989.17395    8170.4197    310.32295    15421 
182000000   -3831.4608     3528.307    12983.677   -927.31416    8287.0819    311.14756    15391 
183000000   -3802.2666    3417.9811    12885.464   -987.13251    8207.3802    308.79392    15404 
184000000    -3836.362    3410.9759    12792.517   -977.66405    8225.0019    306.56649    15407 
185000000   -3785.1008    3372.5937    12936.822   -1090.1108    8247.8053    310.02468    15397 
186000000   -3731.4201    3420.5218    12868.726   -999.55472    8151.4966    308.39282    15404 
187000000   -3749.7302    3334.7285    13155.276   -1119.4216    8203.8803    315.25983    15427 
188000000   -3772.1298    3596.0111    12876.666   -1016.9505    8385.0913    308.58307    15403 
189000000   -3838.7418    3407.0269    12982.392   -1030.1577    8275.9264    311.11677    15417 
190000000   -3802.2305    3293.3584    12912.929   -1142.2039    8237.7928    309.45211    15426 
191000000   -3888.7367    3393.6265    12910.923    -939.5672    8221.9304    309.40404    15405 
192000000   -3784.7067    3508.9733    12795.801   -982.41581    8276.0958     306.6452    15411 
193000000   -3751.7357    3325.3188    12967.419   -1019.8211    8096.8757    310.75795    15406 
194000000   -3806.6041    3375.5257    12943.965   -990.73125    8172.8611    310.19587    15406 
195000000   -3780.3899    3420.4676    12957.949    -1060.688    8261.5455    310.53099    15419 
196000000   -3713.4369    3439.7471    12985.354   -1032.1812    8185.3652    311.18775    15422 
197000000    -3839.269    3322.3599    12817.031   -1141.5831     8303.212    307.15397    15425 
198000000   -3821.4254    3400.0012     12809.93   -1041.9299    8263.3565     306.9838    15425 
199000000   -3759.8269    3360.1399    12946.123   -1089.5636    8209.5304     310.2476    15428 
200000000   -3876.8554    3301.8995    12900.565   -974.12282    8152.8777    309.15581    15397 
201000000   -3819.6359    3459.8809    12933.732   -908.46079    8187.9776    309.95065    15378 
202000000    -3870.489     3275.814    12835.263   -949.88554    8096.1885    307.59089    15387 
203000000   -3878.4739    3339.7191    12786.928    -1002.913    8221.1061    306.43255    15416 
204000000   -3816.9601    3485.4924    13075.334   -873.60703    8176.0595    313.34406    15393 
205000000   -3826.5178    3203.4634    12873.921   -1146.0135    8175.9946    308.51731    15420 
206000000   -3784.1175    3404.1156    12934.484    -1098.226    8286.4591    309.96866    15426 
207000000   -3808.8224    3243.6471    13115.903    -1077.443    8129.9125    314.31629    15405 
208000000   -3871.7091    3298.6565     12961.06   -1071.4412    8241.8067    310.60553    15412 
209000000    -3797.448    3404.3048    12828.615   -1036.5145    8238.2674    307.43156    15413 
210000000    -3767.673    3539.8514    12842.569   -966.04474    8273.5692    307.76598    15396 
211000000   -3811.5774    3433.7353    13123.008   -947.54094    8192.8536    314.48655    15420 
212000000   -3831.5091    3414.7466    12783.436   -1050.0206    8296.2763    306.34888    15417 
213000000   -3801.1074    3394.6869    13011.019   -1076.9545    8272.7488    311.80279    15409 
214000000   -3854.0179    3357.1197    13017.819     -1041.31    8252.4476    311.96575    15406 
215000000   -3840.8069    3248.4833    13023.422   -1047.9937    8137.2839    312.10003    15418 
216000000    -3870.668    3474.4182    12883.146   -987.64805    8332.7342    308.73837    15406 
217000000   -3852.5192     3479.451    12839.961   -962.52652    8294.4967    307.70346    15413 
218000000   -3832.2618    3411.9973    12711.573    -1075.027     8319.286    304.62671    15422 
219000000   -3847.9787    3432.4405    12941.628    -1003.901    8284.3202    310.13986    15394 
220000000   -3785.8481    3399.4283    12824.632   -1031.5988    8216.8752    307.33612    15408 
221000000   -3782.9133    3350.2425    13075.227   -1011.0487    8144.2045    313.34151    15401 
222000000   -3754.3839    3445.0159    12903.538   -1075.0757    8274.4755    309.22705    15403 
223000000   -3814.2911     3343.704    12852.178   -1074.2926    8232.2876    307.99624    15427 
224000000    -3828.613    3534.0848    13061.714    -993.8825    8356.5803    313.01768    15410 
225000000   -3751.1056    3728.7692    12997.931   -901.80836    8381.6831    311.48913    15383 
226000000   -3693.4396    3642.5618    12940.042   -988.47188    8324.4733    310.10187    15397 
227000000   -3871.9294     3475.211    13010.307   -919.17875    8266.3192    311.78572    15407 
228000000   -3792.4444      3361.75    13037.027   -1070.3001    8224.4945    312.42605    15422 
229000000   -3801.5888    3467.3771    12969.103    -1035.785     8304.751    310.79829    15410 
230000000   -3797.3835    3392.6285     12866.96   -1024.3371    8214.3491    308.35048    15381 
231000000   -3818.0313    3459.4962    12827.111   -941.67679    8219.2043    307.39553    15408 
232000000   -3775.2428    3527.0505    12874.796   -939.79199    8242.0853    308.53827    15389 
233000000   -3808.3538    3281.2771    12909.263   -1080.0805    8169.7115    309.36426    15427 
234000000   -3920.9695    3233.5332    12973.064    -983.7366    8138.2393     310.8932    15401 
235000000   -3827.4171    3399.4747    13036.659    -1023.814    8250.7058    312.41724    15407 
236000000   -3854.2487    3294.3299    12961.228    -1078.088    8226.6667    310.60957    15392 
237000000   -3921.0229    3375.6832    13038.382   -937.46313    8234.1693    312.45854    15395 
238000000   -3820.1501     3337.142    12836.324   -920.64415    8077.9362     307.6163    15392 
239000000   -3932.4624    3204.4895    13040.403   -1005.5532    8142.5051    312.50697    15427 
240000000   -3838.3807    3396.9884    12928.752   -1021.7328     8257.102    309.83131    15417 
241000000   -3835.9598    3308.3524    12976.708   -1058.6487    8202.9609    310.98055    15406 
242000000   -3757.8071    3419.6075     12899.98   -1040.3905    8217.8051     309.1418    15396 
243000000   -3789.8972    3371.7584    12933.357   -981.33459    8142.9901    309.94166    15398 
244000000   -3778.5264    3435.7227    12954.455   -959.71587    8173.9649    310.44727    15399 
245000000   -3915.3494    3249.4551    13087.053   -1069.7655      8234.57    313.62492    15403 
246000000   -3855.8367     3342.709     13150.11   -1017.1405    8215.6862    315.13605    15416 
247000000   -3830.4654    3443.0421    12904.569   -998.09872    8271.6062    309.25177    15402 
248000000   -3865.2495    3299.6099    12889.869   -1031.8616    8196.7209    308.89948    15425 
249000000   -3841.5379    3461.1443    12903.847   -948.92036    8251.6025    309.23447    15401 
250000000   -3799.5584    3286.6373    13045.743   -1123.0121    8209.2079    312.63494    15425 
251000000   -3750.8889    3570.9961    12815.765   -944.18987    8266.0748    307.12363    15389 
252000000   -3733.2337    3446.8333    12997.014   -1043.8829    8223.9499    311.46718    15408 
253000000   -3737.8213    3644.8885    12929.148   -858.93284    8241.6426    309.84079    15386 
254000000   -3872.3381    3293.1181    12971.402   -1008.1626    8173.6188    310.85338    15399 
255000000   -3743.5449    3547.7145    12871.982   -914.65085    8205.9102    308.47083    15392 
256000000   -3649.7981    3535.7109    12749.608   -967.38724    8152.8963    305.53821    15405 
257000000   -3838.6064      3324.11     12917.32   -955.15951     8117.876    309.55733    15401 
258000000   -3903.4617    3355.0425    12892.466   -993.11576      8251.62    308.96173    15398 
259000000   -3782.1894    3347.0729    13008.924   -1047.8682    8177.1305    311.75258    15431 
260000000   -3794.6188    3412.7719    12827.634   -1015.0243    8222.4149    307.40806    15395 
261000000   -3769.4206     3423.491    12796.984   -1011.0178    8203.9295    306.67353    15405 
262000000   -3744.9911    3415.3772    12677.437   -1066.1321    8226.5004    303.80866    15414 
263000000   -3914.5771     3248.395    13018.397   -1107.9436    8270.9157    311.97959    15413 
264000000   -3882.5806    3279.6859     13112.12   -1062.5551    8224.8215    314.22563    15401 
265000000   -3787.1863    3557.2176    12815.937   -999.37913     8343.783    307.12774    15409 
266000000   -3825.0775    3422.4945    12890.642   -963.68477    8211.2568    308.91802    15407 
267000000   -3802.4664    3373.6355    12944.144   -1084.2316    8260.3336    310.20016    15416 
268000000    -3797.353      3480.26    12884.575   -1025.2461     8302.859    308.77263    15400 
269000000   -3835.6952    3493.5042    12868.473   -962.20693    8291.4063    308.38673    15396 
270000000   -3792.8104    3350.2791    13037.468    -1072.139    8215.2286    312.43663    15405 
271000000     -3820.54    3245.1963     12858.47   -1083.1156    8148.8518    308.14702    15401 
272000000   -3869.6537    3294.6452    12977.569   -1047.7443    8212.0432    311.00118    15405 
273000000   -3717.5096    3580.1495    12978.459   -913.72652    8211.3856    311.02251    15386 
274000000    -3758.551     3598.079    12912.312   -936.53677    8293.1667    309.43733    15397 
275000000   -3826.3477     3441.483    12974.245   -1058.6307    8326.4614    310.92152    15400 
276000000   -3817.8546    3290.4456    12874.618   -1020.8836    8129.1838    308.53401    15418 
277000000   -3741.1799    3527.3329    13012.299   -927.33645    8195.8492    311.83347    15390 
278000000   -3791.2178    3527.2048    12689.994   -1019.9436    8338.3662    304.10959    15420 
279000000   -3784.9843    3466.7632    12901.813   -995.59708    8247.3445    309.18572    15403 
280000000   -3781.8874    3396.7663    12952.612   -1010.1844     8188.838    310.40309    15399 
281000000   -3764.9579    3519.5725    12859.821   -929.97057     8214.501    308.17939    15385 
282000000   -3808.5815    3468.0312    12857.135    -899.5518    8176.1645    308.11502    15407 
283000000   -3841.9367    3470.6033    12816.456   -1003.8522    8316.3922    307.14018    15428 
284000000   -3865.2991    3301.5335    12848.874   -1035.7353    8202.5679    307.91706    15426 
285000000   -3921.6829    3110.8619    12962.609   -1187.1996    8219.7444    310.64266    15439 
286000000   -3818.1477    3425.3559    12899.661   -1059.6136    8303.1173    309.13414    15423 
287000000   -3808.4187    3565.1769    13120.481   -1071.6153    8445.2109    314.42599    15413 
288000000   -3687.4507    3687.8116    13053.497   -963.08082    8338.3432    312.82074    15397 
289000000   -3674.7013    3704.6477    13076.578   -1001.9459    8381.2949    313.37387    15421 
290000000   -3781.2155    3500.7495    13057.464   -1025.3204    8307.2854    312.91583    15407 
291000000   -3858.8149    3337.9681    12959.699   -1099.2341    8296.0172    310.57294    15422 
292000000   -3805.5679    3563.5066     12927.06    -940.8677    8309.9422    309.79076    15397 
293000000   -3840.0036    3564.5997    13031.371   -943.86496    8348.4682    312.29053    15406 
294000000   -3861.9973    3327.3769    12999.625   -1004.3022    8193.6764    311.52975    15422 
295000000   -3792.8083    3498.6672    12901.534   -976.12431    8267.5997    309.17904    15407 
296000000    -3815.539    3206.2748    12877.368   -1179.8536    8201.6674    308.59991    15436 
297000000   -3815.1439    3282.9655    12996.478   -1008.0039    8106.1133    311.45433    15391 
298000000   -3857.2665    3342.6995    12888.222   -1066.6074    8266.5735    308.86001    15438 
299000000   -3772.0072    3401.2448    13071.588   -1125.2836    8298.5356    313.25429    15417 
300000000   -3736.8327     3625.502     12967.72   -1013.4246    8375.7592    310.76515    15412 
301000000    -3707.325    3424.2269    12886.377   -1060.4255    8191.9774     308.8158    15397 
302000000   -3761.5929    3532.9348    13011.146   -983.05097    8277.5786    311.80584    15393 
303000000   -3748.4921     3593.918     12921.41   -987.22193     8329.632    309.65535    15396 
304000000   -3703.5569     3662.574    12896.028   -883.82823    8249.9591    309.04709    15408 
305000000   -3745.3556    3453.7987    12900.845   -1027.5514    8226.7056    309.16251    15417 
306000000   -3713.4935    3714.7926    12838.874   -882.32295    8310.6091    307.67742    15378 
307000000   -3781.7541    3432.8312    12819.782   -1056.0357    8270.6209    307.21989    15420 
308000000   -3709.4358    3556.2943    13056.076   -977.13575    8242.8659    312.88255    15392 
309000000   -3831.4449    3478.0181    12914.613   -1003.8616    8313.3246    309.49246    15391 
310000000   -3825.9323    3455.0564    12952.887   -990.42623    8271.4149    310.40969    15399 
311000000   -3878.9102    3374.3563    12850.735   -972.64006    8225.9065    307.96166    15383 
312000000   -3740.4268    3442.9957    12884.432   -1006.4743    8189.8967     308.7692    15414 
313000000   -3835.6522    3558.0405    12924.278   -956.33193    8350.0246    309.72408    15408 
314000000   -3916.1525    3247.1354    12976.785   -1063.2824    8226.5703     310.9824    15415 
315000000    -3774.574     3405.543    12950.888   -1028.5661    8208.6832    310.36178    15407 
316000000   -3752.4689    3551.6005    12775.942   -925.54219    8229.6116    306.16929    15401 
317000000   -3836.7499    3394.7265    12895.161   -1013.9577    8245.4341    309.02631    15415 
318000000   -3866.9253    3500.6398    13007.689   -1002.1925    8369.7577    311.72299    15395 
319000000   -3902.4774    3305.9454    13001.075   -1023.0179    8231.4408    311.56449    15418 
320000000   -3814.2444    3390.0265    12892.957    -1029.234    8233.5049     308.9735    15418 
321000000   -3850.0455    3420.3375    12809.026   -1034.6084    8304.9915    306.96212    15400 
322000000    -3928.006    3148.9301    12998.738   -1071.2837    8148.2197    311.50849    15403 
323000000   -3824.6394    3483.4678    13077.023    -970.7153    8278.8224    313.38454    15396 
324000000   -3688.6141     3730.793    12809.704   -970.30832    8389.7155    306.97836    15413 
325000000   -3762.8634    3592.5346     12922.86   -920.94827    8276.3462     309.6901    15403 
326000000   -3795.1854     3451.003    13042.925   -990.14459     8236.333    312.56741    15388 
327000000   -3769.9698    3473.0604        13062    -942.7023    8185.7326    313.02453    15395 
328000000   -3804.0385    3472.0812    12955.143   -1064.6512    8340.7709    310.46374    15416 
329000000   -3791.1166    3360.2913    12861.056     -1062.16    8213.5679    308.20899    15406 
330000000    -3884.404    3316.2014    12965.937   -1136.3971    8337.0025    310.72242    15413 
331000000   -3987.4862    3358.6442    12953.158   -896.02143    8242.1519    310.41617    15407 
332000000   -3798.5163    3386.9952    12979.875   -1089.6427    8275.1542    311.05644    15429 
333000000   -3870.7879    3403.8898    12794.313   -966.97852    8241.6562    306.60952    15405 
334000000   -3885.4069    3447.3059    13038.722   -984.78238    8317.4951    312.46667    15401 
335000000    -3803.295    3439.7028    12939.828   -984.77286    8227.7707    310.09674    15391 
336000000   -3826.7649    3312.3309    13005.002   -1071.1077    8210.2036    311.65858    15433 
337000000   -3750.3405     3372.057    12806.325   -968.50151     8090.899    306.89741    15405 
338000000   -3854.7504    3308.4977    13068.388    -1025.871    8189.1191    313.17761    15415 
339000000   -3958.8899    3386.1062    12745.019   -992.50492     8337.501    305.42824    15411 
340000000   -3774.8795    3575.8864    12896.616   -1000.7976    8351.5635    309.06118    15413 
341000000   -3772.5372    3333.8971    12927.428   -1078.4671    8184.9014    309.79957    15409 
342000000   -3703.0219    3448.1322    12955.361   -975.90927    8127.0634    310.46897    15383 
343000000   -3760.7991    3494.8157    13023.579   -1024.5292    8280.1439    312.10378    15401 
344000000   -3723.5737     3536.164    12912.499   -961.02548    8220.7631     309.4418    15410 
345000000   -3818.5183    3369.3667    12933.438   -916.20024    8104.0853     309.9436    15394 
346000000     -3835.21    3356.2861    12882.403    -931.8822    8123.3783    308.72057    15394 
347000000    -3795.359    3517.9945    12961.778   -981.62083    8294.9743    310.62276    15399 
348000000   -3822.2184    3529.8823    13014.313   -869.44683    8221.5476    311.88173    15390 
349000000   -3943.9897      3443.07    12866.288   -931.34546    8318.4052    308.33438    15396 
350000000   -3887.9357    3380.0127    12861.419   -952.14009    8220.0885     308.2177    15404 
351000000   -3909.3885    3423.5931    12953.848   -949.07104    8282.0527    310.43272    15405 
352000000   -3815.3574    3387.2253    13026.857   -1050.4071    8252.9899    312.18234    15412 
353000000   -3928.1429    3200.9454    12838.656   -1160.4327     8289.521    307.67218    15441 
354000000   -3800.1391    3538.3623    12815.558   -1056.2512    8394.7526    307.11865    15412 
355000000   -3823.3076    3431.8573    12852.206   -1028.0968    8283.2617     307.9969    15405 
356000000   -3712.4259    3452.6828    12805.532   -1111.4052    8276.5139    306.87839    15423 
357000000   -3829.3943    3471.7994    13058.223   -1068.3287    8369.5223      312.934    15428 
358000000   -3736.5464    3653.1174    12962.876   -875.98172    8265.6455    310.64905    15385 
359000000   -3866.8501    3470.4792    12744.158   -822.58599    8159.9152     305.4076    15387 
360000000   -3896.6549    3345.4585    13051.139   -976.97733    8219.0907    312.76426    15395 
361000000   -3741.0144    3443.9031    13121.883    -1091.699    8276.6166    314.45959    15412 
362000000   -3785.0397    3597.3409    12974.417   -894.97447    8277.3551    310.92565    15401 
363000000   -3854.2965    3241.0056    13020.583   -1087.1637    8182.4658    312.03199    15421 
364000000   -3743.9625    3616.8682    12947.156   -877.99092    8238.8216    310.27235    15383 
365000000   -3841.6741    3223.1116    12860.218   -1111.7905    8176.5762    308.18892    15424 
366000000   -3849.8271    3254.0073    12968.771   -1015.2476     8119.082    310.79033    15403 
367000000   -3838.1802    3444.1339    13004.513   -1015.5515    8297.8656    311.64688    15411 
368000000   -3807.0152    3379.1783    13019.589   -998.58128    8184.7748    312.00817    15406 
369000000   -3750.0203     3448.148    12934.966   -1062.6967     8260.865    309.98022    15416 
370000000   -3815.7184    3447.6725    13060.272    -975.6606    8239.0515    312.98311    15414 
371000000   -3850.7025    3501.3701    13048.277   -948.13881    8300.2114    312.69565    15393 
372000000    -3854.772    3377.9841    12858.098   -1097.4364    8330.1925     308.1381    15418 
373000000   -3909.8766    3299.8084    12874.215   -1151.8728    8361.5578    308.52435    15427 
374000000   -3830.8854    3353.7796    12838.043   -1060.3787    8245.0437     307.6575    15422 
375000000   -3923.9175    3457.1551    12992.373   -920.41531    8301.4879    311.35595    15391 
376000000   -3793.4067     3613.907    12961.466   -865.01285    8272.3265    310.61527    15407 
377000000   -3827.9099    3516.1091    12996.499    -896.7463    8240.7654    311.45484    15395 
378000000   -3783.9804    3611.6973    12997.679   -902.07044    8297.7481     311.4831    15390 
379000000   -3810.5402    3478.1443    12829.079   -977.96741    8266.6519    307.44269    15405 
380000000   -3746.3364    3701.7314    12812.297   -820.50547    8268.5733     307.0405    15379 
381000000    -3713.707    3745.4661    12844.262   -891.96307    8351.1362    307.80653    15391 
382000000   -3735.9665    3808.9732    12780.119   -777.16523     8322.105    306.26938    15369 
383000000   -3738.3086    3495.2167    12879.416   -1000.8268    8234.3521    308.64898    15414 
384000000   -3778.2892      3579.73    12955.016   -1038.6573    8396.6764    310.46071    15398 
385000000   -3778.8648    3430.7212    12984.807   -1031.2841    8240.8701    311.17464    15403 
386000000   -3831.7068    3529.2854    12800.041   -929.58624    8290.5785     306.7468    15392 
387000000   -3892.0413    3426.5337    12967.695   -959.65445    8278.2294    310.76456    15398 
388000000   -3855.0062    3424.7426    13108.204   -1015.3409    8295.0896    314.13179    15388 
389000000   -3744.8496    3507.9925    12896.101   -983.96364    8236.8057    309.04884    15403 
390000000   -3781.5321    3338.1353    13097.634   -1067.7174    8187.3848    313.87849    15403 
391000000   -3920.9183    3274.6244    12941.987   -1084.5189    8280.0616    310.14846    15426 
392000000   -3779.6896    3685.8114    12895.546   -878.14863    8343.6496    309.03553    15400 
393000000   -3838.8406    3316.4682    12926.209   -1092.6664    8247.9752    309.77037    15419 
394000000   -3899.5232    3396.4196    12936.401   -1062.5393    8358.4821    310.01459    15411 
395000000   -3822.5938     3288.317    12941.865   -1159.2604    8270.1712    310.14554    15424 
396000000   -3783.3269    3632.2474     12960.11   -974.86393    8390.4383    310.58278    15394 
397000000   -3802.0554    3606.7183    13024.866   -954.35931     8363.133    312.13462    15400 
398000000   -3780.5491    3499.8418    12821.413    -988.3033    8268.6942    307.25897    15394 
399000000   -3810.5764     3501.082    12963.955   -937.83798    8249.4964    310.67492    15393 
400000000   -3767.7697    3502.5301    12946.482   -1059.8298    8330.1295    310.25619    15406 
Loop time of 166838 on 28 procs for 400000000 steps with 14000 atoms

Performance: 5178.670 ns/day, 0.005 hours/ns, 2397.532 timesteps/s
99.5% CPU use with 28 MPI tasks x no OpenMP threads

MPI task timing breakdown:
Section |  min time  |  avg time  |  max time  |%varavg| %total
---------------------------------------------------------------
Pair    | 19350      | 23150      | 28971      |1425.6 | 13.88
Bond    | 4634.8     | 5835.6     | 9047.4     |2230.4 |  3.50
Neigh   | 52680      | 53587      | 54605      | 225.1 | 32.12
Comm    | 39275      | 48365      | 56456      |1739.1 | 28.99
Output  | 0.73718    | 0.73775    | 0.73863    |   0.0 |  0.00
Modify  | 21583      | 21846      | 22559      | 179.3 | 13.09
Other   |            | 1.405e+04  |            |       |  8.42

Nlocal:    500 ave 534 max 466 min
Histogram: 2 2 1 4 3 7 5 1 1 2
Nghost:    826.393 ave 1151 max 577 min
Histogram: 1 5 6 4 3 1 1 2 4 1
Neighs:    6852.43 ave 8142 max 5232 min
Histogram: 2 1 3 2 4 2 4 4 3 3

Total # of neighbors = 191868
Ave neighs/atom = 13.7049
Ave special neighs/atom = 8.78814
Neighbor list builds = 79940898
Dangerous builds = 0
write_restart final_state_${fName}.restart
write_restart final_state_Run3_ext.restart
Total wall time: 46:20:45
