
units real
boundary p p p
atom_style full

neighbor 1.9 bin
neigh_modify every 1 delay 1 check yes

read_data b70_N200_L400.data extra/special/per/atom 50
  orthogonal box = (-420 -420 -420) to (420 420 420)
  2 by 2 by 7 MPI processor grid
  reading atoms ...
  14000 atoms
  scanning bonds ...
  51 = max bonds/atom
  scanning angles ...
  1 = max angles/atom
  reading bonds ...
  13800 bonds
  reading angles ...
  13600 angles
  2 = max # of 1-2 neighbors
  2 = max # of 1-3 neighbors
  4 = max # of 1-4 neighbors
  56 = max # of special neighbors
  special bonds CPU = 0.00181731 secs
  read_data CPU = 0.17998 secs

angle_style cosine
angle_coeff * 2 # K (energy unit)

bond_style hybrid harmonic harmonic/shift/cut
bond_coeff 1 harmonic 3 10
bond_coeff 2 harmonic 3 10
bond_coeff 3 harmonic/shift/cut 3.60 11.22 12.72

pair_style lj/cut 25
# atom-typ1, atom-typ2, energy-well, sigma (bead-diameter), cut-off (distance)
pair_coeff * * 0.01 10 25
pair_coeff 2 2 0.18 10 25
pair_coeff 4 4 0.18 10 25

special_bonds lj 1 1 1 angle no
  2 = max # of 1-2 neighbors
  2 = max # of 1-3 neighbors
  4 = max # of 1-4 neighbors
  56 = max # of special neighbors
  special bonds CPU = 0.000696918 secs

minimize 1.0e-4 1.0e-6 100000 100000 # force_tol, energy_tol, maxiter, maxeval
WARNING: Using 'neigh_modify every 1 delay 0 check yes' setting during minimization (../min.cpp:168)
Neighbor list info ...
  update every 1 steps, delay 0 steps, check yes
  max neighbors/atom: 2000, page size: 100000
  master list distance cutoff = 26.9
  ghost atom cutoff = 26.9
  binsize = 13.45, bins = 63 63 63
  1 neighbor lists, perpetual/occasional/extra = 1 0 0
  (1) pair lj/cut, perpetual
      attributes: half, newton on
      pair build: half/bin/newton
      stencil: half/bin/3d/newton
      bin: standard
Per MPI rank memory allocation (min/avg/max) = 1.165 | 13.79 | 17.67 Mbytes
Step Temp E_pair E_mol TotEng Press 
       0            0 1.5959422e+12      2649600 1.5959449e+12 7.3854599e+08 
    2872            0   -1769.6168    5348.8369    3579.2201  0.031182827 
Loop time of 0.637327 on 28 procs for 2872 steps with 14000 atoms

98.7% CPU use with 28 MPI tasks x no OpenMP threads

Minimization stats:
  Stopping criterion = energy tolerance
  Energy initial, next-to-last, final = 
     1.59594489115e+12      3579.56365059      3579.22009235
  Force two-norm initial, final = 4.92929e+10 2.03587
  Force max component initial, final = 1.05441e+09 0.154693
  Final line search alpha, max atom move = 0.461827 0.0714414
  Iterations, force evaluations = 2872 3119

MPI task timing breakdown:
Section |  min time  |  avg time  |  max time  |%varavg| %total
---------------------------------------------------------------
Pair    | 0.041997   | 0.13984    | 0.26086    |  17.4 | 21.94
Bond    | 0.013699   | 0.038424   | 0.069438   |   8.0 |  6.03
Neigh   | 0.087117   | 0.088259   | 0.089413   |   0.2 | 13.85
Comm    | 0.089158   | 0.22558    | 0.36233    |  16.3 | 35.39
Output  | 0          | 0          | 0          |   0.0 |  0.00
Modify  | 0          | 0          | 0          |   0.0 |  0.00
Other   |            | 0.1452     |            |       | 22.79

Nlocal:    500 ave 911 max 179 min
Histogram: 3 3 4 4 5 0 2 3 2 2
Nghost:    314.393 ave 518 max 130 min
Histogram: 3 2 3 3 4 4 3 3 2 1
Neighs:    3173.18 ave 5987 max 902 min
Histogram: 3 2 6 3 5 0 1 3 3 2

Total # of neighbors = 88849
Ave neighs/atom = 6.34636
Ave special neighs/atom = 5.82857
Neighbor list builds = 199
Dangerous builds = 0

# further equilibriate the system before bond formation takes place
fix fxlan all langevin $T $T 1000 ${seed}
fix fxlan all langevin 310 $T 1000 ${seed}
fix fxlan all langevin 310 310 1000 ${seed}
fix fxlan all langevin 310 310 1000 48391
fix fxnve all nve
timestep 0.1
run 10000
Per MPI rank memory allocation (min/avg/max) = 1.127 | 13.42 | 16.54 Mbytes
Step Temp E_pair E_mol TotEng Press 
    2872            0   -1769.6168    5348.8369    3579.2201  0.031182827 
   12872    223.74286   -1493.0858    9115.9213    16959.258   -1.6518373 
Loop time of 1.27539 on 28 procs for 10000 steps with 14000 atoms

Performance: 67.744 ns/day, 0.354 hours/ns, 7840.735 timesteps/s
99.3% CPU use with 28 MPI tasks x no OpenMP threads

MPI task timing breakdown:
Section |  min time  |  avg time  |  max time  |%varavg| %total
---------------------------------------------------------------
Pair    | 0.044043   | 0.1643     | 0.35576    |  21.4 | 12.88
Bond    | 0.035811   | 0.10334    | 0.18782    |  13.3 |  8.10
Neigh   | 0.0021744  | 0.0022006  | 0.0022552  |   0.0 |  0.17
Comm    | 0.23991    | 0.47676    | 0.67644    |  17.9 | 37.38
Output  | 3.2421e-05 | 5.2836e-05 | 6.8331e-05 |   0.0 |  0.00
Modify  | 0.088972   | 0.24339    | 0.44133    |  20.2 | 19.08
Other   |            | 0.2853     |            |       | 22.37

Nlocal:    500 ave 913 max 177 min
Histogram: 3 2 5 4 5 0 2 3 2 2
Nghost:    313.75 ave 514 max 132 min
Histogram: 3 3 2 3 4 3 4 2 3 1
Neighs:    3194.04 ave 5994 max 905 min
Histogram: 3 2 5 4 5 0 1 1 5 2

Total # of neighbors = 89433
Ave neighs/atom = 6.38807
Ave special neighs/atom = 5.82857
Neighbor list builds = 5
Dangerous builds = 0

unfix fxlan
unfix fxnve
reset_timestep 0

variable t equal step
variable steps equal 500000000
variable dt_thermo equal 1000000
variable dt_movie equal 10000000
variable dt_restart equal 50000000

group rxnSites type 1 3
4000 atoms in group rxnSites

# fix ID group-ID(atom-types) bond/create Nevery itype jtype Rmin bondtype (prob values = fraction seed) (iparam maxbond newType)
fix bondc rxnSites bond/create/random 20 1 3 12.72 3 prob 1 ${seed} iparam 1 1 jparam 1 3
fix bondc rxnSites bond/create/random 20 1 3 12.72 3 prob 1 48391 iparam 1 1 jparam 1 3

# fix ID group-ID bond/break Nevery bondtype Rmax keyword values ...
fix bondbr rxnSites bond/break 20 3 12.72 prob 1 ${seed}
fix bondbr rxnSites bond/break 20 3 12.72 prob 1 48391

variable frmbnd equal f_bondc[2]
variable brkbnd equal f_bondbr[2]
fix saveBond all print ${dt_thermo} "$t ${frmbnd} ${brkbnd}" file BondData_${fName}.dat screen no
fix saveBond all print 1000000 "$t ${frmbnd} ${brkbnd}" file BondData_${fName}.dat screen no
fix saveBond all print 1000000 "$t ${frmbnd} ${brkbnd}" file BondData_Run1.dat screen no

thermo_style custom step epair pe ke ebond eangle temp bonds
thermo ${dt_thermo}
thermo 1000000
fix saveThermo all print ${dt_thermo} "$t $(temp) $(ke) $(pe) $(epair) $(ebond) $(eangle) $(bonds)" file Thermo_${fName}.dat title "# Steps Temp KinEng PotEng Epair Ebond Eangle Bonds" screen no
fix saveThermo all print 1000000 "$t $(temp) $(ke) $(pe) $(epair) $(ebond) $(eangle) $(bonds)" file Thermo_${fName}.dat title "# Steps Temp KinEng PotEng Epair Ebond Eangle Bonds" screen no
fix saveThermo all print 1000000 "$t $(temp) $(ke) $(pe) $(epair) $(ebond) $(eangle) $(bonds)" file Thermo_Run1.dat title "# Steps Temp KinEng PotEng Epair Ebond Eangle Bonds" screen no

############################ Langevin Dynamics ###############################
fix fxlan all langevin $T $T 1000 ${seed}
fix fxlan all langevin 310 $T 1000 ${seed}
fix fxlan all langevin 310 310 1000 ${seed}
fix fxlan all langevin 310 310 1000 48391
fix fxnve all nve

comm_style tiled
fix fxbal all balance 1000 1.1 rcb

timestep 25

dump coor all custom ${dt_movie} traj_${fName}.dump id type mol mass x y z xu yu zu
dump coor all custom 10000000 traj_${fName}.dump id type mol mass x y z xu yu zu
dump coor all custom 10000000 traj_Run1.dump id type mol mass x y z xu yu zu

restart ${dt_restart} ${fName}_tp_*.restart
restart 50000000 ${fName}_tp_*.restart
restart 50000000 Run1_tp_*.restart
run ${steps}
run 500000000
Neighbor list info ...
  update every 1 steps, delay 1 steps, check yes
  max neighbors/atom: 2000, page size: 100000
  master list distance cutoff = 26.9
  ghost atom cutoff = 26.9
  binsize = 13.45, bins = 63 63 63
  2 neighbor lists, perpetual/occasional/extra = 1 1 0
  (1) pair lj/cut, perpetual
      attributes: half, newton on
      pair build: half/bin/newton
      stencil: half/bin/3d/newton
      bin: standard
  (2) fix bond/create/random, occasional, copy from (1)
      attributes: half, newton on
      pair build: copy
      stencil: none
      bin: none
Per MPI rank memory allocation (min/avg/max) = 17.76 | 18.29 | 18.84 Mbytes
Step E_pair PotEng KinEng E_bond E_angle Temp Bonds 
       0   -1493.0858    7622.8355    9336.4225    3032.6922    6083.2291    223.74286    13800 
 1000000    -279.3336     8149.274    12914.821    378.66494    8049.9426    309.49745    14914 
 2000000   -288.13336    7642.7467    12964.485   -103.65088     8034.531    310.68763    15050 
 3000000   -285.52927     7569.978    12920.584   -178.84873     8034.356    309.63557    15106 
 4000000   -272.05316    7384.2423    12915.226   -441.80444    8098.0999    309.50717    15193 
 5000000   -241.47335    7081.4869     13045.04   -662.19908    7985.1594    312.61808    15248 
 6000000   -274.23081    7161.8969    13053.978   -620.73417    8056.8619    312.83228    15261 
 7000000   -270.05877    6941.0589    12889.637   -828.83528     8039.953    308.89392    15305 
 8000000    -282.9005    6839.7072    12896.464         -863    7985.6077    309.05753    15331 
 9000000   -278.18648    6780.6903    12891.439   -985.30219     8044.179    308.93712    15349 
10000000   -276.15519    6683.1814    12969.586   -1085.3902    8044.7268    310.80986    15364 
11000000   -271.83812    6801.6842    12890.242   -943.48559    8017.0079    308.90843    15361 
12000000   -274.21644    6707.3346    12840.796   -1092.6021    8074.1531    307.72348    15378 
13000000   -306.98447    6535.8757    12927.411   -1073.4022    7916.2623    309.79915    15394 
14000000   -259.14992    6732.2666    12865.225   -1010.4245     8001.841    308.30891    15397 
15000000   -271.80245    6712.4932    13027.449   -1055.6689    8039.9645    312.19652    15402 
16000000   -247.93056    6644.1941    12947.551   -1061.6785    7953.8031     310.2818    15376 
17000000   -238.01297    6472.8921    12837.032   -1220.5363    7931.4414    307.63327    15420 
18000000   -263.21834    6540.4651    12874.948   -1220.9087    8024.5922     308.5419    15437 
19000000   -265.09432    6547.0843    12736.326   -1205.8683     8018.047    305.21991    15436 
20000000   -289.37346    6427.4523    12806.539   -1319.4164    8036.2422    306.90253    15453 
21000000   -264.08196    6493.0203    12773.829   -1304.8999    8062.0022    306.11866    15447 
22000000   -226.51718    6449.9884    13003.159   -1364.2138    8040.7194    311.61444    15455 
23000000   -246.54455    6582.4959    12931.149   -1226.6314    8055.6719    309.88875    15455 
24000000   -257.07651    6375.6186    13145.797   -1478.7303    8111.4254    315.03267    15485 
25000000    -272.9287    6456.3966    12798.165   -1316.4575    8045.7828    306.70184    15479 
26000000   -243.84773    6276.8108    12896.768   -1516.2269    8036.8854    309.06481    15508 
27000000   -263.63018    6218.3525    13011.318   -1514.2107    7996.1934    311.80996    15510 
28000000   -254.11305    6375.5039    12929.333   -1374.4589    8004.0759    309.84522    15501 
29000000   -239.59338    6401.6557    13006.723   -1397.5619     8038.811    311.69984    15513 
30000000   -262.94605    6358.9042    13118.244   -1387.3724    8009.2226    314.37238    15504 
31000000   -262.77952     6015.108    12904.623   -1637.8493    7915.7368    309.25305    15541 
32000000   -262.94219    6118.8345    12950.574   -1601.9055    7983.6822    310.35426    15534 
33000000   -271.62318    5934.7245    12772.025   -1642.9805    7849.3281    306.07541    15543 
34000000   -288.23782      6102.13    12983.242   -1558.7728    7949.1406    311.13712    15541 
35000000   -280.70907    6137.1191    12900.597   -1542.1671    7959.9953    309.15657    15545 
36000000   -287.89795    6102.7281    12797.689   -1582.7652    7973.3913    306.69045    15545 
37000000   -248.04922     6290.877    12876.459   -1506.2903    8045.2165    308.57811    15541 
38000000   -260.71229    5967.3316    12937.662   -1657.0075    7885.0514    310.04482    15548 
39000000   -283.46169    6233.2696    13006.387   -1460.0897     7976.821    311.69179    15502 
40000000   -254.89785    6085.1051    12981.953   -1575.4318    7915.4347    311.10624    15539 
41000000   -253.95737    6195.0672    12987.608   -1490.0625    7939.0871    311.24176    15526 
42000000   -251.52897    6258.3255    12946.717   -1557.0029    8066.8574    310.26182    15542 
43000000   -261.27967    6356.1999    12852.503   -1433.3635    8050.8431    308.00402    15510 
44000000   -241.86828    6390.2188    12871.016   -1458.5509     8090.638    308.44769    15537 
45000000   -248.58214    6102.2781    12830.037    -1589.653    7940.5132    307.46565    15548 
46000000   -297.92505    6213.4984    12956.486   -1510.5008    8021.9242    310.49594    15542 
47000000   -264.46198     5915.955     12973.63    -1760.471     7940.888    310.90677    15577 
48000000   -234.82766    6047.7408    13057.441   -1589.4004    7871.9689    312.91526    15542 
49000000   -251.92086    6068.4752    13006.313   -1636.4522    7956.8482    311.69001    15574 
50000000    -253.3929    6266.9479    12903.274   -1498.2596    8018.6003    309.22074    15540 
51000000    -265.5795    6233.5121    12905.098   -1524.9807    8024.0723    309.26445    15539 
52000000   -271.34445    6156.5606    12977.462   -1626.2313    8054.1364    310.99862    15547 
53000000   -231.25189    6198.4054    13004.555    -1494.291    7923.9482    311.64789    15556 
54000000   -307.60468    6017.9074      13041.7   -1682.1277    8007.6397    312.53805    15562 
55000000   -264.38635    6246.5054    12838.134   -1530.2684    8041.1601    307.65968    15549 
56000000   -269.32752    6060.3461    12935.765   -1650.8044    7980.4781    309.99937    15556 
57000000   -270.31387    6324.2414    12843.183   -1437.9113    8032.4666    307.78067    15537 
58000000   -288.38877    5993.1561    13030.188   -1656.0405    7937.5853    312.26217    15556 
59000000   -252.60361    6198.4254    12840.164   -1531.0444    7982.0734    307.70833    15537 
60000000   -255.08233     6248.113    12960.195   -1606.6319    8109.8272    310.58481    15557 
61000000   -293.72425    6104.4751    12849.627   -1500.4243    7898.6236     307.9351    15561 
62000000   -263.56544    6073.7276     13051.67   -1613.5104    7950.8035    312.77696    15552 
63000000   -255.59473    5922.4212    13049.743   -1693.3752    7871.3911     312.7308    15577 
64000000   -249.55006    6085.7072    12855.446   -1707.5476    8042.8049    308.07455    15563 
65000000   -263.98267    6190.4506    12973.408   -1600.1743    8054.6076    310.90145    15552 
66000000   -276.41254    6156.3158    12839.148   -1642.5026    8075.2309    307.68398    15562 
67000000   -255.64414    6039.3066    12764.519   -1686.4119    7981.3626    305.89554    15531 
68000000   -259.64638    6123.1481    13041.064   -1677.4507    8060.2452    312.52281    15555 
69000000   -261.65481     6159.378    12968.853   -1629.6326    8050.6653     310.7923    15537 
70000000   -279.02703    6031.4747    12970.973   -1613.6469    7924.1486    310.84311    15554 
71000000   -292.82258     6026.934    12964.527   -1776.7029    8096.4594    310.68863    15556 
72000000   -286.94634    6315.2512    12918.542   -1485.0399    8087.2374    309.58662    15539 
73000000   -276.02584     6089.849    12912.022   -1612.7904    7978.6652    309.43038    15540 
74000000   -302.18325    6051.5128    12912.886    -1595.147    7948.8431    309.45109    15550 
75000000    -300.8027    6079.6382     12828.46   -1589.0456    7969.4865    307.42785    15553 
76000000   -269.96651    6197.7674    13089.444   -1567.4218    8035.1557     313.6822    15556 
77000000   -235.20967    6214.9494    13044.241    -1607.606     8057.765    312.59894    15551 
78000000   -271.29955    6013.6504    13103.273   -1717.8277    8002.7776    314.01361    15555 
79000000   -265.26781    5953.6434    13046.327   -1711.7784    7930.6896    312.64892    15553 
80000000   -273.30828    6036.6906    13011.274   -1539.4514    7849.4502    311.80889    15555 
81000000   -282.75668    6026.3754     12967.88   -1794.4584    8103.5905    310.76899    15579 
82000000   -257.51852    6141.0287    12779.907   -1644.5151    8043.0624     306.2643    15576 
83000000   -263.63977    6214.4362     12874.72    -1588.714      8066.79    308.53645    15563 
84000000   -278.69426    6061.4922    12829.452   -1579.9307    7920.1171    307.45161    15542 
85000000     -240.901    6222.7036    12830.664   -1551.0291    8014.6337    307.48068    15535 
86000000   -253.00055    5959.0113    13103.188   -1755.5677    7967.5795    314.01157    15578 
87000000   -239.74637    6003.8537    12787.149   -1675.0949     7918.695    306.43786    15557 
88000000   -271.93418    5997.4416    12968.378   -1644.8674    7914.2432    310.78091    15571 
89000000   -248.88114    6033.2195    13067.071   -1756.8394      8038.94    313.14606    15566 
90000000   -243.41453    6079.2625    12928.204   -1566.5465    7889.2236    309.81816    15553 
91000000   -268.93759    6105.7613    13025.796   -1699.3114    8074.0103    312.15692    15564 
92000000    -270.8683    6156.4863    12867.885   -1726.8095    8154.1641    308.37265    15579 
93000000   -240.14166    6037.7611    12951.144    -1657.902    7935.8048    310.36791    15551 
94000000    -229.4305    5990.8498    12814.548   -1657.9345    7878.2149    307.09445    15572 
95000000   -282.33377    6067.6163    12998.886   -1618.5693    7968.5194    311.51202    15576 
96000000   -236.94068     6088.511    12949.309   -1670.5747    7996.0263    310.32394    15565 
97000000   -236.01843    6110.6393    12997.895   -1670.4319    8017.0896    311.48829    15567 
98000000   -235.85613    6067.4368    13004.213   -1539.1855    7842.4784    311.63968    15556 
99000000   -265.99224    5993.7246    12797.482   -1734.7555    7994.4724    306.68547    15586 
100000000   -279.29204    6017.0572    12812.378   -1567.9425    7864.2918    307.04246    15545 
101000000   -253.30109    6158.0906    12847.788   -1584.7744    7996.1661    307.89103    15556 
102000000   -278.58827    6227.8988    12952.059   -1507.6036    8014.0906    310.38985    15528 
103000000   -277.71294    6084.0288    13000.063   -1564.0209    7925.7626    311.54024    15562 
104000000   -262.73903    6127.2138    12775.009   -1625.1204    8015.0733    306.14693    15552 
105000000   -256.15358    6202.4532    12900.492     -1536.78    7995.3868    309.15407    15550 
106000000   -270.98525    6176.7957    12958.259   -1446.0527    7893.8337    310.53842    15524 
107000000    -301.2257    6016.1737    12940.716   -1624.5841    7941.9834    310.11801    15564 
108000000   -299.75463    5911.0305    12882.345   -1761.0608    7971.8459    308.71917    15558 
109000000   -264.54922     6263.015    13066.873   -1474.5486    8002.1128     313.1413    15515 
110000000   -280.22385     5998.049    12884.828   -1708.4499    7986.7227    308.77868    15556 
111000000   -308.28962    6032.5353    12744.291   -1616.0762    7956.9011    305.41077    15562 
112000000   -273.21014     6037.954    12808.848   -1587.2573    7898.4215    306.95787    15552 
113000000   -259.38932    6228.7326    12915.144   -1545.7381      8033.86     309.5052    15537 
114000000   -263.45543    6060.9498    12927.789   -1735.3748    8059.7801    309.80822    15585 
115000000   -244.95316    5972.9856    12871.723    -1728.771    7946.7098    308.46462    15580 
116000000   -247.40391    6017.1253    12944.637   -1659.2343    7923.7635    310.21198    15566 
117000000   -275.26661    6088.1539    13053.101   -1647.5452    8010.9657    312.81127    15562 
118000000   -238.81832    6119.6657    12896.037    -1651.438    8009.9219    309.04729    15564 
119000000   -269.14364    5896.8558    12890.588   -1753.3659    7919.3654    308.91673    15576 
120000000   -269.11515     6055.941    12926.179   -1720.2984    8045.3546    309.76965    15576 
121000000   -260.71473    6041.2389    12852.573   -1686.0042    7987.9578    308.00572    15566 
122000000   -265.76643    5967.7592    12719.755   -1730.9977    7964.5234     304.8228    15551 
123000000    -267.5032    6206.6014    12994.444   -1514.4698    7988.5744    311.40558    15517 
124000000   -268.38741    6221.0045    12885.089   -1572.2025    8061.5944    308.78493    15549 
125000000   -266.15924    6220.9175    12960.153   -1570.3941    8057.4708     310.5838    15544 
126000000   -250.43544    6197.8266    12864.735   -1544.7751    7993.0371    308.29717    15553 
127000000   -253.25326    6137.8609     12712.16   -1631.3332    8022.4474    304.64077    15568 
128000000    -309.4234    5910.2551    12904.515   -1706.8368    7926.5153    309.25048    15588 
129000000   -242.86101    6050.6441    12796.251   -1672.5267    7966.0318    306.65597    15570 
130000000   -272.97071    6060.9049      13026.4   -1680.3674     8014.243    312.17139    15568 
131000000   -269.59245    6135.7741    12975.634   -1610.1129    8015.4795    310.95482    15539 
132000000   -271.65259    6210.8635    12963.497   -1575.5384    8058.0544    310.66394    15550 
133000000   -263.65617    6186.2421    12933.845   -1639.9113    8089.8096    309.95335    15565 
134000000   -248.11797    6176.8589    12950.473   -1535.2798    7960.2566    310.35183    15559 
135000000   -250.31148    6180.2414    12979.038   -1544.9868    7975.5397    311.03639    15558 
136000000   -274.86957     6001.413    12760.075   -1673.2836    7949.5662    305.78903    15567 
137000000   -263.36862    6103.7776    13017.273   -1681.8398     8048.986    311.95265    15583 
138000000   -247.33511    6103.5793    12997.137   -1649.5992    8000.5136    311.47011    15547 
139000000   -293.81519    6131.5579    12882.915   -1556.3526    7981.7257    308.73284    15545 
140000000   -295.02146    6094.3456        12970   -1619.7199    8009.0869    310.81978    15558 
141000000      -283.78    5995.6562     12962.77   -1679.4904    7958.9266    310.64653    15578 
142000000   -287.66004    6014.3996    13082.781   -1626.8676    7928.9273    313.52254    15550 
143000000   -264.73908    6004.8906    12813.009    -1682.323    7951.9527    307.05758    15574 
144000000   -249.05602    6062.4236    13097.141   -1604.1906    7915.6703    313.86665    15559 
145000000   -287.22926    5943.2211    12920.736   -1625.3221    7855.7725     309.6392    15541 
146000000   -261.13778    6127.1375    12919.649   -1683.6691    8071.9444    309.61316    15581 
147000000   -287.50995    6129.0555    12931.292   -1658.6516    8075.2171    309.89218    15571 
148000000   -285.37144    6050.7637    12896.323   -1721.9133    8058.0485    309.05416    15565 
149000000   -271.82789    6064.0727    12838.582   -1658.5376    7994.4381    307.67041    15562 
150000000   -292.39057    5944.5863    12852.322   -1756.1435    7993.1204    307.99969    15584 
151000000   -285.77918    5971.8357    12954.367   -1696.5414    7954.1564    310.44516    15563 
152000000   -299.95612    6056.1715    13007.329   -1598.0624      7954.19    311.71435    15555 
153000000   -261.33834    6180.3476    13094.628   -1532.0857    7973.7717    313.80644    15546 
154000000   -274.77869    6027.9939    13032.114   -1657.2181    7959.9906    312.30831    15579 
155000000    -279.2829    6061.7149    13004.434   -1700.5195    8041.5173    311.64497    15549 
156000000   -274.32111    5962.8393    12968.657   -1640.6528    7877.8132    310.78761    15560 
157000000   -268.81454    6109.1097    13009.677   -1612.0484    7989.9727    311.77063    15537 
158000000   -274.77342    6090.2153    13026.272    -1598.796    7963.7847    312.16832    15558 
159000000    -273.7599    6022.3047    12831.046   -1628.0203    7924.0849    307.48983    15557 
160000000   -269.18457    6209.9237    12933.833   -1561.1891    8040.2974    309.95306    15558 
161000000   -283.09669    6068.0721    13013.645    -1542.882    7894.0507    311.86572    15544 
162000000   -308.42279     6133.133    12895.013   -1475.3033    7916.8591    309.02277    15519 
163000000   -274.11024    6137.0304    12871.682   -1625.4875    8036.6282    308.46365    15570 
164000000   -289.97503     6071.722    12883.016   -1532.0893    7893.7863    308.73526    15551 
165000000   -296.36759    6190.8237    12785.475   -1543.2238    8030.4152    306.39773    15524 
166000000   -294.29809    6229.1636    12949.807   -1496.9387    8020.4003    310.33588    15547 
167000000   -291.33413    6081.5371     12816.54   -1630.2257     8003.097     307.1422    15574 
168000000   -287.33815    6058.0755    13022.208   -1589.7274    7935.1411    312.07093    15541 
169000000   -229.13577    6074.5608    12925.279    -1667.647    7971.3435    309.74808    15564 
170000000   -296.69448    5940.2463    12974.824   -1752.4521    7989.3929     310.9354    15562 
171000000   -283.65315    6037.4264    12855.854   -1571.0061    7892.0856    308.08434    15566 
172000000   -287.10515    6007.8547    12803.664   -1696.8661     7991.826    306.83364    15566 
173000000   -284.36513    6279.5184    12827.308    -1459.168    8023.0516    307.40025    15547 
174000000   -273.53954    6200.2922    12877.438   -1514.5019    7988.3336    308.60159    15557 
175000000   -280.12662    6188.6335    12902.562   -1576.1478    8044.9079    309.20367    15560 
176000000   -258.02707    6252.9745     12955.97   -1637.4826    8148.4842    310.48358    15562 
177000000   -276.94356    6118.0851    12880.697   -1554.6603    7949.6889    308.67969    15543 
178000000   -280.21874     5921.444    12930.125   -1672.8942    7874.5569    309.86421    15564 
179000000   -291.08028    6132.4676    13004.517   -1642.0839    8065.6317    311.64698    15556 
180000000   -314.08881    6062.3507    12842.172   -1596.6221    7973.0616    307.75646    15548 
181000000   -302.11788    6066.8248    12917.047    -1565.708    7934.6508     309.5508    15557 
182000000   -265.04284    6399.3662    13056.073    -1534.861    8199.2701    312.88248    15545 
183000000   -287.38823    6033.3857    13049.939   -1729.2899    8050.0638    312.73548    15573 
184000000   -281.10358    6059.9117    12852.018   -1679.0289    8020.0442    307.99241    15589 
185000000   -286.54414    5891.3986    12744.719    -1800.064    7978.0067    305.42105    15596 
186000000   -297.41731    5913.7441    12876.731   -1724.5348    7935.6962    308.58464    15591 
187000000   -330.40887    6014.0949    12789.058   -1700.8659    8045.3696    306.48361    15573 
188000000   -241.17541    5835.4696    13034.518   -1697.8693    7774.5143    312.36594    15583 
189000000   -288.19848    5973.4039    12931.448   -1692.5267    7954.1291     309.8959    15587 
190000000   -276.14015    5867.7198    12858.782   -1811.8192    7955.6792    308.15451    15592 
191000000   -281.63332    6065.3761    13025.023   -1651.6994    7998.7088    312.13839    15568 
192000000   -319.38896    6141.3581    12917.008   -1596.3175    8057.0646    309.54985    15564 
193000000   -274.31347    5973.6314    12788.787   -1633.6866    7881.6315     306.4771    15566 
194000000   -308.79721    6165.1452    12962.001   -1553.8223    8027.7647     310.6281    15550 
195000000   -293.89245    6035.4449    12829.825     -1603.99    7933.3273    307.46057    15575 
196000000   -277.94239    6145.9552    12799.422   -1544.6703    7968.5679    306.73197    15549 
197000000    -295.3747    5991.1493    12787.666   -1732.5311    8019.0551    306.45025    15586 
198000000   -260.17176    6099.1632    12981.339   -1590.9446    7950.2796    311.09152    15554 
199000000   -267.80092    6060.4386    12924.951   -1657.8511    7986.0907     309.7402    15577 
200000000   -276.23443    6188.5514    13068.889   -1620.2161    8085.0019    313.18961    15549 
201000000   -268.59178    5926.1761    12900.573   -1769.9045    7964.6724      309.156    15554 
202000000   -284.35309     6088.572    12977.423   -1612.6944    7985.6195    310.99768    15568 
203000000    -254.2436    6046.4914    13089.824   -1686.5796    7987.3146    313.69132    15562 
204000000   -295.79104     6003.431    12885.213   -1676.0097    7975.2317    308.78791    15559 
205000000   -277.90449    5882.3976    12769.884   -1734.3038    7894.6059     306.0241    15578 
206000000   -297.42474    6108.2692    12934.797     -1575.49    7981.1839    309.97616    15538 
207000000   -289.77812    6102.4914    12980.494   -1519.7968    7912.0664    311.07127    15547 
208000000   -292.28743    5910.7408    13003.863   -1701.1741    7904.2023     311.6313    15555 
209000000   -285.88426    6012.1908    12849.623   -1609.3608    7907.4359    307.93501    15555 
210000000   -249.65481    6042.7094    13044.802   -1556.1825    7848.5466    312.61239    15538 
211000000    -301.3446    6303.5788    12987.726   -1515.9288    8120.8522    311.24459    15542 
212000000   -279.68559    6096.8741    12951.931   -1582.2055    7958.7652    310.38678    15565 
213000000   -271.14551    6073.7725    13023.961   -1663.9888    8008.9068    312.11293    15551 
214000000   -254.68416    6152.3126    12840.415   -1578.3292    7985.3259    307.71435    15548 
215000000   -277.60413    6036.2567     12944.78   -1644.7295    7958.5903    310.21541    15579 
216000000   -297.29364    5763.8384    12990.442   -1802.1639    7863.2959    311.30968    15570 
217000000    -264.2266    6206.8798    12791.144   -1566.0166     8037.123    306.53359    15554 
218000000   -294.94832    6087.4993     12824.85   -1540.8214    7923.2691    307.34134    15541 
219000000   -265.03308    6052.3151     12932.92   -1579.2554    7896.6036    309.93118    15552 
220000000   -280.57489    6185.1979    12995.499   -1492.7581    7958.5309    311.43086    15528 
221000000   -281.31702    6044.0117    12912.801   -1691.0083     8016.337    309.44905    15579 
222000000   -274.45947    6069.3889    12960.002   -1626.5663    7970.4146    310.58019    15548 
223000000   -272.25505    6196.0554    12838.072   -1629.8887    8098.1992    307.65821    15576 
224000000   -257.75316    6033.9729    13035.581   -1647.9698    7939.6959    312.39141    15558 
225000000   -276.43778    6191.6445    12953.887   -1525.3014    7993.3837    310.43365    15529 
226000000   -271.29611    6096.9663    12906.448   -1585.7295    7953.9919     309.2968    15563 
227000000   -279.32862    5964.8051    12981.164   -1642.2121    7886.3459    311.08732    15551 
228000000    -280.5254    5997.4446    13042.454   -1641.2798    7919.2498     312.5561    15558 
229000000   -296.68773    6164.0238    13058.232   -1568.8128    8029.5244    312.93423    15532 
230000000   -282.46587    6156.7619    12973.601   -1639.1538    8078.3816    310.90609    15559 
231000000    -256.3557    6186.8067    12891.092   -1552.6663    7995.8287    308.92879    15561 
232000000   -275.55981    6087.0861    13006.311   -1669.5297    8032.1755    311.68996    15566 
233000000   -240.36475    6090.9162     13028.75   -1652.1362    7983.4172     312.2277    15573 
234000000   -265.38205    6014.9027     12952.61   -1614.8986    7895.1834    310.40304    15570 
235000000   -273.36233    6035.3604    12945.876   -1676.7734    7985.4962    310.24167    15569 
236000000   -281.80745    5977.8996    12907.863   -1827.2072    8086.9143     309.3307    15583 
237000000    -253.2619    6018.6795    12945.868   -1769.4519    8041.3933    310.24147    15584 
238000000   -280.89355    5912.0171    12864.086   -1818.6866    8011.5972     308.2816    15598 
239000000   -254.52462    6290.7222    12994.314   -1524.1134    8069.3603    311.40246    15549 
240000000   -237.89409    5999.9451    12917.971    -1736.018    7973.8573    309.57294    15598 
241000000   -259.32784    6070.6945    12825.117    -1698.977    8028.9994    307.34775    15575 
242000000   -279.74684    6004.8383    13042.244   -1731.9921    8016.5772    312.55108    15567 
243000000   -279.14981    5928.3583    12885.575   -1741.9674    7949.4756    308.79658    15582 
244000000   -282.88611    6006.5003    12951.622   -1663.1699    7952.5563    310.37937    15563 
245000000   -292.74018    5940.5827    13053.098   -1747.9024    7981.2253    312.81118    15580 
246000000    -262.6742    6160.7325    12852.354   -1683.1948    8106.6015    308.00045    15553 
247000000   -258.31313    5827.9259    12987.516   -1770.6633    7856.9023    311.23954    15583 
248000000   -268.93019    5971.5322    12767.129   -1708.5964    7949.0587    305.95808    15584 
249000000   -281.96323    5778.2367    12837.192   -1794.6419    7854.8418     307.6371    15594 
250000000   -281.12676    5932.3187     12868.56    -1767.772    7981.2175    308.38883    15583 
251000000   -289.61407    6036.5096    12981.951   -1672.1974    7998.3211    311.10618    15575 
252000000   -300.23308    6070.7358    12858.586   -1568.1267    7939.0955     308.1498    15557 
253000000   -286.70341    6076.2925    12880.787   -1639.1023    8002.0982    308.68183    15568 
254000000   -231.27757    6066.2729    12922.967   -1621.2031    7918.7536    309.69266    15576 
255000000   -284.62684    6072.5138    13035.008   -1630.7594    7987.9001    312.37767    15558 
256000000   -307.15398    6126.3217    12959.409   -1560.5713    7994.0471    310.56598    15538 
257000000   -260.29324    6056.6572     13141.17   -1591.0531    7908.0036    314.92179    15557 
258000000   -252.65015    6103.5382    12998.664   -1635.8663    7992.0546     311.5067    15557 
259000000   -267.67819    5789.0845    12936.761   -1798.3746    7855.1373    310.02323    15580 
260000000   -266.41868     5998.781      12881.4   -1670.3298    7935.5295    308.69652    15563 
261000000    -280.9429    6005.2368     13149.57   -1687.0738    7973.2534     315.1231    15562 
262000000   -267.77435    5989.5563    12862.674   -1779.2814     8036.612    308.24777    15577 
263000000   -284.24109    6122.2328    12868.031   -1526.4011     7932.875    308.37616    15563 
264000000    -249.5079    5974.4156    13000.489   -1704.5424    7928.4658    311.55045    15583 
265000000   -290.68553    6055.5066    12993.753   -1652.7429     7998.935    311.38901    15563 
266000000    -250.5758    5952.1972    12889.777   -1769.8292    7972.6023    308.89728    15598 
267000000   -260.51038    6119.9091    12975.477   -1574.8689    7955.2884    310.95104    15547 
268000000   -276.40772    6071.5366    13083.265   -1721.1635    8069.1078    313.53414    15566 
269000000   -278.57721    5906.5475    12971.127   -1777.2665    7962.3913     310.8468    15599 
270000000   -283.66909    5859.5237    12839.821   -1752.0788    7895.2716     307.7001    15589 
271000000   -300.57638    5887.9812    12967.229   -1716.1964     7904.754    310.75337    15577 
272000000    -267.0678    6152.0788    12901.135   -1537.5232    7956.6698    309.16947    15573 
273000000   -314.14273    5879.5745    12808.643   -1774.1334    7967.8507    306.95295    15580 
274000000   -277.48426    5898.4427    12996.999   -1780.9122    7956.8392     311.4668    15571 
275000000   -261.55255    6154.5674     12887.26   -1574.8147    7990.9347    308.83696    15563 
276000000   -264.11848     5970.615    12857.007   -1771.5916    8006.3251    308.11197    15575 
277000000   -295.70596    5917.0672    12900.326   -1717.3615    7930.1346    309.15008    15570 
278000000    -263.0339    6009.5104    12894.346   -1705.7371    7978.2815    309.00677    15561 
279000000   -269.77779    6112.0314    12807.712   -1629.9103    8011.7195    306.93063    15564 
280000000   -290.27614    5916.7182    12949.675   -1739.6736     7946.668    310.33271    15581 
281000000   -284.56035    6058.6858    13109.199   -1670.1902    8013.4364    314.15563    15583 
282000000   -278.73069    6115.4661    12911.704   -1608.6163    8002.8131    309.42276    15548 
283000000   -302.97239    6092.8881    12730.402   -1635.1558    8031.0163    305.07793    15576 
284000000   -290.44991    6022.7321    13005.661   -1602.3655    7915.5475     311.6744    15559 
285000000   -289.65035    5979.9118    12978.622   -1707.2897    7976.8519     311.0264    15568 
286000000   -297.73793    6177.9499    12897.192   -1629.6379    8105.3257    309.07497    15556 
287000000   -296.52025    6078.5963    13029.568   -1576.3537    7951.4703    312.24731    15553 
288000000   -304.69134     5993.757    13017.562   -1740.9407    8039.3891    311.95959    15568 
289000000   -309.11268    5985.9008    12837.691   -1660.2386     7955.252    307.64906    15582 
290000000   -257.48748    6088.3526    12875.561   -1712.8105    8058.6506    308.55661    15573 
291000000   -286.56445    5964.2348    12818.526   -1722.5473    7973.3465    307.18979    15584 
292000000   -283.93372      6142.69    12869.623   -1661.3737    8087.9974    308.41431    15575 
293000000   -239.07647    6049.0187     12954.35   -1733.0919    8021.1871    310.44474    15594 
294000000   -294.92019    5957.3993    12912.308   -1693.0617    7945.3812    309.43722    15566 
295000000   -289.72027    6012.6621    13010.198   -1767.5546    8069.9369     311.7831    15592 
296000000    -280.3252    5927.3849    12911.058   -1734.7584    7942.4685    309.40728    15582 
297000000   -259.16604    5981.1688    13008.124   -1613.0644    7853.3992     311.7334    15553 
298000000   -299.36855    6065.0548    12776.251   -1603.9221    7968.3454    306.17668    15552 
299000000   -268.38615    6150.4183    12989.643   -1640.6843    8059.4887    311.29052    15566 
300000000   -276.11516    6134.7485    13025.169   -1641.5843     8052.448    312.14188    15555 
301000000   -302.44939    5920.5774    12735.768   -1713.3794    7936.4062    305.20653    15577 
302000000    -291.9187    6108.5628    13017.368   -1586.7679    7987.2494    311.95493    15564 
303000000   -287.24922    5853.9901    12965.266   -1811.8656    7953.1049    310.70634    15599 
304000000   -320.64667    6174.5212    13050.918   -1547.6811     8042.849    312.75895    15557 
305000000   -309.59839    6127.3836    12969.431   -1589.1566    8026.1386    310.80616    15552 
306000000   -255.76061    5995.2295    12964.035   -1687.5928    7938.5829    310.67685    15560 
307000000   -282.38116    6005.3692    12889.354   -1717.6575    8005.4079    308.88715    15571 
308000000   -279.87058    6044.4532    12929.866   -1651.2679    7975.5916      309.858    15576 
309000000   -267.89294    6240.7421    12981.341   -1586.4648    8095.0999    311.09156    15553 
310000000   -276.78609    6183.0731    12919.128   -1540.9698     8000.829    309.60068    15553 
311000000   -292.25045    6061.7969     12855.12   -1608.6864    7962.7338    308.06675    15561 
312000000   -299.94938     6140.623    12744.334   -1516.9624    7957.5348    305.41181    15534 
313000000   -311.41513     6162.906    12937.929   -1602.9018    8077.2229    310.05122    15561 
314000000   -250.97002    6139.9939     13061.25   -1652.7402    8043.7041    313.00656    15565 
315000000    -293.2124    6085.0773    12844.874   -1596.1321    7974.4219    307.82119    15565 
316000000   -281.44271    6207.2563    12973.843   -1695.5014    8184.2004    310.91188    15546 
317000000   -282.75197    6169.0425    12990.453   -1598.2744    8050.0688    311.30994    15548 
318000000   -285.52833    6086.6936    12982.505   -1672.1779    8044.3999    311.11946    15563 
319000000   -302.57019     5984.275    13043.854   -1651.0642    7937.9094    312.58967    15565 
320000000   -274.73397    6005.3321    12909.191   -1697.5225    7977.5886    309.36253    15572 
321000000   -267.34864    5990.5596    13173.486   -1712.8691    7970.7774    315.69624    15579 
322000000   -292.07234    6011.5827    12851.148   -1747.1285    8050.7835    307.97156    15597 
323000000   -302.74351    6156.7604     12922.89    -1578.979    8038.4829    309.69082    15549 
324000000   -269.28562    6163.8045    12960.742   -1567.4982    8000.5883    310.59793    15562 
325000000   -289.03243    6131.8219    12872.241   -1563.7548    7984.6092    308.47705    15575 
326000000   -299.01312    6150.9712    12925.019   -1608.9029    8058.8872    309.74185    15539 
327000000    -334.6696    6242.9853    12959.645   -1526.0802    8103.7351    310.57163    15554 
328000000   -309.71972    6093.4375    12958.038   -1667.1243    8070.2815    310.53313    15569 
329000000   -313.56713    5988.1739    12926.203   -1636.2002    7937.9412    309.77023    15563 
330000000   -296.05471    6177.1736    13053.006   -1550.0064    8023.2347    312.80899    15564 
331000000   -294.20281    6107.6025    12897.434   -1604.5385    8006.3438    309.08078    15539 
332000000    -283.1018    6345.4937    12832.752     -1468.55    8097.1456     307.5307    15538 
333000000   -282.93525      6194.72    12984.278    -1578.146    8055.8012    311.16196    15535 
334000000   -291.91465     6211.545    12899.416   -1563.5336    8066.9933    309.12828    15549 
335000000   -301.44213    6037.0211     13017.97   -1614.9183    7953.3815    311.96938    15554 
336000000   -260.84979    6166.6884    12906.149   -1599.2001    8026.7382    309.28962    15561 
337000000   -292.37881    6046.1584    12814.204   -1690.8775    8029.4147    307.08622    15571 
338000000   -295.50788    6113.3778    12962.876   -1611.8233    8020.7089    310.64906    15566 
339000000   -265.65917    6027.8655    13060.052   -1624.8375    7918.3622    312.97783    15545 
340000000   -298.59996    5897.4307    13002.962   -1706.2936    7902.3243     311.6097    15566 
341000000   -280.16064    6152.8256    12954.454   -1568.4843    8001.4705    310.44723    15576 
342000000   -279.90034    5875.4388    12902.496     -1771.51    7926.8491    309.20209    15593 
343000000   -277.75701    6176.4093    12942.264   -1581.4616    8035.6279    310.15512    15554 
344000000   -291.46595    5882.9102    12862.786   -1698.2027    7872.5788    308.25045    15576 
345000000   -262.63334    6042.4287    13002.498    -1662.807     7967.869    311.59859    15580 
346000000   -283.05711    6020.7822    12883.978    -1677.257    7981.0963     308.7583    15554 
347000000   -304.12002     6107.408    12944.085   -1654.3844    8065.9125    310.19875    15595 
348000000   -279.91794    5985.4982    13036.529   -1643.3455    7908.7617    312.41413    15584 
349000000   -258.32248     6033.425    13054.748   -1715.5709    8007.3184    312.85074    15591 
350000000   -264.41376    6139.7907    12965.182   -1635.6292    8039.8337    310.70432    15562 
351000000   -271.42084     5956.829     13010.99   -1702.2845    7930.5344    311.80209    15577 
352000000   -271.43462    6099.1572    12891.925   -1682.4273    8053.0192    308.94875    15555 
353000000   -241.81213    6053.9512    12849.195   -1660.6033    7956.3666    307.92475    15559 
354000000   -280.67092     5952.084    12915.876   -1699.7953    7932.5502    309.52274    15571 
355000000   -294.22934    5846.7195    13138.414   -1766.0935    7907.0424    314.85574    15561 
356000000   -284.31621    6095.7721    12811.418   -1575.5918    7955.6801    307.01945    15561 
357000000   -282.40682    6043.7333    12952.712   -1772.6825    8098.8227    310.40548    15597 
358000000   -281.77301     5925.447    12819.857   -1707.9664    7915.1864    307.22168    15560 
359000000   -229.01651    6283.0635    12841.868   -1647.6867    8159.7667    307.74916    15554 
360000000   -289.55131    5994.0161    12925.828   -1712.4069    7995.9743    309.76123    15594 
361000000    -268.8975    6072.9992    12850.565   -1712.9192     8054.816    307.95758    15582 
362000000   -266.21121    6020.7432    13051.921   -1706.1103    7993.0647    312.78299    15583 
363000000   -260.82786    5971.0758    12884.541   -1655.5417    7887.4454    308.77179    15592 
364000000   -253.96103    6145.3271    12918.048   -1668.3704    8067.6586    309.57478    15573 
365000000   -274.67043    5961.5163    13059.885   -1773.3231    8009.5099    312.97385    15587 
366000000   -304.20935     6061.001    12905.522   -1655.3707     8020.581    309.27461    15567 
367000000   -321.30742    6164.2931    12920.619   -1544.8055     8030.406     309.6364    15546 
368000000   -266.95142    6106.0464    13000.155   -1729.9812     8102.979    311.54244    15579 
369000000   -272.34841    6120.8778    12924.178   -1557.2968     7950.523    309.72168    15556 
370000000   -279.39124    6073.4384    13077.176   -1654.1042    8006.9338     313.3882    15577 
371000000    -248.1097    6263.3969    12958.053   -1501.8643    8013.3709    310.53349    15538 
372000000   -307.77176    6020.9662    12783.714   -1576.4452    7905.1832    306.35554    15558 
373000000   -282.04342     6107.431    12875.614   -1627.7255       8017.2    308.55788    15560 
374000000   -315.24137    5850.2594    12869.844   -1742.8688    7908.3696    308.41959    15590 
375000000   -271.25335    6111.3121    12720.734   -1620.2042    8002.7697    304.84626    15568 
376000000   -296.89474    6167.5921    12803.107   -1529.9188    7994.4056    306.82027    15536 
377000000   -266.08668     5987.591    12941.822    -1709.858    7963.5357    310.14451    15579 
378000000   -294.32762    6218.9906    12868.057   -1563.5497    8076.8679    308.37677    15571 
379000000   -304.74616    6008.3987    12939.064   -1726.2554    8039.4002    310.07843    15574 
380000000   -288.99467    6065.1397    12912.411   -1676.7509    8030.8853     309.4397    15559 
381000000   -281.98849    5970.9208    12959.308   -1693.7301    7946.6394    310.56357    15578 
382000000   -278.73509    6108.7951    13019.227   -1704.0651    8091.5953    311.99949    15576 
383000000    -301.4804    6131.6861    12798.612   -1625.7448    8058.9114    306.71255    15558 
384000000   -315.14262    6075.6145    12998.115   -1612.2609     8003.018    311.49356    15574 
385000000   -296.16307    6202.4817    12991.474   -1619.4817    8118.1265    311.33441    15573 
386000000   -287.95494    6043.0702     12792.56   -1685.1192    8016.1443    306.56752    15556 
387000000   -310.51016     6112.502    12946.458   -1546.7687    7969.7809    310.25562    15564 
388000000    -271.6949    6073.2064    12829.408    -1581.146    7926.0473    307.45057    15554 
389000000   -300.94041    6207.5466    12991.352   -1498.1202    8006.6071    311.33149    15518 
390000000   -272.24292    6153.7008    12952.212   -1492.3827    7918.3265     310.3935    15526 
391000000    -260.0533    6281.7998      12994.2   -1553.1433    8094.9965    311.39974    15550 
392000000   -290.91436    6111.5227    12939.767    -1540.822    7943.2591    310.09526    15558 
393000000   -282.49107    6000.5145    12956.929   -1653.9219    7936.9275    310.50656    15578 
394000000   -287.50751    6136.6275    12918.225     -1642.92     8067.055    309.57903    15568 
395000000   -289.94525    6224.4726    12746.424     -1555.62    8070.0379    305.46189    15530 
396000000   -296.69956    5898.0405    13009.121   -1783.9732    7978.7132     311.7573    15608 
397000000   -252.63666    5914.3725    12919.575   -1804.2508      7971.26    309.61137    15607 
398000000   -292.51017    6082.2471    12773.104   -1600.0134    7974.7707    306.10128    15576 
399000000   -274.74701    6182.7264    12779.652   -1619.5697    8077.0431    306.25819    15546 
400000000   -290.50681    5981.3891    12983.697     -1762.55    8034.4459    311.14802    15583 
401000000   -276.94161    6014.1943    12888.311   -1680.4712    7971.6071    308.86216    15572 
402000000   -291.72551    5946.3634    12806.452   -1735.3184    7973.4074    306.90045    15589 
403000000   -301.79348    5987.0747    12817.521   -1689.1471    7978.0153    307.16571    15549 
404000000   -297.58392    6200.5212    12984.292    -1563.602    8061.7072    311.16229    15554 
405000000   -262.96771    6208.1109    13017.313   -1558.5202    8029.5989    311.95361    15557 
406000000   -285.73097    5981.4288    12881.651   -1722.4149    7989.5746    308.70254    15579 
407000000   -287.97207    6102.4574    12952.474   -1584.4307    7974.8602    310.39978    15554 
408000000   -310.29052    6011.8752    12874.959   -1686.5014    8008.6671    308.54217    15575 
409000000   -281.51552    6079.5703    12992.654   -1689.2229    8050.3088    311.36269    15565 
410000000   -294.45626    6036.9619    13035.852   -1712.4594    8043.8775    312.39791    15586 
411000000   -271.06781    6075.5748    12827.397    -1736.375    8083.0176    307.40238    15577 
412000000   -247.80851     6137.374    12842.458    -1530.703    7915.8855    307.76331    15559 
413000000   -294.48847    6159.1308    12957.313   -1571.0591    8024.6783    310.51574    15559 
414000000   -254.20145    5997.6974    13039.432   -1693.3882    7945.2871    312.48368    15582 
415000000   -301.57847    6031.8115    12951.784   -1727.5264    8060.9164    310.38324    15575 
416000000   -271.33673    5975.5737    12943.576   -1743.5714    7990.4818    310.18655    15574 
417000000   -303.04015    6122.8401    12840.985   -1551.4083    7977.2885    307.72801    15573 
418000000   -282.74719    6073.7461    12812.643   -1619.9991    7976.4924     307.0488    15563 
419000000   -300.78439    6192.6217    13005.461   -1584.4229     8077.829     311.6696    15568 
420000000    -294.2184    5945.4342    12784.714   -1768.9236    8008.5763    306.37951    15561 
421000000   -295.83207    5892.0543     12938.84   -1778.7557     7966.642    310.07305    15588 
422000000   -266.94704    6265.2939    12951.348   -1442.3999    7974.6408    310.37281    15560 
423000000   -274.09659    6048.8684    12832.361    -1646.073     7969.038    307.52133    15578 
424000000   -279.73956    6130.1087    12939.842   -1569.2967    7979.1449    310.09707    15551 
425000000   -273.93251    5956.5451    12992.123   -1722.5444     7953.022    311.34997    15573 
426000000    -278.7428    6000.0144    12874.064    -1671.232    7949.9892    308.52072    15553 
427000000   -292.34912     6113.025    13035.536   -1658.6363    8064.0104    312.39033    15572 
428000000   -297.84776    6233.4347    12962.632   -1606.2284    8137.5109    310.64321    15566 
429000000   -283.38235    6149.4756    12967.525     -1618.62     8051.478    310.76047    15570 
430000000   -284.12833    6073.1335    12824.815   -1660.3318    8017.5936     307.3405    15560 
431000000   -302.64179    6206.0075    13052.653   -1607.1011    8115.7504    312.80052    15576 
432000000   -285.35429    6082.2671    12882.714   -1584.7759    7952.3973    308.72802    15571 
433000000   -288.23946    6062.3501    12887.331   -1654.7675     8005.357    308.83868    15580 
434000000   -288.87884    6040.8422    12831.376   -1660.3309    7990.0519    307.49773    15576 
435000000   -296.93101    6078.6318    12856.767   -1583.0883    7958.6511    308.10621    15559 
436000000    -261.3824    6159.3375    12958.311   -1622.4546    8043.1745    310.53967    15570 
437000000   -275.39672    6040.6942    12972.256   -1636.5123    7952.6033    310.87384    15577 
438000000   -270.29223    5909.6777     13034.19   -1704.8987    7884.8685    312.35807    15578 
439000000    -268.6715    6152.2474    12918.594     -1645.07    8065.9889    309.58786    15595 
440000000   -258.24468    6193.6182    12962.931   -1672.2747    8124.1376    310.65037    15568 
441000000   -298.85146    6056.1363    12960.097   -1702.8362     8057.824    310.58248    15581 
442000000   -272.89784    6085.4811    12878.997   -1632.3263    7990.7052    308.63896    15583 
443000000    -320.8102    5897.8377    12804.307   -1758.4904    7977.1383    306.84903    15602 
444000000   -293.00842    6016.7349    12995.407   -1709.5162    8019.2596    311.42866    15562 
445000000   -303.57736    6038.0362    12947.368    -1747.232    8088.8456    310.27743    15577 
446000000   -287.19474    6077.5633    13008.027   -1618.5112    7983.2693    311.73108    15565 
447000000   -293.03532    5959.8389    12856.531   -1708.4268     7961.301    308.10055    15573 
448000000   -273.29241    6226.6732    13086.131   -1497.2348    7997.2005    313.60281    15569 
449000000   -274.62783    5960.6424     13024.47   -1694.2819    7929.5521    312.12514    15534 
450000000   -282.32634    6148.4126    13065.904   -1579.0733    8009.8123    313.11808    15556 
451000000   -279.12712     6058.581    12864.019   -1692.5148     8030.223       308.28    15573 
452000000   -323.23474    5984.0531    12841.786   -1733.8213    8041.1092    307.74721    15556 
453000000   -302.13621    6196.0512    12806.618     -1625.03    8123.2174    306.90441    15557 
454000000   -271.08992    6055.0327    12857.015   -1646.7992    7972.9218    308.11215    15544 
455000000   -312.44002    6105.0513    12856.779   -1634.9083    8052.3995    308.10651    15562 
456000000   -312.66991    6204.2973    13027.294   -1542.6149    8059.5822    312.19282    15549 
457000000   -277.85223    6211.9835    12919.715    -1597.105    8086.9407    309.61472    15543 
458000000   -284.93654    5889.9582    13041.385   -1731.4954    7906.3902    312.53051    15586 
459000000   -247.63909    5868.0256    12973.151   -1785.3709    7901.0356    310.89531    15582 
460000000   -297.80889    5946.0263    12986.721   -1682.2657    7926.1009     311.2205    15562 
461000000   -275.52283    6104.1931    12906.505   -1564.5119    7944.2279    309.29817    15553 
462000000   -273.54423    6000.5981    12982.826   -1669.4981    7943.6404    311.12715    15566 
463000000   -280.09329    6059.8508     12761.76   -1631.1649     7971.109    305.82941    15574 
464000000   -274.95061    6039.0345    13004.714   -1637.1655    7951.1506    311.65169    15548 
465000000   -303.32015    6050.6779    12727.996   -1775.3764    8129.3745    305.02027    15569 
466000000   -280.90767    5901.6081     12967.26   -1779.6388    7962.1546    310.75412    15584 
467000000    -323.0826    5930.3092    12952.366   -1688.3128    7941.7046    310.39719    15576 
468000000   -274.13451    5985.1503     12868.68   -1690.0782     7949.363    308.39171    15558 
469000000   -274.79152    5920.6413    12903.867   -1633.9535    7829.3863    309.23493    15575 
470000000   -291.55258     5966.493    12836.978   -1735.3476    7993.3932    307.63198    15576 
471000000   -327.76124    5933.2273     13138.27   -1730.7474    7991.7359    314.85229    15567 
472000000   -274.30112    6221.1096    12799.431   -1511.9525    8007.3632     306.7322    15566 
473000000   -284.74747    6158.6505    12834.589   -1549.8625    7993.2605    307.57473    15542 
474000000   -308.14416       5893.7    13016.333   -1725.5336    7927.3778    311.93014    15568 
475000000   -286.01701    5908.2955    12927.823   -1687.5401    7881.8526    309.80904    15563 
476000000   -321.15983    6082.8353      13037.3   -1670.2866    8074.2818     312.4326    15557 
477000000   -282.39095    6169.7068    13065.424    -1498.137    7950.2348    313.10658    15550 
478000000    -264.7595    6151.8094    12838.528   -1634.8691     8051.438    307.66912    15564 
479000000   -317.39186    6145.7331    12951.556   -1576.4859    8039.6109    310.37779    15543 
480000000   -291.92341     6048.257    12985.136   -1623.0338    7963.2142    311.18252    15560 
481000000    -264.5755    6173.8617     13079.16   -1610.7454    8049.1827    313.43575    15571 
482000000   -280.38292    6156.1413    12925.893   -1608.4254    8044.9496    309.76279    15545 
483000000    -297.3543    5956.6755    12939.434   -1628.6458    7882.6755     310.0873    15552 
484000000   -309.98254    6151.7021    12962.565    -1549.147    8010.8317    310.64162    15547 
485000000   -274.31092    6153.6048    12907.404   -1603.1597    8031.0755     309.3197    15551 
486000000   -282.05446    5931.3724    12974.454   -1758.4937    7971.9206    310.92652    15588 
487000000   -329.84108    6071.2594    12951.541   -1698.1371    8099.2376    310.37742    15566 
488000000   -289.34423    5915.5751    12786.418   -1767.6151    7972.5344    306.42033    15576 
489000000   -304.22475    6034.3686    12954.373   -1696.4839    8035.0773    310.44529    15582 
490000000   -280.03866    5992.0278     12977.89   -1650.9315     7922.998    311.00886    15567 
491000000   -289.46931    5970.0628    12764.512    -1657.527    7917.0592    305.89536    15562 
492000000   -272.44912     6077.141    12887.466   -1629.6198    7979.2098    308.84191    15575 
493000000   -285.11853    5998.2332    12882.396    -1681.688    7965.0398     308.7204    15588 
494000000   -281.82854    5802.2129    12839.674   -1729.5297    7813.5711     307.6966    15602 
495000000   -283.43912    6172.7202    12858.635   -1554.9431    8011.1024    308.15097    15550 
496000000   -263.94763    5900.8093    12820.323   -1747.9598    7912.7167    307.23285    15584 
497000000   -294.82878    6084.8111    13042.513   -1617.9508    7997.5906    312.55754    15567 
498000000   -278.36927     6016.441     13131.05   -1649.9147    7944.7249    314.67926    15576 
499000000    -318.6359    6044.5296    13033.546   -1681.0881    8044.2536    312.34263    15569 
500000000   -284.17356    5966.7645    12900.861   -1757.6893    8008.6274     309.1629    15580 
Loop time of 128695 on 28 procs for 500000000 steps with 14000 atoms

Performance: 8391.904 ns/day, 0.003 hours/ns, 3885.141 timesteps/s
98.9% CPU use with 28 MPI tasks x no OpenMP threads

MPI task timing breakdown:
Section |  min time  |  avg time  |  max time  |%varavg| %total
---------------------------------------------------------------
Pair    | 10099      | 10945      | 14486      | 864.4 |  8.50
Bond    | 5766.2     | 6371.1     | 11856      |1776.2 |  4.95
Neigh   | 30895      | 31433      | 31934      | 141.4 | 24.42
Comm    | 39176      | 47743      | 49776      |1175.9 | 37.10
Output  | 0.67243    | 0.6729     | 0.67374    |   0.0 |  0.00
Modify  | 23278      | 23382      | 24046      |  90.2 | 18.17
Other   |            | 8821       |            |       |  6.85

Nlocal:    500 ave 528 max 473 min
Histogram: 3 1 1 3 7 3 6 1 1 2
Nghost:    478.857 ave 683 max 231 min
Histogram: 1 2 1 2 5 5 4 3 4 1
Neighs:    2882.96 ave 3469 max 2302 min
Histogram: 1 2 5 3 2 4 5 3 2 1

Total # of neighbors = 80723
Ave neighs/atom = 5.76593
Ave special neighs/atom = 7.79986
Neighbor list builds = 99902505
Dangerous builds = 0
write_restart final_state_${fName}.restart
write_restart final_state_Run1.restart
Total wall time: 35:44:57
