
units real
boundary p p p
atom_style full

neighbor 1.9 bin
neigh_modify every 1 delay 1 check yes

read_data b70_N200_L400.data extra/special/per/atom 50
  orthogonal box = (-420 -420 -420) to (420 420 420)
  2 by 2 by 7 MPI processor grid
  reading atoms ...
  14000 atoms
  scanning bonds ...
  51 = max bonds/atom
  scanning angles ...
  1 = max angles/atom
  reading bonds ...
  13800 bonds
  reading angles ...
  13600 angles
  2 = max # of 1-2 neighbors
  2 = max # of 1-3 neighbors
  4 = max # of 1-4 neighbors
  56 = max # of special neighbors
  special bonds CPU = 0.518022 secs
  read_data CPU = 0.549827 secs

angle_style cosine
angle_coeff * 2 # K (energy unit)

bond_style hybrid harmonic harmonic/shift/cut
bond_coeff 1 harmonic 3 10
bond_coeff 2 harmonic 3 10
bond_coeff 3 harmonic/shift/cut 3.60 11.22 12.72

pair_style lj/cut 25
# atom-typ1, atom-typ2, energy-well, sigma (bead-diameter), cut-off (distance)
pair_coeff * * 0.01 10 25
pair_coeff 2 2 0.18 10 25
pair_coeff 4 4 0.18 10 25

special_bonds lj 1 1 1 angle no
  2 = max # of 1-2 neighbors
  2 = max # of 1-3 neighbors
  4 = max # of 1-4 neighbors
  56 = max # of special neighbors
  special bonds CPU = 0.000567464 secs

minimize 1.0e-4 1.0e-6 100000 100000 # force_tol, energy_tol, maxiter, maxeval
WARNING: Using 'neigh_modify every 1 delay 0 check yes' setting during minimization (../min.cpp:168)
Neighbor list info ...
  update every 1 steps, delay 0 steps, check yes
  max neighbors/atom: 2000, page size: 100000
  master list distance cutoff = 26.9
  ghost atom cutoff = 26.9
  binsize = 13.45, bins = 63 63 63
  1 neighbor lists, perpetual/occasional/extra = 1 0 0
  (1) pair lj/cut, perpetual
      attributes: half, newton on
      pair build: half/bin/newton
      stencil: half/bin/3d/newton
      bin: standard
Per MPI rank memory allocation (min/avg/max) = 1.165 | 13.79 | 17.67 Mbytes
Step Temp E_pair E_mol TotEng Press 
       0            0 1.5959422e+12      2649600 1.5959449e+12 7.3854599e+08 
    2872            0   -1769.6168    5348.8369    3579.2201  0.031182827 
Loop time of 0.79348 on 28 procs for 2872 steps with 14000 atoms

99.5% CPU use with 28 MPI tasks x no OpenMP threads

Minimization stats:
  Stopping criterion = energy tolerance
  Energy initial, next-to-last, final = 
     1.59594489115e+12      3579.56365059      3579.22009235
  Force two-norm initial, final = 4.92929e+10 2.03587
  Force max component initial, final = 1.05441e+09 0.154693
  Final line search alpha, max atom move = 0.461827 0.0714414
  Iterations, force evaluations = 2872 3119

MPI task timing breakdown:
Section |  min time  |  avg time  |  max time  |%varavg| %total
---------------------------------------------------------------
Pair    | 0.041767   | 0.14302    | 0.26805    |  17.5 | 18.02
Bond    | 0.013772   | 0.039208   | 0.070826   |   8.1 |  4.94
Neigh   | 0.088796   | 0.09       | 0.091677   |   0.2 | 11.34
Comm    | 0.11678    | 0.25603    | 0.40181    |  15.2 | 32.27
Output  | 0          | 0          | 0          |   0.0 |  0.00
Modify  | 0          | 0          | 0          |   0.0 |  0.00
Other   |            | 0.2652     |            |       | 33.42

Nlocal:    500 ave 911 max 179 min
Histogram: 3 3 4 4 5 0 2 3 2 2
Nghost:    314.393 ave 518 max 130 min
Histogram: 3 2 3 3 4 4 3 3 2 1
Neighs:    3173.18 ave 5987 max 902 min
Histogram: 3 2 6 3 5 0 1 3 3 2

Total # of neighbors = 88849
Ave neighs/atom = 6.34636
Ave special neighs/atom = 5.82857
Neighbor list builds = 199
Dangerous builds = 0

# further equilibriate the system before bond formation takes place
fix fxlan all langevin $T $T 1000 ${seed}
fix fxlan all langevin 310 $T 1000 ${seed}
fix fxlan all langevin 310 310 1000 ${seed}
fix fxlan all langevin 310 310 1000 67539
fix fxnve all nve
timestep 0.1
run 10000
Per MPI rank memory allocation (min/avg/max) = 1.127 | 13.42 | 16.54 Mbytes
Step Temp E_pair E_mol TotEng Press 
    2872            0   -1769.6168    5348.8369    3579.2201  0.031182827 
   12872    226.56085   -1476.0948    9148.5962    17126.514   -1.6848464 
Loop time of 1.40817 on 28 procs for 10000 steps with 14000 atoms

Performance: 61.356 ns/day, 0.391 hours/ns, 7101.415 timesteps/s
99.5% CPU use with 28 MPI tasks x no OpenMP threads

MPI task timing breakdown:
Section |  min time  |  avg time  |  max time  |%varavg| %total
---------------------------------------------------------------
Pair    | 0.045155   | 0.16843    | 0.36276    |  21.5 | 11.96
Bond    | 0.037164   | 0.10618    | 0.19507    |  13.4 |  7.54
Neigh   | 0.0018261  | 0.0018599  | 0.0018807  |   0.0 |  0.13
Comm    | 0.3271     | 0.55342    | 0.75161    |  16.3 | 39.30
Output  | 6.3686e-05 | 9.0555e-05 | 0.0001096  |   0.0 |  0.01
Modify  | 0.087744   | 0.24906    | 0.45344    |  20.3 | 17.69
Other   |            | 0.3291     |            |       | 23.37

Nlocal:    500 ave 913 max 180 min
Histogram: 3 3 4 4 5 0 2 3 2 2
Nghost:    314.679 ave 510 max 131 min
Histogram: 3 2 3 3 4 3 4 3 1 2
Neighs:    3184.43 ave 5988 max 934 min
Histogram: 3 3 5 3 5 1 0 2 4 2

Total # of neighbors = 89164
Ave neighs/atom = 6.36886
Ave special neighs/atom = 5.82857
Neighbor list builds = 4
Dangerous builds = 0

unfix fxlan
unfix fxnve
reset_timestep 0

variable t equal step
variable steps equal 500000000
variable dt_thermo equal 1000000
variable dt_movie equal 10000000
variable dt_restart equal 50000000

group rxnSites type 1 3
4000 atoms in group rxnSites

# fix ID group-ID(atom-types) bond/create Nevery itype jtype Rmin bondtype (prob values = fraction seed) (iparam maxbond newType)
fix bondc rxnSites bond/create/random 20 1 3 12.72 3 prob 1 ${seed} iparam 1 1 jparam 1 3
fix bondc rxnSites bond/create/random 20 1 3 12.72 3 prob 1 67539 iparam 1 1 jparam 1 3

# fix ID group-ID bond/break Nevery bondtype Rmax keyword values ...
fix bondbr rxnSites bond/break 20 3 12.72 prob 1 ${seed}
fix bondbr rxnSites bond/break 20 3 12.72 prob 1 67539

variable frmbnd equal f_bondc[2]
variable brkbnd equal f_bondbr[2]
fix saveBond all print ${dt_thermo} "$t ${frmbnd} ${brkbnd}" file BondData_${fName}.dat screen no
fix saveBond all print 1000000 "$t ${frmbnd} ${brkbnd}" file BondData_${fName}.dat screen no
fix saveBond all print 1000000 "$t ${frmbnd} ${brkbnd}" file BondData_Run2.dat screen no

thermo_style custom step epair pe ke ebond eangle temp bonds
thermo ${dt_thermo}
thermo 1000000
fix saveThermo all print ${dt_thermo} "$t $(temp) $(ke) $(pe) $(epair) $(ebond) $(eangle) $(bonds)" file Thermo_${fName}.dat title "# Steps Temp KinEng PotEng Epair Ebond Eangle Bonds" screen no
fix saveThermo all print 1000000 "$t $(temp) $(ke) $(pe) $(epair) $(ebond) $(eangle) $(bonds)" file Thermo_${fName}.dat title "# Steps Temp KinEng PotEng Epair Ebond Eangle Bonds" screen no
fix saveThermo all print 1000000 "$t $(temp) $(ke) $(pe) $(epair) $(ebond) $(eangle) $(bonds)" file Thermo_Run2.dat title "# Steps Temp KinEng PotEng Epair Ebond Eangle Bonds" screen no

############################ Langevin Dynamics ###############################
fix fxlan all langevin $T $T 1000 ${seed}
fix fxlan all langevin 310 $T 1000 ${seed}
fix fxlan all langevin 310 310 1000 ${seed}
fix fxlan all langevin 310 310 1000 67539
fix fxnve all nve

comm_style tiled
fix fxbal all balance 1000 1.1 rcb

timestep 25

dump coor all custom ${dt_movie} traj_${fName}.dump id type mol mass x y z xu yu zu
dump coor all custom 10000000 traj_${fName}.dump id type mol mass x y z xu yu zu
dump coor all custom 10000000 traj_Run2.dump id type mol mass x y z xu yu zu

restart ${dt_restart} ${fName}_tp_*.restart
restart 50000000 ${fName}_tp_*.restart
restart 50000000 Run2_tp_*.restart
run ${steps}
run 500000000
Neighbor list info ...
  update every 1 steps, delay 1 steps, check yes
  max neighbors/atom: 2000, page size: 100000
  master list distance cutoff = 26.9
  ghost atom cutoff = 26.9
  binsize = 13.45, bins = 63 63 63
  2 neighbor lists, perpetual/occasional/extra = 1 1 0
  (1) pair lj/cut, perpetual
      attributes: half, newton on
      pair build: half/bin/newton
      stencil: half/bin/3d/newton
      bin: standard
  (2) fix bond/create/random, occasional, copy from (1)
      attributes: half, newton on
      pair build: copy
      stencil: none
      bin: none
Per MPI rank memory allocation (min/avg/max) = 17.76 | 18.29 | 18.84 Mbytes
Step E_pair PotEng KinEng E_bond E_angle Temp Bonds 
       0   -1476.0948    7672.5014    9454.0128    3070.8081    6077.7881    226.56085    13800 
 1000000   -273.57488    8399.3053    12978.456    454.86213    8218.0181    311.02243    14890 
 2000000   -267.29022    7971.3572    12919.069    137.68203    8100.9654    309.59926    15004 
 3000000   -293.46527     7711.679    12857.469   -137.09954    8142.2438    308.12303    15100 
 4000000   -279.68902    7570.8596    12888.807   -228.76226    8079.3108    308.87405    15141 
 5000000   -247.41962    7191.2628    12961.944   -585.27107    8023.9535    310.62674    15222 
 6000000   -268.01188     7086.689    12975.978   -679.99918       8034.7    310.96305    15270 
 7000000   -258.83637    6934.8029    12920.844   -791.22004    7984.8593    309.64179    15288 
 8000000   -272.84629    6942.6735    13117.056   -786.64722    8002.1671    314.34391    15304 
 9000000    -245.0233    6880.4985    12931.172    -853.8323    7979.3541    309.88929    15310 
10000000   -262.95913    6971.9459    12957.093   -814.83841    8049.7435    310.51049    15314 
11000000   -290.95644    6633.9418    12798.526     -1046.85    7971.7483    306.71051    15364 
12000000    -238.6916     6694.306    13042.417    -1089.567    8022.5646    312.55522    15400 
13000000   -290.97119    6738.4455    12875.557   -1053.5613     8082.978    308.55651    15401 
14000000   -285.58118     6516.096    12878.266   -1158.3955    7960.0727    308.62144    15401 
15000000   -268.86679    6426.1968    12838.115   -1216.8022    7911.8658    307.65922    15418 
16000000   -274.98059    6498.4966    12824.321   -1339.4797    8112.9569    307.32866    15447 
17000000   -251.47885    6451.8185     13015.69    -1329.669    8032.9664    311.91472    15460 
18000000   -261.81552    6224.2416    12882.818   -1438.7858    7924.8429     308.7305    15481 
19000000   -279.00434    6275.3825    12914.342   -1387.7138    7942.1006    309.48596    15494 
20000000   -265.65506    6402.1161    12934.294   -1332.7682    8000.5393    309.96411    15474 
21000000   -255.56885    6578.4355    12900.786   -1144.5625    7978.5669    309.16112    15450 
22000000   -283.25118    6309.1652    12998.943   -1431.8698    8024.2863    311.51339    15490 
23000000   -288.06616    6370.6234    12895.099   -1374.9291    8033.6187    309.02482    15456 
24000000   -238.87883    6359.9099    13011.516   -1392.6894    7991.4781     311.8147    15486 
25000000   -274.86193    6399.3187    12871.931   -1424.1536    8098.3342    308.46961    15487 
26000000    -266.8895    6189.7518    12977.113   -1493.2548    7949.8961    310.99026    15511 
27000000   -275.78915    6329.7064    12892.256   -1473.9989    8079.4944    308.95668    15520 
28000000   -268.74339    6258.5879    12986.014   -1511.3126    8038.6439    311.20356    15515 
29000000   -240.66878    6209.4405    12966.648   -1461.5522    7911.6615    310.73947    15509 
30000000   -259.26767     6204.983     12886.43   -1463.7633    7928.0139    308.81708    15519 
31000000   -263.49107    6366.9746    12855.077   -1422.5193     8052.985    308.06571    15513 
32000000   -265.36523    6219.4439    12804.461   -1478.2992    7963.1083    306.85272    15516 
33000000   -240.51389    6048.5101    12832.667   -1544.2371    7833.2611    307.52866    15515 
34000000   -242.62646     6379.689    12847.597   -1377.3915    7999.7069    307.88646    15503 
35000000   -252.96311     6253.762    12928.931   -1482.9864    7989.7114    309.83559    15518 
36000000   -215.71248    6205.6686    12876.533   -1503.4775    7924.8585     308.5799    15504 
37000000   -263.71472    6409.8614    13042.168   -1502.8938    8176.4699    312.54926    15513 
38000000   -258.68958    6375.1473    12983.657   -1475.8749    8109.7118    311.14706    15506 
39000000   -252.53629    6192.5871    12874.417   -1394.9806     7840.104    308.52919    15511 
40000000    -234.1724    6297.3856    13007.275   -1516.3473    8047.9053    311.71307    15532 
41000000   -263.49838    6113.2218    13014.918   -1627.8635    8004.5836    311.89624    15537 
42000000   -251.13219    6296.3058    12996.577   -1516.9351    8064.3731    311.45668    15530 
43000000    -265.2798    6232.2365    12927.698   -1496.6939    7994.2102    309.80605    15528 
44000000   -282.15225    6130.8953    13099.288    -1532.553    7945.6005     313.9181    15534 
45000000   -200.03742    6012.9512    13098.794   -1655.1538    7868.1425    313.90628    15572 
46000000   -252.54583    6087.3117    12900.514   -1621.3021    7961.1596    309.15458    15539 
47000000   -263.02936    6185.1703    12759.477   -1573.5539    8021.7536    305.77469    15542 
48000000   -270.02405    6135.8477    12896.339   -1562.7989    7968.6706    309.05455    15548 
49000000   -265.26533    6214.8211    13119.094   -1534.0913    8014.1777    314.39276    15562 
50000000   -255.62262    5958.3199    12984.014   -1723.2228    7937.1654    311.15562    15564 
51000000    -271.1162    6075.0319    12847.308   -1592.0096    7938.1578    307.87954    15552 
52000000   -249.13665    5948.7554    12900.283   -1661.3883    7859.2803    309.14905    15560 
53000000   -249.79607    6206.5782    13079.495   -1573.9731    8030.3474    313.44378    15543 
54000000   -264.99119    6118.7691    12884.175   -1559.3791    7943.1394    308.76302    15555 
55000000   -283.16158    6165.8622    12872.612   -1595.4547    8044.4785    308.48593    15550 
56000000   -296.78834    6149.3231    12966.265   -1518.5636    7964.6751    310.73029    15545 
57000000   -250.28539    6205.3826    12907.556   -1546.5384    8002.2063    309.32334    15554 
58000000   -294.60226    6079.7203    12964.689   -1695.5018    8069.8244    310.69251    15572 
59000000   -272.52645      6118.45    13049.183   -1584.4799    7975.4563    312.71738    15569 
60000000    -264.4286    6255.9759     12974.63   -1576.3363    8096.7408    310.93076    15550 
61000000   -271.22956    6134.8949    12841.746   -1677.8508    8083.9752    307.74624    15548 
62000000    -272.1965    6065.4673    12865.736   -1616.8944    7954.5582    308.32115    15554 
63000000   -264.12765    6036.5811    13040.043   -1649.8131    7950.5218    312.49834    15556 
64000000   -245.00819    6345.7802    12855.787   -1488.8946     8079.683    308.08274    15535 
65000000   -257.61925      6174.92    12857.087   -1576.7706    8009.3098    308.11388    15549 
66000000    -285.1572     6104.308     12932.42    -1689.501    8078.9662     309.9192    15550 
67000000   -244.68476    5976.5854    12823.742    -1736.644    7957.9142    307.31478    15579 
68000000   -254.91241    6161.0058    12958.605   -1650.7353    8066.6536    310.54671    15568 
69000000   -281.88474    6117.3434    12898.664   -1686.1289    8085.3571    309.11025    15570 
70000000   -278.45416    6177.1659    13023.625   -1663.8151    8119.4351    312.10488    15590 
71000000   -225.37235    6026.5805    12967.048    -1782.578    8034.5309    310.74904    15568 
72000000   -271.60548    6028.0152    12979.468    -1753.093    8052.7137    311.04669    15589 
73000000   -280.33552    6017.4664      13179.2   -1753.2826    8051.0845    315.83316    15583 
74000000   -274.30037    6174.8392    12771.787   -1690.0208    8139.1604     306.0697    15571 
75000000   -240.84977    6219.7617    12899.477   -1607.1254    8067.7369    309.12974    15543 
76000000     -261.164    5946.6246    12973.713   -1734.9565    7942.7451    310.90877    15579 
77000000    -235.5534    6151.3851     12902.66   -1671.6528    8058.5914    309.20602    15563 
78000000   -266.55513    6075.1586    12888.587    -1645.596    7987.3097    308.86877    15562 
79000000   -253.41681    6110.7992    12873.239    -1716.913    8081.1289    308.50095    15583 
80000000   -235.31085    6089.3099    12965.844   -1632.6342     7957.255    310.72019    15570 
81000000   -242.76593     5995.272    12973.154   -1653.3653    7891.4032    310.89536    15547 
82000000   -254.68067    6117.9939    12909.965   -1639.5734     8012.248    309.38107    15568 
83000000   -274.14457    6186.8694    13032.761   -1575.2829    8036.2969    312.32383    15545 
84000000   -293.63168    6063.8583    13032.934   -1611.6849    7969.1748    312.32797    15569 
85000000   -228.69637    6137.3997    12960.316   -1609.5656    7975.6617    310.58772    15545 
86000000   -278.25485    6176.9171    12826.589   -1565.0792    8020.2511      307.383    15569 
87000000   -216.20938    6046.8041    12969.563   -1642.5934    7905.6069    310.80931    15561 
88000000   -274.29326    6203.5338    12971.537   -1530.3251    8008.1522    310.85662    15546 
89000000    -283.4204    6121.8775    12846.805   -1538.3766    7943.6746    307.86748    15542 
90000000   -300.48267     6098.848     13002.51   -1651.7091    8051.0398    311.59887    15572 
91000000   -271.94659    5894.4227    12903.896   -1814.0054    7980.3747    309.23564    15593 
92000000   -245.69616    6021.5924    13044.629   -1617.0433    7884.3318    312.60824    15569 
93000000   -279.01402    6080.9885    12788.713   -1583.4401    7943.4426    306.47534    15550 
94000000   -253.37226    6136.9647    12996.621   -1577.0284    7967.3654    311.45775    15575 
95000000   -258.67714    6112.7202    12969.252   -1648.5731    8019.9704    310.80186    15568 
96000000   -270.94443    5937.2875    12928.213   -1720.1118    7928.3438    309.81839    15567 
97000000    -258.4828    6225.8948    13063.863   -1632.6075    8116.9851    313.06918    15555 
98000000   -276.65564    6020.2391     12836.51   -1726.9847    8023.8794    307.62077    15605 
99000000   -233.64204    5992.5452    12941.962    -1767.697    7993.8842    310.14787    15594 
100000000   -300.59433    6196.9453    12948.007   -1540.2832    8037.8229    310.29274    15577 
101000000   -280.97933    6150.4129    13018.078   -1552.8009    7984.1931    311.97195    15557 
102000000   -250.36874     5997.273    12940.041   -1747.4691    7995.1108    310.10184    15573 
103000000   -248.85775    6115.9648    12827.444    -1604.418    7969.2406    307.40349    15562 
104000000   -243.39385    5791.8198    12940.471   -1895.1121    7930.3257    310.11213    15576 
105000000   -304.83987    6206.0316    13092.632   -1586.7044    8097.5759     313.7586    15565 
106000000    -294.0443    6153.2482    12908.026   -1617.5302    8064.8227    309.33461    15544 
107000000   -268.67973    6293.9744    12959.703   -1531.8635    8094.5176    310.57303    15538 
108000000   -252.67358    5880.8719    12977.108   -1744.3387    7877.8841    310.99012    15569 
109000000   -270.02649    5998.6147    13028.622   -1671.8744    7940.5156    312.22463    15573 
110000000   -255.62082    6078.4649    12982.231   -1755.5933    8089.6789     311.1129    15581 
111000000   -256.24211    6017.8592    13014.025    -1666.543    7940.6443    311.87482    15561 
112000000   -316.14019    6106.4144      12994.7   -1579.3823    8001.9369    311.41172    15540 
113000000   -255.48715    5975.7247    13097.232   -1772.4916    8003.7034    313.86884    15556 
114000000   -236.45178    6077.3562    12995.472   -1602.5845    7916.3925    311.43021    15546 
115000000     -271.261     6187.698    12884.904   -1626.1425    8085.1015    308.78051    15560 
116000000   -245.03715    6100.6481     12995.87   -1702.5034    8048.1886    311.43976    15579 
117000000   -225.53134    6237.5001    12860.632    -1508.956    7971.9875    308.19884    15546 
118000000   -262.12338     6052.648    12896.564   -1704.7089    8019.4803    309.05993    15573 
119000000   -261.98479    6162.1526    12975.421   -1517.3587    7941.4961     310.9497    15569 
120000000   -262.34345    6174.5358    13050.867   -1609.7633    8046.6425    312.75772    15567 
121000000   -251.29825    6215.0155    12777.952    -1587.219    8053.5327    306.21745    15551 
122000000   -287.97727    5993.0773    12963.438   -1658.2724     7939.327    310.66254    15560 
123000000   -256.43037    6072.2063    12997.706   -1628.6879    7957.3246    311.48374    15544 
124000000   -266.66188    6004.1012    12953.803   -1661.6142    7932.3773    310.43164    15544 
125000000   -278.31963     6249.999    12797.571   -1523.0242    8051.3428    306.68761    15539 
126000000   -281.34252    6215.6599     12881.94   -1586.4817    8083.4841    308.70948    15530 
127000000   -264.88958    6068.7817    12873.377   -1668.3023    8001.9736    308.50427    15542 
128000000    -272.8956    6277.4028     12963.04   -1432.9987    7983.2971    310.65299    15532 
129000000   -287.72386    6169.5725    12779.785   -1586.9628    8044.2592    306.26138    15554 
130000000   -274.28499    6043.2282    12910.662   -1636.5678    7954.0809    309.39778    15566 
131000000   -259.94898    6203.0433    13129.913   -1534.6739    7997.6661    314.65203    15550 
132000000   -263.62671    6060.8027    12932.451   -1688.6076     8013.037    309.91995    15565 
133000000    -282.1727    6063.7577    13002.118   -1661.3829    8007.3133    311.58947    15564 
134000000   -307.40004    6148.2189    12948.142   -1480.1042    7935.7231    310.29596    15532 
135000000    -245.3307    6092.2534    12769.695   -1554.4411    7892.0253    306.01958    15542 
136000000   -271.13452    6099.5223    12962.052   -1639.0524    8009.7092    310.62931    15539 
137000000   -246.47449    6124.6673    12873.534   -1525.8592     7897.001    308.50803    15537 
138000000   -283.28666    6087.9234    12922.598   -1579.5389     7950.749    309.68381    15553 
139000000   -271.19639    6169.0344    12986.325   -1631.6007    8071.8315    311.21101    15560 
140000000   -280.74041     6092.466     12969.58   -1627.3519    8000.5583    310.80973    15549 
141000000   -281.82686    6136.5263    13045.876   -1643.9876    8062.3408    312.63812    15571 
142000000   -293.94905    6155.3239    12989.995   -1599.7601     8049.033    311.29896    15568 
143000000   -262.95424    6025.9832    13013.981    -1682.991    7971.9284    311.87376    15571 
144000000   -249.77522    6103.6795    12815.938   -1606.9331    7960.3878    307.12777    15553 
145000000   -255.94863    6104.1621    12952.522    -1643.001    8003.1117    310.40094    15570 
146000000   -274.00182    6004.3772    13001.148   -1683.8171    7962.1961    311.56624    15569 
147000000   -288.45417    6165.5484    12906.876   -1630.2386    8084.2411    309.30704    15556 
148000000   -273.28622    5925.9348    12956.528   -1730.5133    7929.7343    310.49694    15577 
149000000    -233.1681    6006.1002    12657.906   -1652.4702    7891.7385    303.34061    15555 
150000000   -285.55608    6042.6146    12810.006   -1577.2563    7905.4269    306.98561    15560 
151000000   -263.54241    6118.2697    12996.403   -1646.0822    8027.8944    311.45253    15560 
152000000   -249.38449    6241.5725    12925.677   -1574.7032    8065.6602    309.75761    15557 
153000000   -269.20866    5929.9789    12885.325   -1814.2971    8013.4847    308.79059    15585 
154000000    -247.7767    6219.0488    12894.663   -1578.2411    8045.0666    309.01438    15553 
155000000   -270.61663    6200.4938    13027.384   -1535.9403    8007.0506    312.19497    15555 
156000000   -246.51178    6325.6555     13001.71   -1497.8809    8070.0482    311.57969    15543 
157000000   -274.58647    5907.7847    12939.925   -1790.7604    7973.1316    310.09905    15589 
158000000   -270.90687    5889.8991     12863.23   -1718.2657    7879.0717    308.26109    15574 
159000000   -259.40948    6117.9482    12825.157      -1643.4    8020.7576    307.34869    15559 
160000000   -253.70964    6079.3321    12865.893   -1631.1151    7964.1568    308.32492    15568 
161000000   -275.43566     6098.042    12909.505   -1585.4327    7958.9103    309.37007    15568 
162000000   -272.53231    6164.0146    13042.474    -1656.755     8093.302     312.5566    15560 
163000000   -241.75328    6336.4399    12860.146   -1517.9988     8096.192    308.18719    15540 
164000000   -260.50152    6060.5729    12925.757   -1662.1221    7983.1965    309.75952    15550 
165000000   -288.98479    5969.0088    13016.625   -1759.4624     8017.456    311.93715    15573 
166000000   -269.77712    6258.5997    12900.726   -1520.6962     8049.073    309.15966    15559 
167000000   -263.18865    6103.1492    12892.204   -1657.3835    8023.7214    308.95544    15566 
168000000   -276.11313     6143.441    12935.707   -1594.1231    8013.6773    309.99798    15553 
169000000   -283.73943    5957.2293    12976.853   -1698.2738    7939.2425    310.98401    15569 
170000000    -284.9543    6117.9263    13008.963   -1687.3092    8090.1897    311.75352    15569 
171000000   -278.56967    6145.4611    13030.561   -1592.8443     8016.875     312.2711    15559 
172000000   -276.73535    6005.6911    12841.174   -1661.2271    7943.6535    307.73253    15578 
173000000   -293.19857    5918.8127    12903.811   -1709.0152    7921.0265    309.23361    15580 
174000000   -257.97953    6190.3691    13074.812   -1632.1911    8080.5397    313.33156    15569 
175000000   -289.63708    6208.1914    12905.746   -1650.0696    8147.8981    309.27997    15577 
176000000   -253.45357    6044.2625    12907.545   -1625.0161    7922.7321    309.32308    15567 
177000000   -275.10723    5996.6751    12996.121   -1720.3667    7992.1491    311.44577    15584 
178000000   -250.45516    5965.6691    13005.351   -1764.7609    7980.8851    311.66696    15600 
179000000   -285.12154    6107.3358    13138.501   -1597.9867     7990.444    314.85784    15572 
180000000   -271.69312    5995.4762    12837.948   -1794.8737     8062.043    307.65523    15595 
181000000   -277.56723    5980.8659    12862.022   -1712.7475    7971.1806    308.23216    15585 
182000000   -248.30641    5980.0815     12902.99   -1702.1095    7930.4974    309.21392    15588 
183000000   -245.20916    6138.7446    12876.863   -1717.6805    8101.6343     308.5878    15591 
184000000   -273.44398    6098.2071    12924.477   -1675.5358    8047.1869    309.72885    15589 
185000000   -226.71102    6102.9074    12974.547   -1698.8837    8028.5021    310.92875    15549 
186000000    -258.7436    5929.0273      12812.8   -1729.1231     7916.894    307.05257    15575 
187000000   -252.76627    5984.5093    12977.432   -1757.9023    7995.1779     310.9979    15592 
188000000   -261.72579    6000.3697    12967.537   -1650.8667    7912.9623    310.76077    15569 
189000000   -276.31107    6204.1272    13032.787   -1589.8384    8070.2766    312.32445    15561 
190000000   -265.98027     6193.903     12963.96    -1678.096    8137.9793    310.67504    15560 
191000000   -276.45648    6053.3134    12855.196   -1598.6433    7928.4132    308.06857    15568 
192000000   -281.73037    6100.2282    13023.245   -1643.1289    8025.0875    312.09579    15562 
193000000   -242.80177     6093.794    12921.923   -1651.1423     7987.738    309.66764    15560 
194000000   -257.27698    5973.1708    12821.668   -1676.8454    7907.2932    307.26507    15554 
195000000    -278.1341    5996.2005    12895.892    -1699.616    7973.9505    309.04382    15552 
196000000   -293.05537    6163.7986    12913.288   -1617.3883    8074.2423    309.46072    15547 
197000000   -279.79215    6145.7465     13047.64   -1650.0001    8075.5387    312.68039    15541 
198000000   -265.36412    6089.9297    12938.259   -1636.6357    7991.9295    310.05914    15563 
199000000   -265.69246    6099.8939    13038.287   -1655.5976    8021.1839    312.45625    15567 
200000000    -321.3171    6037.2357    12948.891   -1684.7181    8043.2709    310.31393    15561 
201000000   -277.19941    6080.4722    12820.418   -1658.9059    8016.5775    307.23513    15554 
202000000      -261.96    6237.8685    13089.879   -1532.4539    8032.2825    313.69262    15561 
203000000   -308.85272    6043.2099    12912.746   -1639.2416    7991.3042    309.44772    15568 
204000000   -286.80106    5991.1611    12768.138   -1732.3774    8010.3396    305.98225    15585 
205000000   -277.12908    6101.2223    12931.894   -1590.2536    7968.6051    309.90661    15562 
206000000   -256.58956    6044.6481    12857.208   -1735.4076    8036.6453    308.11677    15568 
207000000   -256.62668    5957.5257    12984.473   -1755.5709    7969.7233    311.16662    15592 
208000000   -285.60141    6111.5814    12985.227   -1593.9577    7991.1405    311.18469    15554 
209000000   -256.27217    6081.1909    13020.233   -1590.0418    7927.5048    312.02361    15570 
210000000   -288.09527    6170.7096    12853.599   -1568.9305    8027.7355    308.03029    15541 
211000000   -301.32362    6078.8851    12826.148   -1639.5821    8019.7908    307.37244    15577 
212000000   -250.86984    6016.6907    12913.576   -1642.7298    7910.2903    309.46762    15558 
213000000   -288.75968    5972.1422    13009.681   -1774.7168    8035.6186    311.77072    15567 
214000000   -273.75784    5990.2736    12883.675   -1643.8529    7907.8843    308.75105    15561 
215000000   -247.62304    6276.8264    12885.365   -1494.3256     8018.775    308.79155    15553 
216000000   -293.43948    5991.9295    12885.204   -1642.9498    7928.3188    308.78768    15559 
217000000   -274.61907    6102.5863    12856.374    -1632.626    8009.8314    308.09679    15567 
218000000   -264.10923    6032.1689    12967.131   -1660.1056    7956.3838    310.75104    15561 
219000000   -282.54612    6025.2011     12893.28   -1692.4715    8000.2187    308.98124    15570 
220000000   -281.26811    5928.8911    12994.895   -1748.8183    7958.9775    311.41638    15566 
221000000    -266.9661    6189.0292    13048.238    -1642.283    8098.2783    312.69473    15566 
222000000   -285.12276     5857.966    12970.676   -1769.6191    7912.7079    310.83598    15585 
223000000   -269.73753    6079.0465    12823.427   -1656.1779     8004.962    307.30723    15577 
224000000   -277.80112     6023.709    12866.601   -1682.5728     7984.083    308.34187    15579 
225000000   -273.69983    6105.1054    12742.213   -1621.1282    7999.9335    305.36099    15573 
226000000   -304.04117    5907.3143    12893.301   -1699.9695     7911.325    308.98173    15581 
227000000   -275.75879    6006.6017    12981.164   -1743.5611    8025.9216    311.08732    15580 
228000000    -278.2364    6217.3071     12717.85   -1571.4302    8066.9737    304.77714    15544 
229000000   -275.37463    6118.2755    13039.139   -1677.7774    8071.4276    312.47668    15562 
230000000   -269.20225     6198.298    12881.745   -1584.0041    8051.5044     308.7048    15544 
231000000   -286.97082    5840.7712    12937.499   -1811.2882    7939.0303    310.04091    15588 
232000000   -268.74848    6132.0642    12895.994   -1641.7811    8042.5938    309.04628    15570 
233000000   -249.46613    6122.2715      12941.6   -1619.1339    7990.8716    310.13919    15548 
234000000   -294.71106    6036.3627    12962.822   -1594.6506    7925.7244    310.64777    15551 
235000000   -247.57839    6114.5301    13001.426   -1715.3121    8077.4207    311.57289    15558 
236000000    -254.4904    6252.8741    12919.737   -1482.1484    7989.5129    309.61526    15543 
237000000   -267.16817    6159.1817    13055.156   -1569.4008    7995.7507    312.86052    15566 
238000000   -236.43114    6010.6359    13106.051   -1644.8398    7891.9069    314.08019    15563 
239000000   -272.46907    6239.8007    12993.495   -1612.2453    8124.5151    311.38284    15565 
240000000   -269.37722    6331.5495    12939.502   -1407.5612    8008.4879    310.08892    15519 
241000000   -288.11526     6020.195    13071.644   -1652.9898       7961.3    313.25564    15567 
242000000   -278.21507    6151.5562    12985.637   -1660.8478     8090.619    311.19452    15538 
243000000   -256.28332    6029.3618    12669.306   -1698.1073    7983.7524    303.61381    15571 
244000000   -243.44035    6233.1046    12875.166   -1597.0319    8073.5768    308.54713    15565 
245000000   -285.63309     6232.135    13011.837   -1505.3501    8023.1182     311.8224    15535 
246000000   -269.73936    6185.5067    12762.232   -1646.6551    8101.9012    305.84072    15571 
247000000   -281.46356    6027.2306    12962.434   -1713.3329    8022.0271    310.63848    15573 
248000000   -266.38801    6138.8644    12767.485   -1635.6387    8040.8911    305.96662    15575 
249000000   -269.35254    6057.0726    12844.167   -1682.6046    8009.0298    307.80427    15574 
250000000   -303.31291    6081.8686     12986.34    -1678.666    8063.8475    311.21136    15562 
251000000   -273.77862    5992.0838    12873.241   -1695.4801    7961.3425    308.50102    15545 
252000000   -284.19455    5959.5399    12907.253   -1632.6209    7876.3553    309.31609    15562 
253000000   -288.95947    6012.8782    12980.271   -1709.3882    8011.2259    311.06592    15563 
254000000    -278.8067    6097.3464    12978.245   -1630.0629     8006.216    311.01737    15580 
255000000   -278.80489    6005.3713    12960.474   -1707.4602    7991.6364    310.59151    15583 
256000000   -256.12196    6087.7645    13009.182   -1686.9747    8030.8612    311.75876    15575 
257000000    -269.8509     6088.742     13009.64   -1580.0414    7938.6343    311.76974    15564 
258000000    -275.2135    5947.0446    12969.097   -1726.3959     7948.654    310.79816    15581 
259000000   -293.54669    6226.2818    12828.438   -1612.5658    8132.3943    307.42731    15578 
260000000   -251.99016     5959.965    12954.226   -1754.9253    7966.8805    310.44178    15588 
261000000   -276.95348    5952.0163    12855.305   -1811.8659    8040.8358    308.07118    15577 
262000000   -277.50833    6053.9861    12921.604   -1764.8499    8096.3444    309.65999    15587 
263000000   -286.38039    5914.3661    12770.108   -1767.3157    7968.0622    306.02947    15570 
264000000   -289.32465    5984.8045     12939.96   -1643.4466    7917.5757     310.0999    15566 
265000000   -285.18626     6051.057    13104.919   -1774.1867      8110.43    314.05306    15588 
266000000   -271.60804    6154.8207    12961.176   -1640.6514    8067.0801    310.60833    15570 
267000000   -286.55731    5922.0877    12932.468   -1770.2157    7978.8607    309.92034    15595 
268000000   -291.91259    5866.6017    12872.793   -1762.9079    7921.4222    308.49028    15579 
269000000   -281.81697    5947.3828    12792.704   -1723.2611    7952.4609    306.57097    15574 
270000000   -308.69326    5976.3633    12912.585   -1579.6935    7864.7501    309.44387    15537 
271000000   -255.94376    6181.7925    12904.374   -1559.3916    7997.1278     309.2471    15527 
272000000   -297.78931    6038.7813    12915.808   -1647.8428    7984.4134    309.52111    15580 
273000000   -303.93915    6189.8464    12788.069   -1598.9899    8092.7754    306.45991    15542 
274000000   -297.03779    6175.8925    12715.055   -1608.9678    8081.8981    304.71015    15555 
275000000   -303.41231    5942.3003    12959.207   -1688.1155    7933.8281    310.56114    15581 
276000000   -244.71399    6068.4169    12982.941   -1592.2382     7905.369    311.12991    15557 
277000000   -261.54118    6101.0478    12920.638   -1671.9922    8034.5812    309.63684    15564 
278000000   -265.45524    5944.4229    12965.848   -1770.7316    7980.6097    310.72028    15596 
279000000   -256.25915    5890.7394    12847.327   -1761.8652    7908.8638    307.87999    15595 
280000000   -289.35148     6008.464    12983.105    -1717.323    8015.1384    311.13384    15585 
281000000   -264.17218    5938.9419    12940.457   -1742.5059      7945.62     310.1118    15580 
282000000   -271.80279    5835.1827    12948.962    -1862.211    7969.1966    310.31561    15614 
283000000   -311.68769     6021.067    12955.076    -1686.213    8018.9678    310.46215    15571 
284000000   -297.70842    5985.1035     12958.71   -1770.1196    8052.9315    310.54924    15586 
285000000   -274.73214    6010.4538    12871.937   -1678.4691     7963.655    308.46976    15555 
286000000   -293.56448    5991.1991    12861.846   -1657.6121    7942.3756    308.22793    15565 
287000000   -301.10732    5987.4435    12940.937   -1725.9776    8014.5284    310.12332    15576 
288000000    -299.4322     6034.808    12913.977   -1663.0326    7997.2728    309.47722    15574 
289000000     -281.046    5963.5626    12878.896    -1653.696    7898.3046    308.63653    15551 
290000000    -262.7359    6173.8267    12902.275   -1649.7452    8086.3079     309.1968    15550 
291000000   -280.31121    6279.3323    12942.508   -1620.6465      8180.29    310.16096    15562 
292000000   -274.72587    6170.6509    12907.089   -1506.1995    7951.5762    309.31217    15548 
293000000   -296.36484    6086.0922    12862.732   -1697.2693    8079.7263    308.24917    15554 
294000000   -278.76775    6064.1418    12999.381   -1669.9635     8012.873    311.52388    15556 
295000000   -297.21349    6155.1137    12984.614   -1526.4435    7978.7707    311.17001    15545 
296000000   -302.86235    6115.2973    12928.787   -1631.6365    8049.7962    309.83214    15560 
297000000   -281.23132    6033.7342    13097.077    -1556.295    7871.2606    313.86513    15538 
298000000   -278.71315    6099.5745     13030.14   -1681.7478    8060.0354    312.26101    15570 
299000000   -267.74415    6206.3869    12891.473   -1591.2811    8065.4121    308.93792    15554 
300000000    -306.0986    6100.6833    13025.934   -1679.5889    8086.3708    312.16023    15572 
301000000   -295.01608     6160.502    12835.467   -1542.0096    7997.5277    307.59576    15551 
302000000   -274.42321    6083.2204    13054.796   -1639.3387    7996.9823    312.85189    15568 
303000000   -281.09414    6134.2313    12969.425   -1621.4454    8036.7709    310.80602    15572 
304000000   -260.66188    5851.7283    12854.176    -1731.486    7843.8762    308.04413    15568 
305000000   -302.71803    6016.3478     12885.02   -1687.4007    8006.4665    308.78328    15555 
306000000   -296.99498    5930.3604    12974.275   -1797.2388    8024.5942    310.92224    15575 
307000000   -309.64734    6159.9784    12994.264    -1601.721    8071.3467    311.40127    15571 
308000000   -267.99232    6104.1025    12899.767   -1621.0954    7993.1902    309.13668    15566 
309000000   -286.68205    5939.0502    12966.591   -1654.2495    7879.9818     310.7381    15567 
310000000   -247.18013    6068.3517    13074.707   -1695.3014    8010.8332    313.32905    15577 
311000000   -297.22548    6311.4131    12948.725   -1559.8605    8168.4991    310.30995    15553 
312000000   -286.32408    6005.0227    12948.839   -1710.8519    8002.1987    310.31268    15575 
313000000    -264.3269    5778.9605    12906.678   -1873.8426    7917.1299    309.30232    15587 
314000000   -309.56941     6007.653    13063.097   -1651.1882    7968.4106     313.0508    15569 
315000000   -251.94394    5938.0709    12877.784    -1689.015    7879.0298    308.60989    15594 
316000000    -275.0734    5989.6536    12938.072    -1682.967    7947.6941    310.05464    15575 
317000000   -269.82581    6100.2258    12933.259   -1657.0809    8027.1325    309.93932    15563 
318000000   -248.12318    6040.7219     13057.61    -1707.898    7996.7431    312.91931    15582 
319000000   -282.42562    6107.5265    12853.924    -1641.426    8031.3782    308.03808    15570 
320000000   -321.19246    6094.6184    12846.033   -1598.0413    8013.8522    307.84899    15580 
321000000   -260.33659    6224.1579     12869.08   -1663.6796     8148.174    308.40129    15581 
322000000   -292.67485    6057.3586    13132.586   -1703.6704    8053.7038    314.71609    15575 
323000000   -256.14928    6084.0071    12858.192   -1601.8765    7942.0328    308.14037    15558 
324000000   -277.43363    6150.3658    13084.637   -1593.4552    8021.2546    313.56701    15553 
325000000   -275.51923    5984.4802    12882.182   -1777.6555    8037.6549    308.71528    15600 
326000000    -281.6935    6107.8897    12858.813   -1648.8316    8038.4148    308.15525    15568 
327000000    -272.9711    6240.7956    13079.236    -1553.027    8066.7937    313.43759    15536 
328000000   -281.73134    6122.9497    13024.012   -1629.5571    8034.2382    312.11416    15542 
329000000   -289.13916    5981.1082     12980.61   -1666.1234    7936.3708    311.07405    15560 
330000000   -309.08931    6071.4158    12795.183   -1666.4265    8046.9317    306.63037    15568 
331000000   -272.20318     5894.966    12996.354   -1750.3376    7917.5068    311.45135    15577 
332000000   -273.60894    6052.1966    12937.587   -1765.7616    8091.5671    310.04302    15581 
333000000   -284.04909    6012.6127    13033.572   -1789.0864    8085.7482    312.34325    15602 
334000000    -228.9356    6082.4315    12956.619   -1671.1326    7982.4997    310.49912    15573 
335000000   -266.74919    6091.6879    12867.129   -1702.2376    8060.6747    308.35454    15584 
336000000   -282.68516     5932.712    12802.558    -1740.824    7956.2211    306.80712    15582 
337000000   -300.45953    5847.0193    12986.456   -1830.4054    7977.8842    311.21415    15579 
338000000   -288.08973    5954.3693    12995.699   -1754.1091    7996.5682    311.43565    15589 
339000000   -286.75337    6232.8199    12944.915   -1548.2569    8067.8302    310.21863    15564 
340000000   -283.43271    6048.6753      12788.8   -1703.6162    8035.7242    306.47743    15573 
341000000   -281.83988    6083.8585    13080.249   -1743.8348    8109.5332    313.46185    15577 
342000000   -278.83016    6048.2084    12990.764   -1675.5975    8002.6361    311.31738    15569 
343000000    -270.4132    6083.1959    12932.065   -1648.6303    8002.2393    309.91071    15577 
344000000   -270.00296    6069.8063    12929.013   -1687.4486    8027.2579    309.83756    15575 
345000000   -261.67069    6052.9723    12954.702   -1623.8461    7938.4891    310.45319    15572 
346000000   -289.65165    6337.1428    12962.098   -1382.5324    8009.3268    310.63042    15528 
347000000   -273.60853    6086.6348    12950.433   -1640.2084    8000.4518    310.35087    15560 
348000000   -298.49481     6277.521    12842.777    -1570.254    8146.2699    307.77094    15537 
349000000    -285.3431    5990.3075    12936.495   -1688.0752    7963.7258    310.01686    15559 
350000000   -308.79854    6167.2806    12879.453   -1485.9729     7962.052    308.64988    15551 
351000000    -277.3918    6049.6244    12979.854   -1626.2996    7953.3158    311.05594    15545 
352000000    -262.6039    6219.7427      12994.1    -1573.382    8055.7286    311.39732    15578 
353000000   -280.70833    6104.2266    12914.039   -1586.6751      7971.61     309.4787    15561 
354000000   -262.61016    6153.9162    12787.437   -1631.4913    8048.0177    306.44475    15564 
355000000   -277.13793    5988.9098    12720.872   -1733.6902    7999.7379    304.84955    15570 
356000000   -297.72061    6149.3554    12943.912   -1552.1486    7999.2247    310.19461    15542 
357000000   -301.92638    6207.7734    12936.466   -1578.5234    8088.2232    310.01617    15554 
358000000   -288.76616    5957.9787    12932.503   -1722.1536    7968.8985    309.92119    15561 
359000000   -287.27976    6219.4448    13036.548     -1563.79    8070.5145    312.41457    15557 
360000000    -270.5281    6129.3066    12954.022   -1578.9992    7978.8339    310.43687    15551 
361000000   -284.60526    6030.5416    12894.239   -1650.1423    7965.2891    309.00422    15556 
362000000   -322.41502      6143.73    12841.602   -1548.4075    8014.5525     307.7428    15549 
363000000   -297.11618     6110.327    12821.405   -1525.1314    7932.5746    307.25879    15556 
364000000   -273.77322    6134.6131    12895.126   -1586.3543    7994.7407    309.02548    15559 
365000000   -274.32366    6094.5076    12794.592   -1584.3412    7953.1724    306.61622    15534 
366000000   -290.82922    6140.3035    12963.295   -1681.7232    8112.8559    310.65911    15562 
367000000   -276.23475     5927.484    13067.631   -1688.0821    7891.8008    313.15946    15559 
368000000   -267.64316    6156.9605    12860.775    -1561.809    7986.4127    308.20227    15545 
369000000   -283.72786    5987.6081    12901.725   -1774.5224    8045.8583     309.1836    15578 
370000000   -277.32371    5952.5955    12931.204   -1763.0909    7993.0101    309.89005    15566 
371000000   -245.15206    6125.4446    12803.204   -1619.0992    7989.6959    306.82259    15562 
372000000   -239.73557    6115.2799    12845.743   -1666.5471    8021.5626    307.84202    15568 
373000000    -240.3925    5997.4713    13006.815   -1813.7551    8051.6189    311.70205    15574 
374000000   -282.76293    5948.1024    13086.939   -1740.5635    7971.4289    313.62217    15581 
375000000   -259.20341    6152.1245    12758.619   -1628.2417    8039.5696    305.75415    15544 
376000000   -286.75069    6041.6513    12993.484   -1717.0147    8045.4167    311.38257    15558 
377000000   -266.09858    5879.7188    13017.311   -1745.3438    7891.1611    311.95358    15573 
378000000    -249.7442    6107.6874    12977.261    -1666.971    8024.4026    310.99378    15562 
379000000   -280.42332    6113.6047    12951.897   -1524.7411    7918.7691    310.38595    15534 
380000000   -278.75431    6066.9915    12968.376    -1636.793    7982.5388    310.78086    15542 
381000000   -255.44661    6111.4524    13047.107   -1622.9598    7989.8588    312.66763    15558 
382000000    -257.3285    6139.5933    12991.505   -1463.0185    7859.9403    311.33515    15538 
383000000   -266.13558    6291.9924    12898.847   -1529.8056    8087.9336    309.11463    15537 
384000000   -266.99871    6320.9157    12980.729   -1549.1054    8137.0199    311.07689    15525 
385000000   -268.67489    6073.6061    13005.459   -1613.1268    7955.4078    311.66954    15541 
386000000   -279.26953    6093.1234    12883.382   -1638.0984    8010.4914    308.74403    15550 
387000000   -274.45882    6079.7364     12943.48   -1654.5086    8008.7039    310.18426    15556 
388000000   -237.57086    6150.6306    12848.841   -1581.6162    7969.8176    307.91627    15556 
389000000   -244.61167    6151.6301    12889.806   -1700.1069    8096.3487    308.89797    15554 
390000000   -260.45967    6053.7264    12857.178   -1603.9224    7918.1085    308.11606    15551 
391000000   -267.47451    6075.4257    13028.554   -1668.9189    8011.8192    312.22301    15566 
392000000   -260.10418    6132.3059     12950.96   -1579.7596    7972.1697    310.36351    15536 
393000000   -241.11485     6078.116    12924.204   -1734.0232     8053.254    309.72231    15582 
394000000   -266.88507    6218.9393    13029.852   -1594.7888    8080.6132     312.2541    15547 
395000000   -234.83993    6082.5557    12887.126   -1674.7911    7992.1868    308.83375    15559 
396000000   -270.64619    6009.2918    12985.272   -1791.1446    8071.0826    311.18578    15581 
397000000   -248.91954    6217.0455    12800.626   -1591.6328    8057.5979    306.76082    15552 
398000000   -277.92101    6105.0416    13112.626   -1685.5283    8068.4909    314.23775    15575 
399000000   -257.62026    6005.8857    12869.142   -1750.9832    8014.4891    308.40279    15588 
400000000   -290.78683    6086.9738    12837.838   -1703.8612    8081.6218    307.65258    15573 
401000000   -271.09847    5913.9538    12908.469   -1749.7583    7934.8106    309.34523    15589 
402000000   -302.13949    5941.5026    12840.429   -1704.7832    7948.4253    307.71469    15573 
403000000   -289.13618    6074.0512      12985.8   -1624.1784    7987.3658    311.19842    15554 
404000000    -257.7309    6070.7518    12953.617   -1654.5355    7983.0182    310.42717    15571 
405000000   -266.50206    6076.7931    12993.182   -1617.0365    7960.3316    311.37532    15540 
406000000    -290.0347    6293.6384    12956.231   -1569.6761    8153.3491    310.48982    15550 
407000000   -279.65554    6185.1519    13059.312   -1587.8339    8052.6413     312.9601    15537 
408000000   -257.50172    6210.0265     12914.45   -1512.5011    7980.0294    309.48855    15533 
409000000   -254.90676     6085.193    12918.902   -1621.7127    7961.8125    309.59526    15540 
410000000   -289.00527    6097.5362    12882.075    -1590.151    7976.6925    308.71271    15559 
411000000   -267.48138    6088.3582    12943.536   -1552.2709    7908.1105    310.18559    15543 
412000000   -283.57269    6215.3372    12991.053   -1499.6908    7998.6007     311.3243    15547 
413000000   -261.21971    6381.3786    13041.496   -1487.2091    8129.8075    312.53316    15557 
414000000    -294.3154    5885.8129     13032.53   -1673.8852    7854.0134    312.31829    15566 
415000000   -286.81905    6006.2735    12758.227   -1737.1867    8030.2792    305.74475    15597 
416000000   -281.33405    5977.3814    12996.777   -1624.7233    7883.4387    311.46148    15562 
417000000   -258.42206     6121.578    12848.387   -1604.4991    7984.4991    307.90539    15567 
418000000   -292.85307    6189.5761    12958.632    -1543.669    8026.0981    310.54737    15546 
419000000   -308.03349    6142.4876    12992.486   -1683.2675    8133.7885    311.35866    15567 
420000000   -272.15065    5974.7835     12754.29   -1740.5378     7987.472    305.65039    15596 
421000000   -283.18826    5907.9078    12908.601   -1785.4712    7976.5673     309.3484    15566 
422000000   -287.91954    6010.6214    12758.671   -1705.2937    8003.8346     305.7554    15597 
423000000   -268.80596    6128.1422    13194.041   -1586.1673    7983.1155    316.18882    15568 
424000000   -283.14089    6059.5572    12881.912   -1688.3655    8031.0635    308.70879    15566 
425000000   -288.02597    5981.1533    13013.266   -1729.4427    7998.6219    311.85665    15567 
426000000   -273.98608    6030.7609    12979.449   -1572.2586    7877.0056    311.04623    15539 
427000000   -276.98159     6312.115    12937.274   -1501.9302    8091.0267    310.03553    15524 
428000000   -252.59588    5942.4592    12978.407   -1637.7704    7832.8255    311.02127    15571 
429000000   -256.17986    6220.8721    12849.845    -1526.268      8003.32    307.94033    15565 
430000000   -303.35738    5969.8762    12912.866   -1636.4674    7909.7011     309.4506    15558 
431000000   -298.09086    6118.4098     12772.39   -1688.8319    8105.3326    306.08415    15565 
432000000   -315.50821    6159.3694    12787.637   -1659.5334     8134.411    306.44955    15559 
433000000   -251.26544    6108.3558    12918.576   -1644.7382    8004.3594    309.58743    15574 
434000000   -288.15494    5949.1672    12891.169   -1668.2233    7905.5454    308.93064    15579 
435000000   -297.74023    6110.4838    13074.883   -1582.4156    7990.6396    313.33327    15572 
436000000    -276.1691     6015.923    12955.018   -1650.4005    7942.4926    310.46076    15558 
437000000   -251.85798    6082.0358    12892.229   -1645.7822    7979.6759    308.95605    15572 
438000000   -251.31701    6168.3881    12863.178   -1556.6628    7976.3679    308.25986    15570 
439000000   -277.60474    6003.6031    12927.724   -1634.5762     7915.784    309.80666    15564 
440000000    -272.9982    5971.3161    12971.044   -1714.3599    7958.6742     310.8448    15566 
441000000   -295.71448    5997.3496    12780.753   -1623.7087    7916.7728    306.28459    15565 
442000000   -260.41735    6232.6221    13017.791   -1510.1696     8003.209    311.96507    15566 
443000000   -285.08025    6151.6753    12752.698   -1607.7776    8044.5331    305.61226    15559 
444000000     -285.189    6095.4069    12901.339   -1667.3509    8047.9468    309.17437    15579 
445000000   -274.76651    5983.0187    13019.749   -1688.1673    7945.9525      312.012    15585 
446000000   -280.53161    6015.4473    12926.328   -1648.0455    7944.0244     309.7732    15561 
447000000   -281.51834    6065.9657    12959.265    -1714.918    8062.4021    310.56252    15587 
448000000   -291.93525    6011.5561    13012.824   -1704.7407     8008.232    311.84605    15557 
449000000    -283.0123    6162.3886    12899.235   -1524.5465    7969.9474    309.12393    15536 
450000000   -277.11271    6130.5041    12689.588    -1597.152    8004.7688    304.09984    15568 
451000000   -254.11495    6306.5817    13025.635   -1467.7399    8028.4366    312.15305    15543 
452000000   -259.83186    6165.8786    12814.858   -1656.2428    8081.9533    307.10188    15562 
453000000    -290.4683     6141.213    13099.713   -1576.5195    8008.2007    313.92829    15569 
454000000   -275.33353    6075.3916    12945.821   -1594.8121    7945.5373    310.24036    15567 
455000000   -247.56576    6079.8485    12891.795   -1677.7177     8005.132    308.94564    15560 
456000000   -301.23231    5877.1159    12907.942   -1776.8287    7955.1769     309.3326    15589 
457000000   -275.57042    6196.7611    12902.143   -1617.0965     8089.428    309.19363    15562 
458000000   -269.31477    6011.4601    12954.872   -1683.6578    7964.4327    310.45725    15558 
459000000    -273.7609    5963.0944    12945.817   -1673.5816    7910.4369    310.24025    15565 
460000000   -280.13702    6152.5352    12683.096   -1538.7734    7971.4455    303.94427    15559 
461000000   -223.63461    6127.8709    13022.826   -1624.8633    7976.3688    312.08573    15564 
462000000   -280.37085    5956.6966    13023.675   -1696.3334    7933.4009    312.10609    15568 
463000000   -292.82716    6079.2529    12918.767   -1779.8768    8151.9569    309.59201    15570 
464000000   -235.93715     6012.929     12986.36   -1727.3554    7976.2216    311.21184    15590 
465000000   -255.21557    5974.2336    12890.624    -1630.162    7859.6111    308.91757    15570 
466000000   -312.99825    6072.6888    12806.087   -1656.4735    8042.1606    306.89168    15568 
467000000   -294.74279    6079.9044    12914.043   -1590.2099     7964.857    309.47881    15550 
468000000     -282.048    6144.5404     12894.29   -1643.9756     8070.564    309.00542    15575 
469000000    -291.2673    6052.9725    12903.707   -1662.6015    8006.8413    309.23112    15572 
470000000   -261.45729    5997.3856    12889.783   -1694.0225    7952.8653    308.89742    15586 
471000000   -307.70509    6171.9594    13067.878   -1664.3967    8144.0611    313.16538    15573 
472000000   -292.67693     6233.095    12864.566   -1480.5101    8006.2821    308.29311    15536 
473000000   -259.96484    5997.4969    12844.629   -1667.8359    7925.2976    307.81534    15568 
474000000   -260.38101    6065.8259    12850.498   -1635.7362    7961.9431    307.95597    15544 
475000000   -295.77963    6008.7833    12991.961   -1621.7546    7926.3176    311.34606    15568 
476000000   -268.01437    6089.8762    12878.334   -1670.9631    8028.8537    308.62307    15559 
477000000   -275.63051    6168.3079    12976.661   -1560.2929    8004.2313    310.97941    15542 
478000000   -282.59257    6307.1298    12964.713    -1472.205    8061.9273     310.6931    15535 
479000000    -291.3197    6021.9901    12939.846   -1644.0049    7957.3147    310.09716    15559 
480000000   -289.37075    6039.0805    13003.195   -1622.7418    7951.1931     311.6153    15576 
481000000   -300.30678    5960.7687    12760.983   -1718.4463    7979.5218     305.8108    15577 
482000000   -282.77313    6089.4635    12849.925   -1547.2069    7919.4435    307.94226    15566 
483000000   -274.04739    6087.2768    12926.336   -1640.1349    8001.4591     309.7734    15573 
484000000   -276.32277    6156.9632      12952.7   -1649.8083    8083.0942    310.40519    15574 
485000000   -307.05512    5965.2862    12892.058   -1781.2908    8053.6321    308.95195    15580 
486000000   -267.91889    6059.5235    12792.367   -1627.0522    7954.4946    306.56289    15555 
487000000    -261.4125    6099.9754    13139.968   -1676.9501     8038.338    314.89299    15560 
488000000   -262.14978    6257.0998    12926.652   -1546.9922    8066.2418    309.78098    15534 
489000000   -273.65914    5900.1359    12871.984   -1762.0544    7935.8494    308.47087    15576 
490000000    -301.7895    6212.9055    13004.641   -1510.3034    8024.9984    311.64995    15542 
491000000   -296.58174    5983.1264    12908.172   -1682.3498    7962.0579    309.33811    15557 
492000000   -286.63075     6057.346    12930.149   -1613.3765    7957.3533    309.86479    15551 
493000000   -259.40003    6053.6559    12798.208   -1640.0661     7953.122    306.70287    15569 
494000000    -301.9699    6048.7164    12876.553   -1607.5522    7958.2385    308.58039    15573 
495000000   -261.53108    6051.2393    12943.876   -1673.3984    7986.1688    310.19375    15546 
496000000   -289.57547    6104.4232    12990.922   -1648.3443     8042.343    311.32117    15560 
497000000   -311.65297    5978.2219    12978.734   -1633.3904    7923.2653     311.0291    15552 
498000000   -250.91679     6031.507    12990.002   -1731.1972     8013.621    311.29912    15559 
499000000   -246.38345     6156.233    12974.008   -1598.8213    8001.4378    310.91584    15580 
500000000   -281.00608    5976.4045    12991.104   -1792.8053    8050.2159    311.32553    15576 
Loop time of 140800 on 28 procs for 500000000 steps with 14000 atoms

Performance: 7670.464 ns/day, 0.003 hours/ns, 3551.141 timesteps/s
99.3% CPU use with 28 MPI tasks x no OpenMP threads

MPI task timing breakdown:
Section |  min time  |  avg time  |  max time  |%varavg| %total
---------------------------------------------------------------
Pair    | 10118      | 10827      | 14728      | 762.0 |  7.69
Bond    | 5778.7     | 6227.5     | 12703      |1585.6 |  4.42
Neigh   | 30971      | 31816      | 32354      | 185.0 | 22.60
Comm    | 37323      | 48112      | 52234      |1127.5 | 34.17
Output  | 0.67171    | 0.67265    | 0.67367    |   0.1 |  0.00
Modify  | 25573      | 25997      | 26522      | 125.1 | 18.46
Other   |            | 1.782e+04  |            |       | 12.66

Nlocal:    500 ave 524 max 479 min
Histogram: 4 1 2 3 5 6 1 3 1 2
Nghost:    446.571 ave 627 max 297 min
Histogram: 2 2 1 9 4 3 3 1 1 2
Neighs:    2837.07 ave 3460 max 2303 min
Histogram: 1 3 1 9 2 5 2 2 1 2

Total # of neighbors = 79438
Ave neighs/atom = 5.67414
Ave special neighs/atom = 7.81871
Neighbor list builds = 99901513
Dangerous builds = 0
write_restart final_state_${fName}.restart
write_restart final_state_Run2.restart
Total wall time: 39:06:43
