
units real
boundary p p p
atom_style full

neighbor 1.9 bin
neigh_modify every 1 delay 1 check yes

read_data b70_N200_L400.data extra/special/per/atom 50
  orthogonal box = (-420 -420 -420) to (420 420 420)
  2 by 2 by 7 MPI processor grid
  reading atoms ...
  14000 atoms
  scanning bonds ...
  51 = max bonds/atom
  scanning angles ...
  1 = max angles/atom
  reading bonds ...
  13800 bonds
  reading angles ...
  13600 angles
  2 = max # of 1-2 neighbors
  2 = max # of 1-3 neighbors
  4 = max # of 1-4 neighbors
  56 = max # of special neighbors
  special bonds CPU = 0.00201503 secs
  read_data CPU = 0.0484799 secs

angle_style cosine
angle_coeff * 2 # K (energy unit)

bond_style hybrid harmonic harmonic/shift/cut
bond_coeff 1 harmonic 3 10
bond_coeff 2 harmonic 3 10
bond_coeff 3 harmonic/shift/cut 4.80 11.22 12.72

pair_style lj/cut 25
# atom-typ1, atom-typ2, energy-well, sigma (bead-diameter), cut-off (distance)
pair_coeff * * 0.01 10 25
pair_coeff 2 2 0.18 10 25
pair_coeff 4 4 0.18 10 25

special_bonds lj 1 1 1 angle no
  2 = max # of 1-2 neighbors
  2 = max # of 1-3 neighbors
  4 = max # of 1-4 neighbors
  56 = max # of special neighbors
  special bonds CPU = 0.000708485 secs

minimize 1.0e-4 1.0e-6 100000 100000 # force_tol, energy_tol, maxiter, maxeval
WARNING: Using 'neigh_modify every 1 delay 0 check yes' setting during minimization (../min.cpp:168)
Neighbor list info ...
  update every 1 steps, delay 0 steps, check yes
  max neighbors/atom: 2000, page size: 100000
  master list distance cutoff = 26.9
  ghost atom cutoff = 26.9
  binsize = 13.45, bins = 63 63 63
  1 neighbor lists, perpetual/occasional/extra = 1 0 0
  (1) pair lj/cut, perpetual
      attributes: half, newton on
      pair build: half/bin/newton
      stencil: half/bin/3d/newton
      bin: standard
Per MPI rank memory allocation (min/avg/max) = 1.164 | 13.81 | 17.68 Mbytes
Step Temp E_pair E_mol TotEng Press 
       0            0 1.097855e+12      2649600 1.0978577e+12 5.0804878e+08 
    3165            0    -1749.261     5102.442     3353.181 0.0087270459 
Loop time of 0.701747 on 28 procs for 3165 steps with 14000 atoms

99.0% CPU use with 28 MPI tasks x no OpenMP threads

Minimization stats:
  Stopping criterion = energy tolerance
  Energy initial, next-to-last, final = 
     1.09785765867e+12      3353.38932291      3353.18099319
  Force two-norm initial, final = 8.92234e+10 1.58028
  Force max component initial, final = 1.04805e+09 0.193454
  Final line search alpha, max atom move = 0.612771 0.118543
  Iterations, force evaluations = 3165 3624

MPI task timing breakdown:
Section |  min time  |  avg time  |  max time  |%varavg| %total
---------------------------------------------------------------
Pair    | 0.05204    | 0.1716     | 0.30196    |  17.0 | 24.45
Bond    | 0.015542   | 0.046416   | 0.075828   |   7.2 |  6.61
Neigh   | 0.098682   | 0.10013    | 0.10187    |   0.2 | 14.27
Comm    | 0.093069   | 0.22999    | 0.38513    |  16.7 | 32.77
Output  | 0          | 0          | 0          |   0.0 |  0.00
Modify  | 0          | 0          | 0          |   0.0 |  0.00
Other   |            | 0.1536     |            |       | 21.89

Nlocal:    500 ave 826 max 174 min
Histogram: 1 3 4 4 2 2 8 1 1 2
Nghost:    338.893 ave 565 max 156 min
Histogram: 3 3 2 1 6 7 2 2 1 1
Neighs:    3508.14 ave 5788 max 1093 min
Histogram: 1 4 2 5 2 1 6 2 0 5

Total # of neighbors = 98228
Ave neighs/atom = 7.01629
Ave special neighs/atom = 5.82857
Neighbor list builds = 221
Dangerous builds = 0

# further equilibriate the system before bond formation takes place
fix fxlan all langevin $T $T 1000 ${seed}
fix fxlan all langevin 310 $T 1000 ${seed}
fix fxlan all langevin 310 310 1000 ${seed}
fix fxlan all langevin 310 310 1000 41817
fix fxnve all nve
timestep 0.1
run 10000
Per MPI rank memory allocation (min/avg/max) = 1.128 | 14 | 16.55 Mbytes
Step Temp E_pair E_mol TotEng Press 
    3165            0    -1749.261     5102.442     3353.181 0.0087270459 
   13165    222.81284   -1387.3286    8927.5085    16837.794   -1.8071426 
Loop time of 1.23197 on 28 procs for 10000 steps with 14000 atoms

Performance: 70.132 ns/day, 0.342 hours/ns, 8117.084 timesteps/s
99.5% CPU use with 28 MPI tasks x no OpenMP threads

MPI task timing breakdown:
Section |  min time  |  avg time  |  max time  |%varavg| %total
---------------------------------------------------------------
Pair    | 0.057775   | 0.1884     | 0.34287    |  19.0 | 15.29
Bond    | 0.037831   | 0.1092     | 0.17691    |  11.0 |  8.86
Neigh   | 0.0017393  | 0.0017979  | 0.0018436  |   0.1 |  0.15
Comm    | 0.23031    | 0.43186    | 0.62894    |  16.6 | 35.05
Output  | 4.2027e-05 | 6.4927e-05 | 8.7759e-05 |   0.0 |  0.01
Modify  | 0.091021   | 0.25288    | 0.41428    |  16.7 | 20.53
Other   |            | 0.2478     |            |       | 20.11

Nlocal:    500 ave 828 max 174 min
Histogram: 2 2 4 4 2 2 8 1 1 2
Nghost:    339.393 ave 569 max 156 min
Histogram: 3 3 2 1 5 8 2 2 1 1
Neighs:    3519.71 ave 5807 max 1095 min
Histogram: 2 3 2 5 2 1 6 2 0 5

Total # of neighbors = 98552
Ave neighs/atom = 7.03943
Ave special neighs/atom = 5.82857
Neighbor list builds = 4
Dangerous builds = 0

unfix fxlan
unfix fxnve
reset_timestep 0

variable t equal step
variable steps equal 500000000
variable dt_thermo equal 1000000
variable dt_movie equal 10000000
variable dt_restart equal 50000000

group rxnSites type 1 3
4000 atoms in group rxnSites

# fix ID group-ID(atom-types) bond/create Nevery itype jtype Rmin bondtype (prob values = fraction seed) (iparam maxbond newType)
fix bondc rxnSites bond/create/random 20 1 3 12.72 3 prob 1 ${seed} iparam 1 1 jparam 1 3
fix bondc rxnSites bond/create/random 20 1 3 12.72 3 prob 1 41817 iparam 1 1 jparam 1 3

# fix ID group-ID bond/break Nevery bondtype Rmax keyword values ...
fix bondbr rxnSites bond/break 20 3 12.72 prob 1 ${seed}
fix bondbr rxnSites bond/break 20 3 12.72 prob 1 41817

variable frmbnd equal f_bondc[2]
variable brkbnd equal f_bondbr[2]
fix saveBond all print ${dt_thermo} "$t ${frmbnd} ${brkbnd}" file BondData_${fName}.dat screen no
fix saveBond all print 1000000 "$t ${frmbnd} ${brkbnd}" file BondData_${fName}.dat screen no
fix saveBond all print 1000000 "$t ${frmbnd} ${brkbnd}" file BondData_Run2.dat screen no

thermo_style custom step epair pe ke ebond eangle temp bonds
thermo ${dt_thermo}
thermo 1000000
fix saveThermo all print ${dt_thermo} "$t $(temp) $(ke) $(pe) $(epair) $(ebond) $(eangle) $(bonds)" file Thermo_${fName}.dat title "# Steps Temp KinEng PotEng Epair Ebond Eangle Bonds" screen no
fix saveThermo all print 1000000 "$t $(temp) $(ke) $(pe) $(epair) $(ebond) $(eangle) $(bonds)" file Thermo_${fName}.dat title "# Steps Temp KinEng PotEng Epair Ebond Eangle Bonds" screen no
fix saveThermo all print 1000000 "$t $(temp) $(ke) $(pe) $(epair) $(ebond) $(eangle) $(bonds)" file Thermo_Run2.dat title "# Steps Temp KinEng PotEng Epair Ebond Eangle Bonds" screen no

############################ Langevin Dynamics ###############################
fix fxlan all langevin $T $T 1000 ${seed}
fix fxlan all langevin 310 $T 1000 ${seed}
fix fxlan all langevin 310 310 1000 ${seed}
fix fxlan all langevin 310 310 1000 41817
fix fxnve all nve

comm_style tiled
fix fxbal all balance 1000 1.1 rcb

timestep 25

dump coor all custom ${dt_movie} traj_${fName}.dump id type mol mass x y z xu yu zu
dump coor all custom 10000000 traj_${fName}.dump id type mol mass x y z xu yu zu
dump coor all custom 10000000 traj_Run2.dump id type mol mass x y z xu yu zu

restart ${dt_restart} ${fName}_tp_*.restart
restart 50000000 ${fName}_tp_*.restart
restart 50000000 Run2_tp_*.restart
run ${steps}
run 500000000
Neighbor list info ...
  update every 1 steps, delay 1 steps, check yes
  max neighbors/atom: 2000, page size: 100000
  master list distance cutoff = 26.9
  ghost atom cutoff = 26.9
  binsize = 13.45, bins = 63 63 63
  2 neighbor lists, perpetual/occasional/extra = 1 1 0
  (1) pair lj/cut, perpetual
      attributes: half, newton on
      pair build: half/bin/newton
      stencil: half/bin/3d/newton
      bin: standard
  (2) fix bond/create/random, occasional, copy from (1)
      attributes: half, newton on
      pair build: copy
      stencil: none
      bin: none
Per MPI rank memory allocation (min/avg/max) = 17.87 | 18.29 | 18.88 Mbytes
Step E_pair PotEng KinEng E_bond E_angle Temp Bonds 
       0   -1387.3286    7540.1799    9297.6144    3046.8485      5880.66    222.81284    13800 
 1000000   -222.14807    6585.5547    13110.785   -1464.4355    8272.1382    314.19363    15034 
 2000000   -229.40797    6030.1941    12985.549   -2023.2604    8282.8624    311.19241    15185 
 3000000   -247.29013    5683.7165    13087.662   -2428.3274     8359.334    313.63951    15268 
 4000000   -204.20232    5529.5431    12945.311   -2584.6805    8318.4259    310.22812    15315 
 5000000   -232.82304     5323.294    12992.316   -2741.8695    8297.9865    311.35458    15342 
 6000000   -261.59988    5183.7072    13048.106   -2816.6263    8261.9334    312.69156    15358 
 7000000   -276.45282    5079.1957    12874.586   -2918.0933    8273.7418    308.53323    15373 
 8000000   -266.16112    5086.2399    12897.512   -2839.7449    8192.1459    309.08264    15381 
 9000000   -252.09902     5002.348    13047.309   -2994.8472    8249.2943    312.67247    15410 
10000000   -230.72949    5104.9159    12998.648   -2860.4483    8196.0938    311.50633    15396 
11000000   -279.45346      4884.27    12981.074   -3005.8859    8169.6094    311.08518    15407 
12000000   -260.62901    4824.3165    13076.153   -3195.6918    8280.6373    313.36369    15431 
13000000   -299.73278    4938.3988    12880.938   -3019.6853    8257.8169    308.68546    15417 
14000000   -240.97867    4845.2778    12779.608   -3161.1957    8247.4522    306.25714    15446 
15000000   -260.96048    4749.7555    13048.482   -3195.9123    8206.6283    312.70057    15449 
16000000    -290.9173    4753.1187    12824.378   -3347.9273    8391.9632    307.33003    15451 
17000000   -291.49717    4781.3499    13081.181   -3223.9568    8296.8038    313.48418    15455 
18000000   -278.37361    4837.0201    12950.097   -3162.4802    8277.8739    310.34283    15433 
19000000   -281.37035    4550.0774    13036.009   -3440.0112    8271.4589    312.40167    15477 
20000000     -292.585    4824.1307    12954.578   -3095.9331    8212.6488    310.45021    15451 
21000000    -271.4044    4828.0505    13109.915   -3175.1443    8274.5992    314.17278    15455 
22000000   -267.85024    4545.4754    12799.736   -3300.0346    8113.3602    306.73949    15458 
23000000    -282.0436    4802.2251    12995.933   -3255.7978    8340.0665    311.44127    15459 
24000000   -300.19181    4814.0548    12866.752   -3253.5501    8367.7967     308.3455    15468 
25000000   -307.03574    4678.1664    12958.504   -3311.4512    8296.6534    310.54429    15478 
26000000   -316.64404    4528.3049    12885.414   -3417.5464    8262.4954    308.79274    15495 
27000000   -331.17386    4650.4041    12915.781   -3294.0932    8275.6712    309.52047    15478 
28000000   -267.34458    4465.9491    12897.813   -3337.5199    8070.8135    309.08986    15482 
29000000   -304.06352    4495.1217    13066.908   -3319.8139    8118.9992    313.14213    15493 
30000000   -275.07598    4421.0121    13224.838   -3400.0359     8096.124    316.92686    15493 
31000000   -297.94114    4431.5472    12880.147   -3402.5962    8132.0845     308.6665    15496 
32000000   -327.64271    4484.5631    12854.797   -3406.2432    8218.4491    308.05899    15472 
33000000    -291.8716    4357.2589    13030.315   -3418.6355     8067.766    312.26522    15481 
34000000   -312.38464     4577.469    12896.954   -3453.5668    8343.4204    309.06927    15491 
35000000   -288.28274    4562.6753     12922.37    -3324.014    8174.9721    309.67836    15486 
36000000   -309.45554    4559.6683    12895.766   -3422.4186    8291.5424    309.04082    15490 
37000000   -327.05792    4407.6231    12837.315   -3383.8602    8118.5412    307.64005    15483 
38000000   -347.90235    4497.1862    12999.282    -3472.484    8317.5725    311.52153    15500 
39000000   -335.80203    4422.6036    12981.507   -3437.1361    8195.5417    311.09554    15497 
40000000   -306.92163    4342.4666    12725.421    -3439.952    8089.3402    304.95858    15500 
41000000    -330.8888    4433.7223    12839.202   -3364.5696    8129.1807    307.68527    15487 
42000000   -333.01859    4639.4128    13088.737   -3332.7083    8305.1397    313.66526    15484 
43000000   -319.24076    4661.2013    12933.551   -3301.6787    8282.1207    309.94632    15501 
44000000   -289.02364    4519.1424    12907.176   -3474.5816    8282.7476    309.31425    15493 
45000000   -339.66565    4499.4728    12938.401   -3428.1586    8267.2971    310.06254    15503 
46000000   -308.65297    4460.4828     12990.07   -3423.3424    8192.4781    311.30075    15492 
47000000     -292.049    4307.8233    12962.114   -3546.8529    8146.7252     310.6308    15515 
48000000    -321.1394    4555.7808    12775.723   -3429.9173    8306.8375    306.16404    15502 
49000000   -325.15291    4446.2928    12884.475   -3459.8595    8231.3052    308.77022    15499 
50000000   -312.14581    4443.1136    12950.651   -3440.9319    8196.1914    310.35609    15513 
51000000   -355.78224    4341.6541    12943.231   -3456.6258    8154.0622    310.17828    15504 
52000000   -297.19276    4546.1589    12756.709   -3329.5923     8172.944    305.70837    15505 
53000000   -351.49902    4557.0747    12885.159   -3458.3925    8366.9662    308.78662    15495 
54000000     -306.237    4314.2966    12863.516   -3525.9327    8146.4664    308.26796    15510 
55000000   -359.24551    4237.3201    13104.818   -3538.3312    8134.8969    314.05063    15512 
56000000   -333.23999    4449.9731    12927.455   -3440.4658    8223.6789    309.80023    15509 
57000000   -361.80757    4357.9346    12862.101   -3461.1096    8180.8517    308.23404    15507 
58000000   -309.79118    4398.7611    12785.959    -3516.391    8224.9434    306.40935    15530 
59000000   -335.48738    4369.8873    12879.256   -3428.9286    8134.3034    308.64514    15517 
60000000   -357.83217    4288.2427    12901.139   -3506.1984    8152.2733    309.16958    15507 
61000000    -348.2935    4430.8646     13026.62   -3468.2462    8247.4043    312.17665    15499 
62000000   -323.72871    4330.3277    12963.654   -3491.9586     8146.015    310.66772    15505 
63000000   -334.46389    4462.5583    13017.346   -3386.6161    8183.6383    311.95442    15504 
64000000   -343.31094    4404.1017    12952.493   -3472.6974      8220.11    310.40024    15505 
65000000   -347.70072    4246.8986    12955.705   -3642.7925    8237.3918    310.47721    15520 
66000000   -342.73008    4563.5477    12960.185   -3382.5754    8288.8532    310.58459    15506 
67000000   -343.76194    4313.1763    12874.559   -3502.6599    8159.5981    308.53258    15502 
68000000   -348.14639     4346.284    13097.919   -3500.4339    8194.8643     313.8853    15514 
69000000    -320.0839    4543.8666    12958.889   -3396.7466    8260.6971    310.55353    15496 
70000000   -336.84889    4501.8566    13056.114   -3302.1019    8140.8074    312.88348    15501 
71000000   -348.72967    4432.8074      12895.7   -3413.6913    8195.2283    309.03923    15510 
72000000   -347.89872    4279.0295    12943.561   -3579.3398     8206.268    310.18618    15532 
73000000   -318.38778    4292.8412    12965.895   -3542.0158    8153.2448    310.72141    15517 
74000000   -346.36337    4311.4458    12883.123    -3459.298    8117.1072    308.73783    15523 
75000000   -370.24922     4344.887    12857.244   -3412.2472    8127.3834    308.11766    15501 
76000000   -348.45893    4358.9595    13009.967   -3561.5774    8268.9958    311.77757    15518 
77000000    -318.8943    4199.9162    13063.954   -3537.4801    8056.2906    313.07136    15527 
78000000   -369.26576     4290.396    13003.186   -3529.9852     8189.647    311.61509    15542 
79000000   -355.61068    4368.7676    12970.206    -3468.831    8193.2093    310.82474    15503 
80000000   -329.09766    4254.5895    12887.749   -3496.6826    8080.3698    308.84868    15511 
81000000   -346.07182    4210.2974    12820.656   -3544.1301    8100.4993    307.24084    15516 
82000000   -368.80818    4388.3507    12939.356   -3491.3332    8248.4921    310.08542    15505 
83000000   -357.18014    4269.7566    12958.412   -3525.9929    8152.9297    310.54209    15518 
84000000   -367.71018    4294.9224    12990.631   -3507.1244     8169.757    311.31419    15516 
85000000   -357.52668    4121.4787    12937.476   -3684.2012    8163.2066    310.04036    15554 
86000000   -364.73336    4168.3953    12987.503   -3602.9063     8136.035    311.23924    15530 
87000000   -387.12258    4237.0052    12961.383   -3554.0778    8178.2056    310.61329    15529 
88000000   -368.67278    4400.0919    12958.479   -3538.1555    8306.9201     310.5437    15522 
89000000   -358.94008    4470.9823    12945.328   -3401.1197    8231.0421    310.22854    15499 
90000000   -337.85572    4377.4507    13039.421    -3403.734    8119.0405    312.48343    15489 
91000000   -378.08656     4368.012    12924.804   -3444.4178    8190.5163    309.73669    15508 
92000000   -350.74298    4326.7373    13025.724   -3559.2626    8236.7429     312.1552    15520 
93000000   -385.79495    4199.4338    12890.488    -3523.046    8108.2748    308.91432    15518 
94000000   -344.86014    4404.3765    13118.926    -3441.115    8190.3516    314.38872    15500 
95000000   -362.18478    4303.0577    12805.446   -3469.9357    8135.1782    306.87633    15510 
96000000   -322.25491    4343.2454    12872.138   -3538.1041    8203.6044    308.47456    15520 
97000000   -339.68042    4399.5106    12855.769   -3367.1921    8106.3832     308.0823    15490 
98000000   -352.90531    4328.8514    12995.538    -3564.247    8246.0037     311.4318    15540 
99000000   -358.12819    4422.3227     12931.42    -3455.644    8236.0949    309.89524    15506 
100000000   -331.29357    4258.6579    12846.711   -3542.3892    8132.3406    307.86523    15509 
101000000   -358.84802    4400.0814    12962.584   -3408.0282    8166.9576    310.64207    15505 
102000000   -374.94473    4392.8893    12763.371   -3532.2496    8300.0836    305.86802    15521 
103000000   -357.23803     4401.774    12880.906   -3490.4427    8249.4547     308.6847    15530 
104000000   -347.95805    4155.8626    13090.097   -3687.5435    8191.3642    313.69785    15550 
105000000   -376.16152    4191.4616    12896.816   -3543.6489     8111.272    309.06596    15512 
106000000   -378.61635    4502.0387    12882.919   -3358.7959     8239.451    308.73295    15496 
107000000   -323.37351    4227.0636    13012.811   -3585.5677    8136.0049    311.84574    15537 
108000000    -342.1487    4434.2849     13134.39   -3320.4972    8096.9308    314.75932    15509 
109000000    -348.6312     4300.908    13185.827   -3483.5337    8133.0728    315.99197    15527 
110000000   -356.41827    4321.5154     13054.26   -3465.3756    8143.3092    312.83903    15510 
111000000   -370.32063    4308.0077    12949.688   -3598.1912    8276.5196    310.33303    15527 
112000000   -363.63887    4285.5057    12863.946   -3604.0908    8253.2354    308.27826    15541 
113000000   -344.19617    4265.1884    12970.792   -3607.1841    8216.5686    310.83877    15543 
114000000   -376.68878    4268.4388    12928.131   -3527.8271    8172.9547    309.81641    15507 
115000000   -372.70673    4274.2919    12876.545    -3610.798    8257.7967    308.58018    15524 
116000000   -335.87748    4256.5412    13040.237    -3558.264    8150.6826    312.50298    15536 
117000000   -396.43826    4281.8379     12872.64   -3519.5567    8197.8329    308.48661    15524 
118000000   -350.87061    4345.4193    12897.783   -3495.8904    8192.1803    309.08914    15520 
119000000   -384.02795    4238.8804    13033.651   -3565.2253    8188.1336    312.34515    15504 
120000000   -376.99366    4278.4921     12933.15   -3591.9269    8247.4127    309.93671    15519 
121000000   -376.73428    4282.8075    12946.356   -3525.5646    8185.1064    310.25318    15516 
122000000   -325.99576    4273.2247    12881.844   -3635.6703    8234.8908    308.70717    15526 
123000000   -342.24966    4206.8662    12926.656   -3583.1236    8132.2394    309.78108    15519 
124000000   -335.39846    4352.7988    12938.241   -3523.1763    8211.3736    310.05871    15513 
125000000   -349.18366    4413.3065    12900.575   -3390.7878     8153.278    309.15606    15504 
126000000   -367.17823    4329.6293    12941.701   -3425.4071    8122.2146    310.14161    15508 
127000000   -316.87992    4337.0557    12869.861   -3542.1123     8196.048    308.41999    15534 
128000000   -377.74617    4262.6464     12832.57   -3591.7037    8232.0963    307.52635    15521 
129000000   -356.20878    4301.8498    12960.011   -3472.1087    8130.1673    310.58042    15516 
130000000    -347.5845    4483.0972    12827.808   -3469.1098    8299.7915    307.41222    15504 
131000000   -326.19123    4313.1434    12938.552   -3558.9715    8198.3061    310.06616    15499 
132000000   -340.07527    4286.7764    13014.227   -3588.6945    8215.5462    311.87966    15528 
133000000   -338.21233    4291.4175    12885.934   -3454.7385    8084.3684    308.80518    15516 
134000000   -351.09313    4192.8301    12896.304   -3610.9893    8154.9125    309.05369    15516 
135000000   -343.09376    4373.0047    12879.532   -3521.7644    8237.8629    308.65176    15532 
136000000   -345.41307    4388.6758    13030.138   -3461.9091    8195.9979    312.26096    15509 
137000000   -351.78492    4501.9167     12847.58   -3386.1545    8239.8561    307.88605    15484 
138000000   -355.12529    4506.9892    12909.182    -3360.271    8222.3855    309.36231    15505 
139000000   -367.09696    4347.9815    12993.578   -3548.4138    8263.4923    311.38483    15519 
140000000    -339.4213    4205.7851    13085.075   -3578.7306     8123.937    313.57751    15521 
141000000   -305.12617    4509.2532    12914.001   -3447.5264    8261.9058    309.47779    15508 
142000000   -367.51958    4463.6255    12920.477   -3461.2639     8292.409    309.63299    15523 
143000000   -376.04832    4273.8186      13017.1   -3450.8566    8100.7236    311.94852    15513 
144000000    -359.3272    4322.3659    12943.917   -3594.2154    8275.9085    310.19472    15536 
145000000   -349.91382    4255.2623    12841.278   -3529.2439    8134.4201    307.73502    15524 
146000000   -331.24526    4250.8783    12930.952   -3619.7112    8201.8348    309.88401    15536 
147000000   -352.30348    4414.5882     12932.02   -3331.8873     8098.779    309.90961    15490 
148000000   -311.57645    4514.2582    12762.597   -3388.2243     8214.059    305.84947    15505 
149000000   -360.44116    4203.2823    12897.951   -3569.2589    8132.9824    309.09317    15525 
150000000   -382.04625     4304.773    13065.924   -3516.7239    8203.5431    313.11855    15520 
151000000   -403.88463    4385.7133     12879.07   -3450.8732    8240.4711    308.64069    15520 
152000000   -381.41441    4205.2405    12859.884   -3606.3572    8193.0121    308.18091    15528 
153000000   -362.58973    4277.2617    12908.989   -3544.3337    8184.1851    309.35769    15533 
154000000   -365.38045     4258.313    12819.766   -3484.1315    8107.8249     307.2195    15512 
155000000   -380.93601    4305.9246    13046.964   -3468.6674    8155.5279     312.6642    15514 
156000000   -362.67768    4319.2083    12950.347   -3459.7765    8141.6625    310.34882    15506 
157000000    -373.1385    4278.7465    12991.484   -3471.2308    8123.1158    311.33465    15518 
158000000   -383.32251    4274.4443     12953.93    -3625.256    8283.0228    310.43467    15538 
159000000   -366.63021    4267.3157    12955.767   -3452.7414    8086.6874     310.4787    15504 
160000000   -354.88524    4171.7103    13122.652   -3573.8422    8100.4377    314.47803    15536 
161000000    -377.5011    4165.4409    12857.129   -3617.9369    8160.8789     308.1149    15532 
162000000   -351.93497    4342.6133    12995.135   -3446.5214    8141.0697    311.42214    15515 
163000000   -368.72254    4206.3408    12961.255   -3607.8921    8182.9555    310.61021    15511 
164000000   -362.59067    4252.0312    12846.926    -3556.811    8171.4329    307.87037    15513 
165000000   -359.95423    4180.5871    12844.069   -3580.9023    8121.4437    307.80191    15526 
166000000   -353.27373    4424.1024    12929.543   -3564.1665    8341.5425    309.85026    15523 
167000000   -364.20366    4229.8203    12943.599   -3555.2288    8149.2527    310.18711    15509 
168000000   -361.37617     4369.067    12826.574   -3412.6179     8143.061    307.38266    15514 
169000000   -337.86062    4112.0237      12923.5   -3583.9424    8033.8267    309.70545    15523 
170000000    -368.2958    4166.8873     12898.42   -3634.1446    8169.3278    309.10441    15526 
171000000   -335.46275     4302.121    12894.094   -3481.2421    8118.8259    309.00075    15513 
172000000    -350.4287    4307.6707    12952.865   -3484.1317    8142.2311    310.40916    15518 
173000000   -371.57087    4200.5043    12796.653   -3600.2174    8172.2925     306.6656    15528 
174000000   -326.03246    4327.2961    12771.899      -3514.5    8167.8286    306.07239    15527 
175000000   -368.05348    4313.5751    13051.074   -3496.5537    8178.1823    312.76268    15511 
176000000   -368.02847    4196.4906    12813.392   -3624.5673    8189.0863    307.06675    15537 
177000000   -353.55495    4188.5036    12919.809   -3553.8383    8095.8968    309.61698    15541 
178000000   -373.96117    4332.5455    13052.092   -3511.2469    8217.7536    312.78708    15522 
179000000   -373.27673    4346.5983    12913.244   -3420.3366    8140.2116    309.45965    15496 
180000000   -348.54414    4142.6213    12924.976   -3590.0778    8081.2433    309.74082    15539 
181000000     -347.236    4305.8706    12760.622    -3526.386    8179.4926    305.80215    15527 
182000000   -312.01741     4197.015    13079.722   -3590.6343    8099.6668    313.44922    15518 
183000000   -400.75976    4172.8707    13039.379   -3505.1969    8078.8274    312.48242    15530 
184000000    -386.0332    4347.4163    12882.741    -3457.994    8191.4434    308.72866    15510 
185000000   -342.73415    4126.3958    12920.603   -3571.5172    8040.6471    309.63602    15519 
186000000    -363.6956    4185.5296    12905.049   -3593.6348      8142.86    309.26328    15522 
187000000   -357.95579     4363.175    12959.476   -3470.2395    8191.3703    310.56759    15520 
188000000    -325.1334    4174.3775    12933.004   -3515.0485    8014.5594     309.9332    15521 
189000000   -359.59319    4352.8983    12955.743   -3441.4342    8153.9258    310.47812    15507 
190000000   -349.47412    4289.8373      12959.5   -3496.4824    8135.7938    310.56817    15506 
191000000   -348.18016    4344.4316    12771.627   -3508.5597    8201.1715    306.06587    15510 
192000000   -333.41145    4245.2163     12967.73   -3507.0573    8085.6851    310.76538    15516 
193000000   -372.66241    4284.9204    12990.339   -3519.4691    8177.0519    311.30721    15538 
194000000   -364.91288    4559.6193    12900.735   -3340.1704    8264.7025    309.15989    15497 
195000000   -342.49851    4280.6338    12986.599   -3501.6837     8124.816    311.21759    15532 
196000000   -341.93994    4136.3604    12898.539   -3646.3058    8124.6061    309.10727    15512 
197000000   -378.25511    4286.8879     12947.74   -3434.6426    8099.7857    310.28633    15511 
198000000   -348.04018    4390.6986    12886.698   -3511.4166    8250.1553     308.8235    15515 
199000000   -375.29193    4406.0812    12903.019   -3509.5747    8290.9478    309.21463    15508 
200000000   -341.87167    4271.2006    12935.199   -3493.5339    8106.6061     309.9858    15518 
201000000   -359.58884    4312.2474    12917.898   -3498.0165    8169.8527    309.57118    15524 
202000000   -316.29167    4186.7538    13000.618   -3517.4453    8020.4907    311.55354    15523 
203000000   -335.69637    4302.6358    12890.859   -3463.2441    8101.5763    308.92321    15528 
204000000    -349.7523    4392.8664    12838.801   -3448.8361    8191.4548    307.67567    15504 
205000000   -344.48929    4235.1983    12816.079   -3535.5078    8115.1953    307.13114    15522 
206000000    -362.9474    4217.4143    13073.789   -3559.7049    8140.0666    313.30705    15528 
207000000   -338.62354    4408.3589    12815.857   -3570.2224    8317.2049    307.12583    15545 
208000000   -368.88382    4326.5796    12979.295   -3509.1925     8204.656    311.04254    15515 
209000000   -345.23215    4252.2156    12971.103   -3513.3308    8110.7786    310.84622    15531 
210000000   -348.37659     4390.548    12878.545   -3526.7909    8265.7154    308.62811    15523 
211000000   -353.11768    4246.6977     12998.08   -3486.6691    8086.4845    311.49271    15518 
212000000   -369.31792    4246.1037    12907.474   -3480.6896    8096.1112    309.32138    15510 
213000000   -360.41005    4271.4409    12967.602   -3587.3049    8219.1559    310.76232    15515 
214000000   -347.48726     4335.152    12969.053   -3570.8115    8253.4507     310.7971    15527 
215000000   -343.70416    4431.0781    12814.854   -3368.1664    8142.9486    307.10178    15499 
216000000   -357.33892    4350.8536    12857.391   -3463.4706    8171.6631    308.12117    15516 
217000000   -356.38998    4088.2426    12933.896   -3575.5839    8020.2165    309.95457    15527 
218000000   -343.83157    4227.2372    12942.817   -3567.7305    8138.7992    310.16836    15535 
219000000   -362.49609    4249.7209     13009.16   -3581.8552    8194.0722    311.75824    15548 
220000000   -353.90293     4238.248     12980.56   -3557.7303    8149.8812    311.07286    15523 
221000000   -343.66603    4457.7737    12922.402   -3344.9251    8146.3648    309.67912    15504 
222000000   -373.68788    4107.8859    13009.424   -3669.2737    8150.8475    311.76457    15543 
223000000   -315.27749      4308.96    12981.181   -3560.5162    8184.7536    311.08775    15531 
224000000   -359.76322     4202.527    12960.645   -3549.1869    8111.4771    310.59559    15524 
225000000   -364.97562    4337.7111    12913.252   -3477.4948    8180.1815    309.45985    15512 
226000000   -373.12572    4135.1921    12913.776   -3601.8662    8110.1839     309.4724    15524 
227000000   -386.65989    4263.9267    12962.156   -3479.0023    8129.5889    310.63182    15512 
228000000   -368.41734    4326.8358    12933.157   -3567.4818    8262.7349    309.93685    15524 
229000000   -344.77095    4407.6807    12833.004   -3522.0467    8274.4984    307.53675    15526 
230000000   -353.50403    4439.7539    12743.474   -3398.9414    8192.1993     305.3912    15497 
231000000   -381.80659    4313.7336    12796.944   -3536.8021    8232.3422    306.67259    15535 
232000000   -348.60011    4351.0122    12862.808   -3494.4551    8194.0674    308.25098    15519 
233000000   -367.25428    4377.4963    13114.218   -3528.5335     8273.284     314.2759    15519 
234000000    -347.3982    4353.4056    12995.982   -3463.3491    8164.1529    311.44244    15504 
235000000   -384.56967     4262.178    12827.725   -3484.6621    8131.4098    307.41024    15510 
236000000    -347.4129    4328.0567    12903.166   -3511.3112    8186.7809    309.21813    15522 
237000000   -377.02828    4041.8515    12847.376   -3638.9913     8057.871    307.88117    15521 
238000000   -373.60185     4434.697    12858.486   -3360.6538    8168.9527    308.14742    15500 
239000000   -372.69637     4147.102    12884.338   -3593.8111    8113.6095    308.76695    15526 
240000000   -360.69234    4366.5361    12809.143   -3405.0283    8132.2567    306.96493    15499 
241000000   -320.83327    4185.6945    12894.971   -3622.6911    8129.2189    309.02175    15524 
242000000   -327.71566    4226.5259    12903.177   -3650.0489    8204.2905    309.21841    15527 
243000000   -380.81336    4323.6272    12782.743   -3459.4554    8163.8959    306.33227    15524 
244000000   -384.34547    4191.3956    12918.959   -3591.4888    8167.2299    309.59661    15520 
245000000   -341.34683    4397.1418    12797.654   -3462.0546    8200.5432     306.6896    15533 
246000000    -388.6023    4167.6026    12797.225   -3584.1723    8140.3771    306.67932    15513 
247000000   -368.76053    4376.5734    12917.375   -3466.4004    8211.7343    309.55867    15518 
248000000   -399.10778    4369.1699    13000.859   -3442.0203     8210.298     311.5593    15509 
249000000   -335.63178    4381.4081    12924.724   -3589.8009    8306.8407    309.73478    15527 
250000000   -344.17155    4249.6685    13042.127    -3517.564     8111.404    312.54829    15515 
251000000   -326.12436    4434.4221    12982.842   -3450.2476     8210.794    311.12755    15516 
252000000   -362.78818     4410.674    12980.086   -3433.0102    8206.4724     311.0615    15514 
253000000   -379.15526    4224.5987    12872.138   -3499.0539    8102.8079    308.47457    15530 
254000000   -374.74182    4238.1808    12989.599   -3476.7339    8089.6565    311.28948    15517 
255000000   -345.25183    4230.9748    12921.102   -3652.5417    8228.7683    309.64797    15527 
256000000   -383.49298    4253.8656    12973.475   -3512.6189    8149.9775    310.90306    15530 
257000000   -332.98809    4182.9662    12986.387   -3576.3974    8092.3516    311.21249    15524 
258000000   -381.41127    4144.2134     13016.42   -3626.6538    8152.2785    311.93223    15521 
259000000   -389.02666    4194.6906    12910.871     -3588.69    8172.4072    309.40279    15519 
260000000   -327.18208    4422.2496    12971.438   -3435.1717    8184.6034    310.85425    15513 
261000000   -335.76572    4329.0234    12964.117   -3521.8869     8186.676     310.6788    15515 
262000000   -342.26498    4298.8239    13015.499   -3555.2626    8196.3515    311.91015    15524 
263000000   -361.20167    4269.6349    12923.572   -3592.3213    8223.1578    309.70717    15526 
264000000   -347.58257    4405.3867    13022.922   -3445.9068    8198.8761    312.08804    15503 
265000000   -362.30311    4426.6706     12994.31   -3397.9509    8186.9246    311.40237    15505 
266000000   -353.97665    4424.7004    12795.973   -3446.7638    8225.4409    306.64932    15515 
267000000   -358.50005     4298.871    12755.727   -3454.6443    8112.0153    305.68485    15510 
268000000   -338.80992    4324.9812    12723.971   -3472.5984    8136.3896    304.92382    15503 
269000000   -368.94235    4261.6476    12793.322     -3578.18    8208.7699    306.58579    15508 
270000000   -344.16434    4334.4085    12934.718   -3537.4164    8215.9893    309.97428    15517 
271000000   -355.51072    4335.5878    12835.872   -3517.7444    8208.8429    307.60547    15518 
272000000   -336.01389    4393.7209     13022.45    -3476.592    8206.3268    312.07672    15501 
273000000   -383.84702    4245.8401    12903.445   -3585.7511    8215.4383    309.22484    15511 
274000000   -330.38508    4227.7569     12809.44   -3448.9381      8007.08    306.97205    15526 
275000000   -364.10713    4252.4844    12915.721   -3562.9111    8179.5027    309.51902    15522 
276000000   -363.97986    4203.2714    12844.994   -3598.6642    8165.9154    307.82407    15523 
277000000   -341.68684    4263.4048    13070.108   -3516.2821    8121.3737    313.21883    15511 
278000000     -346.748    4275.2694    12889.564   -3604.9051    8226.9225    308.89217    15515 
279000000   -374.22157    4198.3555     13007.63   -3595.8827    8168.4598    311.72157    15519 
280000000   -355.29976    4198.3807    12845.931   -3562.4797    8116.1602    307.84654    15522 
281000000   -379.71285    4213.2344    12920.767   -3535.5416    8128.4889    309.63995    15520 
282000000   -324.69182     4470.521    12822.139   -3438.4647    8233.6775    307.27637    15502 
283000000   -362.80571    4301.0383    12941.843   -3492.8174    8156.6614    310.14502    15520 
284000000   -340.27629    4185.1155    12939.613    -3633.633    8159.0248    310.09158    15539 
285000000   -373.41025     4359.029    12915.577   -3446.6615    8179.1008    309.51556    15514 
286000000   -356.73833    4141.0289     12884.93   -3551.5197     8049.287    308.78113    15515 
287000000   -378.67598    4155.1778    12847.508   -3548.0525    8081.9062    307.88432    15528 
288000000   -356.69403    4271.4888    12897.372    -3562.823    8191.0059     309.0793    15530 
289000000   -365.96697    4273.7344    12928.628   -3481.8234    8121.5248    309.82833    15498 
290000000   -347.73088    4280.7963    12969.155   -3588.3633    8216.8905    310.79953    15530 
291000000   -367.05295    4285.6349    12961.943   -3583.3748    8236.0627    310.62671    15526 
292000000   -374.83693    4458.6768    13081.461   -3390.9941    8224.5078     313.4909    15512 
293000000   -361.12213    4243.3114    12970.268   -3529.1258    8133.5594     310.8262    15513 
294000000   -353.07006    4324.9842    13000.364   -3518.8022    8196.8565    311.54745    15515 
295000000   -349.45453    4325.2016     12988.09   -3545.3286    8219.9848    311.25332    15520 
296000000   -338.66328    4357.9359    12858.262   -3519.5599    8216.1591    308.14205    15537 
297000000   -348.59021    4222.9268    12949.765   -3549.7079    8121.2249    310.33486    15528 
298000000   -365.95664    4182.0917    12970.952   -3643.8554    8191.9038    310.84259    15532 
299000000   -378.28105    4066.0913    13039.589   -3538.7796     7983.152    312.48746    15517 
300000000   -364.41411    4339.4066    12797.154   -3562.5301    8266.3508    306.67761    15544 
301000000   -368.94431    4270.0558     12932.29   -3418.2565    8057.2566    309.91609    15516 
302000000   -315.74562    4442.0483    12914.247    -3437.369     8195.163    309.48369    15521 
303000000   -351.82363    4180.7565    12835.749   -3546.1007    8078.6809    307.60253    15519 
304000000   -369.16203    4377.4446    12930.511   -3475.9566    8222.5632    309.87346    15507 
305000000   -363.54482    4358.9004    13113.301   -3418.1241    8140.5693    314.25392    15508 
306000000   -351.86313    4366.5616    13237.232   -3452.7279    8171.1527    317.22387    15504 
307000000    -377.0907    4136.8826    12883.885    -3639.239    8153.2124    308.75609    15545 
308000000   -353.14966    4405.6176    13018.028   -3383.2639    8142.0311    311.97075    15505 
309000000   -330.01753     4326.737    13025.057   -3604.1688    8260.9234    312.13921    15532 
310000000   -376.76329    4327.0901    12976.627   -3558.2356     8262.089    310.97861    15535 
311000000    -373.6647    4299.3187    12841.459   -3536.6654    8209.6488    307.73937    15523 
312000000   -372.57891    4329.3562    12875.242   -3676.1199     8378.055    308.54895    15536 
313000000   -366.19487    4255.4825    12887.998   -3579.6391    8201.3165    308.85465    15522 
314000000    -343.7751     4257.268     12964.73   -3646.2184    8247.2615     310.6935    15531 
315000000   -320.42426     4342.292    13078.613    -3586.795    8249.5113    313.42264    15524 
316000000   -356.82399    4243.4055     12871.68   -3546.2026    8146.4321     308.4636    15521 
317000000   -374.70123    4135.4524    13061.677   -3669.2399    8179.3935    313.01678    15532 
318000000   -392.78835    4445.2014    13042.166   -3388.5276    8226.5174    312.54922    15515 
319000000   -379.31892    4291.0279     13000.92   -3520.6643    8191.0111    311.56077    15524 
320000000   -317.28504    4255.0458    12988.545   -3545.9238    8118.2546     311.2642    15524 
321000000   -362.44837     4332.371    12850.978   -3461.9057    8156.7251    307.96747    15510 
322000000   -352.03355    4339.1972     13007.64   -3482.9205    8174.1512    311.72181    15522 
323000000   -346.96253    4409.4054    12911.894   -3396.1492    8152.5172    309.42731    15522 
324000000   -356.50823     4293.286     12890.28   -3573.1561    8222.9503    308.90934    15516 
325000000   -354.73413    4243.3383    12885.047   -3622.7855     8220.858    308.78394    15526 
326000000   -375.72219    4347.1006    12929.016    -3403.033    8125.8558    309.83764    15513 
327000000   -385.82149    4096.7668    12956.129    -3556.972    8039.5603    310.48739    15535 
328000000   -341.05106    4458.8087     13009.88   -3385.6963    8185.5561     311.7755    15515 
329000000   -363.08016    4359.5677    12928.935   -3514.5227    8237.1706    309.83568    15527 
330000000   -385.51725    4312.9145    12953.387   -3425.1084    8123.5402    310.42167    15502 
331000000   -354.38932    4380.1528    12981.665   -3492.6292    8227.1713    311.09934    15505 
332000000   -361.56795    4470.3094    12753.297   -3531.0881    8362.9654     305.6266    15533 
333000000   -371.97395    4427.1881    12892.973   -3375.3824    8174.5445    308.97388    15506 
334000000   -346.56582    4330.8491    13069.412   -3476.9598    8154.3747    313.20214    15503 
335000000    -336.2916    4196.7697    12901.143   -3552.0362    8085.0974    309.16966    15516 
336000000   -362.51296    4202.5532    12971.461    -3582.877    8147.9431    310.85481    15524 
337000000   -364.00312    4328.5437    12961.485   -3487.4865    8180.0333    310.61573    15507 
338000000   -348.78805    4160.0393    13044.962   -3495.7612    8004.5886    312.61621    15514 
339000000   -358.45369    4288.6896    12927.547   -3585.8662    8233.0095    309.80243    15534 
340000000   -328.88793    4405.3485    12931.169   -3616.3186    8350.5551    309.88922    15533 
341000000   -361.20944    4409.0465    12935.666   -3482.3201    8252.5761    309.99699    15505 
342000000   -326.68217    4212.2496    13031.931   -3558.4544    8097.3862    312.30394    15526 
343000000   -345.95833    4219.6972     12982.55   -3653.6324    8219.2879    311.12054    15532 
344000000    -384.5651    4025.3095    13111.754   -3629.5705     8039.445    314.21685    15547 
345000000   -352.34519    4265.5401    12885.031   -3543.6668    8161.5521    308.78356    15529 
346000000   -364.73875    4120.0176    12821.109   -3586.2903    8071.0466    307.25168    15529 
347000000   -340.45026    4380.0478    12896.344   -3451.9634    8172.4615    309.05467    15511 
348000000   -380.80069    4311.7508    12831.412   -3485.2618    8177.8133    307.49861    15520 
349000000   -343.24298     4384.534     12923.18   -3395.2427    8123.0196    309.69778    15513 
350000000   -305.98601    4347.0528    12936.576   -3517.1745    8170.2133    310.01881    15521 
351000000   -362.33062     4277.332    12962.742    -3452.883    8092.5456    310.64586    15509 
352000000   -360.98038    4309.7821    12808.914   -3415.2392    8086.0017    306.95945    15499 
353000000   -364.82813    4143.2699    12981.728   -3662.4789    8170.5769    311.10085    15538 
354000000   -351.53188    4299.9136    12820.477   -3548.6685     8200.114    307.23655    15532 
355000000   -344.93088    4309.0466    13164.613   -3509.4371    8163.4146    315.48358    15525 
356000000   -388.59918    4135.8311    12896.701   -3617.7175    8142.1478     309.0632    15530 
357000000   -378.53487    4269.8588    12901.741   -3532.1403    8180.5339    309.18399    15530 
358000000   -360.77722    4286.8552    13016.465   -3523.4713    8171.1037     311.9333    15520 
359000000    -354.6695    4218.0174    12872.052   -3699.8045    8272.4914     308.4725    15551 
360000000   -364.48791    4113.0226    12991.567   -3583.5907    8061.1012    311.33663    15541 
361000000   -322.16034    4204.5203    12916.813   -3545.4612    8072.1418     309.5452    15518 
362000000    -380.3249    4246.2638    12906.619   -3563.1661    8189.7548     309.3009    15528 
363000000   -344.40397    4207.0627    12757.216   -3594.9854     8146.452    305.72053    15533 
364000000   -363.64145    4372.2657    12812.655   -3437.4692    8173.3764    307.04909    15520 
365000000   -352.31062     4366.452    12993.656   -3473.9377    8192.7004     311.3867    15517 
366000000   -360.45337    4527.5868    12895.462   -3400.3358     8288.376    309.03353    15496 
367000000   -415.34394    4330.9302    12965.356   -3491.5066    8237.7807     310.7085    15513 
368000000   -324.76594    4430.7418    12870.162    -3559.093    8314.6008    308.42723    15516 
369000000   -374.33354    4381.1893    12964.856   -3484.2836    8239.8064    310.69652    15512 
370000000   -389.62369    4424.9628    12799.842   -3463.1394    8277.7259    306.74204    15512 
371000000   -348.57685    4323.7941    13013.067   -3444.1482    8116.5192    311.85188    15520 
372000000   -330.26754    4399.6305    12922.306   -3495.8713    8225.7694    309.67682    15512 
373000000   -337.65636    4117.6959    12865.862   -3707.9249    8163.2772    308.32417    15533 
374000000   -372.21852    4089.2911    12837.894   -3655.6189    8117.1285    307.65394    15539 
375000000   -345.51634    4392.5912    12680.911    -3402.546    8140.6535    303.89191    15513 
376000000   -353.49462       4184.7    12863.265   -3615.1344     8153.329    308.26194    15536 
377000000   -347.52228    4228.2712    12851.667   -3468.8903    8044.6837    307.98398    15510 
378000000   -377.49444    4284.3728    13026.221   -3596.2485    8258.1158    312.16711    15527 
379000000   -357.36742    4102.1297    13038.086   -3643.4709     8102.968    312.45143    15533 
380000000   -375.84008    4131.1854    12910.404   -3650.3415     8157.367    309.39159    15532 
381000000   -354.29154    4180.5699    13004.252   -3612.7874    8147.6489    311.64062    15537 
382000000   -353.03694    4315.1084    12867.208   -3575.0269    8243.1723    308.35643    15534 
383000000   -367.60907    4264.9901    12977.782    -3549.116    8181.7152    311.00628    15518 
384000000    -349.2698    4326.2391    12944.166   -3533.6347    8209.1436    310.20069    15525 
385000000   -334.23429    4387.4914    12994.215   -3512.0175    8233.7433    311.40008    15522 
386000000   -373.69936    4165.0976    12934.818   -3618.4887    8157.2856    309.97668    15539 
387000000   -359.48124    4317.0047    12852.353   -3475.7528    8152.2388    308.00044    15509 
388000000   -334.07608    4356.9229    12945.205     -3580.06     8271.059    310.22558    15531 
389000000   -355.72936    4328.6513    12947.725   -3500.9992    8185.3799    310.28598    15521 
390000000   -338.44214    4340.9833    12993.843   -3528.3752    8207.8006    311.39117    15526 
391000000   -356.06264      4043.49     12974.21   -3667.8306    8067.3833    310.92068    15539 
392000000   -378.80936    4271.2826        12820   -3595.6532    8245.7451    307.22512    15532 
393000000   -363.88032    4255.7695    13003.689   -3570.8731     8190.523    311.62712    15536 
394000000   -342.15129    4214.0299    12903.543   -3524.8586    8081.0398    309.22717    15533 
395000000   -361.44465    4409.8815    12927.029   -3429.4245    8200.7506       309.79    15505 
396000000   -359.44941    4144.9305    12821.106   -3621.1937    8125.5736    307.25161    15531 
397000000    -377.7309     4160.059    12972.019   -3617.1055    8154.8954    310.86818    15538 
398000000   -345.52463    4008.5668     13054.48   -3707.0687    8061.1602    312.84431    15535 
399000000   -398.41189    4054.2342    12940.296   -3644.8383    8097.4844    310.10796    15532 
400000000   -346.31915    4211.6086    12923.913   -3451.9762     8009.904    309.71534    15514 
401000000   -342.52859     4327.278    12936.076   -3470.3839    8140.1905    310.00682    15526 
402000000   -378.54875    4359.6353    12833.642   -3424.7652    8162.9492    307.55204    15511 
403000000   -349.83523    4205.3227    12863.082   -3608.9826    8164.1406    308.25755    15529 
404000000   -374.00122    4173.4721    12850.047    -3557.051    8104.5243    307.94518    15528 
405000000   -439.41538    4072.8395      13052.6   -3595.6039    8107.8587    312.79926    15543 
406000000   -379.12328    4145.2566    12992.989   -3595.1483    8119.5281    311.37071    15524 
407000000   -343.97367    4299.6501     13008.71   -3592.8993    8236.5231    311.74745    15533 
408000000   -347.53537     4257.127    12779.764   -3559.4201    8164.0824    306.26088    15534 
409000000   -413.90493    4228.9846    12924.301   -3564.6642    8207.5537    309.72463    15531 
410000000   -364.89805    4300.4434    12991.498   -3595.3639    8260.7054    311.33499    15525 
411000000   -375.27354    4184.0055    12932.811   -3554.6203    8113.8994    309.92858    15526 
412000000   -355.17294    4238.7185     13057.26   -3623.7531    8217.6445    312.91094    15524 
413000000   -382.12367    4199.8998    13011.114   -3517.6526    8099.6761    311.80506    15532 
414000000   -362.43842    4118.4043    13010.074   -3608.8985    8089.7412    311.78015    15527 
415000000   -365.14606     4334.848    12881.077   -3503.8666    8203.8606     308.6888    15517 
416000000   -365.87416    4224.0368    12901.834   -3605.7161     8195.627    309.18622    15537 
417000000   -397.08673    4055.0395    12917.051   -3770.4461    8222.5724     309.5509    15546 
418000000   -392.17549    4231.3655    13014.477   -3573.8031     8197.344    311.88567    15540 
419000000    -351.3537    4291.0293    13022.935   -3547.6564    8190.0394    312.08834    15522 
420000000   -392.39212    4413.8484    12922.526   -3486.8695    8293.1101    309.68211    15530 
421000000    -391.7762    4172.7187        13074   -3611.0632    8175.5581    313.31209    15520 
422000000   -389.37665    4252.1937    12982.264   -3521.3446     8162.915    311.11369    15512 
423000000   -352.40924    4265.5459    13063.178   -3562.9631    8180.9182    313.05275    15539 
424000000   -340.90079    4225.9799    12952.961   -3533.8633     8100.744    310.41146    15517 
425000000   -363.57891      4206.57    12853.756   -3588.2978    8158.4467    308.03406    15533 
426000000   -364.21138    4345.0722    12905.838     -3432.21    8141.4936    309.28219    15526 
427000000   -389.90753    4274.1713    12892.632   -3593.2728    8257.3517     308.9657    15541 
428000000   -395.98644    4262.3242    12913.029   -3613.9657    8272.2764    309.45451    15534 
429000000   -380.35664    4258.1671    12838.218   -3482.8007    8121.3244    307.66171    15520 
430000000   -397.20042    4126.1885    12921.987   -3681.3501    8204.7389    309.66919    15537 
431000000   -388.05687    4260.0551    13051.838    -3654.433     8302.545      312.781    15546 
432000000   -378.88721    4150.4117     12983.41   -3672.2374    8201.5363    311.14114    15533 
433000000   -377.37513    4315.9025    12983.815   -3536.7453    8230.0229    311.15087    15514 
434000000   -373.37766    4197.6792    12839.752   -3549.9999    8121.0568    307.69845    15518 
435000000   -414.93061    4163.1736    13008.152    -3538.858    8116.9623    311.73407    15528 
436000000   -351.09719     4128.171     12735.52   -3581.5032    8060.7714    305.20058    15528 
437000000   -385.98168    4225.7874    12998.383   -3579.0044    8190.7735    311.49997    15542 
438000000   -380.08133    4267.5057    12889.553   -3524.8701    8172.4571    308.89191    15520 
439000000   -409.69666    4181.4445     12976.87   -3527.9941    8119.1353    310.98441    15516 
440000000   -365.08935    4223.8203    12929.466   -3660.1855    8249.0952     309.8484    15537 
441000000   -351.35133    4470.8046    12980.568   -3461.6974    8283.8533    311.07306    15502 
442000000   -335.06552    4240.0497      12794.5   -3645.4454    8220.5607    306.61401    15539 
443000000   -352.03495    4187.1683    12918.421   -3684.4265    8223.6297    309.58372    15537 
444000000   -356.03122    4260.7568    12900.277   -3544.4294    8161.2174    309.14892    15526 
445000000   -364.95466    4325.4722    13001.886    -3479.813    8170.2398    311.58392    15517 
446000000   -362.85795    4428.3164    13088.695    -3435.656    8226.8304    313.66425    15507 
447000000   -384.83836    4013.6961    12889.819   -3625.4155      8023.95    308.89829    15524 
448000000   -377.55251    4104.3797    13155.497    -3683.853    8165.7853    315.26515    15533 
449000000   -382.06834    4324.5315     12970.76   -3483.9305    8190.5303      310.838    15518 
450000000   -362.10833    4234.8504     13039.04   -3535.5031    8132.4618     312.4743    15509 
451000000   -352.31776     4157.249    12996.302   -3614.2138    8123.7805    311.45011    15543 
452000000   -375.86082    4303.3615    12928.017   -3561.0688    8240.2911    309.81368    15516 
453000000   -382.04066    4186.0999    12933.724   -3538.1986    8106.3392    309.95045    15520 
454000000   -382.99805    4397.1088    12784.466   -3520.5949    8300.7018    306.37355    15527 
455000000   -387.00338    4149.5533    12933.492   -3603.2841    8139.8408    309.94489    15539 
456000000   -374.69605    4376.0193    12964.691   -3416.6063    8167.3217    310.69257    15520 
457000000    -407.9566    4245.8201     12959.44    -3528.981    8182.7578    310.56672    15526 
458000000   -380.17851    4417.7094    12971.743   -3492.5985    8290.4864    310.86157    15532 
459000000   -364.07897    4160.2084    12935.736   -3446.4195    7970.7068    309.99867    15514 
460000000    -361.7978    4349.5124    13106.879   -3454.8753    8166.1856    314.10002    15516 
461000000   -362.66336    4339.6248    13012.401   -3441.3816    8143.6697     311.8359    15505 
462000000   -396.72367    4172.6097    12883.215   -3537.5901    8106.9234    308.74003    15554 
463000000   -378.72145    4247.0084    12967.908   -3546.9286    8172.6584    310.76964    15511 
464000000   -360.91165    4210.3248    12915.203   -3550.3116     8121.548    309.50661    15528 
465000000   -364.77301    4246.3415      13017.1   -3539.4592    8150.5737    311.94851    15528 
466000000   -373.39371    4200.4445    12989.549   -3558.9377    8132.7759    311.28828    15528 
467000000   -421.59413    4107.9492    12860.785   -3603.1414    8132.6848    308.20251    15530 
468000000   -379.61523    4269.0767    12881.443   -3498.9123    8147.6042    308.69756    15516 
469000000   -366.49164    4298.2372    12900.782   -3509.5093    8174.2382      309.161    15532 
470000000   -396.92485    4159.7588     12869.56   -3576.9568    8133.6405     308.4128    15513 
471000000   -377.29619    4358.5684    12802.806   -3414.5891    8150.4537    306.81307    15503 
472000000   -373.72267    4036.0187     12795.17   -3651.4761    8061.2175    306.63008    15539 
473000000   -372.18919    4315.1027    12766.292   -3548.5343    8235.8262    305.93801    15519 
474000000   -372.33125    4208.4962    12878.446   -3532.2563    8113.0838    308.62573    15521 
475000000   -397.53477    4271.7555    12781.643   -3477.4821    8146.7724    306.30591    15516 
476000000   -361.52306    4244.4485    12816.526   -3570.4571    8176.4286    307.14185    15526 
477000000   -383.56367    4102.1495    13003.615   -3666.5444    8152.2575    311.62536    15546 
478000000   -380.13153    4205.5087    12934.766   -3553.3902    8139.0304    309.97542    15530 
479000000   -409.40398    4276.5423    12878.059   -3620.3466    8306.2929    308.61647    15533 
480000000   -383.63462    4221.2994     13066.47   -3513.7624    8118.6964    313.13164    15543 
481000000   -376.29521    4136.2945    12995.453   -3686.9353     8199.525    311.42976    15535 
482000000   -389.51035    4209.3575    13108.854   -3561.5733    8160.4411    314.14737    15530 
483000000   -396.80352    3979.2253    12950.525   -3701.2935    8077.3223    310.35308    15552 
484000000   -343.44664    4205.3721    12964.387   -3548.6483     8097.467    310.68529    15521 
485000000   -371.24505    4235.7643    12838.593   -3615.7012    8222.7106    307.67067    15536 
486000000   -382.03834    4080.6897    12916.962   -3639.5347    8102.2627    309.54876    15553 
487000000   -405.84875    4116.7845    12953.748   -3661.5277    8184.1609    310.43032    15537 
488000000   -362.12058    4288.9917    12886.638   -3579.9945    8231.1068    308.82207    15524 
489000000   -396.42552    4177.5815    12950.817   -3606.5473    8180.5544    310.36009    15546 
490000000   -377.01517    4252.3996    12926.867   -3453.3702    8082.7849    309.78612    15532 
491000000    -338.8259    4165.8503    12880.265   -3522.9982    8027.6744    308.66934    15520 
492000000   -366.81372     4327.256     13055.32    -3472.705    8166.7748    312.86445    15501 
493000000   -366.10861    4115.0666    12913.593   -3623.4589    8104.6341    309.46803    15518 
494000000   -382.65122      4298.75    12983.255   -3526.9698    8208.3711    311.13744    15520 
495000000   -383.64341    4099.8142    13212.651    -3643.833    8127.2906     316.6348    15548 
496000000   -396.55085    4341.2532    12884.223   -3518.6852    8256.4892    308.76419    15515 
497000000   -356.17947     4283.558    13035.097   -3610.0672    8249.8047    312.37982    15535 
498000000   -384.49607    4097.2536    12807.379   -3573.4251    8055.1748    306.92266    15527 
499000000   -377.96599     4294.236     12919.39    -3510.795     8182.997    309.60694    15522 
500000000   -354.21999    4339.0637    13015.162   -3528.8492    8222.1329    311.90208    15522 
Loop time of 149472 on 28 procs for 500000000 steps with 14000 atoms

Performance: 7225.456 ns/day, 0.003 hours/ns, 3345.119 timesteps/s
99.2% CPU use with 28 MPI tasks x no OpenMP threads

MPI task timing breakdown:
Section |  min time  |  avg time  |  max time  |%varavg| %total
---------------------------------------------------------------
Pair    | 17425      | 19532      | 21189      | 686.0 | 13.07
Bond    | 5988       | 6360.7     | 10649      |1133.4 |  4.26
Neigh   | 49251      | 49807      | 50453      | 132.5 | 33.32
Comm    | 40341      | 43971      | 46519      | 778.4 | 29.42
Output  | 0.75919    | 0.76047    | 0.76103    |   0.0 |  0.00
Modify  | 21754      | 21907      | 22052      |  55.6 | 14.66
Other   |            | 7893       |            |       |  5.28

Nlocal:    500 ave 536 max 463 min
Histogram: 1 3 1 6 3 3 4 4 0 3
Nghost:    639.107 ave 865 max 419 min
Histogram: 3 1 4 1 6 3 5 1 2 2
Neighs:    4841.29 ave 5884 max 3976 min
Histogram: 3 4 3 2 4 3 4 2 0 3

Total # of neighbors = 135556
Ave neighs/atom = 9.68257
Ave special neighs/atom = 9.00243
Neighbor list builds = 94864873
Dangerous builds = 0
write_restart final_state_${fName}.restart
write_restart final_state_Run2.restart
Total wall time: 41:31:13
