
units real
boundary p p p
atom_style full

neighbor 1.9 bin
neigh_modify every 1 delay 1 check yes

read_data b70_N200_L400.data extra/special/per/atom 50
  orthogonal box = (-420 -420 -420) to (420 420 420)
  2 by 2 by 7 MPI processor grid
  reading atoms ...
  14000 atoms
  scanning bonds ...
  51 = max bonds/atom
  scanning angles ...
  1 = max angles/atom
  reading bonds ...
  13800 bonds
  reading angles ...
  13600 angles
  2 = max # of 1-2 neighbors
  2 = max # of 1-3 neighbors
  4 = max # of 1-4 neighbors
  56 = max # of special neighbors
  special bonds CPU = 0.896148 secs
  read_data CPU = 0.963312 secs

angle_style cosine
angle_coeff * 2 # K (energy unit)

bond_style hybrid harmonic harmonic/shift/cut
bond_coeff 1 harmonic 3 10
bond_coeff 2 harmonic 3 10
bond_coeff 3 harmonic/shift/cut 4.80 11.22 12.72

pair_style lj/cut 25
# atom-typ1, atom-typ2, energy-well, sigma (bead-diameter), cut-off (distance)
pair_coeff * * 0.01 10 25
pair_coeff 2 2 0.18 10 25
pair_coeff 4 4 0.18 10 25

special_bonds lj 1 1 1 angle no
  2 = max # of 1-2 neighbors
  2 = max # of 1-3 neighbors
  4 = max # of 1-4 neighbors
  56 = max # of special neighbors
  special bonds CPU = 0.000552657 secs

minimize 1.0e-4 1.0e-6 100000 100000 # force_tol, energy_tol, maxiter, maxeval
WARNING: Using 'neigh_modify every 1 delay 0 check yes' setting during minimization (../min.cpp:168)
Neighbor list info ...
  update every 1 steps, delay 0 steps, check yes
  max neighbors/atom: 2000, page size: 100000
  master list distance cutoff = 26.9
  ghost atom cutoff = 26.9
  binsize = 13.45, bins = 63 63 63
  1 neighbor lists, perpetual/occasional/extra = 1 0 0
  (1) pair lj/cut, perpetual
      attributes: half, newton on
      pair build: half/bin/newton
      stencil: half/bin/3d/newton
      bin: standard
Per MPI rank memory allocation (min/avg/max) = 1.164 | 13.81 | 17.68 Mbytes
Step Temp E_pair E_mol TotEng Press 
       0            0 1.097855e+12      2649600 1.0978577e+12 5.0804878e+08 
    3165            0    -1749.261     5102.442     3353.181 0.0087270459 
Loop time of 0.830797 on 28 procs for 3165 steps with 14000 atoms

99.4% CPU use with 28 MPI tasks x no OpenMP threads

Minimization stats:
  Stopping criterion = energy tolerance
  Energy initial, next-to-last, final = 
     1.09785765867e+12      3353.38932291      3353.18099319
  Force two-norm initial, final = 8.92234e+10 1.58028
  Force max component initial, final = 1.04805e+09 0.193454
  Final line search alpha, max atom move = 0.612771 0.118543
  Iterations, force evaluations = 3165 3624

MPI task timing breakdown:
Section |  min time  |  avg time  |  max time  |%varavg| %total
---------------------------------------------------------------
Pair    | 0.05025    | 0.16589    | 0.28986    |  16.4 | 19.97
Bond    | 0.015164   | 0.045317   | 0.074259   |   7.3 |  5.45
Neigh   | 0.091899   | 0.09402    | 0.096155   |   0.4 | 11.32
Comm    | 0.10925    | 0.24476    | 0.39341    |  16.2 | 29.46
Output  | 0          | 0          | 0          |   0.0 |  0.00
Modify  | 0          | 0          | 0          |   0.0 |  0.00
Other   |            | 0.2808     |            |       | 33.80

Nlocal:    500 ave 826 max 174 min
Histogram: 1 3 4 4 2 2 8 1 1 2
Nghost:    338.893 ave 565 max 156 min
Histogram: 3 3 2 1 6 7 2 2 1 1
Neighs:    3508.14 ave 5788 max 1093 min
Histogram: 1 4 2 5 2 1 6 2 0 5

Total # of neighbors = 98228
Ave neighs/atom = 7.01629
Ave special neighs/atom = 5.82857
Neighbor list builds = 221
Dangerous builds = 0

# further equilibriate the system before bond formation takes place
fix fxlan all langevin $T $T 1000 ${seed}
fix fxlan all langevin 310 $T 1000 ${seed}
fix fxlan all langevin 310 310 1000 ${seed}
fix fxlan all langevin 310 310 1000 53402
fix fxnve all nve
timestep 0.1
run 10000
Per MPI rank memory allocation (min/avg/max) = 1.128 | 14 | 16.55 Mbytes
Step Temp E_pair E_mol TotEng Press 
    3165            0    -1749.261     5102.442     3353.181 0.0087270459 
   13165    221.18209   -1382.9295    8846.8191    16693.455   -1.7094345 
Loop time of 1.31997 on 28 procs for 10000 steps with 14000 atoms

Performance: 65.456 ns/day, 0.367 hours/ns, 7575.942 timesteps/s
99.4% CPU use with 28 MPI tasks x no OpenMP threads

MPI task timing breakdown:
Section |  min time  |  avg time  |  max time  |%varavg| %total
---------------------------------------------------------------
Pair    | 0.055024   | 0.18418    | 0.33998    |  18.9 | 13.95
Bond    | 0.036381   | 0.10591    | 0.17372    |  11.1 |  8.02
Neigh   | 0.0020035  | 0.0021351  | 0.0023207  |   0.2 |  0.16
Comm    | 0.28374    | 0.49508    | 0.65779    |  14.9 | 37.51
Output  | 9.9741e-05 | 0.00012391 | 0.00014929 |   0.0 |  0.01
Modify  | 0.087204   | 0.24626    | 0.40557    |  16.5 | 18.66
Other   |            | 0.2863     |            |       | 21.69

Nlocal:    500 ave 828 max 173 min
Histogram: 1 3 4 4 2 2 7 2 1 2
Nghost:    339.107 ave 562 max 159 min
Histogram: 3 3 1 2 6 7 2 2 1 1
Neighs:    3521.82 ave 5794 max 1110 min
Histogram: 2 3 2 5 2 1 4 4 0 5

Total # of neighbors = 98611
Ave neighs/atom = 7.04364
Ave special neighs/atom = 5.82857
Neighbor list builds = 5
Dangerous builds = 0

unfix fxlan
unfix fxnve
reset_timestep 0

variable t equal step
variable steps equal 500000000
variable dt_thermo equal 1000000
variable dt_movie equal 10000000
variable dt_restart equal 50000000

group rxnSites type 1 3
4000 atoms in group rxnSites

# fix ID group-ID(atom-types) bond/create Nevery itype jtype Rmin bondtype (prob values = fraction seed) (iparam maxbond newType)
fix bondc rxnSites bond/create/random 20 1 3 12.72 3 prob 1 ${seed} iparam 1 1 jparam 1 3
fix bondc rxnSites bond/create/random 20 1 3 12.72 3 prob 1 53402 iparam 1 1 jparam 1 3

# fix ID group-ID bond/break Nevery bondtype Rmax keyword values ...
fix bondbr rxnSites bond/break 20 3 12.72 prob 1 ${seed}
fix bondbr rxnSites bond/break 20 3 12.72 prob 1 53402

variable frmbnd equal f_bondc[2]
variable brkbnd equal f_bondbr[2]
fix saveBond all print ${dt_thermo} "$t ${frmbnd} ${brkbnd}" file BondData_${fName}.dat screen no
fix saveBond all print 1000000 "$t ${frmbnd} ${brkbnd}" file BondData_${fName}.dat screen no
fix saveBond all print 1000000 "$t ${frmbnd} ${brkbnd}" file BondData_Run3.dat screen no

thermo_style custom step epair pe ke ebond eangle temp bonds
thermo ${dt_thermo}
thermo 1000000
fix saveThermo all print ${dt_thermo} "$t $(temp) $(ke) $(pe) $(epair) $(ebond) $(eangle) $(bonds)" file Thermo_${fName}.dat title "# Steps Temp KinEng PotEng Epair Ebond Eangle Bonds" screen no
fix saveThermo all print 1000000 "$t $(temp) $(ke) $(pe) $(epair) $(ebond) $(eangle) $(bonds)" file Thermo_${fName}.dat title "# Steps Temp KinEng PotEng Epair Ebond Eangle Bonds" screen no
fix saveThermo all print 1000000 "$t $(temp) $(ke) $(pe) $(epair) $(ebond) $(eangle) $(bonds)" file Thermo_Run3.dat title "# Steps Temp KinEng PotEng Epair Ebond Eangle Bonds" screen no

############################ Langevin Dynamics ###############################
fix fxlan all langevin $T $T 1000 ${seed}
fix fxlan all langevin 310 $T 1000 ${seed}
fix fxlan all langevin 310 310 1000 ${seed}
fix fxlan all langevin 310 310 1000 53402
fix fxnve all nve

comm_style tiled
fix fxbal all balance 1000 1.1 rcb

timestep 25

dump coor all custom ${dt_movie} traj_${fName}.dump id type mol mass x y z xu yu zu
dump coor all custom 10000000 traj_${fName}.dump id type mol mass x y z xu yu zu
dump coor all custom 10000000 traj_Run3.dump id type mol mass x y z xu yu zu

restart ${dt_restart} ${fName}_tp_*.restart
restart 50000000 ${fName}_tp_*.restart
restart 50000000 Run3_tp_*.restart
run ${steps}
run 500000000
Neighbor list info ...
  update every 1 steps, delay 1 steps, check yes
  max neighbors/atom: 2000, page size: 100000
  master list distance cutoff = 26.9
  ghost atom cutoff = 26.9
  binsize = 13.45, bins = 63 63 63
  2 neighbor lists, perpetual/occasional/extra = 1 1 0
  (1) pair lj/cut, perpetual
      attributes: half, newton on
      pair build: half/bin/newton
      stencil: half/bin/3d/newton
      bin: standard
  (2) fix bond/create/random, occasional, copy from (1)
      attributes: half, newton on
      pair build: copy
      stencil: none
      bin: none
Per MPI rank memory allocation (min/avg/max) = 17.87 | 18.28 | 18.83 Mbytes
Step E_pair PotEng KinEng E_bond E_angle Temp Bonds 
       0   -1382.9295    7463.8896    9229.5657    2967.0678    5879.7513    221.18209    13800 
 1000000   -243.40465    6720.7452    12938.611   -1407.4848    8371.6347    310.06755    15056 
 2000000    -203.6611    6072.1385    12970.179   -1883.3417    8159.1413    310.82408    15185 
 3000000   -226.87017    5698.9726    13158.821     -2394.59    8320.4328    315.34478    15260 
 4000000   -256.74697    5413.2699    12942.489   -2581.8201     8251.837    310.16049    15295 
 5000000   -284.77532     5228.804    12976.287   -2744.0663    8257.6457    310.97046    15346 
 6000000   -250.19779     4965.346    12891.605   -2995.9285    8211.4723    308.94108    15376 
 7000000   -285.97317    5279.2772     12858.99   -2712.0221    8277.2724    308.15948    15347 
 8000000   -254.23143    5038.1626    13048.026   -2957.0475    8249.4416    312.68964    15377 
 9000000   -243.32257    5050.0148    13026.285   -2850.0408    8143.3782    312.16864    15360 
10000000   -278.24742    5007.8713    12980.337   -3048.0305    8334.1493    311.06752    15423 
11000000    -297.7998    4896.2999    12781.108   -3129.1637    8323.2634    306.29308    15409 
12000000   -300.46573    4908.9035    12998.497   -3164.7232    8374.0924    311.50271    15431 
13000000   -301.04456    4804.9228    12959.515   -3232.7767     8338.744    310.56852    15448 
14000000   -299.03914    4966.5283    12916.767    -3084.926    8350.4935    309.54408    15425 
15000000   -316.68718    4583.3789    12966.786   -3209.3624    8109.4285    310.74276    15455 
16000000   -314.00659    4716.7073    12928.799   -3232.3245    8263.0383    309.83243    15451 
17000000   -295.10304    4803.2713    13077.405    -3080.495    8178.8693    313.39371    15435 
18000000   -275.13736    4794.5125    12970.511   -3144.5741    8214.2239    310.83204    15431 
19000000   -277.06801    4667.1547    13085.924   -3307.5004     8251.723    313.59786    15464 
20000000     -271.251    4849.0256    13069.062   -3204.5125    8324.7891    313.19375    15458 
21000000   -303.76644     4742.943    12850.248   -3220.6473    8267.3568    307.94999    15449 
22000000    -277.9443    4446.0913    13004.485   -3495.5289    8219.5646     311.6462    15485 
23000000   -303.37476    4487.7492    12997.796   -3335.1785    8126.3025    311.48592    15475 
24000000   -292.17367    4540.4996    13043.033   -3363.2357    8195.9089       312.57    15469 
25000000   -303.94842    4707.4167    12834.407   -3345.3633    8356.7284    307.57037    15486 
26000000     -293.481    4607.2551     13033.82   -3308.2109     8208.947    312.34921    15472 
27000000   -289.26552    4712.8895    12918.343   -3190.5577    8192.7127    309.58186    15462 
28000000   -300.28072    4673.6986    12851.696   -3311.1498    8285.1291     307.9847    15482 
29000000   -302.70258    4498.9947     12995.71   -3439.5341    8241.2315    311.43591    15482 
30000000   -302.72088    4660.5676     13040.21   -3287.0689    8250.3574    312.50234    15475 
31000000   -308.91832    4677.8599    12842.613   -3290.9559    8277.7341    307.76702    15455 
32000000   -322.71441    4610.9562    12957.359   -3269.6619    8203.3325    310.51686    15479 
33000000   -302.15629     4551.067    13155.211   -3306.1518    8159.3751    315.25828    15476 
34000000   -305.16092    4555.7174    12891.289    -3375.624    8236.5023    308.93351    15471 
35000000   -331.86334    4662.5618    12875.471   -3200.9263    8195.3514    308.55444    15466 
36000000   -317.11285    4571.2799    12911.898   -3375.4708    8263.8636    309.42741    15477 
37000000   -310.24814    4596.3483    12899.723    -3312.935    8219.5314    309.13564    15473 
38000000   -321.49282     4567.362    12862.474   -3375.6467    8264.5015    308.24299    15475 
39000000   -352.89583    4456.5267    12987.167   -3353.4141    8162.8367    311.23118    15496 
40000000   -349.03493    4440.0838    12846.834   -3435.5062    8224.6249    307.86817    15484 
41000000   -320.64244    4611.9556    13044.465   -3397.5554    8330.1534    312.60431    15491 
42000000   -306.75412    4384.3428     12951.32   -3383.3648    8074.4618    310.37212    15500 
43000000   -319.94591    4564.6587     12967.32   -3305.1561    8189.7607    310.75556    15485 
44000000   -342.60287    4519.1299    12965.978   -3420.7135    8282.4462    310.72341    15503 
45000000   -341.55477     4503.404    12739.808   -3424.3762    8269.3349    305.30335    15494 
46000000    -332.2924    4350.9615    12894.083    -3561.742    8244.9959    309.00047    15519 
47000000   -327.49051    4383.9757    12973.798   -3463.7245    8175.1907     310.9108    15511 
48000000   -341.72842    4552.7806    12986.435    -3423.926     8318.435    311.21364    15501 
49000000   -334.76023    4558.7496    12920.027   -3442.3926    8335.9025    309.62221    15498 
50000000   -348.78066    4437.0986    12840.745   -3385.0293    8170.9085    307.72225    15483 
51000000   -327.59065    4427.4902    13008.471   -3488.9545    8244.0353    311.74172    15519 
52000000   -318.36811    4418.4167    12851.893   -3387.0468    8123.8316    307.98941    15486 
53000000   -337.35831    4462.3881      12937.8   -3494.3727    8294.1191    310.04814    15509 
54000000   -330.69667    4426.8794    12996.314   -3418.3369    8175.9129    311.45039    15496 
55000000   -378.10718    4456.0885    13044.302   -3439.0068    8273.2025     312.6004    15495 
56000000   -318.70651    4302.6519    12753.052   -3520.3512    8141.7096    305.62075    15511 
57000000   -349.75113     4256.671    12924.131   -3586.4151    8192.8372    309.72057    15514 
58000000   -317.55052     4256.307    12864.219   -3550.1281    8123.9856    308.28481    15511 
59000000   -332.27459    4479.6267    13123.625   -3401.7056    8213.6068    314.50134    15492 
60000000   -337.18489    4311.2162    12937.149   -3491.1687    8139.5698    310.03253    15511 
61000000   -365.47564    4218.7185    12838.014   -3577.8752    8162.0693    307.65681    15509 
62000000   -309.81867    4237.0704     13020.77   -3476.1971    8023.0862    312.03646    15504 
63000000    -313.1827     4469.381    13001.045   -3417.5478    8200.1115    311.56376    15497 
64000000    -340.2933    4360.7439    12907.657   -3464.4175    8165.4547    309.32577    15501 
65000000   -333.80036      4272.38    12886.244   -3554.5401    8160.7204    308.81261    15520 
66000000   -341.13466    4360.7711    13013.815   -3538.8597    8240.7655    311.86978    15509 
67000000   -365.71717    4413.2597     13015.76   -3518.7813    8297.7582    311.91641    15499 
68000000   -328.70914    4377.9828    12907.919   -3394.0519    8100.7439    309.33205    15484 
69000000   -336.11546    4475.6058    13007.963   -3383.7669    8195.4881    311.72955    15505 
70000000   -321.35046    4362.4141    12964.311   -3470.2794     8154.044    310.68345    15517 
71000000   -368.51049    4308.9297      12937.5   -3586.9245    8264.3647    310.04094    15523 
72000000   -376.96385    4156.4312    12898.687   -3590.2503    8123.6453    309.11081    15522 
73000000   -389.86201    4262.7883    13161.983   -3516.3287     8168.979    315.42057    15530 
74000000   -351.96996    4406.6573    12845.139   -3450.5817    8209.2089    307.82755    15504 
75000000   -344.18444    4385.6746    12970.067   -3439.7778    8169.6369    310.82138    15505 
76000000   -351.04796    4206.3813    12982.057   -3543.7804    8101.2096    311.10872    15520 
77000000   -329.89974    4348.7591    13030.981   -3459.8876    8138.5465    312.28118    15500 
78000000   -357.41099    4370.0197     12900.44   -3408.2429    8135.6736    309.15283    15507 
79000000   -325.62267    4348.8423    12940.519   -3538.2764    8212.7413    310.11329    15522 
80000000   -324.43679    4321.8422    12826.055   -3478.5379    8124.8169    307.37021    15511 
81000000   -325.50381    4441.7728    13050.236    -3465.563    8232.8396     312.7426    15504 
82000000   -378.30557    4343.7551    12912.593   -3528.7276    8250.7883    309.44406    15517 
83000000   -344.47316    4294.9409    12890.217   -3534.8811    8174.2951    308.90782    15514 
84000000   -355.46355    4354.9507    12949.307   -3534.9008     8245.315    310.32389    15520 
85000000   -320.43343    4321.5437     12967.46   -3503.2159    8145.1931    310.75892    15525 
86000000   -322.26373    4535.9095    12806.948   -3433.9572    8292.1304    306.91232    15509 
87000000   -320.31842    4309.5633    12960.751   -3515.9765    8145.8582    310.59813    15529 
88000000   -388.03364    4231.5214    13001.357   -3595.8791    8215.4341    311.57125    15517 
89000000   -354.74189    4352.9695    12940.454   -3488.6565     8196.368    310.11172    15517 
90000000   -339.61851    4331.5006    13005.186   -3454.1651    8125.2842      311.663    15535 
91000000   -342.77695    4225.8945     12906.42   -3528.9418    8097.6132    309.29613    15524 
92000000   -365.91122    4384.0265    12799.422   -3465.9457    8215.8834    306.73196    15518 
93000000   -375.19659    4249.3744    13039.441     -3458.69     8083.261     312.4839    15514 
94000000   -364.99692    4120.8813     12997.77   -3562.7495    8048.6277    311.48528    15517 
95000000   -369.83557    4252.1215    13078.275   -3525.0539     8147.011    313.41456    15506 
96000000   -338.21973    4484.8298    13100.585   -3495.0425     8318.092    313.94919    15514 
97000000   -369.92462    4239.4333    13070.825   -3579.2718    8188.6297      313.236    15524 
98000000    -368.3821    4251.6639    12913.194   -3584.6037    8204.6497    309.45845    15522 
99000000   -377.80959    4346.9513    13065.816   -3421.6798    8146.4407    313.11597    15504 
100000000    -377.3899    4116.9272    12993.706   -3614.1936    8108.5107    311.38789    15515 
101000000   -341.33684    4194.8581    12876.117   -3627.3585    8163.5534    308.56992    15526 
102000000   -366.34833    4460.2329    12959.171   -3426.3305    8252.9118    310.56028    15501 
103000000   -358.87626    4335.7132    12926.789   -3556.1551    8250.7446    309.78425    15531 
104000000   -361.19484    4250.4946    12808.617   -3535.2562    8146.9456    306.95232    15532 
105000000   -363.95851    4255.7803    12941.713   -3552.8661    8172.6049     310.1419    15532 
106000000    -343.7456    4306.4727    13091.167   -3609.0453    8259.2636    313.72351    15525 
107000000   -370.77891    4360.0222     12865.54   -3412.4259     8143.227    308.31646    15498 
108000000   -362.14684    4510.2017     12920.81   -3350.8088    8223.1574    309.64098    15511 
109000000   -331.05935    4396.6728    12840.483   -3379.5533    8107.2855    307.71597    15500 
110000000   -396.29598    4304.8633     12888.87   -3476.5313    8177.6906    308.87555    15517 
111000000   -370.85543    4168.2279    12922.334   -3557.3597     8096.443    309.67749    15522 
112000000   -353.51321    4216.3526    12952.082   -3574.2818    8144.1476     310.3904    15520 
113000000   -373.34972     4151.431    12928.979   -3641.9063     8166.687    309.83674    15529 
114000000   -374.60094     4128.553     12920.11   -3540.8339    8043.9879     309.6242    15515 
115000000   -332.36852    4177.6786    12915.897   -3628.2264    8138.2734    309.52324    15523 
116000000   -319.05568    4372.2548    12949.661   -3431.2321    8122.5425    310.33238    15517 
117000000   -331.91922    4455.3777    12802.216    -3463.776    8251.0729    306.79891    15529 
118000000   -318.83656     4320.711    12828.992    -3416.703    8056.2506     307.4406    15501 
119000000   -379.77991    4133.2516    12885.774   -3601.4423    8114.4738    308.80135    15529 
120000000   -371.72583    4170.6374    12927.531   -3534.2941    8076.6574    309.80203    15530 
121000000   -371.16068    4222.0299    12957.023   -3587.2508    8180.4413     310.5088    15542 
122000000   -363.49713    4280.5404    13099.304   -3600.0047    8244.0423     313.9185    15534 
123000000   -360.04585    4255.8171    12946.213    -3501.521     8117.384    310.24974    15522 
124000000   -397.90511    4377.2837    12793.666   -3415.3948    8190.5836    306.59402    15494 
125000000    -365.2024    4224.0702    13105.915   -3626.9673    8216.2399    314.07692    15528 
126000000   -356.46806    4216.9135    12902.213   -3563.4324     8136.814    309.19531    15535 
127000000   -326.66739    4123.3931     13030.69   -3638.5256    8088.5861    312.27418    15532 
128000000   -354.35499     4113.613     12851.22   -3641.0589     8109.027    307.97328    15538 
129000000   -362.96369    4206.6278    13073.389   -3483.0988    8052.6903    313.29745    15511 
130000000   -381.38851    4468.5544    12975.603     -3479.22    8329.1628    310.95405    15513 
131000000   -368.25736    4218.0854    12828.565   -3505.6099    8091.9527    307.43038    15521 
132000000   -361.25811     4243.893     12991.21   -3552.5131    8157.6642    311.32808    15525 
133000000   -335.72566     4339.307     12941.81   -3489.0814    8164.1141    310.14422    15507 
134000000   -327.37676    4148.9414    12913.563   -3620.8118    8097.1299    309.46729    15531 
135000000   -374.02894    4253.0714    12910.172   -3548.2066    8175.3069    309.38603    15511 
136000000   -372.02824    4343.1669    12906.105   -3556.6381    8271.8333    309.28858    15521 
137000000   -366.47736     4280.851    12883.595   -3450.5444    8097.8728    308.74912    15514 
138000000   -337.80756    4375.5308    12913.609   -3474.5447     8187.883    309.46839    15521 
139000000   -332.31695    4376.9313    12742.459   -3374.3055    8083.5538    305.36688    15497 
140000000   -359.72413    4314.2325     12908.55   -3525.3563    8199.3129    309.34716    15526 
141000000   -389.71756    4161.7604    12991.329     -3606.32     8157.798    311.33093    15535 
142000000   -396.13203    4315.0185    13051.061   -3528.7793    8239.9299    312.76239    15549 
143000000   -375.29113    4083.0056    12929.571   -3612.8655    8071.1623    309.85092    15522 
144000000   -368.57822    4347.0398    12847.788    -3537.118     8252.736    307.89104    15519 
145000000   -353.73012    4139.3032    12910.218   -3631.1523    8124.1857    309.38715    15515 
146000000   -353.81435    4424.8146    12865.665    -3404.974     8183.603    308.31946    15512 
147000000   -373.30778    4212.7045    12935.953   -3588.1117     8174.124    310.00387    15532 
148000000   -369.20316    4401.8093    12849.297   -3410.2531    8181.2655     307.9272    15502 
149000000   -344.63355    4265.2926    12929.762   -3511.5019     8121.428     309.8555    15524 
150000000   -369.45378    4348.9143     12789.75   -3474.1056    8192.4738    306.50019    15511 
151000000   -372.94928    4360.6567     12784.73   -3540.2419    8273.8479    306.37988    15520 
152000000   -388.57532    4182.5776    12969.807   -3621.9076    8193.0605    310.81516    15540 
153000000   -364.37813    4357.2755    12839.806   -3421.9042    8143.5578    307.69975    15531 
154000000    -378.5984    4216.3785    13042.258   -3520.5885    8115.5653    312.55141    15522 
155000000   -368.18113    4443.2051    12951.256   -3430.9098     8242.296    310.37059    15511 
156000000   -375.99003    4135.5267    12869.813   -3665.4897    8177.0065    308.41887    15541 
157000000   -346.46891     4359.942    12975.727   -3461.3378    8167.7487    310.95703    15510 
158000000   -360.80918    4233.2584    12966.078   -3585.8526    8179.9202     310.7258    15530 
159000000   -372.17978    4148.1865    12962.446   -3538.8381    8059.2044    310.63877    15517 
160000000   -377.95655    4030.9682     12949.15   -3685.2306    8094.1553    310.32013    15543 
161000000   -368.59611    4371.0209    12907.005   -3445.3899    8185.0069    309.31014    15517 
162000000   -343.92146    4336.3092    12785.826   -3417.6816    8097.9123    306.40615    15508 
163000000   -373.76144    4269.1409    13012.655   -3495.1754    8138.0778    311.84199    15526 
164000000    -310.5621    4301.0672    12881.991   -3552.2858     8163.915    308.71069    15524 
165000000   -373.25551    4317.6198    13003.382   -3464.9699    8155.8453    311.61978    15516 
166000000   -361.75828    4194.9921    12871.144   -3613.8654    8170.6157    308.45075    15531 
167000000   -383.52413    4170.2102     12832.08   -3609.3511    8163.0854    307.51461    15537 
168000000   -336.28024     4175.088    13019.894   -3608.5002    8119.8684    312.01549    15542 
169000000   -412.48539    4320.5424    13138.122    -3427.417    8160.4448    314.84874    15508 
170000000   -340.49997    4303.6832    12990.818   -3417.1985    8061.3817    311.31869    15507 
171000000   -363.17132    4462.2892    12905.826   -3467.3539    8292.8144    309.28188    15519 
172000000   -358.08714    4156.1577    12812.972   -3575.2178    8089.4627    307.05669    15517 
173000000   -376.54045    4177.4169     12870.72   -3668.4367    8222.3941    308.44058    15528 
174000000   -357.07351    4323.5798    12971.743   -3505.1863    8185.8396    310.86155    15504 
175000000   -359.26328    4288.7486    13084.152   -3544.3517    8192.3636    313.55539    15525 
176000000   -361.67312    4285.4945    12962.863   -3541.3663    8188.5339    310.64876    15528 
177000000   -350.72705    4364.7037    12801.452   -3434.7418    8150.1725    306.78062    15529 
178000000   -322.13965    4275.4368    12749.404   -3524.4211    8121.9975    305.53332    15533 
179000000   -366.13244     4185.472    12903.024   -3555.1212    8106.7256    309.21473    15518 
180000000    -365.0989    4215.3327    13112.483   -3520.5418    8100.9734    314.23431    15531 
181000000     -382.521    4093.5759    12935.195   -3703.3081     8179.405    309.98569    15532 
182000000   -344.31656    4186.3388    12990.528   -3617.2815    8147.9369    311.31172    15539 
183000000   -359.94139    4401.3056    12935.182   -3534.8192    8296.0662    309.98538    15501 
184000000   -358.12976    4323.0361    12755.843   -3546.7471     8227.913    305.68762    15522 
185000000   -370.04667    4134.9405    12822.683   -3583.2259    8088.2131    307.28941    15529 
186000000   -359.94133     4301.458    12909.359   -3602.3477    8263.7471    309.36656    15526 
187000000   -370.28579    4228.6072    12949.801   -3591.0455    8189.9385    310.33572    15543 
188000000    -328.5143    4256.4276    12937.788   -3571.9927    8156.9347    310.04784    15533 
189000000   -359.79216    4129.1234    13057.352   -3561.7308    8050.6464    312.91313    15526 
190000000   -373.23834    4376.9955    13035.818   -3450.2896    8200.5235     312.3971    15501 
191000000   -369.62084    4124.1051    12763.313   -3675.2823    8169.0082    305.86664    15541 
192000000    -377.1652     4088.823    12872.322   -3675.4405    8141.4287    308.47898    15538 
193000000   -369.70735    4318.6609    12942.457   -3538.6826    8227.0509    310.15973    15536 
194000000   -370.26118    4312.7872    12982.305    -3555.019    8238.0674    311.11468    15531 
195000000   -366.26731    4164.8324    12927.157   -3519.7817    8050.8814    309.79309    15526 
196000000   -386.44194    4195.4382    13084.111   -3551.0943    8132.9744    313.55441    15530 
197000000    -376.0553    4155.4775    13036.149   -3643.6679    8175.2007    312.40503    15524 
198000000   -350.82593    4120.1849     13030.42   -3549.0432    8020.0541    312.26773    15528 
199000000   -382.20327    4072.8642      13105.3   -3694.5654    8149.6328    314.06219    15545 
200000000   -368.74466    4036.4137    12993.611   -3600.1644    8005.3228    311.38561    15542 
201000000   -415.84469     4088.889    13023.198   -3650.1211    8154.8548    312.09465    15556 
202000000   -408.59376    4255.8406    12912.349   -3565.4652    8229.8996     309.4382    15533 
203000000   -379.07552    4182.4614    12962.236   -3602.1642    8163.7011    310.63373    15539 
204000000   -382.27659    4245.3024    12974.675   -3515.4468    8143.0257    310.93181    15537 
205000000   -388.26169    4423.0597    12922.601   -3438.5089    8249.8303    309.68391    15534 
206000000   -344.09545    4236.8112    12835.788   -3550.3779    8131.2845    307.60347    15540 
207000000    -404.6431    4192.7499    12838.495   -3531.7638    8129.1568    307.66832    15532 
208000000    -385.4335    4183.3596     12929.35   -3498.8543    8067.6474    309.84564    15518 
209000000   -383.82579    4228.5268    12888.447   -3535.4246    8147.7772    308.86542    15517 
210000000   -378.21268    4368.3985    13010.956   -3489.6459     8236.257    311.80129    15522 
211000000   -376.19966    4110.8209    13035.701    -3465.044    7952.0645    312.39428    15500 
212000000   -386.70014    4220.8578    12876.736   -3599.1812    8206.7391    308.58476    15530 
213000000   -328.11317    4203.1388     13002.03   -3557.4298    8088.6818    311.58737    15529 
214000000   -387.54608     4167.972    12841.024    -3637.163    8192.6811    307.72893    15526 
215000000   -380.41646    4145.6723    12817.883   -3601.1065    8127.1953    307.17438    15542 
216000000   -376.94777    4470.6656    12876.652   -3382.5133    8230.1266    308.58275    15513 
217000000   -353.88596    4310.3586     13037.06   -3477.6736    8141.9181    312.42686    15518 
218000000   -385.90014    4177.8186    13016.124   -3513.8304    8077.5491    311.92513    15546 
219000000   -372.47745    4044.7076    12933.346   -3551.9317    7969.1167    309.94139    15525 
220000000   -341.19243    4145.6832    12938.753   -3600.0229    8086.8985    310.07098    15546 
221000000   -331.30357    4296.8632    12956.886   -3529.2947    8157.4615    310.50552    15527 
222000000   -375.48955    4119.8691    12926.197   -3603.0315    8098.3902    309.77006    15529 
223000000   -334.70282    4154.3141    12946.556   -3524.5375    8013.5544    310.25797    15518 
224000000    -371.3376    4153.2863    12795.045    -3615.274    8139.8979    306.62707    15530 
225000000   -353.34493    4316.8474    12887.418   -3465.2097    8135.4021    308.84075    15517 
226000000   -369.68003    4242.7148    12881.169   -3561.9701     8174.365      308.691    15540 
227000000   -365.60638    4126.1188    12854.044   -3511.4593    8003.1844    308.04097    15521 
228000000   -360.65001    4147.5033    13096.688   -3685.1619    8193.3152     313.8558    15553 
229000000   -364.64961    4173.6535    12968.497   -3534.0766    8072.3798    310.78378    15523 
230000000   -368.25035    4240.0757    12979.123   -3484.5659     8092.892    311.03841    15521 
231000000   -384.03214    4233.9561    13020.756   -3571.1715    8189.1597    312.03614    15540 
232000000   -370.76728    3883.8292    12930.056   -3790.8259    8045.4224    309.86255    15560 
233000000   -395.35579    4108.7039    13048.411   -3670.5383    8174.5981    312.69888    15534 
234000000   -351.42815    3999.7285    12931.829   -3694.4041    8045.5608    309.90504    15550 
235000000    -370.6306    4250.5841    12977.445    -3503.416    8124.6307    310.99821    15513 
236000000   -390.86159    4112.8021    12808.411   -3643.5417    8147.2054     306.9474    15533 
237000000    -389.9498    4302.2286    12992.658   -3463.3373    8155.5157    311.36277    15519 
238000000   -344.42278    4249.7778    12935.198   -3599.3199    8193.5204    309.98577    15518 
239000000    -406.6039    4034.8182    13027.057   -3530.0245    7971.4466    312.18713    15540 
240000000   -334.00401     4312.148    12955.053   -3539.4183    8185.5703    310.46158    15517 
241000000   -359.57076    4280.1946    12915.464   -3507.0857     8146.851    309.51287    15533 
242000000   -393.24689    4125.3957    12985.714   -3667.6388    8186.2814    311.19636    15554 
243000000   -369.86732    4231.2241    12970.929   -3497.8508    8098.9421    310.84206    15516 
244000000   -327.55166    4302.6651    12701.303   -3558.2731    8188.4898    304.38059    15548 
245000000   -385.95628     4348.793    12915.493   -3495.6849    8230.4341    309.51356    15521 
246000000   -354.95663    4500.0325    12939.206   -3380.8644    8235.8535    310.08182    15504 
247000000   -343.23288    4197.1933    12996.381   -3568.4328    8108.8589      311.452    15542 
248000000   -399.93058    4265.9776    13042.804     -3541.09    8206.9982     312.5645    15520 
249000000   -371.97022     4236.087    12988.107   -3551.8991    8159.9563    311.25372    15514 
250000000   -377.16427    4192.1418    12958.419   -3542.1528    8111.4588    310.54225    15526 
251000000   -393.24488    4314.9145     12663.45   -3475.0577    8183.2172    303.47346    15525 
252000000   -354.32656    4201.0664    12763.639   -3492.6242    8048.0171    305.87445    15516 
253000000   -369.84899    4252.6094    12922.401   -3496.9372    8119.3956    309.67911    15525 
254000000   -346.78537    3965.6149    13086.988   -3708.5767     8020.977    313.62335    15547 
255000000   -387.85574    4091.9327    12963.549   -3611.7274    8091.5158    310.66519    15543 
256000000   -396.42865    4138.9213    13035.168   -3503.0638    8038.4137    312.38151    15513 
257000000    -378.6257    4325.4988    13020.021   -3447.4057    8151.5302    312.01851    15515 
258000000   -369.74444    4337.7939    12890.368   -3565.9502    8273.4886    308.91145    15521 
259000000   -383.61933    4288.3058    12962.139   -3488.9972    8160.9224    310.63141    15533 
260000000   -413.52314    4189.8085     12891.72   -3605.1132    8208.4448    308.94385    15528 
261000000   -367.53596    4300.9271    13062.804   -3514.9989     8183.462     313.0438    15530 
262000000    -367.8184    4258.4272    13044.709   -3521.7541    8147.9997    312.61015    15522 
263000000    -346.4403    4352.2028    12964.633   -3513.3723    8212.0155    310.69118    15518 
264000000   -369.68128     4318.285    12849.765   -3533.7294    8221.6957    307.93841    15527 
265000000   -357.82476    4179.1327    12824.883   -3534.6115     8071.569    307.34213    15541 
266000000    -372.9295    4231.4188     12944.43   -3603.1061    8207.4544    310.20702    15535 
267000000   -373.37539    4126.0215    13033.006      -3608.8    8108.1968     312.3297    15534 
268000000   -366.64853    4296.4564     13013.31   -3476.9313    8140.0362    311.85769    15532 
269000000   -391.36698    4041.7119    12935.789   -3676.9995    8110.0784    309.99993    15536 
270000000   -385.17927    4082.4737    13100.152   -3653.8795    8121.5324    313.93883    15545 
271000000   -378.06782    4229.7937    12992.957   -3547.7537    8155.6153    311.36993    15527 
272000000   -367.57407    3908.3934    13004.174   -3726.7678    8002.7353    311.63875    15547 
273000000   -398.41291    4196.3669    12961.366   -3531.2772     8126.057    310.61287    15519 
274000000    -405.0349    4421.9075    12748.533   -3439.9844    8266.9267    305.51243    15516 
275000000   -404.46968    4082.9358    12711.679   -3629.7816    8117.1871    304.62926    15550 
276000000    -370.3874    3993.6606    12951.819   -3741.9955    8106.0435    310.38409    15551 
277000000   -382.32564    4158.8622    13070.889   -3581.8735    8123.0613    313.23754    15521 
278000000   -359.98264    4299.7483    12891.239    -3457.077     8116.808    308.93231    15509 
279000000   -366.88807    4260.4727    12865.408   -3513.3189    8140.6796    308.31329    15528 
280000000   -347.11691    4186.4957    12929.122   -3580.1303    8113.7429    309.84017    15525 
281000000   -358.05992     4388.159    13000.904   -3399.2023    8145.4212    311.56039    15505 
282000000   -377.63088     4201.702    12970.519   -3578.9159    8158.2488    310.83221    15518 
283000000   -349.08845    4228.1615    13083.369   -3501.0619    8078.3118    313.53663    15516 
284000000   -359.85217    4436.6816    12923.301   -3441.3274    8237.8612    309.70067    15521 
285000000   -383.77689    4343.9208        12902   -3520.8167    8248.5144    309.19021    15523 
286000000   -382.13225    4225.1618    12873.047   -3623.4419     8230.736    308.49636    15525 
287000000   -383.78116    4096.0707    12958.255   -3614.0365    8093.8883    310.53832    15536 
288000000   -373.79876    4140.3306     13016.35    -3627.047    8141.1763    311.93054    15549 
289000000   -352.29675     4250.066    13036.596   -3620.4561    8222.8189    312.41572    15536 
290000000   -368.67304    4309.5598    13274.271   -3526.1813    8204.4141    318.11151    15529 
291000000   -371.46687    4224.9219    12844.566   -3550.1845    8146.5732    307.81383    15533 
292000000   -349.57168    4210.3832    12883.942   -3594.3974    8154.3523    308.75746    15533 
293000000   -367.97904    4224.2674    12660.362   -3607.3079    8199.5544    303.39946    15534 
294000000   -353.31959    4279.8126    12993.549   -3538.9671    8172.0993    311.38412    15527 
295000000   -364.22073    4283.4418    13036.503   -3603.9606    8251.6231    312.41351    15537 
296000000   -412.72111    4244.0143    12904.943   -3586.2626     8242.998    309.26073    15525 
297000000   -375.61185    4142.1749    12925.586   -3645.0499    8162.8367    309.75542    15529 
298000000   -374.71739    4412.0236    12756.208   -3457.1808    8243.9217    305.69636    15527 
299000000   -394.41189    4114.2638    12914.831   -3573.3176    8081.9933     309.4977    15525 
300000000   -360.42117    4238.1326    12802.572   -3595.6608    8194.2147    306.80747    15531 
301000000   -350.95481    4241.9865    12840.131   -3521.1155    8114.0568    307.70754    15521 
302000000   -378.85393    3976.4679     12954.28    -3702.736    8058.0578    310.44307    15552 
303000000   -381.97466    4314.5406    12859.116    -3559.136    8255.6513     308.1625    15538 
304000000   -371.20551    4350.9352    12848.318   -3575.8422    8297.9829    307.90374    15544 
305000000   -390.85622    4171.4448    12988.221   -3561.5064    8123.8075    311.25645    15541 
306000000   -398.09541    4308.4389    12880.199   -3468.0402    8174.5745    308.66775    15510 
307000000   -361.87443    4359.7191    13125.273   -3461.3449    8182.9384    314.54083    15517 
308000000   -385.08576    4264.8473    12998.932   -3532.9243    8182.8574    311.51313    15525 
309000000   -349.48242    4019.9149    12985.742   -3767.2541    8136.6514    311.19704    15555 
310000000   -363.09454    4264.4381    13039.119   -3523.5879    8151.1206     312.4762    15520 
311000000   -359.27499    4291.9271    12765.893   -3474.7887    8125.9908    305.92847    15508 
312000000    -353.5167    4285.8287    12932.346   -3525.0329    8164.3783    309.91743    15530 
313000000   -364.94401    4325.0495    13037.067   -3602.4517    8292.4452    312.42702    15529 
314000000   -368.07067    4348.5745    12864.452   -3543.0599     8259.705    308.29038    15526 
315000000   -356.39498    4298.6448     12998.85   -3502.8325    8157.8723    311.51116    15515 
316000000   -357.87907    4322.2914    12886.009   -3371.7789    8051.9494    308.80699    15516 
317000000   -376.90258    4126.8553    12859.631   -3586.9023    8090.6602    308.17485    15532 
318000000   -367.40719    4343.2369    12870.969   -3533.2999    8243.9439    308.44655    15511 
319000000   -359.62091    4240.5887    12936.434   -3491.6201    8091.8298    310.01538    15525 
320000000   -390.65903    4235.7855    12996.861   -3578.5261    8204.9705     311.4635    15532 
321000000   -381.06582    4355.8528    12913.658   -3473.6046    8210.5232    309.46959    15533 
322000000   -341.96143    4164.7985    12911.809   -3620.5324    8127.2923    309.42527    15530 
323000000   -340.79917    4283.1647        13053   -3468.8146    8092.7785    312.80884    15522 
324000000   -360.91134     4211.869    12994.107   -3550.9552    8123.7356     311.3975    15524 
325000000   -352.76418    4470.5699    12966.245   -3399.3367    8222.6707    310.72981    15511 
326000000   -379.67317    4336.9004    12863.216   -3432.7777    8149.3513    308.26076    15512 
327000000   -374.07987    4364.2949    12991.528   -3404.4677    8142.8425    311.33569    15506 
328000000   -366.81557    4329.0633    12959.424   -3440.9209    8136.7998    310.56633    15513 
329000000   -408.71004    4467.5924    12796.005   -3363.7004    8240.0029    306.65009    15510 
330000000   -380.13253     4033.899    12948.766   -3680.7328    8094.7644    310.31093    15546 
331000000   -429.44735    4168.5782     13017.92   -3586.6475     8184.673    311.96818    15508 
332000000   -391.84028    4178.2059    13049.162   -3557.9834    8128.0295    312.71688    15524 
333000000   -378.74504    4261.4244     12929.07   -3571.0815    8211.2509    309.83891    15528 
334000000    -359.2669    4243.8947    12864.413   -3501.7888    8104.9504    308.28946    15518 
335000000   -349.76351     4092.064    12857.464    -3752.747    8194.5745    308.12292    15533 
336000000   -347.78072    4330.6784    12881.555   -3522.5954    8201.0545    308.70026    15532 
337000000    -333.5883    4094.0666    12954.947   -3622.7648    8050.4197    310.45906    15541 
338000000   -392.36483     4205.665    12897.349   -3534.0758    8132.1056    309.07874    15518 
339000000   -367.61318    4236.0155    13033.193   -3608.1713       8211.8    312.33417    15532 
340000000   -339.58974    4365.4536    13027.333   -3515.4234    8220.4668    312.19375    15533 
341000000   -344.55814    4250.7609    12760.672   -3535.7413    8131.0604    305.80335    15533 
342000000   -371.82506    4235.1652    12932.922   -3547.1302    8154.1205    309.93123    15533 
343000000    -349.5658    4066.2397    12840.645    -3666.287    8082.0925    307.71987    15550 
344000000   -350.17526    4317.0036    12795.053    -3497.135    8164.3139    306.62727    15520 
345000000   -350.56085    4426.0303    13065.145   -3427.1789      8203.77    313.09988    15508 
346000000   -406.28927    4104.8198    12815.289   -3675.1098    8186.2188    307.11221    15530 
347000000   -380.45594    4204.9276     12899.95   -3508.0916    8093.4751    309.14108    15540 
348000000   -354.68308    4201.7645    12961.394   -3603.8797    8160.3273    310.61354    15533 
349000000   -395.64227    3979.6951    12784.215   -3696.8738    8072.2112    306.36754    15536 
350000000   -365.60184    4340.7845    12856.319    -3479.614    8186.0003    308.09547    15517 
351000000   -387.70461    4060.0359     13018.96   -3696.4362    8144.1767    311.99309    15539 
352000000   -377.83491    4254.5634    12861.629   -3587.8802    8220.2785    308.22273    15531 
353000000    -362.8238    4187.0524     12934.55   -3526.2691    8076.1454    309.97024    15525 
354000000   -371.13862    4146.0292    12885.261   -3580.5649    8097.7328    308.78905    15548 
355000000   -395.22594    4089.0072    12969.373   -3642.2841    8126.5173    310.80476    15543 
356000000   -370.43817    4105.9614    12873.535    -3603.015    8079.4146    308.50805    15527 
357000000   -350.44095     4124.786    12898.506    -3695.811     8171.038    309.10647    15534 
358000000   -406.98558     4235.271    12930.966   -3492.3806    8134.6371    309.88435    15517 
359000000   -378.06074    4175.8347    13050.363   -3612.8912    8166.7867    312.74565    15529 
360000000   -335.28461    4114.6202    12893.105   -3780.6003    8230.5051    308.97704    15560 
361000000   -360.09858    4098.3671    13041.669   -3705.9626    8164.4283    312.53729    15553 
362000000   -397.79474    4178.9849    12985.588   -3549.3536    8126.1333    311.19336    15513 
363000000   -354.67888     4267.761    12902.871   -3508.9593    8131.3992    309.21108    15536 
364000000   -357.21078    4325.5898    12905.937   -3426.7966    8109.5972    309.28455    15522 
365000000   -347.86131    4154.4479    13049.668    -3555.229    8057.5381      312.729    15513 
366000000   -376.17263    4116.5521    12877.123   -3537.1284    8029.8531    308.59404    15534 
367000000   -381.22253    4310.3095    12979.994   -3416.2583    8107.7903    311.05928    15512 
368000000   -412.36884    4084.2738    12964.685   -3510.5404     8007.183    310.69242    15521 
369000000   -419.79168     4077.385    12883.859   -3619.0508    8116.2275    308.75547    15549 
370000000   -405.31545    4270.2767    13141.184   -3644.2976    8319.8897    314.92214    15556 
371000000    -364.7352    4219.1517    13099.503   -3552.1296    8136.0165    313.92326    15532 
372000000   -357.36454    4216.5501    12967.692   -3607.7467    8181.6614    310.76448    15535 
373000000   -380.39961    4262.3943    13031.676   -3592.0677    8234.8616    312.29783    15538 
374000000   -359.30687    4073.9663    12791.862   -3612.6724    8045.9456    306.55081    15537 
375000000   -389.27479    4140.9356    13018.729   -3490.7344    8020.9448    311.98757    15527 
376000000    -379.6681    4233.1851    12887.192   -3507.9716    8120.8248    308.83532    15523 
377000000   -386.26838    4367.3885    13007.709   -3530.9495    8284.6064    311.72346    15541 
378000000   -347.38615    4138.3289    12807.001    -3704.823     8190.538    306.91361    15536 
379000000   -391.33883    4221.6733    13037.531   -3435.7851    8048.7972    312.43814    15502 
380000000   -402.09321    4298.3729    12934.388    -3556.008    8256.4741    309.96637    15526 
381000000   -357.19875    4201.7045    12886.842   -3550.6458    8109.5491    308.82696    15536 
382000000   -395.61227     4144.348    13089.547   -3618.4412    8158.4014    313.68467    15545 
383000000    -362.0135    4313.6216    13065.126   -3458.0613    8133.6964    313.09944    15521 
384000000   -407.27461    4349.8424    12955.538   -3512.0554    8269.1724    310.47321    15523 
385000000     -363.277    4248.9997    12816.465   -3460.2207    8072.4973     307.1404    15532 
386000000   -376.89896    4204.0867    12940.242   -3663.2022    8244.1879    310.10666    15544 
387000000   -353.98197    4384.8545    12862.951   -3512.1413    8250.9777    308.25442    15516 
388000000   -320.92263    4382.0187    12900.144   -3475.5074    8178.4488    309.14571    15513 
389000000   -341.36629     4174.753     12858.79   -3632.2639    8148.3832     308.1547    15540 
390000000   -354.23372    4152.7532    12956.199   -3570.1399    8077.1269    310.48906    15538 
391000000   -363.53688    4225.5671    12804.901   -3561.1985    8150.3024    306.86327    15523 
392000000   -370.27952    4350.5744    13042.021   -3417.6718    8138.5256    312.54574    15508 
393000000   -375.94449    4242.9226     12948.66    -3504.654    8123.5211    310.30838    15532 
394000000   -347.08394    4242.7165    12919.201   -3632.9974    8222.7978    309.60242    15539 
395000000   -343.25513    4189.0387    12807.957   -3620.8549    8153.1488     306.9365    15536 
396000000   -377.74723    4097.4573    12920.425   -3631.8382    8107.0427    309.63174    15534 
397000000   -380.22896    4161.5844    13053.541    -3595.736    8137.5494    312.82182    15541 
398000000   -379.23521    4194.9847    12956.346   -3557.8284    8132.0484    310.49257    15525 
399000000   -381.39995    4317.2179    12976.776   -3469.8756    8168.4934    310.98218    15510 
400000000   -382.57364    4186.3406    13012.876    -3589.625    8158.5393    311.84729    15543 
401000000   -356.75377    4451.0369    12942.782   -3406.2328    8214.0235    310.16751    15518 
402000000   -366.07038    4305.2354    13046.212   -3548.0795    8219.3853    312.64617    15530 
403000000   -388.52588    4416.6729    13008.275   -3512.3573    8317.5561    311.73703    15544 
404000000   -380.25888    4206.7328    13028.452   -3593.5476    8180.5392    312.22057    15512 
405000000    -381.7976    4199.9161    12856.103    -3578.404    8160.1177    308.09029    15528 
406000000   -364.82722    4096.5611    12781.192   -3646.7614    8108.1498     306.2951    15535 
407000000   -381.55224    4263.0928    12799.694   -3502.8042    8147.4492    306.73848    15508 
408000000   -371.50001    4178.5232    12882.564   -3594.1265    8144.1497    308.72443    15529 
409000000   -356.62513    4342.0404    12909.932   -3529.6509    8228.3164    309.38028    15532 
410000000   -394.34815    4336.0603    12769.049   -3494.7729    8225.1813     306.0041    15517 
411000000   -324.78013    4248.5406    13045.822   -3521.7304    8095.0511    312.63682    15521 
412000000   -391.55831    4135.6103    13059.418   -3695.7026    8222.8712    312.96265    15555 
413000000   -348.82416     4315.299    12988.876   -3541.4435    8205.5666    311.27214    15517 
414000000   -324.06356    4358.9049    12800.858    -3509.431    8192.3995    306.76638    15532 
415000000   -345.94582    4279.3652     12993.16   -3511.9103    8137.2213    311.37481    15521 
416000000    -368.8897    4164.7219     12857.74   -3598.7933    8132.4049    308.12954    15532 
417000000   -364.52569    4320.2366    12841.032   -3467.5386     8152.301    307.72914    15509 
418000000   -392.08319    4190.4897    12872.275    -3570.333    8152.9059    308.47785    15521 
419000000   -396.78494    4301.1606    13006.273   -3449.0453    8146.9909    311.68906    15491 
420000000   -374.03465    4109.6209    12918.886   -3669.4298    8153.0853    309.59487    15541 
421000000   -381.26416    4276.9034    12987.322   -3443.8004     8101.968    311.23489    15527 
422000000   -391.18467    4352.7679    12939.681    -3458.019    8201.9716    310.09322    15510 
423000000   -355.83958    4072.9496    12901.523    -3686.634    8115.4232    309.17877    15535 
424000000   -357.77686    4149.9877     12996.35   -3545.4945    8053.2591    311.45125    15527 
425000000   -370.56856    4177.0192    12875.646   -3576.6124    8124.2002    308.55863    15543 
426000000   -350.29425    4272.5051    12825.429     -3479.82    8102.6193    307.35522    15522 
427000000   -369.77542    4144.7595    12818.703   -3675.8016    8190.3365    307.19402    15546 
428000000   -377.85925    4176.0694    12816.466   -3670.2387    8224.1674    307.14041    15541 
429000000   -371.19321    4181.7425    12994.518   -3556.0607    8108.9964    311.40734    15517 
430000000   -331.52313    4378.2709    12777.629   -3482.8601    8192.6541    306.20972    15519 
431000000   -374.10596    4262.5518    12875.476   -3519.8137    8156.4715    308.55457    15510 
432000000   -365.33293    4285.7069    12875.531   -3621.0409    8272.0808    308.55588    15540 
433000000   -361.70234    4275.8431    12890.305   -3468.1493    8105.6948    308.90994    15519 
434000000   -357.85199    4152.7883    12926.242   -3597.5316    8108.1718    309.77116    15535 
435000000   -394.83458    4265.4218    12951.965   -3597.8311    8258.0875    310.38758    15533 
436000000   -381.69194    4133.6878    12937.583   -3555.5781    8070.9579    310.04292    15523 
437000000   -378.09191    4134.6729     12911.61   -3613.2872    8126.0519    309.42049    15541 
438000000   -356.63221    4127.8576    12871.511   -3506.0884    7990.5782    308.45955    15527 
439000000    -374.8055    4136.5512      12852.9   -3686.4914    8197.8481    308.01353    15542 
440000000   -389.77231    4410.6599    12923.972   -3515.6806    8316.1128    309.71676    15520 
441000000   -372.14949     4351.369    12951.413   -3463.4776    8186.9962    310.37435    15536 
442000000   -384.62151    3936.8704    12876.796   -3751.8361    8073.3281    308.58619    15556 
443000000   -389.65265    4180.0922    13030.668   -3564.9924    8134.7373    312.27366    15535 
444000000    -348.2886     4149.393     12932.82   -3653.8155    8151.4971     309.9288    15537 
445000000   -376.67901     4311.819     12944.85   -3428.3195    8116.8175    310.21709    15521 
446000000    -370.6319    4177.2856    13100.077   -3621.3876    8169.3051    313.93703    15524 
447000000   -362.04875    4180.9554    12744.604   -3691.9294    8234.9335    305.41829    15534 
448000000   -371.98249    4081.5099    13022.089   -3675.1115    8128.6039    312.06809    15531 
449000000    -338.3266    4337.9721    12896.351   -3501.8741    8178.1728    309.05482    15494 
450000000   -367.94875    4249.8167    13046.666   -3634.0888    8251.8543    312.65704    15533 
451000000   -380.53861    4276.4226    12839.726   -3503.6315    8160.5927    307.69783    15531 
452000000   -345.73513    4362.6444    13042.884   -3474.7296    8183.1091    312.56641    15518 
453000000   -363.00582    4356.3655    12981.555   -3468.7825    8188.1538    311.09671    15513 
454000000   -376.75466     4055.139    12853.301   -3648.6019    8080.4956    308.02314    15530 
455000000   -400.93158    4242.9157    12963.379   -3570.3654    8214.2127    310.66112    15533 
456000000   -356.19635    4097.3668     12915.64   -3675.9861    8129.5493    309.51707    15544 
457000000   -375.13412     4157.307    12859.196    -3545.873    8078.3141    308.16443    15505 
458000000   -374.33783    4362.8694    12956.688   -3471.1976    8208.4048    310.50076    15513 
459000000   -343.03784    4268.2046    13073.646   -3569.8719    8181.1143    313.30362    15543 
460000000   -355.80319    4245.9229    12999.242   -3536.9775    8138.7036    311.52057    15501 
461000000   -330.95241    4151.2679     13065.28   -3581.6995    8063.9198    313.10312    15524 
462000000   -391.18114    4377.5058    13021.707   -3467.4531      8236.14    312.05892    15527 
463000000   -368.50784    4272.3218    12877.793   -3448.6391    8089.4688    308.61009    15508 
464000000   -398.51466    4239.2063     12832.52   -3501.0153    8138.7362    307.52514    15522 
465000000   -387.16192    4221.2091    12855.155   -3553.4129     8161.784    308.06758    15541 
466000000   -363.28303    4305.1766    12843.435   -3518.9429    8187.4026    307.78673    15502 
467000000   -399.46914    4129.3074     13103.06   -3791.0208    8319.7973     314.0085    15542 
468000000    -357.6755    4070.9491    12836.019   -3681.4044     8110.029    307.60899    15530 
469000000   -382.13122    4518.1037     12795.15   -3427.3602    8327.5951    306.62959    15519 
470000000   -371.91688    4195.1704    13026.258   -3591.1355    8158.2228    312.16799    15519 
471000000   -355.85594     4168.455    12948.127   -3572.0064    8096.3173     310.2956    15529 
472000000   -402.47499    4142.8844    12830.182   -3608.2427    8153.6021    307.46912    15524 
473000000   -333.66795    4207.8505    12944.736   -3533.3859    8074.9043    310.21436    15538 
474000000   -361.66863    4257.1812    12824.516   -3556.2316    8175.0815    307.33332    15531 
475000000   -361.32521    4250.2209    12977.577   -3580.6561    8192.2022    311.00137    15517 
476000000   -369.07244    4231.5332    13064.672   -3552.7743    8153.3799    313.08855    15522 
477000000   -383.56353    4157.6163    12820.519   -3545.8513    8087.0311    307.23756    15506 
478000000   -385.55651    4217.2554    13065.449   -3577.9326    8180.7445    313.10717    15533 
479000000   -320.17404    4434.5203    12835.359   -3472.0097     8226.704    307.59319    15511 
480000000   -338.91723    4326.6671    13147.076   -3452.6725    8118.2568    315.06333    15507 
481000000   -395.64235    4193.2393    12930.784   -3597.2735    8186.1551       309.88    15537 
482000000   -386.76855    4376.9048    13159.065    -3451.085    8214.7584    315.35065    15516 
483000000   -392.58847    4191.5116    12954.254   -3584.8879     8168.988    310.44245    15521 
484000000   -410.29703    4043.2343    12941.548   -3657.5564    8111.0877    310.13794    15544 
485000000   -364.87264    4280.5765    12916.238   -3522.5323    8167.9814    309.53141    15515 
486000000   -360.97985    4300.6916    12910.846   -3564.1738    8225.8452    309.40219    15526 
487000000   -355.31405    4219.1576    12773.598   -3582.2031    8156.6748     306.1131    15529 
488000000   -361.52731    4059.7543    12943.325   -3607.5528    8028.8344    310.18053    15526 
489000000   -372.88857     4243.879    13040.788   -3603.1889    8219.9565     312.5162    15534 
490000000    -375.4045    4214.4114    12884.416   -3598.3956    8188.2115    308.76881    15522 
491000000   -366.72907    4164.3989    13027.032   -3583.5171    8114.6452    312.18653    15527 
492000000   -369.29405    4217.7034    12967.404   -3637.3838    8224.3812    310.75757    15523 
493000000   -399.33437    4188.3267    12883.063   -3541.3273    8128.9884    308.73638    15532 
494000000    -357.5717    4172.7375    13061.162   -3626.3425    8156.6518    313.00445    15538 
495000000   -370.30934    4274.8582    12788.923   -3578.0059    8223.1734    306.48037    15526 
496000000   -374.18625      4252.36    12929.731   -3525.0789    8151.6251    309.85475    15518 
497000000   -350.30966    4305.9689    12984.465   -3506.1626    8162.4412    311.16642    15527 
498000000   -390.73351    4341.5355    13006.145   -3585.5581     8317.827    311.68598    15529 
499000000    -386.7485    4141.0318    12847.117   -3549.1133    8076.8936    307.87495    15521 
500000000   -365.56179    4171.5274    12846.879   -3579.6128     8116.702    307.86926    15531 
Loop time of 156589 on 28 procs for 500000000 steps with 14000 atoms

Performance: 6897.041 ns/day, 0.003 hours/ns, 3193.075 timesteps/s
99.2% CPU use with 28 MPI tasks x no OpenMP threads

MPI task timing breakdown:
Section |  min time  |  avg time  |  max time  |%varavg| %total
---------------------------------------------------------------
Pair    | 16973      | 19276      | 22067      | 863.4 | 12.31
Bond    | 5806.5     | 6465.2     | 11928      |2130.9 |  4.13
Neigh   | 47579      | 48157      | 48788      | 150.3 | 30.75
Comm    | 38278      | 45840      | 50643      |1440.7 | 29.27
Output  | 0.79414    | 0.79569    | 0.79744    |   0.1 |  0.00
Modify  | 22193      | 22356      | 22984      | 102.9 | 14.28
Other   |            | 1.449e+04  |            |       |  9.26

Nlocal:    500 ave 539 max 466 min
Histogram: 1 2 2 7 7 2 2 2 2 1
Nghost:    624.071 ave 853 max 440 min
Histogram: 3 3 5 1 4 4 2 3 1 2
Neighs:    4893.96 ave 5841 max 3983 min
Histogram: 3 1 3 3 6 3 3 2 2 2

Total # of neighbors = 137031
Ave neighs/atom = 9.78793
Ave special neighs/atom = 9.01857
Neighbor list builds = 94869579
Dangerous builds = 0
write_restart final_state_${fName}.restart
write_restart final_state_Run3.restart
Total wall time: 43:29:52
