
units real
boundary p p p
atom_style full

neighbor 1.9 bin
neigh_modify every 1 delay 1 check yes

read_data b70_N200_L400.data extra/special/per/atom 50
  orthogonal box = (-420 -420 -420) to (420 420 420)
  2 by 2 by 7 MPI processor grid
  reading atoms ...
  14000 atoms
  scanning bonds ...
  51 = max bonds/atom
  scanning angles ...
  1 = max angles/atom
  reading bonds ...
  13800 bonds
  reading angles ...
  13600 angles
  2 = max # of 1-2 neighbors
  2 = max # of 1-3 neighbors
  4 = max # of 1-4 neighbors
  56 = max # of special neighbors
  special bonds CPU = 0.638428 secs
  read_data CPU = 0.779503 secs

angle_style cosine
angle_coeff * 2 # K (energy unit)

bond_style hybrid harmonic harmonic/shift/cut
bond_coeff 1 harmonic 3 10
bond_coeff 2 harmonic 3 10
bond_coeff 3 harmonic/shift/cut 4.80 11.22 12.72

pair_style lj/cut 25
# atom-typ1, atom-typ2, energy-well, sigma (bead-diameter), cut-off (distance)
pair_coeff * * 0.01 10 25
pair_coeff 2 2 0.18 10 25
pair_coeff 4 4 0.18 10 25

special_bonds lj 1 1 1 angle no
  2 = max # of 1-2 neighbors
  2 = max # of 1-3 neighbors
  4 = max # of 1-4 neighbors
  56 = max # of special neighbors
  special bonds CPU = 0.000618496 secs

minimize 1.0e-4 1.0e-6 100000 100000 # force_tol, energy_tol, maxiter, maxeval
WARNING: Using 'neigh_modify every 1 delay 0 check yes' setting during minimization (../min.cpp:168)
Neighbor list info ...
  update every 1 steps, delay 0 steps, check yes
  max neighbors/atom: 2000, page size: 100000
  master list distance cutoff = 26.9
  ghost atom cutoff = 26.9
  binsize = 13.45, bins = 63 63 63
  1 neighbor lists, perpetual/occasional/extra = 1 0 0
  (1) pair lj/cut, perpetual
      attributes: half, newton on
      pair build: half/bin/newton
      stencil: half/bin/3d/newton
      bin: standard
Per MPI rank memory allocation (min/avg/max) = 1.164 | 13.81 | 17.68 Mbytes
Step Temp E_pair E_mol TotEng Press 
       0            0 1.097855e+12      2649600 1.0978577e+12 5.0804878e+08 
    3165            0    -1749.261     5102.442     3353.181 0.0087270459 
Loop time of 0.920938 on 28 procs for 3165 steps with 14000 atoms

99.6% CPU use with 28 MPI tasks x no OpenMP threads

Minimization stats:
  Stopping criterion = energy tolerance
  Energy initial, next-to-last, final = 
     1.09785765867e+12      3353.38932291      3353.18099319
  Force two-norm initial, final = 8.92234e+10 1.58028
  Force max component initial, final = 1.04805e+09 0.193454
  Final line search alpha, max atom move = 0.612771 0.118543
  Iterations, force evaluations = 3165 3624

MPI task timing breakdown:
Section |  min time  |  avg time  |  max time  |%varavg| %total
---------------------------------------------------------------
Pair    | 0.054262   | 0.17587    | 0.30804    |  17.0 | 19.10
Bond    | 0.016961   | 0.04793    | 0.078683   |   7.3 |  5.20
Neigh   | 0.099329   | 0.10148    | 0.10466    |   0.4 | 11.02
Comm    | 0.14898    | 0.29159    | 0.44404    |  15.4 | 31.66
Output  | 0          | 0          | 0          |   0.0 |  0.00
Modify  | 0          | 0          | 0          |   0.0 |  0.00
Other   |            | 0.3041     |            |       | 33.02

Nlocal:    500 ave 826 max 174 min
Histogram: 1 3 4 4 2 2 8 1 1 2
Nghost:    338.893 ave 565 max 156 min
Histogram: 3 3 2 1 6 7 2 2 1 1
Neighs:    3508.14 ave 5788 max 1093 min
Histogram: 1 4 2 5 2 1 6 2 0 5

Total # of neighbors = 98228
Ave neighs/atom = 7.01629
Ave special neighs/atom = 5.82857
Neighbor list builds = 221
Dangerous builds = 0

# further equilibriate the system before bond formation takes place
fix fxlan all langevin $T $T 1000 ${seed}
fix fxlan all langevin 310 $T 1000 ${seed}
fix fxlan all langevin 310 310 1000 ${seed}
fix fxlan all langevin 310 310 1000 14146
fix fxnve all nve
timestep 0.1
run 10000
Per MPI rank memory allocation (min/avg/max) = 1.128 | 14 | 16.55 Mbytes
Step Temp E_pair E_mol TotEng Press 
    3165            0    -1749.261     5102.442     3353.181 0.0087270459 
   13165    221.32714   -1385.8384    8973.5899     16823.37    -1.873375 
Loop time of 1.48576 on 28 procs for 10000 steps with 14000 atoms

Performance: 58.152 ns/day, 0.413 hours/ns, 6730.581 timesteps/s
99.6% CPU use with 28 MPI tasks x no OpenMP threads

MPI task timing breakdown:
Section |  min time  |  avg time  |  max time  |%varavg| %total
---------------------------------------------------------------
Pair    | 0.057942   | 0.19424    | 0.36064    |  19.4 | 13.07
Bond    | 0.040214   | 0.1126     | 0.18583    |  11.1 |  7.58
Neigh   | 0.0018315  | 0.0019256  | 0.0020925  |   0.2 |  0.13
Comm    | 0.36448    | 0.6017     | 0.78764    |  14.8 | 40.50
Output  | 8.8458e-05 | 0.00011545 | 0.00014363 |   0.0 |  0.01
Modify  | 0.092424   | 0.26055    | 0.43165    |  17.1 | 17.54
Other   |            | 0.3146     |            |       | 21.18

Nlocal:    500 ave 831 max 172 min
Histogram: 1 3 4 4 2 2 7 2 1 2
Nghost:    339.536 ave 562 max 157 min
Histogram: 3 3 1 2 6 7 2 2 1 1
Neighs:    3513.75 ave 5820 max 1074 min
Histogram: 1 4 2 5 2 1 5 3 0 5

Total # of neighbors = 98385
Ave neighs/atom = 7.0275
Ave special neighs/atom = 5.82857
Neighbor list builds = 4
Dangerous builds = 0

unfix fxlan
unfix fxnve
reset_timestep 0

variable t equal step
variable steps equal 500000000
variable dt_thermo equal 1000000
variable dt_movie equal 10000000
variable dt_restart equal 50000000

group rxnSites type 1 3
4000 atoms in group rxnSites

# fix ID group-ID(atom-types) bond/create Nevery itype jtype Rmin bondtype (prob values = fraction seed) (iparam maxbond newType)
fix bondc rxnSites bond/create/random 20 1 3 12.72 3 prob 1 ${seed} iparam 1 1 jparam 1 3
fix bondc rxnSites bond/create/random 20 1 3 12.72 3 prob 1 14146 iparam 1 1 jparam 1 3

# fix ID group-ID bond/break Nevery bondtype Rmax keyword values ...
fix bondbr rxnSites bond/break 20 3 12.72 prob 1 ${seed}
fix bondbr rxnSites bond/break 20 3 12.72 prob 1 14146

variable frmbnd equal f_bondc[2]
variable brkbnd equal f_bondbr[2]
fix saveBond all print ${dt_thermo} "$t ${frmbnd} ${brkbnd}" file BondData_${fName}.dat screen no
fix saveBond all print 1000000 "$t ${frmbnd} ${brkbnd}" file BondData_${fName}.dat screen no
fix saveBond all print 1000000 "$t ${frmbnd} ${brkbnd}" file BondData_Run4.dat screen no

thermo_style custom step epair pe ke ebond eangle temp bonds
thermo ${dt_thermo}
thermo 1000000
fix saveThermo all print ${dt_thermo} "$t $(temp) $(ke) $(pe) $(epair) $(ebond) $(eangle) $(bonds)" file Thermo_${fName}.dat title "# Steps Temp KinEng PotEng Epair Ebond Eangle Bonds" screen no
fix saveThermo all print 1000000 "$t $(temp) $(ke) $(pe) $(epair) $(ebond) $(eangle) $(bonds)" file Thermo_${fName}.dat title "# Steps Temp KinEng PotEng Epair Ebond Eangle Bonds" screen no
fix saveThermo all print 1000000 "$t $(temp) $(ke) $(pe) $(epair) $(ebond) $(eangle) $(bonds)" file Thermo_Run4.dat title "# Steps Temp KinEng PotEng Epair Ebond Eangle Bonds" screen no

############################ Langevin Dynamics ###############################
fix fxlan all langevin $T $T 1000 ${seed}
fix fxlan all langevin 310 $T 1000 ${seed}
fix fxlan all langevin 310 310 1000 ${seed}
fix fxlan all langevin 310 310 1000 14146
fix fxnve all nve

comm_style tiled
fix fxbal all balance 1000 1.1 rcb

timestep 25

dump coor all custom ${dt_movie} traj_${fName}.dump id type mol mass x y z xu yu zu
dump coor all custom 10000000 traj_${fName}.dump id type mol mass x y z xu yu zu
dump coor all custom 10000000 traj_Run4.dump id type mol mass x y z xu yu zu

restart ${dt_restart} ${fName}_tp_*.restart
restart 50000000 ${fName}_tp_*.restart
restart 50000000 Run4_tp_*.restart
run ${steps}
run 500000000
Neighbor list info ...
  update every 1 steps, delay 1 steps, check yes
  max neighbors/atom: 2000, page size: 100000
  master list distance cutoff = 26.9
  ghost atom cutoff = 26.9
  binsize = 13.45, bins = 63 63 63
  2 neighbor lists, perpetual/occasional/extra = 1 1 0
  (1) pair lj/cut, perpetual
      attributes: half, newton on
      pair build: half/bin/newton
      stencil: half/bin/3d/newton
      bin: standard
  (2) fix bond/create/random, occasional, copy from (1)
      attributes: half, newton on
      pair build: copy
      stencil: none
      bin: none
Per MPI rank memory allocation (min/avg/max) = 17.87 | 18.29 | 18.88 Mbytes
Step E_pair PotEng KinEng E_bond E_angle Temp Bonds 
       0   -1385.8384    7587.7515    9235.6184    3086.3014    5887.2885    221.32714    13800 
 1000000   -206.29932    6686.3814    12979.623   -1375.1248    8267.8055    311.05041    15042 
 2000000   -238.11647     5898.782    12954.274   -2127.2628    8264.1613    310.44292    15197 
 3000000   -227.09071    5561.8058      13028.5   -2465.6084    8254.5049     312.2217    15273 
 4000000   -254.20629    5555.6265    12902.185   -2518.6276    8328.4605    309.19464    15294 
 5000000    -251.9058     5216.063    12939.098   -2753.8277    8221.7965    310.07923    15359 
 6000000   -220.88701    4934.4374     13006.39   -3009.1912    8164.5156    311.69186    15406 
 7000000   -224.22311    5322.7762    12853.346   -2815.2524    8362.2517    308.02423    15382 
 8000000   -253.16451    4744.0401    12923.375   -3153.5479    8150.7525    309.70245    15411 
 9000000   -263.72186    4888.1543    12945.588   -3174.7886    8326.6648    310.23476    15434 
10000000   -272.16306     4848.114    12839.874   -3164.6266    8284.9036    307.70137    15428 
11000000   -243.87866    4718.2962    12984.803   -3307.4853    8269.6602    311.17453    15450 
12000000   -247.02271    4966.7183     12792.72   -2999.1039     8212.845    306.57135    15420 
13000000   -280.70426    4768.5477    12993.692   -3204.9701    8254.2221    311.38756    15443 
14000000   -290.09793    4723.7881    12850.028   -3217.2899    8231.1759    307.94472    15456 
15000000   -281.15927    4922.7773    12914.923   -3063.4588    8267.3954     309.4999    15434 
16000000   -276.36068    4883.0667    12770.568    -3115.408    8274.8354     306.0405    15438 
17000000   -285.98398    4517.2444    12831.294   -3317.2399    8120.4683    307.49578    15457 
18000000   -284.63722    4727.0311    12949.681   -3182.6183    8194.2866    310.33285    15438 
19000000   -277.70171     4630.645    12897.207   -3331.1944    8239.5411    309.07534    15467 
20000000   -285.60607    4678.2164    12992.716   -3281.1464    8244.9689    311.36416    15479 
21000000   -297.23296    4589.1521    13043.931   -3359.1171    8245.5022    312.59151    15484 
22000000    -248.6142    4620.2229    12923.051   -3307.4903    8176.3273    309.69468    15471 
23000000   -306.66318    4700.0265    12965.088   -3314.0872    8320.7769    310.70207    15474 
24000000   -307.91612    4588.7806    12915.972   -3301.3081    8198.0048    309.52503    15475 
25000000   -311.99838    4679.3404    12922.811   -3287.2426    8278.5814    309.68892    15450 
26000000   -263.82692    4570.6784    12960.356   -3385.8354    8220.3408    310.58866    15494 
27000000   -297.66332    4651.9898    12972.416   -3364.4793    8314.1324    310.87769    15485 
28000000   -310.02933    4609.5143    13118.567   -3379.1569    8298.7005    314.38012    15497 
29000000      -343.47    4736.5576    12826.709   -3296.0292    8376.0568    307.38588    15477 
30000000   -321.18932     4532.347    12877.146   -3413.4186    8266.9549    308.59458    15475 
31000000   -304.19978    4415.7891    13044.064   -3349.2353    8069.2242    312.59468    15504 
32000000   -322.70718    4621.9139    12814.638    -3386.642    8331.2631    307.09661    15473 
33000000   -317.12357    4450.7381    12980.292   -3340.5019    8108.3636    311.06642    15479 
34000000   -282.68006     4552.234    13087.754   -3394.0613    8228.9754     313.6417    15493 
35000000    -313.9743     4679.587    12912.529   -3300.8273    8294.3886    309.44252    15471 
36000000   -310.83199    4632.4519    13004.611   -3343.7929    8287.0767    311.64923    15483 
37000000   -360.80583    4645.7221    12926.541    -3264.702    8271.2299    309.77832    15475 
38000000   -333.42562    4570.2987    12987.489   -3371.8787    8275.6031     311.2389    15493 
39000000   -308.48793     4360.914    12983.446   -3458.4803    8127.8822    311.14201    15504 
40000000   -333.01524    4557.3483    12854.642   -3340.1696    8230.5331    308.05528    15485 
41000000   -363.99331    4394.1471    13007.373   -3425.6664    8183.8069    311.71541    15498 
42000000   -363.15614      4368.18    12843.347   -3452.1488    8183.4849     307.7846    15499 
43000000   -335.68455    4517.2909    13008.813   -3481.6615     8334.637    311.74993    15484 
44000000   -345.14501    4415.8269    12928.967   -3464.9356    8225.9075    309.83646    15508 
45000000   -325.08254     4582.445    12841.889   -3330.8308    8238.3583    307.74968    15495 
46000000    -319.6335     4626.021    12945.028   -3281.4847    8227.1392    310.22135    15481 
47000000   -333.16248    4661.6294    13008.809   -3320.0672     8314.859    311.74984    15490 
48000000   -329.81938    4537.3995    12832.107   -3404.5696    8271.7885    307.51525    15488 
49000000   -353.65317    4490.0706    12979.383   -3396.6579    8240.3817    311.04466    15493 
50000000   -337.58696    4480.4931    12804.099   -3379.3539     8197.434    306.84406    15500 
51000000   -314.08889    4431.5062    12945.617   -3462.8922    8208.4873    310.23545    15505 
52000000   -320.05035     4462.371    12886.836   -3488.0331    8270.4544    308.82681    15503 
53000000   -327.58959     4447.669    12853.255    -3466.385    8241.6435    308.02205    15513 
54000000   -315.38172    4462.0142    12921.841   -3391.7317    8169.1276    309.66568    15505 
55000000   -374.77856    4330.7739    12889.544   -3466.9542    8172.5067    308.89169    15483 
56000000   -319.07358    4344.2815    12974.873   -3451.1052    8114.4603    310.93657    15510 
57000000   -368.72106    4385.7031    12934.087   -3533.6649    8288.0891    309.95916    15499 
58000000   -329.80616    4461.3526    12945.135   -3437.9858    8229.1446     310.2239    15501 
59000000   -314.22437    4369.2517    12946.471   -3510.6187    8194.0948    310.25593    15505 
60000000   -348.46292    4499.4589    12966.186   -3440.3067    8288.2285    310.72839    15504 
61000000   -324.62984     4449.571    12956.758   -3365.2801    8139.4808    310.50244    15493 
62000000   -353.76008    4581.0824    12995.489    -3371.702    8306.5445    311.43063    15491 
63000000   -331.56018    4409.7044    12970.343   -3526.5386    8267.8032    310.82802    15516 
64000000   -331.14485    4269.5116     12908.17   -3446.3731    8047.0296    309.33806    15502 
65000000   -351.53446    4285.1467    12945.036   -3575.3853    8212.0664    310.22155    15524 
66000000   -352.84091    4487.6704    12984.384   -3341.0018    8181.5131    311.16449    15500 
67000000   -363.07268     4231.724     13031.55   -3519.6852    8114.4818    312.29482    15511 
68000000    -323.3338    4281.3531    13057.638   -3534.6277    8139.3146    312.91999    15529 
69000000   -313.31193    4204.6543    12913.458   -3551.3019    8069.2681     309.4648    15521 
70000000   -325.76229    4263.4554    12830.607   -3595.1276    8184.3452     307.4793    15529 
71000000   -364.39081    4277.1429    13064.817    -3461.372    8102.9057    313.09204    15513 
72000000   -355.64689    4288.0396    13013.153   -3479.7248    8123.4113    311.85393    15501 
73000000   -330.62907    4319.6252    13007.144   -3498.6223    8148.8766    311.70992    15520 
74000000   -307.93113    4342.3179    12909.886   -3585.5185    8235.7675    309.37918    15525 
75000000    -355.1132      4176.48    13005.878   -3576.7136    8108.3068    311.67958    15528 
76000000   -361.44297    4253.8557    12877.764   -3554.1834     8169.482    308.60941    15522 
77000000   -329.78539    4232.5846    12959.289   -3667.0256    8229.3956    310.56309    15529 
78000000   -320.77844    4535.7103    12941.576    -3409.114    8265.6027    310.13862    15494 
79000000   -344.73759    4597.9142    12961.609   -3377.0752     8319.727     310.6187    15508 
80000000    -342.9181    4332.3594    13053.396   -3529.8462    8205.1236    312.81834    15527 
81000000   -346.61229    4150.7156    12978.898   -3614.8326    8112.1605    311.03302    15523 
82000000   -355.66262    4253.5892    12973.458   -3514.5068    8123.7586    310.90266    15518 
83000000   -358.25547    4517.4943    13011.859   -3337.7613    8213.5112    311.82293    15494 
84000000   -317.14135    4359.4929    12864.999   -3494.2244    8170.8587    308.30348    15506 
85000000   -321.82955    4502.4514     12800.07   -3470.1342    8294.4151    306.74751    15516 
86000000   -339.00125    4446.4823    12886.991   -3422.4941    8207.9776    308.83051    15506 
87000000    -347.9895    4228.9071    13180.799   -3593.0455    8169.9421    315.87148    15511 
88000000   -343.03274    4466.5911    12797.149   -3462.4387    8272.0626    306.67749    15505 
89000000   -307.43899    4508.4945    12896.959   -3424.4617    8240.3952    309.06939    15503 
90000000   -336.16367    4531.9149    12812.934   -3437.3958    8305.4743    307.05577    15489 
91000000   -314.04307     4274.992    12930.706   -3554.0739    8143.1089    309.87813    15521 
92000000   -343.00797    4385.4315    13027.739   -3514.5412    8242.9807    312.20349    15519 
93000000   -321.97225    4293.4357    12945.067   -3599.0366    8214.4446    310.22229    15523 
94000000   -322.40815     4559.865    13041.754     -3357.66    8239.9332    312.53933    15502 
95000000   -326.02747    4452.6822    13022.384   -3545.1608    8323.8705    312.07514    15529 
96000000   -373.72619    4193.6494    12904.599   -3516.4306    8083.8062    309.25247    15517 
97000000   -312.93088    4182.7257    12765.304   -3745.2935    8240.9501    305.91435    15533 
98000000   -357.96148    4232.4903    12903.826     -3667.66    8258.1117    309.23397    15538 
99000000   -382.00409    4169.1156      12895.7   -3567.4615    8118.5812    309.03923    15523 
100000000   -348.37728    4375.0299    12964.074   -3355.4595    8078.8666    310.67777    15503 
101000000   -380.05488    4268.2319    12977.866   -3584.9547    8233.2415    311.00828    15506 
102000000   -344.03392    4295.4086    12983.803   -3534.1533    8173.5958    311.15057    15517 
103000000   -316.51943    4413.3354    12930.932   -3502.3096    8232.1644    309.88355    15520 
104000000   -327.32259    4186.7912    12852.953   -3579.5052    8093.6189    308.01481    15523 
105000000   -352.37549    4261.2811    12972.116    -3552.039    8165.6956     310.8705    15515 
106000000   -355.36411    4140.7066    12903.475   -3576.8972     8072.968    309.22556    15507 
107000000   -344.00301     4328.737    13027.708    -3431.795    8104.5351    312.20274    15508 
108000000   -325.68548    4567.6838    12881.661   -3388.9343    8282.3037    308.70279    15516 
109000000   -377.47549    4287.1306    12988.634   -3423.6671    8088.2732    311.26634    15500 
110000000   -365.76553    4327.7768    12915.126   -3519.5962    8213.1386    309.50476    15533 
111000000   -348.36133    4203.4967    12967.178    -3505.593     8057.451    310.75215    15523 
112000000   -347.36458    4259.5052    13024.869    -3517.178    8124.0478    312.13469    15524 
113000000   -323.22782    4355.5517    13015.195   -3577.9215     8256.701    311.90286    15529 
114000000   -343.86379    4136.1488    12970.767   -3664.7069    8144.7195    310.83816    15523 
115000000   -383.51535    4290.4405     12819.85   -3594.9257    8268.8815    307.22151    15521 
116000000    -343.5649    4489.1204    12776.025   -3397.8446      8230.53    306.17128    15508 
117000000   -321.72953    4378.2995    12902.465   -3470.3219     8170.351    309.20135    15529 
118000000   -351.43908    4362.3454    12915.291   -3472.3286     8186.113    309.50872    15520 
119000000   -347.16963     4309.113    12959.539   -3544.5831    8200.8657    310.56909    15517 
120000000   -323.80509    4422.6937     13046.64   -3453.3043     8199.803    312.65643    15514 
121000000   -305.60474    4413.7539    12835.301   -3422.6796    8142.0382    307.59179    15506 
122000000   -370.71839     4085.937    13003.526   -3610.4291    8067.0845    311.62323    15523 
123000000   -358.39533    4290.5565    13045.484   -3547.7021     8196.654    312.62873    15519 
124000000    -338.5122    4239.1123    12767.532   -3654.8638    8232.4883    305.96775    15538 
125000000   -379.15635    4347.5743    12811.592   -3461.3092    8188.0399    307.02362    15509 
126000000   -382.09035    4150.5986    12949.049   -3677.1278    8209.8168     310.3177    15534 
127000000   -364.21627    4405.5135    12965.684   -3422.6873     8192.417    310.71637    15504 
128000000    -369.8692    4364.7662     12767.64   -3499.5832    8234.2186    305.97034    15513 
129000000   -336.80101    4218.8765    12831.562   -3608.3661    8164.0436    307.50219    15536 
130000000   -332.64094    4256.6561    13007.413   -3600.3923    8189.6893    311.71638    15533 
131000000   -383.41594    4271.1491    12945.653   -3559.8461    8214.4111    310.23633    15524 
132000000   -380.99118    4130.6651    12876.895   -3655.7312    8167.3875    308.58857    15539 
133000000   -347.70717    4407.3371    12991.813   -3553.0454    8308.0897    311.34254    15518 
134000000   -363.45358    4251.8656    12957.385   -3542.0986    8157.4178    310.51746    15521 
135000000   -369.59786    4565.4847    12831.993   -3411.4051    8346.4877    307.51251    15525 
136000000   -378.18246    4283.6115     12910.72   -3561.5539    8223.3479    309.39918    15519 
137000000   -330.60838    4246.1249    12983.453   -3683.0343    8259.7676    311.14219    15528 
138000000   -383.75768    4160.0514    12900.627   -3571.0854    8114.8945    309.15729    15544 
139000000   -341.30935     4215.681    13015.894   -3559.6509    8116.6412    311.91962    15514 
140000000   -355.54604    4338.1733    12826.086    -3517.476    8211.1954    307.37096    15519 
141000000   -328.39735    4284.4022     12940.36   -3645.0281    8257.8276    310.10949    15530 
142000000   -381.70139    4275.1511    12964.936   -3512.0781    8168.9306    310.69844    15512 
143000000   -348.91218    4189.5342    12807.645    -3583.698    8122.1444    306.92903    15525 
144000000   -383.14788    4379.2281    12841.172   -3432.7443    8195.1203     307.7325    15503 
145000000   -348.47557    4273.5855    12890.556   -3635.6888    8257.7499    308.91594    15535 
146000000   -356.06033    4158.5154    12778.475   -3575.5113    8090.0871    306.22999    15534 
147000000    -349.8167     4264.014    12974.497   -3578.6244     8192.455    310.92755    15528 
148000000   -382.26258    4140.7543    13059.015   -3626.7731    8149.7899      312.953    15531 
149000000   -360.53235     4334.271    12956.675   -3466.9566    8161.7599    310.50046    15508 
150000000   -371.77147    4305.7101    12851.383   -3463.3631    8140.8446     307.9772    15507 
151000000   -372.14447    4328.3112    12831.795   -3457.0988    8157.5544    307.50778    15515 
152000000   -373.27771    4097.4377    12960.855    -3734.503    8205.2184    310.60063    15566 
153000000   -341.16696    4451.6998    13148.096   -3340.5247    8133.3914    315.08777    15513 
154000000   -361.41566    4412.0068    12892.833   -3427.4119    8200.8344    308.97053    15525 
155000000   -350.60243    4255.1041    12882.039   -3601.8268    8207.5333    308.71186    15553 
156000000   -378.31907    4257.5533    12713.703   -3482.1213    8117.9937    304.67775    15528 
157000000      -377.13    4272.3682    12926.796    -3587.806    8237.3042    309.78441    15523 
158000000   -377.18626     4297.939    12864.435   -3513.5016    8188.6269    308.28997    15515 
159000000   -347.94409     4304.949    12907.466   -3569.9075    8222.8006    309.32119    15532 
160000000   -338.92127     4283.089    12983.236   -3575.1209    8197.1312    311.13698    15518 
161000000   -346.96222    4370.2093    12896.151   -3511.1109    8228.2824    309.05003    15515 
162000000   -352.75029    4281.2011    12831.786   -3514.1881    8148.1394    307.50755    15517 
163000000   -324.60601      4320.26    12950.812   -3517.8014    8162.6674    310.35995    15520 
164000000    -350.1082    4290.9624    13025.126    -3564.033    8205.1036    312.14086    15506 
165000000   -364.32061    4318.0739    12880.995   -3452.1609    8134.5554    308.68684    15515 
166000000    -401.3726     4420.512    13001.429   -3410.9437    8232.8284    311.57297    15506 
167000000   -377.22288    4302.7335    13015.486   -3466.0644    8146.0207    311.90983    15502 
168000000   -351.06445    4442.6201    13017.812   -3484.9038    8278.5884    311.96558    15512 
169000000   -342.59367    4418.5939    12975.841   -3377.5453    8138.7329    310.95977    15510 
170000000   -352.34546    4381.0045    12869.976    -3513.533     8246.883    308.42276    15516 
171000000   -388.73535    4065.2372    12936.164   -3587.2695     8041.242    310.00893    15515 
172000000   -407.15938    4281.5746    12900.301   -3567.8551    8256.5891    309.14948    15521 
173000000    -349.4746    4338.3304    12933.753   -3462.6005    8150.4055    309.95114    15528 
174000000   -382.66886    4247.9265    12900.369   -3596.5028    8227.0982    309.15112    15549 
175000000   -365.95057    4441.7608    12837.304   -3390.0422    8197.7536     307.6398    15537 
176000000   -355.20613    4242.1741    12960.374     -3593.74    8191.1203    310.58911    15526 
177000000   -393.85285    4177.4336    12853.016   -3574.1555    8145.4419    308.01633    15536 
178000000   -389.89141    4405.0614    12931.408    -3488.839    8283.7919    309.89495    15524 
179000000       -360.1    4109.4653    12895.234    -3571.715    8041.2803    309.02806    15524 
180000000   -355.20929    4297.1818    13129.395   -3549.4156    8201.8067    314.63962    15524 
181000000   -329.75646    4402.7034    12971.825   -3514.7544    8247.2142    310.86352    15524 
182000000   -334.51838    4229.9033    12917.434   -3561.8022    8126.2239    309.56008    15519 
183000000   -340.10689    4233.9565    12846.684   -3603.5843    8177.6476    307.86458    15529 
184000000   -361.69387    4406.5049    12860.112   -3446.2474    8214.4462    308.18636    15504 
185000000   -361.58842    4104.2425    12957.668   -3666.8688    8132.6997    310.52425    15545 
186000000   -334.58333    4129.2066    12930.568   -3698.8912    8162.6812    309.87483    15535 
187000000   -306.65391    4391.4559    13055.135    -3484.328    8182.4378       312.86    15505 
188000000   -352.58812    4342.6898    12970.213   -3440.6293    8135.9073    310.82489    15500 
189000000   -339.59539    4370.2005    12954.237   -3565.3199    8275.1157    310.44203    15535 
190000000   -368.95282    4419.1681    13002.391   -3430.5096    8218.6305    311.59603    15515 
191000000   -350.23204    4395.2074     12964.67   -3415.9855    8161.4249    310.69206    15510 
192000000   -355.53049     4336.725    12818.232   -3532.3072    8224.5626    307.18274    15526 
193000000   -369.94864    4250.2033    12918.323   -3553.4291    8173.5811    309.58138    15512 
194000000   -352.99529    4155.3827    12957.615   -3545.5069    8053.8849    310.52299    15527 
195000000   -364.53515    4327.7304    12941.288   -3487.0441    8179.3096    310.13172    15517 
196000000    -388.1756    4297.7195    12915.412   -3499.9147    8185.8098    309.51161    15530 
197000000   -335.13995    4166.7672    12909.695   -3679.0986    8181.0058     309.3746    15550 
198000000   -356.46648    4176.0175    12847.608   -3595.8213    8128.3053    307.88671    15530 
199000000   -374.49376    4236.0744    12881.691   -3500.2879     8110.856     308.7035    15529 
200000000   -382.48827    3968.7464    12933.071   -3675.8285    8027.0632    309.93481    15544 
201000000   -379.39765    4436.6234    12887.288   -3461.4954    8277.5165    308.83763    15526 
202000000   -377.92955    4019.0489    12931.118   -3718.2883    8115.2667    309.88801    15553 
203000000   -353.27041    4317.1936    13080.545   -3512.8396    8183.3036    313.46894    15522 
204000000   -412.66932    4197.8144    12992.531   -3621.4947    8231.9784    311.35972    15536 
205000000   -412.16157    4116.8394    12915.462   -3528.2504    8057.2514    309.51282    15530 
206000000   -357.13191    4385.6031    12846.718    -3423.384     8166.119    307.86539    15516 
207000000   -366.77505    4079.9201    12814.595   -3712.8623    8159.5574    307.09558    15541 
208000000    -362.0719     4077.936     12956.89   -3688.8718    8128.8796    310.50562    15556 
209000000   -370.48293    4053.4964    13088.111   -3645.9212    8069.9005    313.65027    15529 
210000000   -376.13387    4221.8898    12935.683    -3527.315    8125.3387     309.9974    15514 
211000000   -366.85731    3933.1312    13069.661   -3671.2475     7971.236    313.20812    15536 
212000000    -376.1908    4216.2688    12922.926   -3545.0294     8137.489    309.69168    15516 
213000000   -385.58939    4127.0452    12911.091    -3610.522    8123.1566    309.40806    15527 
214000000   -383.51987    4119.3915    12952.807   -3590.2804    8093.1917    310.40777    15555 
215000000    -364.3371    4146.0962    12780.222   -3598.6119    8109.0452    306.27186    15527 
216000000   -378.55289    4035.6129    12823.571   -3669.3316    8083.4974    307.31069    15529 
217000000   -374.10018     4204.394    12753.362   -3599.2301    8177.7243    305.62816    15543 
218000000   -363.91053    4375.5147    13100.887   -3490.0838     8229.509    313.95644    15531 
219000000   -413.27859    4228.6081    12826.262   -3556.4513     8198.338    307.37518    15541 
220000000   -370.32318    4003.7753    12795.626   -3676.1617    8050.2601      306.641    15535 
221000000   -357.50005    4050.5774    12940.613   -3686.1499    8094.2273    310.11555    15568 
222000000   -371.95215    4274.8128    12988.378   -3502.1521     8148.917    311.26021    15526 
223000000   -375.39389    4110.0658    12925.445    -3612.037    8097.4967    309.75206    15535 
224000000   -369.71981    4158.0683    12884.225   -3527.0092    8054.7974    308.76424    15505 
225000000   -377.45932    4275.4792    12838.179   -3535.3701    8188.3086    307.66077    15524 
226000000   -378.01507    4253.9362    12988.154   -3491.5934    8123.5446    311.25483    15509 
227000000   -352.31431    4198.5781    12821.858   -3575.0356    8125.9279    307.26963    15522 
228000000   -347.56117     4323.409    12943.736   -3553.4241    8224.3942    310.19038    15523 
229000000   -387.05504     4246.686    12919.176   -3618.3775    8252.1185    309.60182    15540 
230000000   -348.06675    4285.8129    12823.194   -3529.1628    8163.0425    307.30166    15530 
231000000   -355.04734    4272.4077    12872.468    -3479.256    8106.7111    308.48249    15511 
232000000   -382.96178     4267.395    12892.616    -3565.643    8215.9997    308.96532    15526 
233000000   -353.22537    4171.1482    13047.966   -3659.9469    8184.3205     312.6882    15533 
234000000   -359.05034    4113.4251    12916.726   -3671.8934    8144.3689    309.54309    15550 
235000000   -355.81226    4274.9888    12911.477   -3493.9662    8124.7673     309.4173    15527 
236000000   -368.80504    4300.4613    12982.653   -3530.3488    8199.6151    311.12301    15522 
237000000   -399.07104    4273.6194     12958.65   -3529.8869    8202.5774     310.5478    15520 
238000000   -372.54353    4210.6728    12842.986   -3601.8026    8185.0189    307.77596    15535 
239000000   -391.86912    4045.2502    12844.824   -3635.8551    8072.9744       307.82    15533 
240000000   -357.29491    4090.6367    13050.265   -3661.0935    8109.0251     312.7433    15551 
241000000   -372.49332    4116.2043    12944.247   -3563.4371    8052.1348    310.20263    15517 
242000000   -389.78514    4158.1483    12842.338   -3573.6374    8121.5708    307.76044    15532 
243000000   -354.16485    4226.5199    12966.115   -3551.9086    8132.5934    310.72669    15524 
244000000   -362.58312     4236.586    12983.402   -3549.4255    8148.5946    311.14096    15521 
245000000    -357.1901    4269.3776    12941.426   -3577.0117    8203.5794    310.13503    15523 
246000000   -379.09708    4235.8513    12900.817   -3598.1453    8213.0937    309.16185    15535 
247000000     -365.939    4330.4868    12801.872   -3521.2272     8217.653    306.79067    15507 
248000000   -347.70125    4232.0766    13061.436   -3563.9949    8143.7727    313.01101    15534 
249000000   -352.49291    4285.9503    12940.174   -3598.0973    8236.5405    310.10503    15527 
250000000    -384.8109    4168.5759    12862.399   -3610.6841    8164.0709    308.24119    15524 
251000000   -329.28751    4369.0221    12982.348   -3554.6515    8252.9612    311.11569    15519 
252000000   -360.85216    4308.1791    12979.136   -3605.7845    8274.8157    311.03873    15533 
253000000   -373.59701     4273.153    12964.213   -3548.9928    8195.7428    310.68111    15543 
254000000   -352.84467    4465.9502    13002.471   -3430.1804    8248.9753    311.59793    15522 
255000000   -392.73095    3950.5746     12998.25   -3734.7202    8078.0258    311.49679    15556 
256000000   -345.82617    4135.5326    12933.396   -3666.5349    8147.8937     309.9426    15529 
257000000   -368.73252    4390.9462    12787.108   -3441.2489    8200.9276    306.43686    15520 
258000000   -349.62997    4240.7332    12925.429   -3690.8809     8281.244    309.75166    15524 
259000000   -323.30049     4201.925    12984.283   -3651.3779    8176.6034    311.16207    15539 
260000000   -376.40177    4328.6774    12979.759   -3580.9295    8286.0087    311.05365    15524 
261000000   -352.34891    4286.9516    12881.189   -3575.2354    8214.5359    308.69147    15534 
262000000   -367.41698    4151.1993    12929.761   -3637.3021    8155.9184    309.85548    15543 
263000000   -390.85631    4202.6808    12919.947   -3566.6419    8160.1791    309.62028    15530 
264000000   -381.62368    4052.8363     12873.52   -3687.8122    8122.2721     308.5077    15545 
265000000   -380.56891    4194.5314     12910.73   -3520.7883    8095.8885     309.3994    15517 
266000000   -396.92102    4048.1053    12880.928   -3620.0428    8065.0691    308.68523    15543 
267000000   -361.82587    4252.8395    12840.233   -3649.7563    8264.4217    307.70999    15538 
268000000   -383.98908    4350.8763    12922.141   -3479.8781    8214.7435    309.67287    15516 
269000000   -377.01541    4174.5265    12953.716   -3523.8303    8075.3722    310.42956    15518 
270000000   -372.09179    4241.8626    13108.512    -3508.623    8122.5774    314.13916    15520 
271000000   -352.66211    4349.3175    13001.845    -3475.023    8177.0026    311.58293    15518 
272000000   -350.76626    4202.9224    12851.497    -3669.149    8222.8377    307.97991    15539 
273000000   -335.92864    4239.6327    12966.346   -3605.1143    8180.6756    310.73222    15533 
274000000   -350.00794    4175.8061    13018.152   -3667.7697    8193.5838    311.97374    15537 
275000000   -371.55435    4487.4322    12958.201   -3359.2902    8218.2768    310.53704    15495 
276000000    -358.1474    4271.6048    13058.673   -3479.6455    8109.3977    312.94479    15513 
277000000   -370.15214    4285.2402    12913.619   -3573.5559    8228.9482    309.46864    15525 
278000000   -351.48978    4268.9401    12860.288   -3559.0966    8179.5265     308.1906    15519 
279000000   -400.00645    4242.3775    12936.127   -3542.1427    8184.5266    310.00803    15544 
280000000   -390.43225    4126.6847    12898.972   -3574.5827    8091.6996    309.11763    15524 
281000000   -353.99573    4103.6267    12982.323   -3595.1263    8052.7487     311.1151    15533 
282000000   -373.27358    4270.0801    12961.273   -3448.7854    8092.1391    310.61065    15535 
283000000   -362.21807    4285.4364    12856.641   -3517.8333    8165.4878     308.1032    15527 
284000000   -375.88179    4236.1847    12817.174   -3539.1568    8151.2232    307.15739    15516 
285000000   -356.65874    4372.8457      13007.7   -3447.0824    8176.5869    311.72325    15510 
286000000   -386.13986    4192.8098    13031.533   -3651.8215    8230.7712     312.2944    15532 
287000000   -374.03231    4342.3505    12890.565   -3427.3369    8143.7198    308.91616    15507 
288000000   -358.09004    4471.2834    12818.222   -3309.4492    8138.8226    307.18249    15509 
289000000   -384.83425    4263.3964    12795.285   -3567.4403    8215.6709    306.63283    15531 
290000000   -329.58641    4150.6184     12855.91   -3563.2236    8043.4284    308.08567    15536 
291000000   -360.93372    4141.1928    12928.473   -3793.9034    8296.0299    309.82462    15551 
292000000   -380.42468    4199.9697     12890.86   -3619.6985    8200.0929    308.92323    15528 
293000000   -353.47987    4340.3249    13064.437   -3497.9185    8191.7233    313.08292    15507 
294000000   -401.94292     4363.598    12899.674   -3421.6898    8187.2308    309.13446    15511 
295000000    -393.2191    4365.9343    12963.739   -3435.8503    8195.0038    310.66976    15513 
296000000    -359.4094    4088.4718    12922.058   -3669.8499    8117.7311    309.67089    15540 
297000000   -376.76289    4363.8567    12960.355    -3479.927    8220.5467    310.58866    15513 
298000000   -339.72272    4254.8435     12951.07   -3465.3956    8059.9618    310.36614    15525 
299000000   -354.33346    4320.9369        12893    -3501.229    8176.4994    308.97451    15526 
300000000   -365.12678    4378.3634    12906.349   -3452.4602    8195.9504    309.29443    15520 
301000000   -380.26651    4368.0711    12800.149   -3440.7163    8189.0539    306.74939    15519 
302000000   -387.46167    4327.5865    12934.386   -3539.1347    8254.1829    309.96632    15526 
303000000    -324.1042    4256.3093    12994.154   -3520.2635     8100.677    311.39862    15520 
304000000   -364.30274    4270.0621    12814.608   -3525.7481    8160.1129    307.09589    15514 
305000000   -354.90189    4412.7121    12802.486   -3441.5525    8209.1664    306.80539    15506 
306000000   -361.00531    4344.4024    13108.191   -3578.0927    8283.5003    314.13146    15530 
307000000   -398.65299    4116.9024     12877.48   -3587.1418    8102.6971    308.60258    15538 
308000000   -381.24183    4306.3072    12870.362   -3523.1495    8210.6985    308.43201    15523 
309000000   -390.87871    4253.6591    13018.852   -3527.3627    8171.9005    311.99049    15520 
310000000   -360.97859    4110.8419    12787.691   -3540.7042    8012.5247    306.45083    15525 
311000000   -371.42173    4323.7187    12889.538   -3505.3658    8200.5063    308.89156    15505 
312000000   -357.33698    4104.5937    12874.301   -3560.5071    8022.4378    308.52642    15516 
313000000   -359.81604    4095.2318    12882.915   -3640.0754    8095.1232    308.73285    15532 
314000000    -359.1975    4410.9363        12971   -3515.2957    8285.4295    310.84374    15539 
315000000   -370.44109    4310.0711    12949.174   -3552.1941    8232.7063    310.32071    15522 
316000000   -351.59456    4373.6448    13055.192   -3452.2332    8177.4726    312.86137    15502 
317000000   -350.33368    4348.0954    12979.759   -3536.7991    8235.2282    311.05366    15521 
318000000    -374.3826    4239.3366    12963.269   -3548.6962    8162.4154    310.65849    15513 
319000000   -379.62159    4358.6239    12897.104   -3468.7863    8207.0318    309.07286    15505 
320000000   -410.48452    4209.0735    12853.679   -3622.8118    8242.3698    308.03222    15545 
321000000   -393.07923    4139.5006    12858.332   -3553.2921    8085.8719    308.14372    15536 
322000000   -380.59136    4380.1226    12897.682   -3422.2562    8182.9701    309.08672    15513 
323000000   -364.05865    4229.0376    12763.606   -3639.2063    8232.3026    305.87365    15539 
324000000   -371.90846    4311.1477    13038.449   -3587.5129     8270.569    312.46015    15513 
325000000   -392.02107    4189.0805    12842.007    -3560.544    8141.6456     307.7525    15531 
326000000   -385.63204    4335.5352     12873.42   -3438.1824    8159.3496    308.50529    15500 
327000000    -414.7869    4110.2814    12905.147   -3588.6129    8113.6812    309.26561    15534 
328000000   -356.33368    4254.3584    12770.837   -3588.3369     8199.029    306.04694    15542 
329000000   -342.56163    4230.5349    12969.741   -3451.5107    8024.6072    310.81357    15517 
330000000    -365.1087    4327.6816    12961.664   -3501.6881    8194.4784    310.62001    15530 
331000000    -347.6319    4067.3781    12860.861   -3681.9601    8096.9701    308.20433    15551 
332000000   -387.89219    4168.0446    12928.904   -3629.8239    8185.7607    309.83495    15537 
333000000   -326.88673     4293.209     12980.97   -3478.6886    8098.7843    311.08268    15519 
334000000   -368.29179    4183.6778    12921.714   -3543.4271    8095.3967    309.66264    15517 
335000000   -382.63662    4048.2943    13019.247   -3680.0254    8110.9564    311.99996    15538 
336000000   -367.56654    4148.5831    12966.828     -3601.31    8117.4597    310.74378    15536 
337000000   -356.67836    4279.5041    12845.151   -3578.2753    8214.4577    307.82783    15538 
338000000   -379.05064    4240.7438    13087.971   -3588.6703    8208.4647    313.64691    15537 
339000000   -340.97672    4075.5075    12896.019   -3557.2368     7973.721    309.04687    15522 
340000000   -366.24075    4151.5375    13000.234   -3535.8173    8053.5956    311.54434    15541 
341000000   -342.31645    4098.8317    12950.653   -3663.1507    8104.2988    310.35616    15533 
342000000   -368.90089    4301.0992    13064.789   -3481.5483    8151.5484    313.09136    15522 
343000000   -350.66919    4421.5655     13026.48   -3402.1071    8174.3418    312.17331    15512 
344000000   -363.29849    4287.8493    12890.572   -3508.0112    8159.1589    308.91634    15519 
345000000   -343.02909    4404.7133    12849.239   -3447.9826     8195.725     307.9258    15518 
346000000   -341.47095    4174.1755    12925.876   -3546.8238    8062.4702    309.76237    15515 
347000000   -368.96684    4279.2106    12860.358   -3545.6308    8193.8082    308.19228    15537 
348000000   -387.47065    4275.2196    12887.391   -3492.5212    8155.2115    308.84011    15523 
349000000   -342.51007    4248.4252    13006.908   -3581.3791    8172.3143    311.70427    15541 
350000000   -349.56014    4294.7865    12891.465    -3548.764    8193.1107    308.93774    15533 
351000000   -360.16192    4151.5571     12951.58   -3658.9579    8170.6769    310.37835    15541 
352000000    -367.6894    4383.6651     12882.86   -3450.0913    8201.4458    308.73152    15513 
353000000   -372.32826    4268.4319    12903.694   -3572.9028    8213.6629     309.2308    15522 
354000000   -378.96951    4188.1949    12864.744   -3508.3459    8075.5103    308.29738    15522 
355000000   -392.54518    4208.5032    12813.299   -3538.7727     8139.821    307.06454    15508 
356000000   -367.57883    4413.9872    12959.068   -3468.2836    8249.8496    310.55781    15516 
357000000   -377.91205     4314.705    12867.693   -3502.6095    8195.2266    308.36805    15531 
358000000   -355.88128     4159.945    12928.052   -3573.9259    8089.7523    309.81453    15534 
359000000   -378.49127     4424.014    13092.008   -3439.6139    8242.1192    313.74364    15519 
360000000   -334.71812    4334.5652    12891.115   -3516.4889    8185.7723    308.92935    15512 
361000000   -332.67143    4408.9432    12865.107   -3534.2279    8275.8425    308.30608    15529 
362000000   -385.89276    4098.9714    13092.386   -3659.7099    8144.5741    313.75272    15546 
363000000   -375.12826    4197.1824    12827.485   -3589.8147    8162.1253    307.40448    15530 
364000000   -376.89859    3950.5647    12959.525    -3729.999    8057.4622    310.56875    15559 
365000000   -336.98899    4354.2087     12843.46   -3388.2741    8079.4718    307.78733    15517 
366000000   -358.24822    4282.6532    12959.977   -3498.2927    8139.1941    310.57959    15519 
367000000   -381.43442    4262.5076     12945.91   -3565.7582    8209.7002    310.24249    15534 
368000000   -352.01155    4224.0174    12787.155   -3548.9342    8124.9631    306.43798    15531 
369000000   -353.46071    4173.5486    12691.592   -3599.4354    8126.4447    304.14787    15546 
370000000   -372.24624    4272.7037    13024.569    -3491.769    8136.7189    312.12751    15511 
371000000   -345.42996    4142.5671    13010.226   -3703.8072    8191.8043    311.78379    15527 
372000000   -368.69721    4196.9406    12885.528   -3465.3246    8030.9624    308.79545    15516 
373000000   -409.78809    4380.6589    12885.394   -3592.4385    8382.8854    308.79226    15526 
374000000   -365.24655    4289.6109     12780.86   -3454.5591    8109.4166    306.28715    15505 
375000000   -360.54272    4285.0479    12901.898   -3596.9985    8242.5891    309.18776    15531 
376000000   -365.42228    4114.7202    12925.468   -3559.8667    8040.0092    309.75259    15523 
377000000   -390.35746    4273.7176    12909.869   -3517.8206    8181.8957    309.37877    15530 
378000000     -409.562    4202.5674    12943.905   -3525.8586     8137.988    310.19442    15533 
379000000   -373.52822    4239.3647    13012.197   -3582.1166    8195.0095    311.83102    15536 
380000000   -356.16298    4219.9737    13009.257   -3497.8302    8073.9668    311.76056    15509 
381000000   -375.17057    4121.3915    13068.376    -3505.219    8001.7811    313.17732    15515 
382000000   -404.94971    4203.0221    13011.807   -3567.8634    8175.8352    311.82166    15521 
383000000   -380.46387    4051.0443    12902.508    -3644.289    8075.7972    309.20238    15541 
384000000    -359.2416    4372.1572    12850.976   -3525.9066    8257.3054    307.96743    15520 
385000000   -390.42995    4411.5586    12877.673   -3362.6057    8164.5943    308.60722    15516 
386000000   -345.20185    4142.6663    12856.879   -3558.7893    8046.6575    308.10889    15524 
387000000   -395.44571    4299.8059    12830.269   -3420.0756    8115.3272     307.4712    15515 
388000000   -361.16929    4144.6446    13004.139   -3558.4506    8064.2645     311.6379    15534 
389000000   -365.46335    4207.9462    13037.876   -3528.1745     8101.584    312.44639    15526 
390000000   -388.51111    4353.1645    13065.492    -3475.442    8217.1176    313.10821    15519 
391000000   -382.44925    4290.6221    12969.597   -3498.5521    8171.6234    310.81014    15521 
392000000   -406.65579    4290.0861    12998.587   -3475.5056    8172.2474    311.50486    15520 
393000000   -393.99926    4225.9307     12958.01   -3535.6296    8155.5596    310.53246    15524 
394000000   -367.17374    4463.7116     12912.64   -3445.4817     8276.367    309.44519    15519 
395000000   -377.58218    4258.5164    12993.417   -3526.8646    8162.9632    311.38098    15520 
396000000   -351.80567    4362.4239    12754.833    -3500.535    8214.7645    305.66342    15518 
397000000   -341.65546    4363.4363    13017.816   -3451.7416    8156.8334    311.96568    15511 
398000000    -391.4571    4099.9092    12969.543   -3654.8476    8146.2139    310.80884    15540 
399000000    -380.4784    4221.0479    12837.499   -3594.4349    8195.9612    307.64446    15534 
400000000   -392.62091    4249.2721    12962.733   -3566.0751    8207.9681    310.64564    15545 
401000000   -384.50212    4151.3942     12984.19   -3594.6131    8130.5093    311.15985    15529 
402000000   -324.85998    4399.0409    12801.336   -3559.7164    8283.6173    306.77783    15523 
403000000   -367.34213    4113.9634     12861.86   -3587.5019    8068.8074    308.22826    15526 
404000000   -346.93535    4152.7125    13011.692   -3603.0925    8102.7403    311.81892    15530 
405000000   -400.94413    4465.4811    13073.891   -3413.5646    8279.9899     313.3095    15498 
406000000   -418.48212    4226.7682    12873.087   -3556.2002    8201.4505    308.49732    15522 
407000000   -371.31151    4183.0945    13000.213   -3491.2323    8045.6383    311.54382    15511 
408000000   -382.31485     4245.901    12987.074   -3421.4259    8049.6418    311.22895    15505 
409000000   -355.28055    4415.2941    13057.608   -3403.5915    8174.1662    312.91927    15515 
410000000   -373.94736      4144.91    12932.823   -3594.9702    8113.8276    309.92886    15526 
411000000   -324.80615    4582.0809    12891.003    -3363.836     8270.723    308.92666    15506 
412000000   -360.54967    4212.6383    12839.515   -3606.6116    8179.7996    307.69277    15530 
413000000   -369.11589    4460.5173    12921.776   -3398.5496    8228.1828    309.66413    15511 
414000000   -326.82528    4267.6922    12957.997    -3480.765    8075.2825    310.53214    15513 
415000000   -366.09323    4311.6818    12836.848   -3527.0295    8204.8045    307.62887    15517 
416000000   -396.69325    4308.0828    12901.331   -3457.5889    8162.3649    309.17417    15504 
417000000   -345.17651    4264.4853    12913.505   -3513.5255    8123.1873    309.46592    15522 
418000000   -399.16244    4326.0429    12893.645   -3469.8362    8195.0416    308.98998    15525 
419000000   -413.08448    4116.6326    12971.362   -3668.5347    8198.2518    310.85242    15544 
420000000   -372.94601    4478.6432    12962.521    -3477.215    8328.8042    310.64055    15512 
421000000   -372.36263    4120.5552    12898.345   -3699.4278    8192.3456    309.10261    15552 
422000000   -336.62175    4400.3262    12855.787   -3429.5835    8166.5315    308.08273    15515 
423000000   -348.62446    4248.3122    12912.607   -3526.6018    8123.5385     309.4444    15519 
424000000   -353.84359    4185.6507    13129.785   -3577.6297     8117.124    314.64897    15534 
425000000    -370.9332    4259.5895    12997.328   -3563.5022    8194.0249    311.47469    15540 
426000000   -366.64486    4200.7527    12986.592   -3551.2498    8118.6473     311.2174    15528 
427000000   -361.52209    4302.6239    12909.947   -3529.8234    8193.9693    309.38064    15526 
428000000   -371.37447    4179.6205     12922.32   -3539.6246    8090.6195    309.67716    15528 
429000000   -364.38963     4365.148    12830.855   -3474.2638    8203.8014    307.48525    15527 
430000000   -391.43559    4092.7143    12916.933   -3618.1167    8102.2666    309.54806    15534 
431000000   -388.25957    4135.5241    12975.897   -3589.2355    8113.0192    310.96111    15539 
432000000   -392.63611    4083.3627    13125.598   -3542.4001     8018.399    314.54862    15524 
433000000   -396.85058    4245.2607    12999.082   -3550.7484    8192.8597    311.51672    15531 
434000000   -357.95752    4212.5651    13001.122   -3615.2372    8185.7598    311.56561    15535 
435000000   -372.82169    4204.9556    12922.257   -3552.3929    8130.1701    309.67566    15528 
436000000   -350.69087    4064.3665    13115.656   -3703.5041    8118.5614    314.31037    15532 
437000000    -357.1702    4252.2094    13006.329   -3507.9116    8117.2913     311.6904    15517 
438000000   -316.48445    4249.4574    12932.339   -3569.9295    8135.8714    309.91727    15550 
439000000   -365.98703    4230.9819    12833.442   -3523.1727    8120.1416    307.54723    15519 
440000000   -380.49315    4210.9881    12844.461   -3698.6985    8290.1798     307.8113    15534 
441000000   -376.21656    4308.6643    12888.301   -3474.5506    8159.4315     308.8619    15528 
442000000   -379.55464    4225.6095    12974.484   -3517.7225    8122.8867    310.92723    15511 
443000000   -355.92578    4187.1949    13000.365   -3635.9144    8179.0351    311.54746    15522 
444000000   -393.13525    4257.0339     13129.86   -3555.1746    8205.3437    314.65076    15526 
445000000   -405.44279    4225.1349    12869.405   -3567.4903     8198.068    308.40908    15529 
446000000   -352.02018    4296.3559    13014.737   -3447.1151    8095.4911    311.89188    15498 
447000000   -411.41323    4044.2012    12956.734   -3610.7446    8066.3591    310.50187    15534 
448000000   -383.73609    4066.7165    12844.268   -3683.1269    8133.5794    307.80668    15543 
449000000   -354.47445    4329.1544    12807.493   -3554.2393    8237.8681     306.9254    15527 
450000000   -409.18103    4280.8635    13038.086   -3476.6971    8166.7416    312.45143    15511 
451000000   -405.77557     4109.546     13020.31   -3595.0698    8110.3914    312.02545    15527 
452000000   -413.26736    4166.5665    12909.079    -3600.887    8180.7209    309.35984    15529 
453000000   -400.79541     4296.024    12948.398   -3554.7639    8251.5832    310.30211    15528 
454000000   -394.25944    4145.9368      12809.6   -3603.6305    8143.8267    306.97588    15525 
455000000   -376.53547    4308.0568    12858.499   -3428.1198    8112.7121    308.14772    15505 
456000000   -355.57084    4240.8818     12878.25   -3555.9834    8152.4361    308.62105    15515 
457000000   -367.56527    4245.6192    12987.263   -3526.2671    8139.4516     311.2335    15523 
458000000   -399.06716    4347.4149     13096.55   -3435.5133    8181.9954     313.8525    15511 
459000000   -358.35577    4251.3496        12987   -3508.0284    8117.7338    311.22719    15522 
460000000   -384.74771    4366.5338    13043.966   -3496.4497    8247.7312    312.59235    15514 
461000000    -345.3382    4137.0204    12964.415   -3643.5569    8125.9155    310.68595    15548 
462000000   -386.12398     4156.288    12875.032   -3647.1775    8189.5894    308.54392    15523 
463000000   -368.17341    4181.5071    12972.564   -3598.4928    8148.1734    310.88124    15531 
464000000   -358.62288    4177.1078    12983.354   -3659.5179    8195.2485     311.1398    15534 
465000000   -390.41681    4282.2601    13089.308   -3528.4645    8201.1414    313.67896    15526 
466000000   -352.28345    4358.2692    13024.144   -3435.2833     8145.836    312.11733    15509 
467000000   -372.57367    4251.0927    12904.844   -3583.5779    8207.2443    309.25836    15522 
468000000   -370.56989    4183.7655    12994.809   -3596.1855    8150.5208    311.41433    15529 
469000000   -368.28783    4339.9064    12987.847   -3489.0397    8197.2338    311.24748    15524 
470000000   -344.86825    4291.8142    12883.774   -3485.7178    8122.4003    308.75343    15512 
471000000   -382.32729    4369.4093    12824.209   -3416.9845    8168.7211    307.32597    15517 
472000000     -357.706    4258.2615    13062.339   -3424.3726    8040.3401    313.03265    15505 
473000000   -369.42571    4247.8647    12996.998   -3530.9748    8148.2653    311.46679    15519 
474000000   -377.43796    4400.0106     13071.42   -3479.4321    8256.8806    313.25028    15514 
475000000   -355.81966    4216.1905    12982.669    -3524.109    8096.1191    311.12339    15520 
476000000   -387.94207    4194.3391    12978.293   -3547.2024    8129.4836    311.01852    15528 
477000000   -371.01229    4262.1958     12909.48    -3598.092    8231.3001    309.36946    15524 
478000000   -372.88026    4186.1053    12919.698   -3597.8445    8156.8301    309.61433    15539 
479000000   -341.32164    4481.8774     12953.69    -3409.109    8232.3081    310.42893    15515 
480000000   -385.79726     4209.748     13056.17    -3529.671    8125.2163    312.88481    15519 
481000000   -394.64958    4387.7363    13008.685   -3468.0136    8250.3995    311.74685    15526 
482000000   -364.29209    4282.3726    12876.298    -3573.313    8219.9777    308.57426    15527 
483000000   -375.03835    4412.6541    13057.031   -3428.5136    8216.2061    312.90544    15515 
484000000   -365.34807    4189.2906    12932.231   -3564.6784    8119.3171    309.91466    15533 
485000000   -381.84833     4259.953    12900.648   -3585.3239    8227.1253    309.15781    15546 
486000000   -427.63154    4190.8681    12940.464   -3664.9221    8283.4217    310.11198    15549 
487000000   -367.74831    4286.7648    13075.121   -3553.7462    8208.2593    313.33895    15534 
488000000   -383.12052    4105.3385    12795.767   -3608.8545    8097.3135    306.64437    15518 
489000000   -354.88995    4222.0233    12883.444   -3528.3422    8105.2554    308.74551    15522 
490000000   -342.80056     4295.953    12837.423   -3518.9557    8157.7093    307.64264    15523 
491000000   -348.33202    4254.0025    13011.404    -3531.495    8133.8295    311.81203    15520 
492000000   -359.80778    4348.1792    12859.775   -3549.2733    8257.2602    308.17831    15536 
493000000   -359.75794    4295.4248    12823.419   -3534.1537    8189.3365    307.30705    15524 
494000000   -372.40064    4384.5285    13017.461   -3445.7032    8202.6324    311.95718    15502 
495000000   -344.50381    4230.1304    13003.218   -3674.5374    8249.1717    311.61583    15539 
496000000   -354.89061    4311.1275     13066.77    -3508.275    8174.2931    313.13883    15531 
497000000   -375.60485     4511.307    12811.811   -3392.8203    8279.7322    307.02886    15508 
498000000   -344.58116    4229.2485    12874.208   -3587.7638    8161.5935    308.52418    15524 
499000000    -334.4516     4334.685    12982.699   -3488.4473    8157.5839    311.12412    15523 
500000000   -366.69986    4286.8331    13014.063   -3522.5538    8176.0868    311.87573    15534 
Loop time of 168870 on 28 procs for 500000000 steps with 14000 atoms

Performance: 6395.437 ns/day, 0.004 hours/ns, 2960.851 timesteps/s
99.3% CPU use with 28 MPI tasks x no OpenMP threads

MPI task timing breakdown:
Section |  min time  |  avg time  |  max time  |%varavg| %total
---------------------------------------------------------------
Pair    | 17726      | 19814      | 23163      | 815.0 | 11.73
Bond    | 6015.8     | 6649.3     | 11186      |1924.2 |  3.94
Neigh   | 49264      | 50008      | 50565      | 154.4 | 29.61
Comm    | 44330      | 52676      | 57915      |1364.2 | 31.19
Output  | 1.388      | 1.3894     | 1.3905     |   0.0 |  0.00
Modify  | 24577      | 24770      | 25039      |  66.5 | 14.67
Other   |            | 1.495e+04  |            |       |  8.85

Nlocal:    500 ave 539 max 461 min
Histogram: 2 2 2 2 5 4 5 3 2 1
Nghost:    639.679 ave 807 max 551 min
Histogram: 4 7 3 3 5 2 2 0 0 2
Neighs:    4947.43 ave 6029 max 3924 min
Histogram: 1 1 2 6 7 3 3 2 2 1

Total # of neighbors = 138528
Ave neighs/atom = 9.89486
Ave special neighs/atom = 9.02471
Neighbor list builds = 94873049
Dangerous builds = 0
write_restart final_state_${fName}.restart
write_restart final_state_Run4.restart
Total wall time: 46:54:35
