
units           real
boundary p p p
atom_style      full

read_restart final_state_b70_N200_L300.restart
  restoring atom style full from restart
  orthogonal box = (-420 -420 -420) to (420 420 420)
  2 by 2 by 7 MPI processor grid
  restoring pair style lj/cut from restart
  restoring bond style hybrid from restart
  restoring angle style cosine from restart
  14000 atoms
  15706 bonds
  13600 angles
  3 = max # of 1-2 neighbors
  6 = max # of 1-3 neighbors
  17 = max # of 1-4 neighbors
  56 = max # of special neighbors
  special bonds CPU = 0.00291526 secs
  read_restart CPU = 0.0653595 secs
mass 1 100
mass 2 100
mass 3 100
mass 4 100

neighbor 1.9 bin
neigh_modify every 1 delay 1 check yes

angle_style  cosine
angle_coeff   *  2  # K (energy unit)

bond_style 		hybrid harmonic harmonic/shift/cut
bond_coeff   1   harmonic 3   10
bond_coeff   2   harmonic 3   10
bond_coeff	3	harmonic/shift/cut 3.60	11.22	12.72

pair_style lj/cut 25
# atom-typ1, atom-typ2, energy-well, sigma (bead-diameter), cut-off (distance)
pair_coeff  * * 0.18 10 25

special_bonds lj  0 1 1 angle yes
  3 = max # of 1-2 neighbors
  6 = max # of 1-3 neighbors
  17 = max # of 1-4 neighbors
  40004 = # of 1-3 neighbors before angle trim
  27200 = # of 1-3 neighbors after angle trim
  56 = max # of special neighbors
  special bonds CPU = 0.00221889 secs

# further equilibriate the system before bond formation takes place
fix fxlan all langevin $T $T 1000 ${seed}
fix fxlan all langevin 310 $T 1000 ${seed}
fix fxlan all langevin 310 310 1000 ${seed}
fix fxlan all langevin 310 310 1000 73653
fix fxnve all nve
timestep 0.1
run 10000
Unused restart file global fix info:
  fix style: colvars, fix ID: CV_Rg
Neighbor list info ...
  update every 1 steps, delay 1 steps, check yes
  max neighbors/atom: 2000, page size: 100000
  master list distance cutoff = 26.9
  ghost atom cutoff = 26.9
  binsize = 13.45, bins = 63 63 63
  1 neighbor lists, perpetual/occasional/extra = 1 0 0
  (1) pair lj/cut, perpetual
      attributes: half, newton on
      pair build: half/bin/newton
      stencil: half/bin/3d/newton
      bin: standard
Per MPI rank memory allocation (min/avg/max) = 1.103 | 7.732 | 16.66 Mbytes
Step Temp E_pair E_mol TotEng Press 
250000000    30.962652   -6282.9505    6271.5709    1280.6411   -4.1918796 
250010000    265.98593   -6125.9553    5142.3908    10115.592    1.1224613 
Loop time of 6.57191 on 28 procs for 10000 steps with 14000 atoms

Performance: 13.147 ns/day, 1.826 hours/ns, 1521.628 timesteps/s
99.5% CPU use with 28 MPI tasks x no OpenMP threads

MPI task timing breakdown:
Section |  min time  |  avg time  |  max time  |%varavg| %total
---------------------------------------------------------------
Pair    | 0.0004425  | 0.99662    | 4.311      | 130.7 | 15.16
Bond    | 0.00065095 | 0.14544    | 0.56376    |  47.7 |  2.21
Neigh   | 0.019688   | 0.020494   | 0.022117   |   0.7 |  0.31
Comm    | 0.0020326  | 1.6575     | 4.1744     | 115.2 | 25.22
Output  | 4.9229e-05 | 0.0003902  | 0.00073238 |   0.0 |  0.01
Modify  | 0.001206   | 0.31513    | 1.2169     |  70.1 |  4.80
Other   |            | 3.436      |            |       | 52.29

Nlocal:    500 ave 1945 max 0 min
Histogram: 16 0 0 3 1 3 1 2 1 1
Nghost:    546.179 ave 1742 max 0 min
Histogram: 16 0 0 0 0 6 2 0 1 3
Neighs:    10166.1 ave 42457 max 0 min
Histogram: 16 0 1 2 2 3 0 2 1 1

Total # of neighbors = 284650
Ave neighs/atom = 20.3321
Ave special neighs/atom = 7.92443
Neighbor list builds = 6
Dangerous builds = 0

unfix fxlan
unfix fxnve
reset_timestep 0

variable t equal step
variable steps equal 400000000
variable dt_thermo equal 1000000
variable dt_movie equal 10000000
variable dt_restart equal 40000000

group rxnSites type 1 3
4000 atoms in group rxnSites

# fix ID group-ID(atom-types) bond/create Nevery itype jtype Rmin bondtype (prob values = fraction seed) (iparam maxbond newType)
fix bondc rxnSites bond/create/random 20 1 3 12.72 3 prob 1 ${seed} iparam 1 1 jparam 1 3
fix bondc rxnSites bond/create/random 20 1 3 12.72 3 prob 1 73653 iparam 1 1 jparam 1 3

# fix ID group-ID bond/break Nevery bondtype Rmax keyword values ...
fix bondbr rxnSites bond/break 20 3 12.72 prob 1 ${seed}
fix bondbr rxnSites bond/break 20 3 12.72 prob 1 73653

variable frmbnd equal f_bondc[2]
variable brkbnd equal f_bondbr[2]
fix saveBond all print ${dt_thermo} "$t ${frmbnd} ${brkbnd}" file BondData_${fName}.dat screen no
fix saveBond all print 1000000 "$t ${frmbnd} ${brkbnd}" file BondData_${fName}.dat screen no
fix saveBond all print 1000000 "$t ${frmbnd} ${brkbnd}" file BondData_Run3.dat screen no

thermo_style    custom step epair pe ke ebond eangle temp bonds
thermo          ${dt_thermo}
thermo          1000000
fix saveThermo all print ${dt_thermo} "$t $(temp) $(ke) $(pe) $(epair) $(ebond) $(eangle) $(bonds)" file Thermo_${fName}.dat title "# Steps Temp KinEng PotEng Epair Ebond Eangle Bonds" screen no
fix saveThermo all print 1000000 "$t $(temp) $(ke) $(pe) $(epair) $(ebond) $(eangle) $(bonds)" file Thermo_${fName}.dat title "# Steps Temp KinEng PotEng Epair Ebond Eangle Bonds" screen no
fix saveThermo all print 1000000 "$t $(temp) $(ke) $(pe) $(epair) $(ebond) $(eangle) $(bonds)" file Thermo_Run3.dat title "# Steps Temp KinEng PotEng Epair Ebond Eangle Bonds" screen no

############################ Langevin Dynamics ###############################
fix fxlan all langevin $T $T 1000 ${seed}
fix fxlan all langevin 310 $T 1000 ${seed}
fix fxlan all langevin 310 310 1000 ${seed}
fix fxlan all langevin 310 310 1000 73653
fix fxnve all nve

comm_style tiled
fix fxbal all balance 1000 1.1 rcb

timestep 25

dump coor all custom ${dt_movie} traj_${fName}.dump id type mol mass x y z xu yu zu
dump coor all custom 10000000 traj_${fName}.dump id type mol mass x y z xu yu zu
dump coor all custom 10000000 traj_Run3.dump id type mol mass x y z xu yu zu

restart ${dt_restart} ${fName}_tp_*.restart
restart 40000000 ${fName}_tp_*.restart
restart 40000000 Run3_tp_*.restart
run ${steps}
run 400000000
Neighbor list info ...
  update every 1 steps, delay 1 steps, check yes
  max neighbors/atom: 2000, page size: 100000
  master list distance cutoff = 26.9
  ghost atom cutoff = 26.9
  binsize = 13.45, bins = 63 63 63
  2 neighbor lists, perpetual/occasional/extra = 1 1 0
  (1) pair lj/cut, perpetual
      attributes: half, newton on
      pair build: half/bin/newton
      stencil: half/bin/3d/newton
      bin: standard
  (2) fix bond/create/random, occasional, copy from (1)
      attributes: half, newton on
      pair build: copy
      stencil: none
      bin: none
Per MPI rank memory allocation (min/avg/max) = 17.81 | 18.24 | 19.04 Mbytes
Step E_pair PotEng KinEng E_bond E_angle Temp Bonds 
       0   -6125.9553   -983.56451    11099.157   -2817.4006    7959.7914    265.98593    15706 
 1000000   -3334.3888      3563.01    12824.781   -1484.7843    8382.1831    307.33969    15559 
 2000000    -2986.203    3805.0621    12923.644   -1480.3901    8271.6551    309.70889    15553 
 3000000   -2906.5193    3899.6744    12963.431    -1427.502    8233.6957    310.66237    15544 
 4000000   -2882.3378    3877.5769    12823.042   -1431.1244    8191.0391    307.29801    15549 
 5000000   -2772.8557     3939.625    13004.119   -1568.1485    8280.6293    311.63742    15550 
 6000000   -2906.4886    3732.0633    12922.261    -1555.724    8194.2759    309.67574    15584 
 7000000   -2911.2888    3819.7694    12887.141   -1563.4179    8294.4761     308.8341    15553 
 8000000   -2988.0444    3942.4314    13019.889     -1420.56    8351.0359    312.01535    15563 
 9000000   -2821.1442    3852.1955    13066.193   -1552.0823    8225.4219      313.125    15567 
10000000   -2831.4913    3640.1821    12755.696   -1677.1856     8148.859     305.6841    15591 
11000000   -2799.3038    3788.1214    12845.931   -1681.1478     8268.573    307.84653    15595 
12000000   -2895.1492    3691.1536    13016.453   -1625.4889    8211.7917    311.93301    15604 
13000000   -2874.1622    3713.7047    12784.011   -1549.7743    8137.6412    306.36266    15562 
14000000   -2880.7454    3734.5434     12901.61   -1619.0221    8234.3109    309.18085    15575 
15000000   -2899.0767    3668.7073     12824.76    -1648.974     8216.758    307.33919    15610 
16000000   -2859.7362    3824.0675     12784.71   -1570.5743     8254.378    306.37941    15585 
17000000   -2851.6536    3761.5538    13012.573   -1581.7913    8194.9987    311.84003    15582 
18000000   -2946.1355    3718.8089    12881.987   -1577.1021    8242.0465     308.7106    15587 
19000000   -2922.7266    3740.9176    12860.043   -1520.4911    8184.1354    308.18473    15584 
20000000   -2949.0416    3662.6237    12838.471   -1537.9966    8149.6619    307.66775    15571 
21000000   -2974.0984    3732.5671    12949.574   -1563.3201    8269.9856    310.33029    15570 
22000000   -2974.4953    3483.4729    12965.459   -1665.8042    8123.7724    310.71096    15582 
23000000    -3018.352    3713.9676    13160.986   -1529.8246    8262.1442    315.39669    15594 
24000000   -3024.7815    3575.8516    12921.454   -1615.6373    8216.2704    309.65641    15585 
25000000   -2968.8437    3469.8212    13033.306    -1718.926    8157.5908    312.33688    15596 
26000000   -2967.5165    3734.6163    12964.704   -1524.5868    8226.7195    310.69287    15560 
27000000   -2943.4934    3628.7586    13048.841   -1510.8038    8083.0558    312.70917    15584 
28000000   -2889.2531    3751.7241    13101.851   -1537.7421    8178.7193    313.97954    15568 
29000000   -2983.2074    3729.5634     12951.33   -1536.7915    8249.5623    310.37237    15580 
30000000   -2909.5343    3644.2997    12871.474   -1602.6851    8156.5192    308.45865    15565 
31000000   -3051.0063    3665.0798    13055.109   -1555.3936    8271.4798    312.85938    15569 
32000000   -3070.0003    3486.8511    13015.836   -1646.4114    8203.2627    311.91822    15589 
33000000   -2946.9499    3510.0216    12960.674   -1588.6647    8045.6362    310.59629    15567 
34000000   -2965.7088     3635.252    13070.177   -1574.3226    8175.2834    313.22048    15570 
35000000   -2946.5047    3579.2537    12811.109   -1524.1399    8049.8983    307.01204    15586 
36000000   -2910.7064    3646.3123    12890.994   -1670.6106    8227.6293    308.92644    15599 
37000000   -2969.8565    3724.8007    12854.223   -1504.9899    8199.6472    308.04524    15559 
38000000   -3080.7444    3584.9277    12995.012   -1556.9534    8222.6254    311.41919    15585 
39000000   -3072.7062     3481.737     12900.03   -1472.4066    8026.8498      309.143    15555 
40000000   -3084.7825    3312.8358    12864.776   -1637.0574    8034.6757    308.29815    15588 
41000000   -2989.9016    3608.0849    12816.429    -1547.793    8145.7795    307.13953    15579 
42000000   -2990.3026     3753.818    12936.292   -1379.8765     8123.997    310.01199    15558 
43000000   -3108.6879    3469.5309    12854.229   -1570.1099    8148.3287    308.04539    15561 
44000000   -2967.7143    3668.5458    13099.714   -1539.3241    8175.5841    313.92832    15566 
45000000   -3018.9768     3565.261    12948.018   -1497.6271    8081.8649    310.29301    15551 
46000000   -3047.6368    3445.5726    12961.795    -1643.163    8136.3724    310.62316    15597 
47000000   -2945.7853    3580.1927    12905.427   -1612.4292    8138.4072    309.27233    15586 
48000000   -2974.9945    3661.0084    12952.861   -1469.6772    8105.6801    310.40906    15584 
49000000   -2938.7855    3511.3514    12996.989   -1685.1166    8135.2535    311.46657    15594 
50000000   -2954.1565    3643.5359    13021.074   -1524.3474    8122.0398    312.04376    15571 
51000000   -2964.1844    3736.0673    12913.211   -1496.3951    8196.6468    309.45888    15571 
52000000   -3014.2928    3493.5584    12879.908   -1681.4282    8189.2794    308.66078    15590 
53000000   -2997.9057    3437.2898    13081.015   -1607.7424     8042.938     313.4802    15584 
54000000   -3069.6036    3380.1902    12921.142   -1598.2875    8048.0812    309.64893    15587 
55000000   -3091.4924    3444.5096    12891.003   -1547.1586    8083.1606    308.92666    15568 
56000000    -3121.702    3490.4202    13072.227    -1557.601    8169.7231     313.2696    15566 
57000000   -3098.1031    3481.5777    12913.023    -1599.042    8178.7228    309.45437    15591 
58000000   -3061.5193    3747.3296    12895.636   -1409.3038    8218.1528     309.0377    15554 
59000000   -3123.0259    3645.9828    12979.699   -1458.9225    8227.9312    311.05221    15548 
60000000   -3029.5687    3621.9608    12940.933   -1420.6513    8072.1808    310.12321    15567 
61000000   -3069.0977     3432.498    12784.761   -1599.4722    8101.0678    306.38063    15583 
62000000   -3098.8753    3420.1524    12823.818   -1672.1948    8191.2224     307.3166    15600 
63000000   -3026.5591    3467.4985    12799.841   -1637.5381    8131.5957    306.74201    15578 
64000000   -2989.3344     3710.984    12827.094   -1559.1946    8259.5131    307.39513    15574 
65000000   -3029.9111    3719.3411    12865.821   -1445.5949    8194.8471    308.32319    15569 
66000000   -2985.0698    3730.9258    12958.259   -1451.6192    8167.6148    310.53841    15566 
67000000   -2950.7734    3687.1105    12845.996   -1563.4279    8201.3119     307.8481    15570 
68000000   -2967.2859    3664.5517     13031.71   -1521.9836    8153.8212    312.29863    15584 
69000000   -3032.5801    3677.5628    12894.584   -1462.6052    8172.7481    309.01249    15572 
70000000   -2949.1876    3645.3847    13053.195   -1576.8983    8171.4706    312.81352    15567 
71000000   -2930.8979     3724.381    12878.536   -1520.7213    8176.0002    308.62789    15570 
72000000   -2953.4852    3636.9621    12993.404   -1531.2994    8121.7467    311.38066    15575 
73000000   -2969.7696    3511.5729    12973.297   -1571.2444    8052.5869    310.89879    15583 
74000000   -3013.7026    3594.3634    12955.397   -1635.1389    8243.2049    310.46984    15583 
75000000   -2993.4184    3526.9583    12743.793   -1682.3514    8202.7281    305.39886    15589 
76000000   -2977.4843     3601.872    12966.924   -1594.0494    8173.4056    310.74606    15585 
77000000    -2985.082    3519.8945    13034.167   -1627.6037    8132.5802    312.35752    15576 
78000000   -2809.4127    3848.5185    12998.345   -1530.3999    8188.3311    311.49906    15577 
79000000   -2940.3553    3545.4129    12871.037   -1671.2051    8156.9733    308.44819    15579 
80000000   -2945.2516    3676.2688    13119.125   -1608.0139    8229.5344     314.3935    15579 
81000000   -2924.7915    3630.1123    12910.007   -1524.1793    8079.0831    309.38208    15575 
82000000   -2880.3976    3771.7179     12932.75   -1520.2521    8172.3675    309.92711    15553 
83000000   -2902.9747    3725.9748    13066.714   -1528.3107    8157.2602    313.13749    15561 
84000000   -2972.5939    3596.7453    12854.919   -1456.7986    8026.1378    308.06193    15571 
85000000    -2993.171    3678.8424    12753.067   -1448.3245    8120.3379     305.6211    15563 
86000000   -2909.6902     3748.642    12798.108   -1457.0198     8115.352    306.70049    15560 
87000000   -3080.3347    3474.9731    12981.435   -1617.7782     8173.086    311.09382    15581 
88000000    -3016.923    3551.0222    13082.584   -1645.8825    8213.8278    313.51781    15573 
89000000    -2823.287    3731.5961    12976.947   -1606.5527    8161.4358    310.98626    15567 
90000000   -3008.8613    3439.0781    12921.057   -1674.4657    8122.4051     309.6469    15597 
91000000   -3010.2762    3594.6939    12856.218   -1594.4979     8199.468    308.09307    15583 
92000000   -2986.3153    3603.9482    13006.457   -1561.3987    8151.6622    311.69347    15572 
93000000   -3002.5992    3606.6448    12938.741   -1516.7855    8126.0294    310.07069    15579 
94000000   -3013.9503    3572.8193    13033.669   -1549.5879    8136.3574    312.34558    15563 
95000000   -2970.2655    3422.1422    12957.974   -1635.6264    8028.0342    310.53158    15571 
96000000   -2909.5957    3851.3297    12834.969   -1513.2998    8274.2252    307.58384    15570 
97000000   -2862.3531    3795.8174    12910.221   -1557.2067    8215.3772    309.38723    15577 
98000000   -3091.4757    3504.8922    12906.052   -1583.7995    8180.1674    309.28731    15592 
99000000   -3014.0694    3515.6893     12933.52   -1615.4926    8145.2513    309.94556    15580 
100000000   -3163.9949    3258.5213    13086.938   -1726.4516    8148.9678    313.62216    15611 
101000000   -3024.0995    3563.7932    12978.893   -1588.8558    8176.7485    311.03292    15580 
102000000   -2870.0322    3802.3105    12874.114   -1544.1454    8216.4881    308.52194    15585 
103000000   -3155.5556    3393.4448    12892.547   -1613.7047     8162.705    308.96367    15579 
104000000   -2946.1793    3535.8141    12969.393   -1607.2913    8089.2847    310.80524    15593 
105000000   -3002.6566    3506.6207    13085.384     -1604.53    8113.8074    313.58491    15589 
106000000   -3027.7288    3693.2866    13052.044   -1461.5192    8182.5346    312.78594    15580 
107000000   -3049.7328    3625.1377    12993.273   -1480.5993    8155.4697    311.37753    15558 
108000000   -3049.4064    3684.9482     12913.49   -1407.6503    8142.0049    309.46554    15558 
109000000   -3086.7122    3468.5212    12840.016   -1544.2136     8099.447    307.70479    15576 
110000000   -3043.8927    3702.9962      12944.8   -1526.1346    8273.0235    310.21588    15551 
111000000   -3120.9125    3495.0822    13014.819   -1584.4657    8200.4604    311.89386    15559 
112000000    -2960.386    3631.1878    12806.562   -1643.7186    8235.2925    306.90308    15591 
113000000   -3029.5862    3523.9578     12926.23   -1520.9477    8074.4917    309.77087    15569 
114000000    -2979.086    3685.9556    12818.271   -1468.7558    8133.7975    307.18368    15559 
115000000   -2982.5316     3674.888    13104.717   -1524.3907    8181.8103    314.04823    15558 
116000000   -2928.0204    3754.9193    12950.414   -1529.0714    8212.0112    310.35041    15568 
117000000   -2946.2565    3695.0969    12958.886   -1551.5964    8192.9498    310.55344    15575 
118000000   -2896.8699    3655.5623    12984.106   -1492.6074    8045.0396    311.15784    15563 
119000000   -2928.9421    3585.1517    12945.615   -1532.2414    8046.3353    310.23541    15571 
120000000   -2887.4807    3769.1913    12863.196   -1469.2313    8125.9033    308.26028    15580 
121000000   -2868.4671    3729.6419    13074.069   -1568.0348    8166.1438    313.31375    15577 
122000000   -3023.3112     3621.191    12981.344    -1574.474    8218.9762    311.09165    15580 
123000000   -2986.7831    3565.3386    12918.184   -1598.8741    8150.9958    309.57805    15585 
124000000   -2948.4162    3508.5805    12930.787   -1589.4098    8046.4065    309.88007    15566 
125000000   -2982.4233    3590.7334    12795.365   -1528.3752    8101.5319    306.63474    15558 
126000000   -2918.8609    3734.7941    12890.239   -1483.6844    8137.3394    308.90836    15556 
127000000   -2917.6626    3710.9535    13041.088   -1478.9052    8107.5213    312.52337    15566 
128000000    -2985.465    3640.6682    12901.046   -1549.0817     8175.215    309.16735    15573 
129000000   -3080.6388     3692.459    12961.077   -1479.9623    8253.0601    310.60596    15572 
130000000   -2980.9717    3526.6773    12832.234   -1638.5686    8146.2176    307.51829    15590 
131000000   -2998.3502    3715.0042     12884.93    -1546.658    8260.0123    308.78112    15576 
132000000   -2859.2863    3650.0516    12885.453   -1516.5002    8025.8381    308.79366    15577 
133000000   -2993.5726    3616.2808    12849.818   -1570.6275    8180.4808    307.93967    15591 
134000000   -2954.5516    3712.2053    12960.077   -1488.3825    8155.1395    310.58199    15583 
135000000   -2869.0274    3791.5122    13056.127   -1534.6808    8195.2204    312.88378    15553 
136000000   -2928.8958    3675.6034    12979.501   -1625.5524    8230.0517    311.04747    15564 
137000000    -3051.027     3691.756    12764.336   -1503.7829    8246.5659    305.89114    15567 
138000000   -2919.7543    3728.6355    13098.905   -1487.1269    8135.5167    313.90893    15557 
139000000   -2998.3721    3868.6461    12924.093   -1432.8537    8299.8718    309.71965    15550 
140000000   -2996.5153    3667.9763    13015.214   -1545.5494     8210.041    311.90332    15587 
141000000   -2971.6159    3676.6216    12838.552   -1586.5902    8234.8277     307.6697    15583 
142000000    -3009.944    3484.2839    12840.573   -1655.8207    8150.0486    307.71813    15580 
143000000   -2945.7412    3588.6242    12981.139   -1583.1968    8117.5622    311.08673    15549 
144000000   -2955.9168    3623.1245    12928.717   -1559.2533    8138.2947    309.83047    15555 
145000000    -2962.051    3613.9312    13068.696   -1550.0986    8126.0808    313.18498    15569 
146000000   -3057.3983    3654.1123    12936.233   -1611.3191    8322.8297    310.01057    15576 
147000000   -3005.4673    3594.2878    12853.881   -1488.0442    8087.7993    308.03705    15559 
148000000   -2905.9769    3783.1405    12779.019   -1519.5112    8208.6286    306.24301    15585 
149000000   -2974.9456     3711.713    12903.843   -1456.8063    8143.4649    309.23437    15567 
150000000   -3025.5873    3480.1847    13010.882   -1573.8969    8079.6689     311.7995    15582 
151000000   -3072.5826     3478.262    12991.733   -1556.8425     8107.687    311.34061    15577 
152000000   -2998.0466    3641.6097    12909.588   -1578.8355    8218.4918    309.37205    15579 
153000000   -2915.4366    3565.8522    12996.701   -1650.3894    8131.6783    311.45966    15606 
154000000   -2929.3848    3637.9459    12856.433   -1619.5485    8186.8791    308.09821    15611 
155000000   -2864.7318    3774.7191    12883.115    -1555.685    8195.1358    308.73764    15583 
156000000   -2987.2835    3548.0865    12918.781   -1634.6636    8170.0337    309.59235    15583 
157000000   -2973.5801    3682.7319    13010.772   -1551.6585    8207.9705    311.79686    15572 
158000000   -2879.5956    3805.0086    12957.316   -1477.1751    8161.7793    310.51582    15541 
159000000   -2963.0919    3628.5428    12876.862   -1665.9383     8257.573    308.58779    15583 
160000000   -2908.8473    3629.4717    13001.697    -1610.933    8149.2519     311.5794    15575 
161000000   -3005.2221    3620.4353    12819.131   -1639.7224    8265.3799     307.2043    15577 
162000000   -2934.5216    3767.4589    13017.424   -1530.6414     8232.622    311.95629    15555 
163000000   -3004.3398    3496.0353    12988.028   -1640.1454    8140.5205    311.25183    15587 
164000000   -2886.6251    3823.0856    12931.949   -1537.7427    8247.4535    309.90791    15571 
165000000   -2873.8139    3690.4872    12941.411    -1569.103    8133.4041    310.13466    15566 
166000000   -3042.9891    3403.5607    13011.564   -1670.3709    8116.9207    311.81584    15607 
167000000   -2912.7952     3589.198    12990.388   -1603.3153    8105.3085    311.30838    15577 
168000000    -3041.886    3546.0271    12824.975   -1541.6324    8129.5455    307.34434    15583 
169000000   -3008.7436    3465.9099    12784.439   -1639.1895     8113.843     306.3729    15574 
170000000   -2911.0039    3746.9333    12985.169   -1498.3837    8156.3209    311.18331    15578 
171000000   -2986.3373    3503.5372    13058.636    -1649.976    8139.8505    312.94391    15565 
172000000   -2871.3185    3661.4065    13028.489   -1672.5519    8205.2769    312.22145    15589 
173000000   -2899.4513    3515.1431    12800.388   -1702.0057    8116.6001    306.75513    15593 
174000000   -2892.0188    3801.7083    12858.438   -1467.4938    8161.2208    308.14625    15565 
175000000   -2949.4295    3407.8616    13043.919   -1702.3646    8059.6557    312.59122    15604 
176000000   -2907.4431    3712.6436    12872.197   -1548.4716    8168.5583    308.47598    15580 
177000000   -2929.7825     3510.698    12821.048   -1647.5301    8088.0106    307.25024    15607 
178000000    -2903.217    3655.5151    12831.457   -1585.7191    8144.4512    307.49967    15597 
179000000   -2887.3493    3671.0232    12907.138   -1486.3529    8044.7254    309.31332    15570 
180000000   -2901.9145    3519.5872     13008.42   -1726.5565    8148.0582    311.74051    15589 
181000000   -2912.8882    3769.5821    12842.331   -1462.5961    8145.0663    307.76027    15569 
182000000   -2884.0618     3738.741    13021.506   -1511.9286    8134.7314    312.05409    15566 
183000000   -2982.4785    3713.5744     12892.07   -1506.5467    8202.5996    308.95224    15584 
184000000    -2963.002    3537.7385    12857.433   -1637.0423    8137.7828    308.12217    15588 
185000000   -2919.0717    3719.9265    12852.682   -1490.4423    8129.4405    308.00832    15571 
186000000    -2876.636    3639.4635    12923.603   -1652.3519    8168.4514    309.70791    15584 
187000000   -2876.0092    3575.9303    12940.693   -1630.5369    8082.4765    310.11747    15594 
188000000   -2877.1086    3546.2597    12955.133   -1570.6347     7994.003    310.46351    15585 
189000000     -3019.56    3688.0497    13019.705   -1518.9326    8226.5423    312.01095    15585 
190000000   -3019.6237    3579.8689    12773.592   -1639.6312    8239.1237    306.11297    15562 
191000000   -2977.0091    3666.5084    12849.419   -1491.2873    8134.8048    307.93013    15567 
192000000   -2922.7528    4010.8556    12885.143   -1391.4338    8325.0423    308.78623    15571 
193000000   -2850.1006    3753.8979    13023.743   -1575.1506     8179.149    312.10772    15583 
194000000   -2938.5635    3628.9775    12912.114   -1645.3916    8212.9327    309.43259    15577 
195000000   -3019.7429    3572.2175    12876.785   -1595.6754    8187.6357    308.58594    15587 
196000000   -2987.5055    3642.4717    12856.662   -1531.7702    8161.7474     308.1037    15574 
197000000   -3080.6932    3543.5231    12928.639   -1584.1711    8208.3874    309.82858    15578 
198000000   -2913.5377    3900.5427     12820.88   -1382.7154    8196.7958    307.24621    15556 
199000000    -3036.494    3610.3225    13010.516   -1454.0846    8100.9011    311.79073    15569 
200000000   -3040.0429    3542.7296    12973.741   -1560.7958    8143.5683    310.90944    15585 
201000000   -3027.6189    3713.9469    13053.464   -1486.9294    8228.4952    312.81997    15565 
202000000    -3053.708     3576.317    12984.169   -1571.7748    8201.7999    311.15934    15581 
203000000   -2979.2877    3715.3731    12921.715   -1502.9836    8197.6444    309.66266    15560 
204000000   -3130.0462    3397.0012    12883.972   -1573.0303    8100.0777    308.75816    15576 
205000000   -2949.9603    3528.1365    13057.541   -1569.2397    8047.3364    312.91768    15569 
206000000   -3036.1274    3597.4097    12824.862   -1557.0923    8190.6294    307.34162    15566 
207000000   -2987.9978    3697.4012    13061.253   -1537.4819    8222.8809    313.00662    15582 
208000000   -2938.5222    3514.1272     12775.44    -1577.906    8030.5554    306.15724    15572 
209000000   -3019.6066     3484.864     13050.73   -1638.8742    8143.3448    312.75445    15586 
210000000   -2973.7883    3529.8212    12826.902   -1604.2431    8107.8525    307.39051    15601 
211000000   -2989.9493    3610.7952    12894.306   -1584.0348    8184.7793    309.00582    15574 
212000000    -2927.509    3632.1234    13157.725   -1550.8242    8110.4566    315.31852    15578 
213000000   -2951.9661    3803.5099    12912.865   -1601.8998    8357.3758    309.45058    15579 
214000000   -2889.7002    3664.2051    12934.122   -1622.0736    8175.9789       309.96    15566 
215000000   -3022.5616    3534.2264    12951.214   -1525.4286    8082.2167     310.3696    15584 
216000000   -2948.9566    3658.3858    12999.303   -1540.2303    8147.5727    311.52203    15548 
217000000   -2944.5933    3738.8856    13046.608    -1533.435    8216.9139    312.65567    15565 
218000000   -3011.4451    3643.4671    13169.586   -1455.6322    8110.5444    315.60278    15572 
219000000     -3119.23    3507.9406    12816.348   -1540.6078    8167.7784    307.13759    15581 
220000000   -2993.5231    3651.1599    12829.026   -1525.5883    8170.2714    307.44142    15590 
221000000   -3073.7425    3343.6407    13011.203   -1700.4287    8117.8119    311.80721    15595 
222000000   -2943.0926    3712.7657    12851.103    -1503.803    8159.6613    307.97049    15564 
223000000   -2987.4402    3700.9337    12904.166    -1497.857    8186.2309    309.24211    15586 
224000000   -2933.0159    3803.4743    12780.014   -1470.8901    8207.3803    306.26688    15567 
225000000    -2923.477    3664.4071    12904.748   -1598.3796    8186.2637    309.25605    15591 
226000000   -2944.7765    3591.4917    12952.957   -1629.1285    8165.3966    310.41137    15572 
227000000   -2961.8694    3647.2445    12925.351   -1620.3318    8229.4457     309.7498    15572 
228000000   -2980.6527    3499.8669    13022.385     -1718.54    8199.0596    312.07517    15599 
229000000   -2961.0294    3474.6748    12915.745   -1651.2221    8086.9263    309.51961    15594 
230000000   -3021.6758    3529.9956    13081.321    -1521.269    8072.9405    313.48753    15574 
231000000   -3030.8765    3548.5066      12900.4    -1601.452    8180.8351    309.15186    15578 
232000000   -3072.9787     3700.398    12873.861   -1461.0831    8234.4598    308.51586    15555 
233000000   -2915.8766    3816.0193    12921.392   -1472.2417    8204.1376    309.65493    15555 
234000000   -3048.5765    3533.9677    12941.171   -1592.8159    8175.3601    310.12891    15588 
235000000   -2927.6243    3692.2966    12779.017   -1478.4007    8098.3216    306.24296    15575 
236000000   -3042.0994    3481.2823    12972.929   -1611.8843    8135.2659    310.88997    15588 
237000000    -3063.733     3472.961    13014.395    -1650.784     8187.478    311.88369    15594 
238000000   -3024.8489    3526.1387    13028.057   -1506.1415    8057.1292    312.21111    15579 
239000000   -2960.3459    3687.0979    12952.526   -1558.1837    8205.6274    310.40103    15588 
240000000   -3049.3788    3475.7266    12858.415   -1634.3309    8159.4364    308.14571    15587 
241000000    -2966.314    3692.2337    12897.343   -1482.2727    8140.8203     309.0786    15570 
242000000    -2932.923    3589.9031    12779.285   -1499.2309     8022.057    306.24941    15558 
243000000   -2941.6866    3575.4316    13038.802   -1564.4716    8081.5898    312.46859    15592 
244000000   -2948.6711    3574.5878    12864.458   -1609.5581     8132.817    308.29052    15572 
245000000   -3006.8522    3562.3916    13026.691   -1616.4943    8185.7381    312.17837    15580 
246000000   -3024.9544    3333.4788    12866.354   -1700.7586    8059.1919    308.33595    15582 
247000000   -3016.4266    3713.1335    12990.366   -1549.6581    8279.2182    311.30784    15575 
248000000   -2996.8981    3540.4308    13110.632   -1585.2796    8122.6085    314.18997    15580 
249000000   -3042.1568    3445.8752    13015.254   -1580.4302    8068.4622    311.90429    15570 
250000000   -2994.4973    3726.3749     12914.06   -1458.8229     8179.695    309.47922    15552 
251000000   -2931.7349    3492.2687    12879.511   -1648.2024    8072.2059    308.65125    15578 
252000000   -3033.0983    3353.2702    12913.466   -1685.4262    8071.7946    309.46497    15593 
253000000   -3113.6782    3425.4613    12958.925   -1534.1912    8073.3307    310.55439    15576 
254000000   -3000.8923    3506.7484    13088.644   -1545.3536    8052.9943    313.66304    15595 
255000000   -3010.3921    3564.5376    12784.223   -1554.6425    8129.5723    306.36773    15566 
256000000   -2997.9094    3642.2848    12886.272   -1502.4325    8142.6266    308.81328    15567 
257000000   -2960.3071    3485.1715    12858.951   -1598.0236    8043.5022    308.15855    15566 
258000000   -2999.6534    3717.8733    12764.387   -1490.9904    8208.5171    305.89237    15581 
259000000   -2970.9725    3548.9373    12898.142   -1607.9412     8127.851    309.09774    15575 
260000000    -2932.198    3614.0076    12907.802   -1609.6831    8155.8887    309.32923    15589 
261000000   -2887.4069    3775.8149    12923.316   -1569.6408    8232.8625    309.70102    15582 
262000000   -2853.7186    3693.1284    12719.645   -1557.8507    8104.6977    304.82015    15585 
263000000   -2887.9058    3655.0229    13001.183    -1644.353    8187.2817    311.56707    15587 
264000000   -2852.4884    3960.9814    12879.365   -1498.0904    8311.5601    308.64777    15562 
265000000   -2972.7736    3705.9415    12969.804   -1509.9796    8188.6947     310.8151    15579 
266000000   -2942.8677    3687.4637    12903.173   -1586.0518    8216.3831    309.21832    15583 
267000000   -2933.3518    3711.1022     12981.18   -1532.3875    8176.8415    311.08772    15574 
268000000   -2936.3105    3623.3081    12849.074   -1568.7991    8128.4178    307.92186    15570 
269000000   -3021.9602    3529.3944     12981.42   -1579.7779    8131.1325    311.09346    15579 
270000000   -3030.8206    3695.1538    12835.923   -1537.6958    8263.6702    307.60671    15579 
271000000   -2910.0824     3572.909    12900.824   -1589.1988    8072.1903    309.16201    15568 
272000000   -2980.3226    3519.9615    12898.606   -1615.6705    8115.9546    309.10887    15587 
273000000   -2942.7396    3668.0836    12832.156   -1501.0417    8111.8649    307.51643    15578 
274000000   -2897.7421    3443.0614    13039.111   -1680.6913    8021.4948      312.476    15602 
275000000   -2844.2894    3869.4689    12915.339   -1551.8048    8265.5631    309.50986    15590 
276000000   -3038.0851    3658.7154    12897.495   -1531.3727    8228.1732    309.08224    15596 
277000000   -2913.4355    3621.8764    12816.429   -1656.1786    8191.4905    307.13954    15580 
278000000    -3010.104    3502.5518    12941.203   -1605.7428    8118.3986    310.12967    15584 
279000000   -3015.3626    3454.4321    12905.623   -1639.4489    8109.2436    309.27703    15585 
280000000   -3041.7316    3736.0174     12810.58   -1538.3964    8316.1454    306.99938    15585 
281000000   -3006.0955     3553.761    12876.435   -1547.1763    8107.0328    308.57754    15581 
282000000   -3014.2628    3505.3347    12977.379   -1647.8501    8167.4477    310.99663    15588 
283000000   -2921.5996    3538.1666     12788.83   -1645.5201    8105.2863    306.47814    15598 
284000000   -2990.2786    3474.8237    13027.121   -1633.0987     8098.201    312.18866    15592 
285000000   -2997.4592    3628.5903     12861.99   -1547.2163    8173.2658    308.23139    15577 
286000000   -2973.7499    3624.1584     12869.16   -1523.3405    8121.2489    308.40321    15572 
287000000   -2955.1702    3746.3843    13035.633    -1504.144    8205.6984    312.39264    15560 
288000000   -3047.7624     3454.188    12914.906   -1572.2832    8074.2336    309.49948    15579 
289000000   -3031.3125    3514.1976    13067.381    -1630.082    8175.5921    313.15348    15572 
290000000   -2924.5049    3605.9111      12860.2   -1616.8272    8147.2432    308.18848    15577 
291000000   -3060.7624    3488.2725    12991.482    -1567.153    8116.1879    311.33459    15559 
292000000   -3028.6022    3640.6144    12957.126   -1548.5111    8217.7277    310.51126    15559 
293000000   -3059.5399    3553.8318     13013.22   -1518.1602    8131.5319    311.85553    15562 
294000000   -2927.0492    3520.9747    12834.489   -1669.0533    8117.0772    307.57234    15582 
295000000    -3028.418     3530.056    12928.737    -1561.832     8120.306    309.83095    15552 
296000000   -3000.1287    3597.3154    12905.106   -1542.6989    8140.1429    309.26463    15574 
297000000   -2986.8732    3410.8667    12972.291   -1651.7422    8049.4821     310.8747    15590 
298000000   -2872.8694    3679.5891    12966.866   -1673.9475    8226.4061    310.74468    15571 
299000000   -3016.1589    3718.6195      12990.2   -1464.6633    8199.4417    311.30387    15557 
300000000   -3061.7818    3453.5564    13021.257   -1576.6782    8092.0164    312.04813    15574 
301000000   -2926.4702    3718.3563    12904.869   -1586.7628    8231.5894    309.25896    15583 
302000000     -2891.85    3664.7387    13018.735   -1553.7263     8110.315    311.98771    15598 
303000000   -2904.4452    3756.0422    12846.561   -1484.2191    8144.7065    307.86163    15574 
304000000   -2878.9844    3690.9115    13041.631   -1580.4228    8150.3187    312.53638    15587 
305000000   -2863.8731    3789.9225    13048.496    -1510.487    8164.2826    312.70091    15573 
306000000   -2912.7669    3817.1876    12984.215   -1589.9731    8319.9276    311.16045    15572 
307000000   -2926.1275    3792.5105    12857.452     -1555.16     8273.798    308.12263    15570 
308000000   -2857.9629    3835.1559    12973.083   -1500.8695    8193.9882    310.89368    15587 
309000000    -2917.869    3791.1076    12774.952   -1537.9129    8246.8896    306.14556    15571 
310000000   -2957.7695    3666.4697    12742.948   -1537.5729    8161.8122    305.37859    15553 
311000000   -2936.2819    3690.0303    12889.119   -1467.8707     8094.183    308.88152    15573 
312000000    -3042.762    3611.3803    12833.246   -1604.7783    8258.9207    307.54254    15585 
313000000   -2954.6498    3621.3179    12905.997   -1485.8394     8061.807      309.286    15566 
314000000   -2937.2305    3678.3442    12814.257    -1564.984    8180.5587    307.08747    15574 
315000000   -2986.2992    3685.7332     12888.42   -1552.6224    8224.6549    308.86476    15575 
316000000   -2959.1823     3637.441     13012.07   -1564.3771    8161.0004    311.82797    15585 
317000000   -2914.3354    3534.6802    12853.088   -1568.8459    8017.8614    308.01806    15575 
318000000   -2797.8493    3736.3578    12953.065   -1516.9163    8051.1235    310.41396    15570 
319000000   -2952.1236    3673.8718    12983.377   -1597.7022    8223.6976    311.14036    15608 
320000000   -2871.3713    3810.2116    12979.187   -1526.3116    8207.8946    311.03996    15568 
321000000   -3035.7604    3692.1279    13006.514   -1602.3959    8330.2842    311.69483    15573 
322000000   -2856.5577    3654.3238    12763.958   -1633.2623    8144.1438    305.88209    15586 
323000000   -2931.2101    3805.1736    12902.982   -1448.4112    8184.7949    309.21373    15571 
324000000   -2941.9971    3803.0541    12954.686   -1503.7005    8248.7518     310.4528    15592 
325000000   -2881.2591    3768.3148    12966.211   -1669.9451    8319.5189      310.729    15581 
326000000    -3034.676    3449.5005    13194.326   -1636.9597    8121.1362    316.19564    15604 
327000000   -2934.0248    3858.4866     12942.92   -1534.9709    8327.4822    310.17083    15584 
328000000   -2901.7448    3572.3079    12928.987   -1580.5015    8054.5542    309.83692    15562 
329000000    -2919.269    3792.3267    12804.675    -1398.966    8110.5618    306.85785    15571 
330000000   -2968.3211    3597.0341     12896.25   -1604.2654    8169.6206    309.05241    15583 
331000000   -2958.5857    3815.3937    12944.677   -1513.6779    8287.6574    310.21294    15569 
332000000   -3007.2783    3782.1465    12851.127   -1481.9035    8271.3283    307.97105    15562 
333000000   -2853.1432     3762.329    12945.143   -1575.4654    8190.9376     310.2241    15580 
334000000   -2955.4684    3650.3256    12779.931   -1546.8142    8152.6082    306.26487    15583 
335000000    -2886.102    3634.6292    12847.034   -1549.9488      8070.68    307.87297    15580 
336000000   -2970.0815    3754.9714    12728.336   -1431.4646    8156.5175    305.02842    15568 
337000000   -3002.8037    3532.4093    13015.722   -1622.0431    8157.2561    311.91549    15592 
338000000   -2896.2558    3600.9422    13030.409   -1637.7067    8134.9047    312.26746    15578 
339000000   -2943.5863    3935.5313     12931.23   -1511.9869    8391.1045    309.89067    15568 
340000000   -2913.8666    3793.5818    12838.351   -1536.5936    8244.0421    307.66487    15583 
341000000   -2946.7517    3685.3231    12822.376   -1505.1094    8137.1842    307.28204    15572 
342000000   -2994.9097    3604.8716    12905.188   -1559.4749    8159.2562    309.26661    15585 
343000000   -2930.2894    3453.1376    13016.974   -1697.0564    8080.4835    311.94549    15605 
344000000   -2945.2637    3570.6546    12818.172   -1673.6534    8189.5716    307.18129    15579 
345000000   -2958.5321    3650.4647    12863.364   -1569.6147    8178.6115    308.26431    15580 
346000000   -3092.2912    3488.0754    13092.502   -1593.7627    8174.1292    313.75548    15589 
347000000   -3013.8387    3687.9208    12749.198   -1505.2829    8207.0424    305.52838    15563 
348000000   -2860.4161     3572.436     12946.23   -1628.4681    8061.3202    310.25015    15581 
349000000   -3042.8319    3554.2723    13050.773   -1546.8333    8143.9375    312.75547    15587 
350000000   -2901.8954    3713.2067    12788.835   -1551.0362    8166.1382    306.47826    15586 
351000000   -2910.9378    3631.7929    12976.176   -1577.2998    8120.0305    310.96778    15593 
352000000   -2980.1472    3655.6486    12915.176   -1618.2214    8254.0172    309.50595    15576 
353000000   -2846.0805    3660.5209    12879.262   -1647.7391    8154.3404     308.6453    15569 
354000000   -2949.3355    4032.5035    12827.462   -1448.8287    8430.6677    307.40393    15577 
355000000   -2973.5192    3490.3073    13055.904   -1675.4967    8139.3232    312.87843    15582 
356000000   -2978.5797     3683.698     12772.11    -1459.163    8121.4406    306.07745    15571 
357000000   -2916.4516    3516.6928    12940.788   -1657.1668    8090.3111    310.11973    15592 
358000000   -2977.1211    3690.8444    12914.631   -1556.2743    8224.2399    309.49289    15576 
359000000   -3074.0345    3763.6561      12842.9   -1465.6764    8303.3669    307.77389    15562 
360000000   -2942.2535    3651.2448    12943.648   -1661.6456     8255.144    310.18828    15594 
361000000   -2925.7294    3796.6399    12967.578    -1497.064    8219.4333    310.76176    15592 
362000000   -3012.6355    3675.5324    12981.053   -1573.4583    8261.6262    311.08466    15591 
363000000   -3027.2941    3479.0388    12904.281   -1636.7618    8143.0947    309.24487    15593 
364000000   -3064.9399    3666.7468      13039.2   -1415.6013     8147.288    312.47812    15566 
365000000    -3030.832    3601.2509    12779.801   -1550.5529    8182.6358    306.26176    15572 
366000000   -3028.1445    3474.6059    12969.648     -1604.09    8106.8404    310.81136    15580 
367000000   -3009.7247    3410.0888     12903.27   -1588.1741    8007.9876    309.22063    15572 
368000000   -3050.1504     3425.504    12972.368   -1652.6363    8128.2906    310.87654    15571 
369000000   -2951.5209    3739.9156    12944.084   -1507.1738    8198.6103    310.19873    15578 
370000000   -2921.5925    3769.7191    13074.788   -1547.7708    8239.0824    313.33099    15556 
371000000   -2974.3312    3705.7986    12918.132    -1478.843    8158.9727    309.57679    15571 
372000000   -2919.8032    3793.5526    12958.366   -1496.8653    8210.2211    310.54098    15560 
373000000   -2901.5209    3595.4454     12949.97   -1593.2041    8090.1704    310.33977    15572 
374000000    -3012.622    3657.6951    13016.981   -1517.8466    8188.1637    311.94566    15570 
375000000   -3039.2609    3551.5138     13036.66   -1564.9853    8155.7601    312.41727    15571 
376000000   -2986.2214    3391.2256      13006.9   -1659.2494    8036.6964    311.70408    15589 
377000000   -2890.9388    3488.9611     12875.58   -1719.3477    8099.2476    308.55706    15597 
378000000   -3016.6095    3666.3952    12974.013   -1500.7426    8183.7473    310.91597    15569 
379000000   -2967.0098    3710.6631    12886.797   -1455.9071    8133.5801    308.82588    15567 
380000000   -2968.6093    3621.7851     12699.92   -1554.2329    8144.6274    304.34744    15586 
381000000   -2927.1661     3587.702    13037.157   -1620.4837    8135.3518    312.42917    15577 
382000000     -2985.71     3699.421    13018.253   -1522.6522    8207.7832    311.97614    15572 
383000000   -3091.9735    3614.1785    12845.495   -1469.4137    8175.5656    307.83609    15554 
384000000   -3079.9748    3518.8413    13058.061   -1628.8346    8227.6508    312.93014    15584 
385000000   -2922.0739    3551.0071    12910.867   -1721.7866    8194.8676    309.40269    15599 
386000000   -3069.1031    3702.5138    12868.914   -1435.7634    8207.3802    308.39731    15558 
387000000    -3043.491    3457.7999    12938.412    -1600.047     8101.338    310.06281    15588 
388000000   -2990.7492    3571.7089    12918.897   -1584.3466    8146.8047    309.59513    15591 
389000000   -3011.8179    3348.6182    12786.866   -1652.5344    8012.9705    306.43107    15583 
390000000   -3064.9151     3677.842    12986.818   -1501.2696    8244.0267    311.22281    15566 
391000000   -2915.1418    3620.1011    12941.768   -1530.1926    8065.4355    310.14321    15561 
392000000   -2961.9021    3619.0886    12831.815   -1581.8906    8162.8813    307.50826    15579 
393000000   -2953.6598    3715.2456    12979.256   -1452.3191    8121.2246     311.0416    15582 
394000000   -2998.7489    3532.2345    12859.962   -1614.7159    8145.6994    308.18278    15566 
395000000   -3006.5373    3527.0846    12917.748   -1607.1841     8140.806    309.56758    15567 
396000000   -3108.2918    3517.6183    13052.448   -1529.5536    8155.4637    312.79561    15563 
397000000   -2982.9366    3582.9816      12903.8   -1540.7108     8106.629    309.23335    15570 
398000000   -2959.7362     3580.481    12832.006    -1613.066    8153.2831    307.51282    15568 
399000000   -2964.8288    3487.8082    13085.908   -1621.1866    8073.8236    313.59746    15571 
400000000   -2972.1508    3646.0403    12940.705   -1631.4357    8249.6268    310.11775    15579 
Loop time of 122985 on 28 procs for 400000000 steps with 14000 atoms

Performance: 7025.269 ns/day, 0.003 hours/ns, 3252.440 timesteps/s
99.5% CPU use with 28 MPI tasks x no OpenMP threads

MPI task timing breakdown:
Section |  min time  |  avg time  |  max time  |%varavg| %total
---------------------------------------------------------------
Pair    | 15468      | 18453      | 21669      |1170.4 | 15.00
Bond    | 4811.5     | 5715.3     | 8464.9     |1518.1 |  4.65
Neigh   | 46751      | 47057      | 47538      |  92.5 | 38.26
Comm    | 23920      | 30428      | 33573      |1388.5 | 24.74
Output  | 0.75417    | 0.75496    | 0.75538    |   0.0 |  0.00
Modify  | 16581      | 16651      | 16719      |  26.0 | 13.54
Other   |            | 4680       |            |       |  3.80

Nlocal:    500 ave 543 max 464 min
Histogram: 2 4 4 3 3 4 1 2 4 1
Nghost:    743.607 ave 1022 max 422 min
Histogram: 2 1 2 5 4 3 1 4 3 3
Neighs:    5409.75 ave 6888 max 3725 min
Histogram: 1 2 4 3 2 4 4 4 1 3

Total # of neighbors = 151473
Ave neighs/atom = 10.8195
Ave special neighs/atom = 8.15671
Neighbor list builds = 79928373
Dangerous builds = 0
write_restart final_state_${fName}.restart
write_restart final_state_Run3.restart
Total wall time: 34:09:51
