
units           real
boundary p p p
atom_style      full

read_restart final_state_b70_N200_L300.restart
  restoring atom style full from restart
  orthogonal box = (-420 -420 -420) to (420 420 420)
  2 by 2 by 7 MPI processor grid
  restoring pair style lj/cut from restart
  restoring bond style hybrid from restart
  restoring angle style cosine from restart
  14000 atoms
  15706 bonds
  13600 angles
  3 = max # of 1-2 neighbors
  6 = max # of 1-3 neighbors
  17 = max # of 1-4 neighbors
  56 = max # of special neighbors
  special bonds CPU = 0.0988075 secs
  read_restart CPU = 0.115471 secs
mass 1 100
mass 2 100
mass 3 100
mass 4 100

neighbor 1.9 bin
neigh_modify every 1 delay 1 check yes

angle_style  cosine
angle_coeff   *  2  # K (energy unit)

bond_style 		hybrid harmonic harmonic/shift/cut
bond_coeff   1   harmonic 3   10
bond_coeff   2   harmonic 3   10
bond_coeff	3	harmonic/shift/cut 3.60	11.22	12.72

pair_style lj/cut 25
# atom-typ1, atom-typ2, energy-well, sigma (bead-diameter), cut-off (distance)
pair_coeff  * * 0.18 10 25

special_bonds lj  0 1 1 angle yes
  3 = max # of 1-2 neighbors
  6 = max # of 1-3 neighbors
  17 = max # of 1-4 neighbors
  40004 = # of 1-3 neighbors before angle trim
  27200 = # of 1-3 neighbors after angle trim
  56 = max # of special neighbors
  special bonds CPU = 0.00279879 secs

# further equilibriate the system before bond formation takes place
fix fxlan all langevin $T $T 1000 ${seed}
fix fxlan all langevin 310 $T 1000 ${seed}
fix fxlan all langevin 310 310 1000 ${seed}
fix fxlan all langevin 310 310 1000 70184
fix fxnve all nve
timestep 0.1
run 10000
Unused restart file global fix info:
  fix style: colvars, fix ID: CV_Rg
Neighbor list info ...
  update every 1 steps, delay 1 steps, check yes
  max neighbors/atom: 2000, page size: 100000
  master list distance cutoff = 26.9
  ghost atom cutoff = 26.9
  binsize = 13.45, bins = 63 63 63
  1 neighbor lists, perpetual/occasional/extra = 1 0 0
  (1) pair lj/cut, perpetual
      attributes: half, newton on
      pair build: half/bin/newton
      stencil: half/bin/3d/newton
      bin: standard
Per MPI rank memory allocation (min/avg/max) = 1.103 | 7.732 | 16.66 Mbytes
Step Temp E_pair E_mol TotEng Press 
250000000    30.962652   -6282.9505    6271.5709    1280.6411   -4.1918796 
250010000    262.70049   -6096.0116    5046.0148    9912.0639      1.10371 
Loop time of 5.20278 on 28 procs for 10000 steps with 14000 atoms

Performance: 16.606 ns/day, 1.445 hours/ns, 1922.048 timesteps/s
99.6% CPU use with 28 MPI tasks x no OpenMP threads

MPI task timing breakdown:
Section |  min time  |  avg time  |  max time  |%varavg| %total
---------------------------------------------------------------
Pair    | 0.0003349  | 0.75878    | 3.2707     | 114.4 | 14.58
Bond    | 0.00053065 | 0.11017    | 0.42774    |  41.6 |  2.12
Neigh   | 0.015806   | 0.016401   | 0.017612   |   0.6 |  0.32
Comm    | 0.0015348  | 1.3688     | 3.3443     | 100.7 | 26.31
Output  | 7.8459e-05 | 0.00043545 | 0.00079307 |   0.0 |  0.01
Modify  | 0.00093787 | 0.23957    | 0.92449    |  61.2 |  4.60
Other   |            | 2.709      |            |       | 52.06

Nlocal:    500 ave 1937 max 0 min
Histogram: 16 0 0 3 1 3 1 2 1 1
Nghost:    545.179 ave 1733 max 0 min
Histogram: 16 0 0 0 0 6 2 0 1 3
Neighs:    10164.4 ave 42270 max 0 min
Histogram: 16 0 1 2 2 3 0 2 1 1

Total # of neighbors = 284603
Ave neighs/atom = 20.3288
Ave special neighs/atom = 7.92443
Neighbor list builds = 6
Dangerous builds = 0

unfix fxlan
unfix fxnve
reset_timestep 0

variable t equal step
variable steps equal 400000000
variable dt_thermo equal 1000000
variable dt_movie equal 10000000
variable dt_restart equal 40000000

group rxnSites type 1 3
4000 atoms in group rxnSites

# fix ID group-ID(atom-types) bond/create Nevery itype jtype Rmin bondtype (prob values = fraction seed) (iparam maxbond newType)
fix bondc rxnSites bond/create/random 20 1 3 12.72 3 prob 1 ${seed} iparam 1 1 jparam 1 3
fix bondc rxnSites bond/create/random 20 1 3 12.72 3 prob 1 70184 iparam 1 1 jparam 1 3

# fix ID group-ID bond/break Nevery bondtype Rmax keyword values ...
fix bondbr rxnSites bond/break 20 3 12.72 prob 1 ${seed}
fix bondbr rxnSites bond/break 20 3 12.72 prob 1 70184

variable frmbnd equal f_bondc[2]
variable brkbnd equal f_bondbr[2]
fix saveBond all print ${dt_thermo} "$t ${frmbnd} ${brkbnd}" file BondData_${fName}.dat screen no
fix saveBond all print 1000000 "$t ${frmbnd} ${brkbnd}" file BondData_${fName}.dat screen no
fix saveBond all print 1000000 "$t ${frmbnd} ${brkbnd}" file BondData_Run4.dat screen no

thermo_style    custom step epair pe ke ebond eangle temp bonds
thermo          ${dt_thermo}
thermo          1000000
fix saveThermo all print ${dt_thermo} "$t $(temp) $(ke) $(pe) $(epair) $(ebond) $(eangle) $(bonds)" file Thermo_${fName}.dat title "# Steps Temp KinEng PotEng Epair Ebond Eangle Bonds" screen no
fix saveThermo all print 1000000 "$t $(temp) $(ke) $(pe) $(epair) $(ebond) $(eangle) $(bonds)" file Thermo_${fName}.dat title "# Steps Temp KinEng PotEng Epair Ebond Eangle Bonds" screen no
fix saveThermo all print 1000000 "$t $(temp) $(ke) $(pe) $(epair) $(ebond) $(eangle) $(bonds)" file Thermo_Run4.dat title "# Steps Temp KinEng PotEng Epair Ebond Eangle Bonds" screen no

############################ Langevin Dynamics ###############################
fix fxlan all langevin $T $T 1000 ${seed}
fix fxlan all langevin 310 $T 1000 ${seed}
fix fxlan all langevin 310 310 1000 ${seed}
fix fxlan all langevin 310 310 1000 70184
fix fxnve all nve

comm_style tiled
fix fxbal all balance 1000 1.1 rcb

timestep 25

dump coor all custom ${dt_movie} traj_${fName}.dump id type mol mass x y z xu yu zu
dump coor all custom 10000000 traj_${fName}.dump id type mol mass x y z xu yu zu
dump coor all custom 10000000 traj_Run4.dump id type mol mass x y z xu yu zu

restart ${dt_restart} ${fName}_tp_*.restart
restart 40000000 ${fName}_tp_*.restart
restart 40000000 Run4_tp_*.restart
run ${steps}
run 400000000
Neighbor list info ...
  update every 1 steps, delay 1 steps, check yes
  max neighbors/atom: 2000, page size: 100000
  master list distance cutoff = 26.9
  ghost atom cutoff = 26.9
  binsize = 13.45, bins = 63 63 63
  2 neighbor lists, perpetual/occasional/extra = 1 1 0
  (1) pair lj/cut, perpetual
      attributes: half, newton on
      pair build: half/bin/newton
      stencil: half/bin/3d/newton
      bin: standard
  (2) fix bond/create/random, occasional, copy from (1)
      attributes: half, newton on
      pair build: copy
      stencil: none
      bin: none
Per MPI rank memory allocation (min/avg/max) = 17.81 | 18.24 | 19.03 Mbytes
Step E_pair PotEng KinEng E_bond E_angle Temp Bonds 
       0   -6096.0116   -1049.9968    10962.061   -2912.5742     7958.589    262.70049    15706 
 1000000   -3056.1048    4007.1209    12894.119   -1350.6113    8413.8371    309.00134    15544 
 2000000   -2877.3158    3977.2501    12899.076   -1446.1153    8300.6812    309.12012    15548 
 3000000   -2925.0602    4013.5823    12891.324   -1441.4364    8380.0789    308.93435    15555 
 4000000   -2881.1179      3801.67    12943.387   -1478.0425    8160.8304    310.18203    15551 
 5000000   -2939.7185    3789.0949    12856.324   -1411.0947    8139.9082    308.09559    15558 
 6000000   -2902.6839     3801.098    12886.353   -1599.8085    8303.5904    308.81524    15578 
 7000000    -2844.495    3945.2493    12923.146   -1512.3891    8302.1334    309.69697    15563 
 8000000   -2818.4774    3787.9777    13030.859   -1476.3727    8082.8277    312.27825    15562 
 9000000   -2821.0381    3726.0817     13025.42    -1637.138    8184.2579     312.1479    15575 
10000000   -2763.8023    3968.8087    12963.593   -1501.9473    8234.5582    310.66625    15574 
11000000   -2843.6987    3948.5145    12932.383   -1483.0461    8275.2592    309.91832    15576 
12000000   -2821.9082    3870.9579    12923.268   -1592.7928    8285.6589    309.69989    15588 
13000000   -2817.2013    3687.7939    12865.754   -1731.1469    8236.1421    308.32158    15605 
14000000   -2701.1121    3957.2252    12725.217   -1512.3667    8170.7039    304.95367    15579 
15000000   -2790.0083    3794.8779     12885.56   -1515.5812    8100.4675    308.79621    15566 
16000000   -2817.6627    3810.0452    12917.998   -1536.3713    8164.0793    309.57358    15567 
17000000   -2774.4329    3788.6673     12901.71   -1617.6957    8180.7958    309.18324    15601 
18000000   -2809.9322     3899.586     12850.93   -1550.6835    8260.2017    307.96633    15581 
19000000   -2842.7004    3794.3613    12928.124   -1567.6362    8204.6979    309.81624    15590 
20000000   -2877.8824    3872.9729    12870.243   -1393.3356    8144.1908    308.42916    15560 
21000000   -2968.2601      3711.92    12908.182   -1463.4452    8143.6253    309.33836    15584 
22000000   -2964.6913     3778.702     13048.04   -1532.3145    8275.7078    312.68999    15575 
23000000   -2912.8796    3655.9497    12921.659   -1546.8801    8115.7094    309.66131    15559 
24000000   -2912.6095    3739.7592    13025.969   -1510.2208    8162.5895    312.16105    15557 
25000000   -3130.7234    3410.9828    12994.709   -1630.7351    8172.4413    311.41192    15578 
26000000   -2879.1585    3583.2337    12747.587   -1654.4001    8116.7923    305.48977    15576 
27000000   -3042.6773    3603.5414    12868.496   -1559.1161    8205.3348     308.3873    15587 
28000000   -2882.7534    3798.3196    12952.585   -1541.4055    8222.4785    310.40244    15584 
29000000   -2865.1729    3584.9435    12688.802   -1621.9458    8072.0622    304.08101    15570 
30000000   -3009.9615     3687.849    12853.157   -1564.8046    8262.6151    308.01971    15578 
31000000   -2917.9522    3721.3268      12862.1   -1595.8566    8235.1356    308.23401    15594 
32000000   -2795.4153    3915.0616    13026.228   -1517.9164    8228.3933    312.16727    15560 
33000000   -2867.8584    3611.0731    13017.314   -1590.7424    8069.6739    311.95364    15594 
34000000   -2946.4679    3750.5805     12924.54   -1511.5981    8208.6464    309.73037    15580 
35000000   -2864.1552    3833.3818    12928.118   -1596.3069    8293.8438     309.8161    15589 
36000000   -2763.1922    3856.8213    12885.537   -1624.8957    8244.9092    308.79568    15591 
37000000   -2911.4458     3648.779    12926.297   -1635.3649    8195.5897    309.77247    15594 
38000000   -2854.7261    3719.8795    12927.142   -1583.4536    8158.0592    309.79271    15589 
39000000   -2921.7741    3768.4573    12885.407   -1559.9108    8250.1422    308.79255    15567 
40000000   -2919.0999     3671.523    13083.641   -1601.4665    8192.0894    313.54313    15581 
41000000   -2914.4345    3740.5802    12818.403   -1660.8735    8315.8882    307.18683    15579 
42000000   -2866.1299    3687.5152    12916.722    -1506.901    8060.5461    309.54301    15563 
43000000   -2980.2884    3733.5976    13075.823   -1489.8379    8203.7239    313.35578    15569 
44000000   -2831.9059    3846.4613    12957.674   -1465.5449    8143.9121    310.52441    15565 
45000000   -2970.7441    3587.0439    12920.801   -1601.1439    8158.9318    309.64077    15582 
46000000   -2909.1018    3745.2045    12750.433   -1547.5269    8201.8333    305.55798    15586 
47000000   -2888.4704    3676.5633    13202.682   -1611.6532    8176.6868    316.39589    15577 
48000000    -2986.531    3673.7668    12938.307     -1527.57    8187.8678    310.06028    15572 
49000000   -2899.5255    3705.2501    12970.611   -1543.4555     8148.231    310.83443    15576 
50000000   -3006.6657    3662.5214    12990.732   -1534.5649     8203.752    311.31662    15579 
51000000   -3018.7344    3655.9461    12801.705   -1493.9207    8168.6012    306.78668    15560 
52000000   -2983.9923    3597.5326    12885.936   -1545.1348    8126.6598    308.80524    15583 
53000000    -2884.157    3638.7484    12849.346   -1629.2848    8152.1903    307.92838    15597 
54000000   -2921.5958    3832.8873    12951.565   -1495.5485    8250.0316      310.378    15576 
55000000   -2946.4297     3691.828    12873.586   -1610.5359    8248.7936    308.50928    15577 
56000000   -3031.6089    3582.0971    12865.617   -1599.7984    8213.5044     308.3183    15580 
57000000   -2968.9605    3526.0516    12977.066   -1565.0478      8060.06    310.98911    15578 
58000000   -2929.1059    3663.3248    12880.935   -1624.7812    8217.2118    308.68539    15583 
59000000     -2899.52    3803.1838    12879.859   -1464.9513    8167.6551    308.65961    15561 
60000000   -3064.2047    3527.1564    12943.269    -1649.184    8240.5451    310.17919    15591 
61000000   -3006.2225    3555.9728    12984.125    -1545.874    8108.0694    311.15828    15586 
62000000   -2873.3685    3714.8595    12999.753   -1528.9795    8117.2075    311.53281    15569 
63000000   -2938.5267    3751.6076    13015.943   -1554.0427     8244.177    311.92079    15579 
64000000   -2922.1114    3688.7726    12907.566   -1528.8188    8139.7028     309.3236    15591 
65000000   -2956.1935    3581.6003    12942.916   -1622.0965    8159.8903    310.17072    15585 
66000000   -2957.8688    3754.4847    12918.582   -1510.4369    8222.7904    309.58759    15578 
67000000   -2903.5304    3547.6073    13091.351   -1667.8144    8118.9521     313.7279    15574 
68000000   -2947.2244    3539.4436    12851.741   -1565.8219    8052.4899    307.98576    15569 
69000000   -3100.0858    3548.0496    12915.478   -1603.6921    8251.8275     309.5132    15568 
70000000    -2940.558      3561.64     12941.97   -1632.2971    8134.4952    310.14807    15594 
71000000   -3121.4895    3442.8207    13042.591   -1638.2337    8202.5439     312.5594    15589 
72000000   -2996.9796    3555.4605    12862.833   -1618.9078    8171.3479    308.25158    15576 
73000000    -2972.181     3643.464    12875.055   -1537.1577    8152.8027    308.54449    15590 
74000000   -2986.2054    3508.2078    12952.616    -1648.663    8143.0763    310.40319    15589 
75000000    -3050.347    3554.7851    12888.098   -1571.3043    8176.4365    308.85704    15582 
76000000   -2971.6025    3775.4346    13043.138   -1511.3695    8258.4066     312.5725    15563 
77000000   -3052.8214    3679.6752    12840.556   -1420.9062    8153.4028    307.71772    15561 
78000000   -3103.8611    3490.8289    12839.386   -1480.2122    8074.9021    307.68969    15573 
79000000   -2977.0397    3674.9072    13039.969   -1553.5865    8205.5334    312.49655    15575 
80000000   -3069.4118    3650.2213    12818.156    -1578.832    8298.4652    307.18092    15568 
81000000   -2813.5552    3827.2129    12929.451   -1557.5889     8198.357    309.84805    15585 
82000000   -2935.0355    3711.1633     12901.94   -1495.1176    8141.3164    309.18876    15554 
83000000   -2992.3046    3477.8478    12962.715   -1622.7513    8092.9038    310.64521    15565 
84000000   -2974.7292    3606.3634    12921.833   -1531.0454     8112.138    309.66549    15570 
85000000    -3116.288    3530.1054    13055.028   -1487.7787    8134.1721    312.85743    15560 
86000000   -3050.3233    3603.4397    12823.879   -1546.4642    8200.2272    307.31807    15568 
87000000   -2993.3963     3500.437    12837.466   -1610.9536    8104.7869    307.64368    15564 
88000000   -3025.4119    3606.8704    12882.744    -1599.204    8231.4863    308.72875    15570 
89000000   -3184.4429    3477.5728    12770.024   -1441.9198    8103.9355    306.02746    15564 
90000000   -3082.5145    3573.8432    12931.042   -1484.7291    8141.0869    309.88619    15561 
91000000   -3077.8262    3475.8839    12978.987   -1547.5583    8101.2683    311.03517    15584 
92000000   -3158.4271    3425.1835    13038.668   -1424.3355    8007.9461    312.46539    15544 
93000000   -2967.1035    3649.5229    12833.216   -1524.0349    8140.6613    307.54183    15587 
94000000   -3020.6941    3732.5475    12884.422   -1464.3515    8217.5931    308.76896    15567 
95000000   -3033.5714    3708.8304    12873.279   -1507.2519    8249.6538    308.50191    15568 
96000000   -2873.2063     3738.471    12890.735   -1584.8627      8196.54    308.92024    15575 
97000000   -2873.0007    3809.4635    12857.614   -1558.3515    8240.8157    308.12651    15568 
98000000   -2874.5586    3737.4423    12824.316   -1483.8772    8095.8782    307.32854    15557 
99000000    -3035.227    3633.4821    12824.344   -1624.0219     8292.731    307.32922    15580 
100000000   -2974.3981    3544.4985    13048.162   -1533.9405    8052.8371    312.69291    15580 
101000000   -2911.6713    3608.2283    12956.401   -1625.0689    8144.9685     310.4939    15573 
102000000    -3013.114    3463.1939    12950.112    -1657.882    8134.1899    310.34319    15590 
103000000   -3022.8836     3597.786    12979.514    -1498.898    8119.5676    311.04778    15582 
104000000   -2822.8857    3700.0831    12740.303   -1542.0949    8065.0637     305.3152    15560 
105000000   -2962.5927    3498.1204    12851.473   -1606.0923    8066.8054    307.97934    15578 
106000000   -3013.2461    3580.5788    12969.319   -1520.6674    8114.4923    310.80348    15565 
107000000   -2986.7054    3798.9715     12963.31   -1537.6748    8323.3517    310.65946    15567 
108000000   -3008.5249    3632.3059    12916.432   -1429.6994    8070.5302    309.53605    15548 
109000000   -3052.0028    3470.9235    13090.589   -1656.3682    8179.2945    313.70964    15592 
110000000   -2989.5309     3630.898    12826.599   -1518.2171     8138.646    307.38324    15571 
111000000   -2958.2303    3473.2578    12875.172     -1671.13    8102.6181    308.54729    15574 
112000000   -2886.2855    3900.1051    12914.528   -1454.9335     8241.324    309.49044    15560 
113000000   -2980.8373    3607.7542    12880.964   -1613.6914    8202.2829    308.68609    15579 
114000000   -2945.6498    3636.8706    12880.912   -1552.0085     8134.529    308.68484    15569 
115000000   -3080.8581    3512.1676    12917.332    -1548.837    8141.8628    309.55762    15579 
116000000   -2886.8447    3616.4358    12886.609    -1605.798    8109.0786    308.82137    15580 
117000000   -2997.9869    3609.2195    12778.735   -1541.9311    8149.1374    306.23622    15573 
118000000   -3022.1643    3575.5015    12739.534    -1573.511    8171.1767    305.29677    15581 
119000000   -2975.2667    3604.1118     12976.08   -1637.6628    8217.0413    310.96549    15584 
120000000   -3055.8235    3611.2305      13010.2   -1497.6781     8164.732    311.78317    15578 
121000000   -2960.0043    3594.9468    13009.401   -1592.6369    8147.5879    311.76402    15574 
122000000   -3028.5986    3600.6778    12951.563   -1519.5765    8148.8529    310.37796    15577 
123000000   -2992.9037    3614.4733    12995.532   -1457.3723    8064.7494    311.43166    15558 
124000000   -3007.3651    3536.2206    12984.405   -1645.9974    8189.5831    311.16501    15582 
125000000   -3042.5454    3431.5811    12946.846   -1640.2787    8114.4052    310.26492    15598 
126000000   -2950.4119    3668.6843    12931.414   -1587.0565    8206.1527    309.89509    15569 
127000000   -2938.0754    3584.0023    12838.538   -1508.8196    8030.8973    307.66938    15545 
128000000   -2987.1699     3532.531    12786.286    -1594.068    8113.7689    306.41718    15587 
129000000   -2898.9291    3572.9511     13042.45   -1595.4118    8067.2921    312.55602    15586 
130000000   -2911.9378    3548.4245     12984.88   -1689.1644    8149.5267    311.17638    15587 
131000000   -2953.2363    3795.5135    13032.572   -1556.4038    8305.1536    312.31931    15575 
132000000     -3036.11    3458.6891    13026.692   -1718.1854    8212.9845    312.17838    15592 
133000000   -3020.9676    3506.1011    12834.473   -1681.8622    8208.9309    307.57195    15606 
134000000   -2899.4642     3726.374    12786.161   -1583.2857    8209.1239    306.41418    15583 
135000000   -2976.9032    3651.5251    12851.686   -1552.0203    8180.4486    307.98444    15570 
136000000   -3063.8968     3598.884    12819.332   -1481.9132    8144.6941     307.2091    15574 
137000000   -3005.3917    3488.2305    12960.334   -1607.6279    8101.2502    310.58816    15563 
138000000   -2975.8122    3710.5282    13028.282   -1440.8722    8127.2126    312.21649    15551 
139000000   -2933.8148    3572.7818    12976.953   -1550.1523    8056.7489    310.98642    15576 
140000000   -2944.4513    3543.2849    13014.242   -1592.3755    8080.1117    311.88003    15575 
141000000   -2990.9298    3588.9422    12906.958   -1508.6647    8088.5367    309.30901    15576 
142000000   -2854.9343    3609.3814    12814.932   -1649.5112    8113.8268    307.10367    15592 
143000000   -2986.5024    3468.1706    12952.379   -1641.4393    8096.1122     310.3975    15592 
144000000     -3104.23    3577.2117    12888.149   -1534.6913    8216.1329    308.85828    15566 
145000000   -3086.1785    3593.2509    12870.209   -1495.2103    8174.6397    308.42835    15576 
146000000   -2999.3792    3717.8653     12905.24   -1487.0587    8204.3032    309.26785    15565 
147000000   -2940.6403    3615.2578    12802.589   -1571.0249     8126.923    306.80785    15564 
148000000    -2930.199     3552.527     13082.31   -1639.8976    8122.6236    313.51125    15591 
149000000   -2991.3475    3684.8451     12816.85   -1612.4475    8288.6401    307.14962    15576 
150000000   -3120.3829    3417.9161    12943.614   -1719.9891    8258.2881    310.18746    15606 
151000000    -2993.269    3562.7414    12902.466   -1621.7759    8177.7862    309.20137    15569 
152000000   -2965.8558    3584.2314    12931.297   -1570.4949    8120.5821    309.89229    15573 
153000000   -2901.7559    3678.8779    12912.365   -1578.0617    8158.6954    309.43859    15560 
154000000   -2898.6726    3497.9544    12910.326   -1744.5458    8141.1728    309.38972    15589 
155000000    -2970.314    3560.3586    12969.386   -1600.6913    8131.3639    310.80508    15585 
156000000   -2993.9042    3637.9401    12974.108   -1504.2247    8136.0689    310.91824    15572 
157000000   -2907.1238    3778.7051    12841.143   -1497.9874    8183.8163    307.73179    15582 
158000000   -2953.1057    3592.9284    12922.526   -1640.9114    8186.9455    309.68211    15589 
159000000   -2985.5901    3728.6919    12918.554   -1437.3824    8151.6644    309.58691    15571 
160000000   -2991.5074    3492.0082    12959.795   -1648.7349    8132.2505    310.57524    15575 
161000000   -2977.8049    3616.9552    13024.139   -1553.1781    8147.9382    312.11721    15573 
162000000   -3037.0845    3456.8786    13030.586   -1588.4902    8082.4533    312.27171    15562 
163000000   -2953.1815    3640.2026    12869.253   -1607.9852    8201.3693    308.40544    15562 
164000000   -3027.1042    3526.5116    12858.854   -1615.1486    8168.7644    308.15623    15581 
165000000   -3035.1514    3691.1641    13108.312   -1530.7163    8257.0318    314.13438    15556 
166000000   -2979.0412    3680.8642    12852.335   -1557.8382    8217.7436          308    15569 
167000000    -2910.819     3702.022    12950.506   -1577.6576    8190.4986    310.35263    15584 
168000000     -2959.34    3655.3447    12954.376   -1593.4609    8208.1456    310.44536    15598 
169000000   -2981.4542    3653.2671     12866.47   -1570.7436    8205.4649    308.33874    15580 
170000000   -2952.5399     3701.275    13008.855   -1527.0487    8180.8637    311.75092    15553 
171000000   -2867.9004    3627.9114    12925.424   -1553.6569    8049.4688    309.75154    15577 
172000000   -2934.4912    3646.4293     12900.91    -1617.709    8198.6295    309.16407    15567 
173000000   -3001.5795    3623.1891    12899.739   -1592.2269    8216.9955    309.13602    15579 
174000000    -3004.812    3674.3364    12855.923   -1566.5708    8245.7193    308.08598    15582 
175000000    -3011.363    3551.9599     12770.27   -1515.1975    8078.5203    306.03336    15581 
176000000    -2906.871    3784.4335    13060.358   -1495.3267    8186.6311    312.98517    15575 
177000000   -2977.4068    3628.5364    12883.785   -1547.3457    8153.2889    308.75368    15555 
178000000   -2972.7359    3707.6309    13066.902   -1605.6018    8285.9687      313.142    15568 
179000000   -2994.4981     3497.462    12977.518   -1570.4702    8062.4302    310.99995    15578 
180000000   -2930.2894    3674.6756    12934.531   -1510.8884    8115.8534    309.96979    15574 
181000000   -2944.6126    3597.9183    12715.908   -1618.1946    8160.7255     304.7306    15593 
182000000   -2889.3225    3753.9267    13028.258    -1596.662    8239.9113    312.21591    15573 
183000000   -3017.9318     3445.926    12931.433   -1659.5516    8123.4094    309.89556    15585 
184000000   -3006.5657    3646.2361    13054.516   -1516.5452     8169.347    312.84518    15560 
185000000   -3098.0133    3516.3836    12919.224   -1642.9257    8257.3225    309.60297    15584 
186000000    -2956.606     3749.663    12914.692   -1462.4622    8168.7311    309.49435    15578 
187000000   -3084.4135    3595.0082    13032.659     -1480.69    8160.1116    312.32139    15571 
188000000      -2983.2    3558.2213     12909.44   -1528.2877     8069.709    309.36849    15570 
189000000   -3067.0538    3556.6932    12854.193   -1537.3479    8161.0948    308.04453    15578 
190000000   -3039.1354    3527.6264    13056.872   -1545.4372     8112.199    312.90164    15556 
191000000   -2988.7622    3603.4557    13059.976   -1569.3519    8161.5699    312.97602    15580 
192000000   -2988.0844    3741.2859    12872.863   -1503.4393    8232.8095    308.49196    15586 
193000000   -3134.9522    3377.5745    13053.395   -1677.4783    8190.0049    312.81832    15602 
194000000   -3011.7657    3779.3027    12984.669    -1487.762    8278.8305    311.17133    15573 
195000000   -3033.0695    3566.3615     12875.39   -1561.4008    8160.8318    308.55252    15570 
196000000   -3034.3123    3450.7029    13040.689   -1623.7385    8108.7537    312.51382    15584 
197000000    -3056.815    3481.8572    12911.735   -1544.3726    8083.0448     309.4235    15590 
198000000   -3018.4613    3390.4688    12903.981   -1769.2603    8178.1905    309.23768    15610 
199000000   -3001.7865    3602.5862    12931.705   -1596.5491    8200.9218    309.90207    15585 
200000000   -2889.5714    3569.9533    13071.182   -1594.9748    8054.4995    313.24457    15579 
201000000   -2974.6415    3532.0166    12829.326   -1570.5455    8077.2036    307.44861    15580 
202000000   -3027.7865    3636.8717    13036.537   -1545.0088     8209.667    312.41432    15582 
203000000   -3075.5448    3553.1043      12894.3   -1553.7789    8182.4281    309.00568    15572 
204000000   -3087.5698    3634.8713    12969.624   -1444.0847    8166.5258    310.81078    15568 
205000000   -3031.7251    3490.9625    12849.315   -1583.6348    8106.3223    307.92764    15576 
206000000   -2976.0985    3543.4638    13019.918   -1694.8943    8214.4565    312.01604    15576 
207000000   -2975.6153    3618.2859    12800.374    -1526.963    8120.8642    306.75479    15568 
208000000   -2900.5437    3600.0729    12933.695   -1592.4539    8093.0705    309.94977    15565 
209000000   -3068.6921    3521.6915    12931.624   -1609.4465    8199.8301    309.90013    15586 
210000000   -2984.5584    3447.5053    12997.565   -1680.3959    8112.4596    311.48038    15569 
211000000   -2973.3954    3514.5605    12917.802   -1508.8316    7996.7875    309.56888    15559 
212000000   -2992.2043    3715.7107    12924.062   -1441.7685    8149.6835     309.7189    15575 
213000000   -3019.7443    3393.1379    12885.414    -1538.633    7951.5153    308.79273    15586 
214000000     -3001.95    3640.8496    13058.591   -1517.3805    8160.1801    312.94282    15580 
215000000   -3016.8307    3589.9032     12842.59   -1585.6006    8192.3345    307.76648    15573 
216000000    -3000.319    3656.1484    13069.983   -1545.0706     8201.538    313.21583    15559 
217000000   -2956.0062    3518.2756    12759.859    -1631.137    8105.4187    305.78387    15590 
218000000   -2967.3596    3564.5776    12847.659   -1557.0773    8089.0145    307.88794    15588 
219000000   -2898.8464    3658.8029    12955.251   -1559.9233    8117.5726    310.46634    15579 
220000000   -3015.1842     3444.081    12951.924   -1646.3728    8105.6379     310.3866    15582 
221000000   -2962.7008    3704.2981    13064.818   -1580.9306    8247.9295    313.09206    15593 
222000000   -3129.3104    3684.0042    12899.192   -1475.5063    8288.8209    309.12291    15573 
223000000   -2989.4845    3496.7493     12927.86   -1679.7972     8166.031    309.80993    15601 
224000000   -3022.7119    3492.4666    12854.603   -1689.9476    8205.1262    308.05436    15591 
225000000   -3000.0502    3587.3981    12927.639   -1540.3084    8127.7567    309.80462    15579 
226000000   -2994.9689    3657.8941    13046.071   -1427.1183    8079.9813    312.64279    15566 
227000000   -2915.7458    3403.2424     13077.99    -1671.934    7990.9222    313.40772    15590 
228000000   -2994.0979    3608.6185    12956.073   -1672.5997    8275.3161    310.48603    15596 
229000000   -2997.8304    3662.5153    12960.389   -1464.6307    8124.9764    310.58946    15557 
230000000   -2960.6483    3846.6891    12831.722   -1479.9796     8287.317    307.50601    15581 
231000000   -2971.7918    3595.0344    12860.165   -1561.1426    8127.9688    308.18764    15583 
232000000   -2927.0706     3630.678    12845.022   -1572.6564     8130.405    307.82475    15580 
233000000   -3050.3542    3303.9229    12842.289   -1650.8188    8005.0958    307.75925    15601 
234000000   -3113.8801    3482.0173     12893.01   -1647.9974    8243.8947    308.97475    15596 
235000000   -2867.6189    3708.0334    12812.508   -1547.3198    8122.9721    307.04557    15579 
236000000   -2958.9825    3642.1861     13030.15   -1556.9592    8158.1278    312.26126    15589 
237000000   -2864.9054    3633.0559     13041.52   -1662.2136    8160.1749    312.53373    15577 
238000000   -3042.0184    3656.9816    12981.261   -1566.1091    8265.1092    311.08964    15574 
239000000   -3010.4987    3566.9027    12972.717   -1547.3845    8124.7858     310.8849    15577 
240000000   -3047.6339    3529.7215    12837.664   -1550.4322    8127.7876    307.64842    15579 
241000000   -3028.7473     3553.554     12968.29   -1546.0073    8128.3085    310.77881    15579 
242000000   -3056.4374     3489.867    12988.228   -1535.4083    8081.7127    311.25662    15580 
243000000   -2988.0817     3558.257    12872.225   -1562.7192    8109.0579    308.47665    15564 
244000000   -3061.8758    3619.2826    12876.331   -1472.2787    8153.4371    308.57505    15573 
245000000   -3019.5643    3424.5051    13010.849   -1674.7603    8118.8297    311.79872    15589 
246000000   -2931.0789    3688.0732    13054.037   -1560.6628    8179.8148     312.8337    15559 
247000000   -3060.6709    3444.5618    12917.956   -1552.3754    8057.6082    309.57259    15576 
248000000   -3028.3899    3468.8619    12915.134   -1471.2968    7968.5486    309.50494    15584 
249000000    -3050.236    3579.9367    12915.554   -1464.4671    8094.6399      309.515    15567 
250000000    -2977.078    3512.7421    12883.249   -1587.9583    8077.7785    308.74085    15577 
251000000   -2993.8522    3560.2071    12967.705   -1603.6944    8157.7537    310.76479    15587 
252000000   -2992.4945    3508.6807    12806.741   -1659.6476    8160.8227    306.90736    15595 
253000000   -3030.3705    3580.2389    12963.623   -1526.7591    8137.3685    310.66696    15555 
254000000   -3065.3877    3361.0633    12840.012   -1648.5161    8074.9671    307.70469    15598 
255000000   -2940.6983    3592.4582    12775.928   -1520.1486    8053.3051    306.16895    15565 
256000000   -2907.1355    3641.6627    13121.185   -1672.0105    8220.8087    314.44287    15576 
257000000   -2915.3167    3662.6663    12885.545   -1531.8184    8109.8013    308.79586    15576 
258000000   -2933.4857    3540.6776    13089.029   -1628.8363    8102.9995    313.67225    15584 
259000000   -3042.9339    3538.2643     12937.24   -1550.4256    8131.6238    310.03472    15583 
260000000   -3056.1049    3713.3709    12834.859   -1397.2134    8166.6893     307.5812    15566 
261000000   -3024.5577    3632.2421    12833.157   -1515.3175    8172.1173    307.54042    15575 
262000000   -3053.5003    3787.6102    12935.451   -1323.0039    8164.1145    309.99184    15576 
263000000   -3030.7644    3502.1325    12926.214   -1510.1942    8043.0911    309.77047    15567 
264000000   -2948.7744    3628.0156    12998.832   -1513.7993    8090.5892    311.51074    15567 
265000000   -2988.5505    3534.9858    12834.296   -1589.0686    8112.6049    307.56771    15577 
266000000   -3040.5228    3675.2983    12879.289   -1456.9201    8172.7411    308.64594    15578 
267000000   -3028.2576    3448.8957    12997.013   -1590.4512    8067.6045    311.46715    15585 
268000000   -3125.9909    3400.2945    12892.921   -1631.6578    8157.9432    308.97263    15584 
269000000   -3045.1681    3522.1527    12999.637   -1534.2352     8101.556    311.53002    15582 
270000000   -3025.9455    3733.6922    12971.934   -1462.8062    8222.4438    310.86614    15571 
271000000   -3016.8295    3534.5268     12938.56   -1576.4161    8127.7725    310.06634    15580 
272000000   -3094.4439    3587.2695    12844.178   -1516.1833    8197.8968    307.80451    15585 
273000000   -3104.7112    3486.6003    12972.621   -1537.8351    8129.1466     310.8826    15582 
274000000   -3132.5049    3493.7103    12810.787   -1478.9103    8105.1254    307.00431    15568 
275000000   -2922.7408    3821.3064     12909.85   -1520.5754    8264.6226    309.37832    15550 
276000000    -3075.523    3403.2203    13013.662   -1619.7278    8098.4711    311.86612    15598 
277000000   -3088.3153    3441.9708     12785.27   -1622.3183    8152.6045    306.39283    15588 
278000000   -3010.9297    3417.6547    12916.489   -1646.9004    8075.4847    309.53742    15598 
279000000   -2869.6478    3615.8701    12925.636   -1642.7727    8128.2907    309.75663    15583 
280000000   -2938.5207    3583.3915    13007.954   -1478.9103    8000.8225    311.72934    15572 
281000000   -2945.7357    3582.9887    12989.906   -1572.8784    8101.6028    311.29681    15561 
282000000   -2859.6212    3774.4783    12962.006   -1550.3207    8184.4202    310.62823    15571 
283000000   -2991.7019    3601.9428    12827.053   -1486.6446    8080.2894    307.39412    15551 
284000000   -2928.8465    3608.0908    13014.314    -1589.434    8126.3713    311.88176    15579 
285000000   -2965.5933    3515.7102    12902.084   -1627.7781    8109.0816    309.19221    15578 
286000000   -3080.9778    3392.4265      12912.1   -1576.2077    8049.6121    309.43224    15565 
287000000   -3059.4255    3484.6841    13015.502   -1596.5975    8140.7072    311.91022    15587 
288000000   -2994.1647    3674.9575     12922.26   -1548.6438    8217.7661    309.67572    15575 
289000000   -3066.4847    3679.9553    13053.431   -1465.4744    8211.9144    312.81917    15561 
290000000   -2978.1204    3754.5356    12760.511   -1424.2968    8156.9529    305.79947    15562 
291000000   -3034.4868         3422    12794.225   -1561.3938    8017.8805    306.60742    15568 
292000000   -3118.6375    3659.8374    12950.688   -1498.9982    8277.4732    310.35698    15561 
293000000   -2996.5369    3481.6294    12946.801   -1565.0367     8043.203    310.26383    15566 
294000000   -2999.8055    3689.3972    12851.255   -1485.3906    8174.5933    307.97412    15560 
295000000   -2989.4881     3465.576    12873.112   -1576.1278    8031.1918    308.49791    15600 
296000000   -3076.3654    3363.0164    12969.865    -1672.484    8111.8657    310.81655    15595 
297000000   -2936.8482    3544.2924    12865.493   -1710.8583    8191.9989    308.31533    15595 
298000000   -3060.8593    3588.5293    13043.913   -1499.3576    8148.7463    312.59108    15574 
299000000   -3010.8289    3488.9226    12894.184   -1657.8938    8157.6453    309.00289    15566 
300000000   -3047.6932    3543.0044    12773.338   -1542.4147    8133.1123    306.10689    15592 
301000000   -3014.4241    3592.9964    13054.138   -1525.3549    8132.7753    312.83611    15581 
302000000   -3001.4175    3601.1446     12811.29   -1520.2301    8122.7922    307.01637    15583 
303000000   -3067.0373    3440.4111    12903.456   -1623.0521    8130.5005    309.22508    15591 
304000000   -2945.8468    3637.3961    12906.096   -1566.8966    8150.1395    309.28835    15577 
305000000   -2923.9563    3765.3442    13019.134   -1573.0826    8262.3831    311.99727    15583 
306000000     -2972.34    3966.3192    12788.924   -1335.7305    8274.3897    306.48038    15530 
307000000   -3031.9756    3563.4933     13011.32   -1591.6813    8187.1502    311.81001    15570 
308000000   -2924.9751    3722.6412    12778.013   -1571.1386     8218.755     306.2189    15573 
309000000   -2977.1045    3505.4914    12969.994   -1578.0217    8060.6176    310.81964    15561 
310000000   -3019.8847    3542.8571    13073.137   -1590.9318    8153.6737    313.29141    15569 
311000000   -2905.2876    3608.1828     12934.33   -1613.3496      8126.82    309.96498    15590 
312000000    -3040.077    3443.4869    12774.315   -1649.3441    8132.9081     306.1303    15578 
313000000   -2876.1454    3752.5367    12908.998   -1531.5222    8160.2044     309.3579    15590 
314000000   -2952.4831    3629.5112    12935.214   -1540.5883    8122.5827    309.98616    15580 
315000000   -2908.6558    3539.3623    12828.611   -1631.5748    8079.5929    307.43147    15593 
316000000   -2981.2801    3569.6695    12920.812    -1623.944    8174.8936    309.64102    15565 
317000000     -2913.63    3629.8703    12964.384    -1598.266    8141.7664     310.6852    15565 
318000000   -2957.2659    3722.2839    12828.233   -1505.4391    8184.9889     307.4224    15570 
319000000   -2997.0775     3487.644    12825.327   -1658.6995     8143.421    307.35276    15595 
320000000   -2953.1114    3395.8413    12944.633   -1671.0711    8020.0238    310.21189    15585 
321000000   -2966.9766    3503.3338    12905.334   -1672.0523    8142.3627    309.27011    15607 
322000000   -2951.7609    3678.5194     12940.96   -1612.3442    8242.6245    310.12385    15583 
323000000   -3026.5894    3566.3399     12841.15   -1662.5858    8255.5152    307.73196    15588 
324000000   -2959.1563    3606.9563    12874.899   -1632.6838    8198.7964    308.54074    15587 
325000000   -3005.7136    3317.2523    12984.471   -1672.6573    7995.6232    311.16658    15606 
326000000   -2931.2111    3468.5509    12944.305   -1638.8562    8038.6182    310.20403    15586 
327000000   -3028.9361    3493.1845     12849.86   -1671.1404     8193.261    307.94068    15594 
328000000   -3057.9542    3600.3241    12953.963   -1524.4348    8182.7131    310.43547    15580 
329000000   -3077.8794    3511.8872    13004.682   -1560.1586    8149.9252    311.65094    15587 
330000000   -2993.0917     3750.579    12983.293   -1568.8598    8312.5304    311.13835    15576 
331000000   -3045.2009    3480.9527    12767.462   -1624.0052    8150.1588    305.96606    15572 
332000000   -2951.4279    3616.9871    13061.005   -1571.1747    8139.5898    313.00068    15599 
333000000   -2949.4836    3452.5386    12833.632   -1692.4863    8094.5085     307.5518    15602 
334000000   -2933.9412    3666.4941    12915.387    -1530.066    8130.5013    309.51102    15573 
335000000   -2965.6705    3666.1375    13021.072   -1494.1015    8125.9096    312.04372    15573 
336000000   -3019.6783    3647.6602    12924.031    -1476.461    8143.7995    309.71816    15569 
337000000   -3114.9118    3448.8568    12981.189   -1531.9817    8095.7503    311.08794    15588 
338000000   -2991.6221    3580.0847    12958.702   -1544.4023     8116.109    310.54903    15574 
339000000   -2919.6957    3637.6425     13007.73   -1619.5975    8176.9358    311.72397    15585 
340000000   -2885.2335    3792.4576    12900.794   -1503.5907    8181.2818     309.1613    15562 
341000000    -2911.775    3724.1773    12923.805   -1529.0472    8164.9994    309.71276    15584 
342000000   -2953.2403     3730.294    13026.278    -1514.973    8198.5074    312.16847    15567 
343000000   -2891.3929    3648.1795    12895.283   -1575.8552    8115.4276    309.02922    15572 
344000000   -3004.0456    3672.5025     12883.22   -1482.6378     8159.186    308.74016    15576 
345000000   -3013.7691    3406.4899    12894.665   -1619.3107    8039.5698    309.01442    15573 
346000000     -2971.63    3622.7771    12842.844   -1538.5111    8132.9182    307.77256    15575 
347000000    -3000.468    3553.8547    13021.377   -1631.1036    8185.4264    312.05101    15597 
348000000   -3094.4952    3526.9991    13066.934   -1555.7743    8177.2686    313.14277    15584 
349000000    -3041.174    3624.7913    13154.798   -1522.9604    8188.9257    315.24838    15565 
350000000   -3014.5007    3582.6408    13048.552   -1553.8897    8151.0312    312.70226    15569 
351000000   -3080.4976    3525.3109    12935.369    -1574.792    8180.6004    309.98988    15566 
352000000   -2968.4501    3536.1113    12928.517   -1520.2036    8024.7651    309.82566    15574 
353000000   -3077.9218    3450.2602    12734.995   -1619.4001     8147.582    305.18801    15590 
354000000   -3070.5986    3652.8743    12891.591   -1466.5559    8190.0287    308.94075    15575 
355000000   -3015.3091    3516.2712    13024.809   -1642.9011    8174.4814    312.13326    15585 
356000000   -2981.6349    3560.9791    12877.674    -1628.422     8171.036    308.60725    15566 
357000000   -3137.5848     3307.043    12981.695   -1638.6183    8083.2461    311.10005    15573 
358000000   -3037.2292     3593.081    12899.659   -1557.6861    8187.9963    309.13409    15584 
359000000   -3168.0297    3400.2023    12887.206   -1602.1647    8170.3967    308.83567    15573 
360000000   -3038.3719    3289.1363    13056.898   -1664.0146    7991.5228    312.90225    15563 
361000000   -3090.8453    3414.0821    12958.366    -1634.478    8139.4054      310.541    15593 
362000000   -3054.4668    3580.0627    13002.122   -1535.2603    8169.7898    311.58957    15557 
363000000   -3038.5841    3556.6765    13012.086   -1484.5925     8079.853    311.82835    15567 
364000000   -3075.0809    3632.1839    12869.762   -1490.4904    8197.7552    308.41763    15549 
365000000   -3117.4576     3241.715    13036.966   -1724.5573    8083.7299     312.4246    15586 
366000000   -3026.2778    3594.5126    12937.584   -1505.5674    8126.3578    310.04295    15596 
367000000   -3074.5236    3598.1723    12995.144   -1531.2765    8203.9723    311.42236    15573 
368000000   -3018.0951    3496.1342     12959.88   -1570.9948    8085.2242    310.57726    15578 
369000000   -3023.0396    3466.8526    12822.858   -1506.3456    7996.2378     307.2936    15564 
370000000   -2965.5635    3629.8549    12971.159   -1514.9786    8110.3969    310.84756    15582 
371000000   -3116.5263    3470.8947    12893.427   -1534.8858    8122.3068    308.98474    15562 
372000000   -2984.2278    3531.8822    12817.259   -1578.6065    8094.7166    307.15943    15574 
373000000   -3076.1022    3481.2027    12876.165   -1529.9953    8087.3002    308.57109    15567 
374000000   -3024.7746    3606.7884    12940.683   -1531.0726    8162.6356    310.11722    15579 
375000000   -3081.1543    3577.7325    12829.336   -1536.1309    8195.0177    307.44884    15575 
376000000    -3097.458    3402.6615    12988.992    -1552.596    8052.7155    311.27492    15571 
377000000   -3071.0072    3444.7411    12960.157   -1576.7855    8092.5338     310.5839    15571 
378000000   -3195.6347    3225.3806    13078.886   -1628.4969    8049.5122     313.4292    15598 
379000000   -3154.7982    3357.3509     12931.54    -1587.321    8099.4701    309.89811    15573 
380000000   -3159.8072    3361.7152    13002.832    -1664.581    8186.1033    311.60659    15586 
381000000   -3060.3313    3444.4533    12901.013   -1609.0579    8113.8425    309.16655    15575 
382000000   -3172.4733    3382.4248    13119.484   -1635.8995    8190.7975    314.40209    15599 
383000000   -3078.1548    3344.1794    12980.197   -1596.1652    8018.4995    311.06414    15595 
384000000   -3006.9009    3473.0414    13157.908    -1545.754    8025.6963    315.32291    15580 
385000000   -3116.2212    3634.8179    12814.346   -1416.8953    8167.9345    307.08961    15575 
386000000   -3012.4575    3405.4158    13017.157   -1611.7136    8029.5869    311.94989    15586 
387000000   -3114.2425      3317.04    12987.443   -1609.8741    8041.1566     311.2378    15595 
388000000   -3065.5605    3366.8185    12793.606    -1681.991    8114.3701    306.59259    15571 
389000000   -2995.7964    3502.5611     13037.38   -1549.0128    8047.3703    312.43452    15574 
390000000   -3089.7018    3532.3415    12933.469   -1521.8133    8143.8566    309.94434    15573 
391000000   -3044.6328    3484.5744    12827.172   -1578.6467     8107.854    307.39699    15581 
392000000   -3209.2796    3500.0067    12792.368   -1503.2435    8212.5298    306.56293    15556 
393000000    -3048.575    3613.7099    12943.717   -1550.8206    8213.1055    310.18992    15566 
394000000    -3101.849     3471.779    12814.345   -1507.1999     8080.828    307.08958    15568 
395000000   -3079.5728     3632.609    12830.813   -1459.7448    8171.9266    307.48424    15556 
396000000   -3093.9994    3517.6824    12933.016   -1549.7137    8161.3955    309.93348    15582 
397000000   -3175.4138    3481.3972    12973.869   -1499.3264    8156.1375     310.9125    15570 
398000000   -3162.7496    3346.1857    12757.366   -1608.9983    8117.9336    305.72413    15566 
399000000   -3108.9565    3425.0653    12872.049   -1592.6718    8126.6936    308.47244    15583 
400000000   -3044.8516    3670.7933    12963.347   -1489.2563    8204.9013    310.66035    15574 
Loop time of 149228 on 28 procs for 400000000 steps with 14000 atoms

Performance: 5789.803 ns/day, 0.004 hours/ns, 2680.465 timesteps/s
99.5% CPU use with 28 MPI tasks x no OpenMP threads

MPI task timing breakdown:
Section |  min time  |  avg time  |  max time  |%varavg| %total
---------------------------------------------------------------
Pair    | 14601      | 19121      | 21801      |1130.9 | 12.81
Bond    | 4827.1     | 6337.7     | 8672.8     |2193.4 |  4.25
Neigh   | 47749      | 48410      | 49263      | 187.2 | 32.44
Comm    | 37086      | 42952      | 51227      |1513.4 | 28.78
Output  | 0.77723    | 0.77799    | 0.77938    |   0.1 |  0.00
Modify  | 20660      | 20893      | 20997      |  47.6 | 14.00
Other   |            | 1.151e+04  |            |       |  7.72

Nlocal:    500 ave 530 max 465 min
Histogram: 1 1 1 4 5 6 4 2 3 1
Nghost:    724.429 ave 1075 max 439 min
Histogram: 2 4 4 5 3 2 0 5 0 3
Neighs:    5420.96 ave 6713 max 4171 min
Histogram: 4 1 0 3 6 5 4 3 0 2

Total # of neighbors = 151787
Ave neighs/atom = 10.8419
Ave special neighs/atom = 8.15757
Neighbor list builds = 79928663
Dangerous builds = 0
write_restart final_state_${fName}.restart
write_restart final_state_Run4.restart
Total wall time: 41:27:14
