
units           real
boundary p p p
atom_style      full

read_restart final_state_Run1_ext.restart
  restoring atom style full from restart
  orthogonal box = (-420 -420 -420) to (420 420 420)
  2 by 2 by 7 MPI processor grid
  restoring pair style lj/cut from restart
  restoring bond style hybrid from restart
  restoring angle style cosine from restart
  14000 atoms
  15619 bonds
  13600 angles
  3 = max # of 1-2 neighbors
  6 = max # of 1-3 neighbors
  18 = max # of 1-4 neighbors
  56 = max # of special neighbors
  special bonds CPU = 0.848929 secs
  read_restart CPU = 1.13399 secs

neighbor 1.9 bin
neigh_modify every 1 delay 1 check yes

angle_style  cosine
angle_coeff   *  2  # K (energy unit)

bond_style 		hybrid harmonic harmonic/shift/cut
bond_coeff   1   harmonic 3   10
bond_coeff   2   harmonic 3   10
bond_coeff	3	harmonic/shift/cut 3.60	11.22	12.72

pair_style lj/cut 25
# atom-typ1, atom-typ2, energy-well, sigma (bead-diameter), cut-off (distance)
pair_coeff  * * 0.12 10 25

special_bonds lj  0 1 1 angle yes
  3 = max # of 1-2 neighbors
  6 = max # of 1-3 neighbors
  18 = max # of 1-4 neighbors
  38500 = # of 1-3 neighbors before angle trim
  27200 = # of 1-3 neighbors after angle trim
  56 = max # of special neighbors
  special bonds CPU = 0.00217915 secs

# further equilibriate the system before bond formation takes place
fix fxlan all langevin $T $T 500 ${seed}
fix fxlan all langevin 310 $T 500 ${seed}
fix fxlan all langevin 310 310 500 ${seed}
fix fxlan all langevin 310 310 500 18907
fix fxnve all nve
timestep 0.1
run 10000
Neighbor list info ...
  update every 1 steps, delay 1 steps, check yes
  max neighbors/atom: 2000, page size: 100000
  master list distance cutoff = 26.9
  ghost atom cutoff = 26.9
  binsize = 13.45, bins = 63 63 63
  1 neighbor lists, perpetual/occasional/extra = 1 0 0
  (1) pair lj/cut, perpetual
      attributes: half, newton on
      pair build: half/bin/newton
      stencil: half/bin/3d/newton
      bin: standard
Per MPI rank memory allocation (min/avg/max) = 1.103 | 9.822 | 16.6 Mbytes
Step Temp E_pair E_mol TotEng Press 
400000000    309.89565   -1763.3845    6294.0423    17462.095 -0.026257111 
400010000    307.41654   -1733.4339    6323.4093    17417.964 -0.040171347 
Loop time of 2.98626 on 28 procs for 10000 steps with 14000 atoms

Performance: 28.933 ns/day, 0.830 hours/ns, 3348.674 timesteps/s
99.7% CPU use with 28 MPI tasks x no OpenMP threads

MPI task timing breakdown:
Section |  min time  |  avg time  |  max time  |%varavg| %total
---------------------------------------------------------------
Pair    | 0.00035891 | 0.34279    | 1.494      |  76.2 | 11.48
Bond    | 0.00054067 | 0.1108     | 0.33511    |  32.0 |  3.71
Neigh   | 0.003099   | 0.0032444  | 0.0038489  |   0.3 |  0.11
Comm    | 0.0016674  | 1.1228     | 2.1073     |  58.7 | 37.60
Output  | 8.2729e-05 | 0.0002195  | 0.00048288 |   0.0 |  0.01
Modify  | 0.0010382  | 0.24637    | 0.73202    |  47.5 |  8.25
Other   |            | 1.16       |            |       | 38.85

Nlocal:    500 ave 1541 max 0 min
Histogram: 10 4 3 1 1 1 3 3 1 1
Nghost:    426.786 ave 938 max 0 min
Histogram: 7 3 0 4 1 2 2 3 3 3
Neighs:    4871.07 ave 19558 max 0 min
Histogram: 15 3 1 1 1 1 3 2 0 1

Total # of neighbors = 136390
Ave neighs/atom = 9.74214
Ave special neighs/atom = 7.631
Neighbor list builds = 2
Dangerous builds = 0

unfix fxlan
unfix fxnve
reset_timestep 0

variable t equal step
variable steps equal 400000000
variable dt_thermo equal 1000000
variable dt_movie equal 10000000
variable dt_restart equal 40000000

group rxnSites type 1 3
4000 atoms in group rxnSites

# fix ID group-ID(atom-types) bond/create Nevery itype jtype Rmin bondtype (prob values = fraction seed) (iparam maxbond newType)
fix bondc rxnSites bond/create/random 20 1 3 12.72 3 prob 1 ${seed} iparam 1 1 jparam 1 3
fix bondc rxnSites bond/create/random 20 1 3 12.72 3 prob 1 18907 iparam 1 1 jparam 1 3

# fix ID group-ID bond/break Nevery bondtype Rmax keyword values ...
fix bondbr rxnSites bond/break 20 3 12.72 prob 1 ${seed}
fix bondbr rxnSites bond/break 20 3 12.72 prob 1 18907

variable frmbnd equal f_bondc[2]
variable brkbnd equal f_bondbr[2]
fix saveBond all print ${dt_thermo} "$t ${frmbnd} ${brkbnd}" file BondData_${fName}.dat screen no
fix saveBond all print 1000000 "$t ${frmbnd} ${brkbnd}" file BondData_${fName}.dat screen no
fix saveBond all print 1000000 "$t ${frmbnd} ${brkbnd}" file BondData_Run1_ext.dat screen no

thermo_style    custom step epair pe ke ebond eangle temp bonds
thermo          ${dt_thermo}
thermo          1000000
fix saveThermo all print ${dt_thermo} "$t $(temp) $(ke) $(pe) $(epair) $(ebond) $(eangle) $(bonds)" file Thermo_${fName}.dat title "# Steps Temp KinEng PotEng Epair Ebond Eangle Bonds" screen no
fix saveThermo all print 1000000 "$t $(temp) $(ke) $(pe) $(epair) $(ebond) $(eangle) $(bonds)" file Thermo_${fName}.dat title "# Steps Temp KinEng PotEng Epair Ebond Eangle Bonds" screen no
fix saveThermo all print 1000000 "$t $(temp) $(ke) $(pe) $(epair) $(ebond) $(eangle) $(bonds)" file Thermo_Run1_ext.dat title "# Steps Temp KinEng PotEng Epair Ebond Eangle Bonds" screen no

############################ Langevin Dynamics ###############################
fix fxlan all langevin $T $T 500 ${seed}
fix fxlan all langevin 310 $T 500 ${seed}
fix fxlan all langevin 310 310 500 ${seed}
fix fxlan all langevin 310 310 500 18907
fix fxnve all nve

comm_style tiled
fix fxbal all balance 1000 1.1 rcb

timestep 30

dump coor all custom ${dt_movie} traj_${fName}.dump id type mol mass x y z xu yu zu
dump coor all custom 10000000 traj_${fName}.dump id type mol mass x y z xu yu zu
dump coor all custom 10000000 traj_Run1_ext.dump id type mol mass x y z xu yu zu

restart ${dt_restart} ${fName}_tp_*.restart
restart 40000000 ${fName}_tp_*.restart
restart 40000000 Run1_ext_tp_*.restart
run ${steps}
run 400000000
Neighbor list info ...
  update every 1 steps, delay 1 steps, check yes
  max neighbors/atom: 2000, page size: 100000
  master list distance cutoff = 26.9
  ghost atom cutoff = 26.9
  binsize = 13.45, bins = 63 63 63
  2 neighbor lists, perpetual/occasional/extra = 1 1 0
  (1) pair lj/cut, perpetual
      attributes: half, newton on
      pair build: half/bin/newton
      stencil: half/bin/3d/newton
      bin: standard
  (2) fix bond/create/random, occasional, copy from (1)
      attributes: half, newton on
      pair build: copy
      stencil: none
      bin: none
Per MPI rank memory allocation (min/avg/max) = 17.82 | 18.32 | 19.15 Mbytes
Step E_pair PotEng KinEng E_bond E_angle Temp Bonds 
       0   -1733.4339    4589.9753    12827.988    -1720.676    8044.0853    307.41654    15619 
 1000000   -1484.3125    4824.1694    12850.645   -1749.5046    8057.9866     307.9595    15624 
 2000000     -1398.15    4828.2804    12944.761   -1737.3283    7963.7588    310.21496    15599 
 3000000   -1416.5371    4837.2393      12982.2   -1659.9495    7913.7259    311.11215    15612 
 4000000   -1400.8335    4859.7179    12959.524   -1743.6159    8004.1674    310.56873    15615 
 5000000   -1351.0968    4850.5151    12890.899   -1799.7434    8001.3552    308.92416    15617 
 6000000   -1331.9374      5044.64    12886.187   -1643.7186     8020.296    308.81124    15615 
 7000000   -1308.6837    4861.2597    12950.173   -1769.9821    7939.9255    310.34465    15622 
 8000000   -1334.0298     4872.318    12838.776    -1708.906    7915.2537    307.67506    15626 
 9000000    -1344.164    4999.8316     12951.22    -1791.694    8135.6896    310.36975    15618 
10000000   -1300.1986     4773.027    12862.167   -1821.1291    7894.3547    308.23562    15623 
11000000   -1293.3629    4973.1613    12890.194   -1797.7974    8064.3215    308.90728    15628 
12000000   -1301.5508    4898.4827    12918.191   -1729.1361    7929.1696    309.57822    15619 
13000000     -1284.23    5107.3464    12890.997   -1571.1271    7962.7035    308.92652    15595 
14000000   -1258.4271    4985.2478    12952.889   -1652.6134    7896.2882    310.40973    15590 
15000000   -1246.0951    5063.3112    12924.646   -1670.1731    7979.5793    309.73289    15605 
16000000   -1293.6101    4975.0613    12956.241   -1735.3673    8004.0387    310.49007    15603 
17000000   -1296.9854     5019.517    12855.084   -1701.1526     8017.655    308.06589    15590 
18000000   -1253.9582    5027.3856    12926.724   -1651.9871    7933.3309    309.78271    15611 
19000000   -1243.5902    5011.3055    12925.101    -1699.742    7954.6377     309.7438    15617 
20000000   -1229.0828    5150.0491    13009.311   -1649.8461     8028.978    311.76187    15599 
21000000   -1218.2141    5107.2903    13006.536   -1700.9177    8026.4221    311.69536    15599 
22000000   -1164.7969    5102.2157    12911.147   -1645.8498    7912.8624    309.40939    15603 
23000000   -1195.2625    4967.3075    12874.206   -1742.8461    7905.4161    308.52413    15614 
24000000   -1221.8597     5129.519    12889.868   -1676.0435    8027.4222    308.89947    15614 
25000000   -1203.0945    4945.8028    12964.444   -1719.8686    7868.7659    310.68664    15616 
26000000   -1210.5833    5016.7263    12934.425   -1756.2052    7983.5148    309.96725    15616 
27000000   -1184.7796    5030.1227    12809.338   -1759.2488    7974.1512    306.96961    15619 
28000000   -1230.5598    5225.7535    13001.663   -1629.6124    8085.9258    311.57858    15599 
29000000   -1266.6443    4890.0448    12838.911   -1815.6029     7972.292    307.67829    15623 
30000000    -1241.252    4864.7387    13041.517   -1792.1665    7898.1573    312.53366    15619 
31000000   -1225.7515    4954.0183     12790.72   -1714.3957    7894.1655    306.52344    15626 
32000000   -1238.2071    5062.2023    12908.449   -1680.2287    7980.6381    309.34474    15608 
33000000    -1239.855    5162.4428    12847.571   -1593.8497    7996.1475    307.88584    15622 
34000000   -1205.0076    4982.9169    13004.131   -1724.6434    7912.5679    311.63772    15619 
35000000   -1207.3419    4968.7688     12908.07    -1673.874    7849.9847    309.33567    15612 
36000000   -1185.5356     5018.471    13024.212   -1831.1796    8035.1861    312.11895    15625 
37000000   -1215.3008    5059.1912    13020.481   -1682.0192    7956.5112    312.02955    15626 
38000000   -1207.3831    5057.7725     13018.68   -1624.5745      7889.73    311.98638    15619 
39000000   -1197.4048     5162.023     13022.82   -1617.8992    7977.3271     312.0856    15601 
40000000   -1199.5654    5119.5358    13027.532   -1747.1076    8066.2087    312.19851    15612 
41000000   -1202.1906    5007.0474    13021.451   -1690.3149    7899.5529    312.05279    15610 
42000000   -1179.3951    5079.2049    13034.126   -1758.8653    8017.4652    312.35654    15608 
43000000   -1210.8059    4932.9896    12839.352   -1771.8151    7915.6106    307.68887    15620 
44000000   -1204.0171     5055.353    12960.745   -1701.3757    7960.7458      310.598    15617 
45000000   -1206.7343    5051.7514    12976.316   -1679.3878    7937.8735    310.97115    15616 
46000000    -1198.674    4791.6525    13101.381   -1843.6512    7833.9777    313.96827    15620 
47000000   -1188.6293    4941.8558    12938.627     -1771.19    7901.6751    310.06796    15613 
48000000   -1174.5981    5187.0475    12866.627   -1657.7708    8019.4164     308.3425    15618 
49000000    -1171.913    5277.8675    12836.233   -1542.5256    7992.3061    307.61412    15597 
50000000   -1177.6069     5029.248    12851.647   -1686.7415    7893.5964    307.98352    15614 
51000000   -1138.1182    5026.4674    12887.619   -1705.1715    7869.7572    308.84556    15603 
52000000   -1153.4005    5110.1629    12981.228    -1688.691    7952.2544    311.08886    15617 
53000000   -1146.0749    5008.1854    12976.477   -1781.5046    7935.7649    310.97502    15622 
54000000    -1150.003    4995.9417    13047.072   -1765.5966    7911.5413    312.66677    15626 
55000000   -1162.0513    5035.2607    12856.644   -1675.7483    7873.0603    308.10326    15598 
56000000   -1180.9091    5260.9019    12946.309   -1568.8212    8010.6321    310.25204    15606 
57000000   -1136.9416    4966.3044    12987.903   -1759.0352    7862.2812    311.24883    15608 
58000000   -1146.8285    4973.1681    12868.992   -1764.1249    7884.1214    308.39919    15627 
59000000    -1167.372    5032.9999    12934.964   -1764.6632    7965.0351    309.98016    15632 
60000000   -1165.3597    5152.9519    12974.169   -1754.6945     8073.006     310.9197    15619 
61000000   -1162.4734    5214.0007    12925.107   -1670.8709    8047.3451    309.74394    15621 
62000000   -1175.7592     4982.823    12936.573   -1787.2423    7945.8244    310.01873    15621 
63000000   -1180.1688    5074.2073     12929.43   -1666.6707    7921.0468    309.84755    15608 
64000000   -1145.8749    4830.1885    12737.972   -1865.4882    7841.5515    305.25936    15625 
65000000   -1170.5605    5157.4062     12899.73   -1641.6868    7969.6535    309.13581    15593 
66000000   -1136.2666     4976.045    12976.862    -1797.813    7910.1246    310.98423    15620 
67000000   -1166.6701    5218.4274    13003.999   -1644.8971    8029.9946    311.63455    15605 
68000000   -1159.5921    5014.0474    13057.307   -1854.5102    8028.1497    312.91206    15626 
69000000   -1136.1475    5023.0472    12943.324   -1747.9065    7907.1012    310.18052    15619 
70000000   -1146.4148     5237.248    13003.834   -1678.8387    8062.5014     311.6306    15598 
71000000    -1117.387    5205.6403    13073.345   -1645.8363    7968.8636    313.29641    15606 
72000000   -1090.5829    5202.0158    13003.265   -1673.6883    7966.2871    311.61698    15617 
73000000    -1127.667    5133.5207    12860.111    -1683.622    7944.8097    308.18636    15622 
74000000   -1107.3707    5119.4114    12685.082   -1778.6454    8005.4275    303.99186    15626 
75000000   -1103.9046    5033.7222    13060.446   -1742.3831    7880.0099    312.98729    15628 
76000000   -1119.1512    4986.9863    12971.457   -1804.9885    7911.1259    310.85471    15632 
77000000   -1111.4567    5231.4532     12816.11   -1639.9513    7982.8612    307.13189    15608 
78000000   -1085.1336    5056.4588    13045.343   -1734.6935    7876.2859    312.62534    15618 
79000000   -1107.4161    5212.4756    12885.334   -1719.8027    8039.6944    308.79081    15602 
80000000   -1093.6125    5172.0806    13107.859   -1717.8419     7983.535     314.1235    15613 
81000000    -1102.694    5047.7053    12890.584   -1731.8474    7882.2468    308.91661    15618 
82000000   -1081.4868    5099.4469    13026.423   -1731.9314    7912.8651    312.17194    15618 
83000000   -1091.0273    5140.2691    12755.755   -1743.9456     7975.242    305.68552    15617 
84000000   -1120.9568    5066.3899    12802.944   -1701.1933      7888.54    306.81637    15611 
85000000   -1089.1577    5136.7501    12741.612    -1708.797    7934.7048    305.34658    15610 
86000000   -1084.5185    5284.1765    12900.662   -1584.4486    7953.1436    309.15814    15614 
87000000   -1083.9396    5089.3625    13035.785   -1727.7768    7901.0789    312.39629    15620 
88000000   -1070.1534    5004.5715     12679.94   -1840.5811     7915.306    303.86864    15613 
89000000   -1082.4912    5260.9987     12877.49    -1639.327    7982.8169    308.60283    15599 
90000000   -1056.0664    5294.5382     12911.46   -1663.4294     8014.034    309.41692    15611 
91000000   -1109.7457    4943.6607    12783.966   -1783.9007    7837.3071    306.36156    15615 
92000000   -1090.7561    5363.5019    12935.144   -1562.0132    8016.2711    309.98447    15600 
93000000    -1064.166    5086.6558    13091.321   -1792.9334    7943.7552    313.72719    15607 
94000000   -1067.9823    5156.5882    13010.791   -1797.3951    8021.9656    311.79733    15604 
95000000   -1056.9956    5235.1171    13014.069   -1717.9336    8010.0463    311.87588    15607 
96000000   -1067.2018    5151.4647    12853.732   -1775.8989    7994.5654    308.03349    15620 
97000000   -1073.0564    5064.9581    12898.578   -1695.4636    7833.4781    309.10819    15613 
98000000   -1075.0105    5326.9131    12948.034   -1526.6175    7928.5411    310.29339    15610 
99000000   -1052.6853    5111.2579    12868.342    -1816.638    7980.5812    308.38359    15616 
100000000   -1072.0943    5102.4994    12955.594   -1757.5393     7932.133    310.47454    15604 
101000000   -1096.4245    5128.0662    12956.484   -1699.6436    7924.1343    310.49589    15617 
102000000   -1076.6033    5116.6929    12979.038   -1734.5233    7927.8195    311.03638    15612 
103000000   -1062.5458    5224.6066    13010.559   -1683.4846     7970.637    311.79177    15621 
104000000    -1069.154    5165.7306    13002.136   -1707.6748    7942.5594    311.58991    15620 
105000000   -1101.9588      5034.77    13116.982   -1695.9007    7832.6296    314.34215    15611 
106000000   -1043.2376    5052.2002     13105.43   -1683.5381     7778.976     314.0653    15616 
107000000   -1040.0529    5071.4472     13041.28   -1833.0477    7944.5477    312.52799    15630 
108000000   -1054.7116    5061.8147    12985.329   -1718.3453    7834.8716    311.18715    15613 
109000000   -1066.3781    5014.2506    12873.391   -1714.9758    7795.6045    308.50461    15626 
110000000   -1062.7371    5183.5806    13006.086    -1732.261    7978.5787    311.68458    15631 
111000000   -1024.3399    5058.0611    12782.316   -1791.1975    7873.5985    306.32203    15617 
112000000   -1016.1455    5182.3853    12935.458        -1720    7918.5309    309.99201    15618 
113000000    -1033.286    5220.3952    12973.778    -1754.694    8008.3753    310.91033    15624 
114000000   -1037.1776    5180.4019    12876.603   -1725.7908    7943.3703    308.58158    15632 
115000000   -1020.4102       5078.8    12829.018   -1788.8362    7888.0465    307.44122    15621 
116000000   -1004.9297    5176.2569    12818.117   -1767.3549    7948.5415    307.17999    15636 
117000000   -998.13598    5250.1083    12834.569   -1712.3124    7960.5566    307.57425    15620 
118000000   -977.07037    5085.8344    12868.142   -1783.4311    7846.3359    308.37881    15624 
119000000   -995.23671    5260.5208    13027.313   -1695.0648    7950.8223    312.19326    15613 
120000000    -1017.144    5100.1077    12974.466   -1781.2467    7898.4984    310.92682    15623 
121000000   -1002.1177    5117.6225    12981.663   -1822.6427    7942.3829     311.0993    15609 
122000000   -1014.5225     5059.684    13066.308   -1721.8401    7796.0466    313.12776    15610 
123000000   -1014.6862    5218.8814    12842.982   -1709.5976    7943.1652    307.77586    15611 
124000000   -1025.2872    5091.9539    12979.491   -1719.8635    7837.1046    311.04723    15622 
125000000   -1017.4493    5111.5044    12926.462   -1723.3256    7852.2792    309.77642    15615 
126000000   -971.76893    5268.2506    12841.698   -1666.8996    7906.9191     307.7451    15620 
127000000   -986.75697    5067.5702    12949.832   -1823.5927    7877.9199    310.33648    15634 
128000000   -984.59544    5019.0985    12887.226   -1789.7911     7793.485    308.83615    15621 
129000000   -971.81051    5147.0027    12936.782   -1812.3871    7931.2002    310.02374    15621 
130000000   -997.65438    5082.2663    12933.764   -1766.0075    7845.9281    309.95141    15633 
131000000   -953.87242    5162.1782    12980.908   -1717.3198    7833.3704    311.08118    15629 
132000000    -982.4498    5181.7209    12916.445   -1717.4212    7881.5919    309.53637    15619 
133000000   -977.82311    5201.8982    12897.044     -1696.22    7875.9414    309.07143    15613 
134000000   -954.80052    5217.4063    12996.398   -1756.7507    7928.9575    311.45241    15609 
135000000   -954.62791    5264.6565     12779.46   -1697.2361    7916.5205     306.2536    15610 
136000000   -975.99707    5377.6786     12801.25    -1566.732    7920.4077    306.77577    15613 
137000000    -940.9234    5261.7273    13156.733   -1713.7966    7916.4473    315.29476    15597 
138000000   -978.26443    5223.1176     13011.57   -1743.3653    7944.7473      311.816    15623 
139000000    -917.6363    5348.7917    13013.722   -1739.0081     8005.436    311.86758    15639 
140000000   -943.01584    5326.4855    12840.165   -1692.7131    7962.2144    307.70835    15623 
141000000   -961.77916    5110.6288    13057.228   -1832.9042    7905.3122    312.91016    15635 
142000000   -947.05162    5262.8496    13075.676   -1718.2914    7928.1927    313.35226    15641 
143000000   -981.16798    5247.5506    12869.225   -1656.1559    7884.8746    308.40476    15620 
144000000   -986.34817    5172.3635    12780.061   -1739.3172    7898.0288    306.26798    15622 
145000000   -921.88856    5063.2793    12886.965    -1736.183    7721.3509    308.82988    15634 
146000000   -937.53009    5096.6487    12845.936   -1774.5306    7808.7094    307.84665    15628 
147000000   -958.92277    5206.0083    12945.456   -1774.8438    7939.7749    310.23161    15622 
148000000   -919.03763    5279.4395    13115.777   -1693.9148     7892.392    314.31327    15628 
149000000   -932.23546    5098.3261    12923.236   -1772.2507    7802.8122     309.6991    15630 
150000000    -943.2958    5296.7967    12937.115   -1668.4618    7908.5543    310.03171    15618 
151000000   -971.72097    5143.7724     13080.37   -1741.1074    7856.6008    313.46476    15627 
152000000   -945.37349     5152.927    12832.114   -1736.6458    7834.9463    307.51541    15635 
153000000   -937.73163    5238.0023    12830.481   -1744.4836    7920.2175    307.47629    15615 
154000000   -963.68824    5049.5873    12862.636   -1778.1909    7791.4663    308.24686    15635 
155000000   -961.96547    5160.7613     12862.51   -1713.4624    7836.1892    308.24384    15629 
156000000   -930.74298    5349.3853    12953.989   -1758.0595    8038.1878    310.43609    15627 
157000000    -941.0674    5090.8219    12844.973   -1818.9127     7850.802    307.82359    15614 
158000000   -967.52506    5241.1313    12930.785   -1708.3479    7917.0043    309.88003    15616 
159000000   -955.11893    5144.5477    12875.252   -1700.9768    7800.6434    308.54919    15617 
160000000   -923.96697    5066.3193    12947.822   -1725.5647     7715.851    310.28829    15615 
161000000   -930.80001    5189.6068    12951.854    -1777.521    7897.9279    310.38494    15616 
162000000   -921.33046    5157.3983    13065.371   -1757.6879    7836.4166    313.10531    15632 
163000000   -960.44689    5198.9984    13044.966   -1741.2109    7900.6562    312.61632    15628 
164000000   -946.10741    5071.4134    12969.686   -1770.8505    7788.3714    310.81225    15622 
165000000   -955.50139    5298.5911    12886.962   -1612.8429    7866.9354    308.82983    15602 
166000000   -935.31215    5157.3246    13044.378   -1774.2699    7866.9066    312.60221    15632 
167000000   -940.58026    5133.2898     12866.55    -1771.141     7845.011    308.34066    15636 
168000000   -949.92911    5084.4536     12915.68   -1895.9124    7930.2952    309.51803    15639 
169000000   -939.94106    5065.1035    12932.627   -1839.6746    7844.7191    309.92417    15623 
170000000   -943.14573    5306.5283    13067.354   -1706.8823    7956.5563    313.15284    15614 
171000000   -929.67322    5302.0314    12888.321   -1720.4273    7952.1319     308.8624    15617 
172000000   -925.54566    5325.2063    12976.853   -1726.4938    7977.2457    310.98403    15628 
173000000   -908.69527    5222.4012    12874.374   -1757.6378    7888.7342    308.52816    15645 
174000000    -946.0996    5212.7697    12867.741   -1715.8347     7874.704     308.3692    15624 
175000000   -943.60173    4913.0538    13011.567   -1855.9059    7712.5615    311.81593    15634 
176000000   -960.64621    5367.6227    12950.629    -1660.844    7989.1129    310.35558    15634 
177000000   -929.26028    5367.8282     12793.42   -1669.0118    7966.1003    306.58814    15631 
178000000   -916.84989    5132.3142    12940.336   -1795.2573    7844.4213    310.10891    15633 
179000000   -952.79467    5097.1663        12987   -1813.9267    7863.8876    311.22718    15627 
180000000   -908.10758    5306.9975    12853.375   -1734.7637    7949.8689    308.02494    15628 
181000000   -908.94816    5229.6703    12894.188   -1591.8083    7730.4268      309.003    15600 
182000000   -926.43007    5147.8111     12845.98   -1778.2314    7852.4725    307.84772    15642 
183000000   -896.85396    5149.8033    12862.124   -1797.4587     7844.116     308.2346    15642 
184000000   -906.62594    5203.1132    12849.311   -1753.4434    7863.1825    307.92752    15623 
185000000   -902.17641     5163.165    12922.945   -1736.3499    7801.6913    309.69213    15627 
186000000   -895.83604    5097.9352    12990.126   -1670.2683    7664.0395     311.3021    15620 
187000000   -927.35249    5201.4601    12963.431   -1765.0739    7893.8864    310.66236    15626 
188000000   -907.73198    5188.6868     12951.35   -1791.3399    7887.7587    310.37286    15625 
189000000   -904.75194    5029.8656    12831.907    -1811.221    7745.8385    307.51045    15629 
190000000   -904.24057    5344.8777    12901.312   -1573.8317      7822.95    309.17372    15599 
191000000   -904.96088    5097.9932     12881.98   -1824.9756    7827.9297    308.71044    15614 
192000000   -900.98756    5129.1229    13122.906   -1715.5693    7745.6797    314.48412    15622 
193000000   -907.21931    5067.1817    12886.815   -1762.5015    7736.9025    308.82631    15626 
194000000    -923.1201    5047.1095     12957.15   -1833.9189    7804.1486    310.51184    15654 
195000000   -905.34804    5161.0305    12871.818   -1788.7607    7855.1392     308.4669    15633 
196000000   -881.18993    5098.9688    13108.327   -1844.7284    7824.8871    314.13472    15624 
197000000   -924.47204    5136.6235    13000.273   -1752.0085     7813.104    311.54526    15624 
198000000   -953.49007    5071.0299    12815.592   -1893.1304    7917.6503    307.11947    15636 
199000000   -919.48527    5193.7967     12917.94   -1749.8715    7863.1535    309.57219    15613 
200000000   -906.96976    5172.9059    12962.725   -1709.3802    7789.2559    310.64546    15624 
201000000   -894.27669    5406.3156    12973.759   -1607.6913    7908.2836    310.90988    15614 
202000000   -930.99818    5298.5036    12906.972   -1745.3525    7974.8543    309.30936    15621 
203000000   -916.88774    5151.7359    13048.955   -1856.2121    7924.8357    312.71191    15639 
204000000   -910.22922    5174.2972    13133.808   -1763.9952    7848.5217    314.74537    15628 
205000000    -906.6906    5108.2632     12918.07   -1797.6195    7812.5733    309.57532    15618 
206000000   -913.97328     5144.409    12937.006   -1796.7505    7855.1329     310.0291    15618 
207000000   -915.73298    5186.1309    13033.748   -1730.8061      7832.67    312.34747    15635 
208000000   -911.49714    5184.3251    13008.785   -1727.7835    7823.6057    311.74926    15630 
209000000   -974.33676     5188.557    12908.746    -1755.351    7918.2447    309.35186    15640 
210000000   -920.54604    5011.3203    12950.722   -1911.1338    7843.0002    310.35779    15638 
211000000   -898.41301    5324.8587    12975.239   -1696.5408    7919.8125    310.94535    15611 
212000000   -918.55028     5253.861    12913.271   -1758.9049    7931.3161    309.46031    15638 
213000000   -939.80104    5327.4964    13075.124    -1659.064    7926.3614    313.33903    15605 
214000000   -899.06119    5196.0668    13074.536   -1750.2217    7845.3497    313.32495    15611 
215000000   -916.20016    5260.7758    12867.008   -1785.7278    7962.7038    308.35164    15629 
216000000   -949.95866    5152.3471    13098.517   -1743.7845    7846.0903    313.89964    15624 
217000000   -920.69433    4981.3529    12852.394   -1906.9402    7808.9875    308.00142    15636 
218000000   -868.98307    5320.6369     12991.87   -1751.9292    7941.5491     311.3439    15631 
219000000   -915.67587    5288.8978     12888.67    -1690.366    7894.9396    308.87075    15622 
220000000   -914.13166    5054.2268    13020.125   -1871.6523    7840.0107    312.02101    15639 
221000000   -891.96564    5170.1785    13097.093   -1703.0101    7765.1542    313.86552    15619 
222000000   -934.55052    5306.5551    12810.315   -1643.7298    7884.8354    306.99302    15628 
223000000   -924.34979     4984.652      13082.5   -1927.6122     7836.614     313.5158    15654 
224000000   -866.44149    5275.0025    13041.173   -1730.7443    7872.1883    312.52543    15629 
225000000   -899.90073    5110.3604    12980.854   -1802.7016    7812.9627    311.07989    15634 
226000000   -887.55928    5107.3952    12932.128   -1773.4677    7768.4223     309.9122    15619 
227000000   -873.16786    5140.4187    12868.588   -1715.6905    7729.2771    308.38951    15613 
228000000   -885.56216    5150.0075    12907.157   -1816.6829    7852.2526    309.31379    15621 
229000000   -885.08968     5092.267    12932.471   -1798.0754    7775.4321    309.92043    15627 
230000000    -920.9455    5121.4527    12887.089   -1792.5573    7834.9556    308.83287    15633 
231000000   -887.19667    5359.6968    12952.988    -1667.666    7914.5594     310.4121    15605 
232000000   -899.73053    5147.4557    12857.925   -1809.5917    7856.7779    308.13397    15622 
233000000   -851.90692    5126.0714    12867.274   -1852.5589    7830.5372      308.358    15639 
234000000   -888.95904    5124.8912    12947.165   -1813.4291    7827.2793    310.27256    15608 
235000000   -860.05239    5159.4287    12740.876   -1782.8679     7802.349    305.32894    15622 
236000000   -858.25517    5288.7608    12888.301   -1693.7742    7840.7902     308.8619    15612 
237000000   -848.01297    5239.5399    12995.399   -1767.1397    7854.6926    311.42846    15632 
238000000   -859.04702    5167.7948    12952.286   -1765.9055    7792.7473    310.39528    15635 
239000000   -849.07729    5218.0783    12840.954    -1768.072    7835.2276    307.72726    15639 
240000000   -900.77288    5128.2461    12931.876   -1765.8274    7794.8464    309.90616    15627 
241000000   -846.56294    5181.8834    13012.547   -1799.4063    7827.8527    311.83941    15636 
242000000   -859.36588    5149.2024    12913.633   -1852.4145    7860.9828    309.46899    15638 
243000000   -881.72834    5297.3993    12983.782   -1743.5942    7922.7218    311.15006    15622 
244000000   -850.64584    5264.7629    12881.879   -1816.6484    7932.0572      308.708    15620 
245000000   -841.43304    5227.6904    12964.585   -1740.6896     7809.813    310.69002    15623 
246000000   -869.22348    5311.6286    12868.091   -1728.1834    7909.0356    308.37759    15639 
247000000    -881.4393    5376.2539    12823.941   -1704.1552    7961.8485    307.31956    15635 
248000000   -865.33621    5151.3911    13002.861   -1719.8523    7736.5796    311.60728    15622 
249000000    -883.2573    5075.4596    12872.006   -1824.9203    7783.6371     308.4714    15627 
250000000   -878.10351    5136.4487    12873.427   -1811.7277      7826.28    308.50547    15628 
251000000   -875.51951    5276.9766    12973.274    -1738.398    7890.8941    310.89825    15624 
252000000   -879.33277    5339.2116    12871.647   -1661.6637    7880.2081    308.46282    15622 
253000000   -899.66711     5157.281    13099.876   -1835.2918    7892.2399    313.93219    15626 
254000000   -878.61538    5069.4755    12911.185   -1880.0857    7828.1766    309.41031    15640 
255000000   -865.53668    5189.7577    13154.966   -1783.7275    7839.0218     315.2524    15631 
256000000   -861.90388    5258.1377    12929.493   -1783.6069    7903.6485    309.84905    15643 
257000000   -873.27732    5084.0874    13038.836   -1782.2934     7739.658    312.46942    15632 
258000000   -871.50216    5058.8089    12873.141   -1823.3342    7753.6452    308.49861    15635 
259000000   -878.16116    5273.6791    13014.581   -1742.5932    7894.4334    311.88815    15625 
260000000   -849.45196    5137.5771    12899.663   -1820.6381    7807.6671    309.13419    15633 
261000000   -855.61519      5183.27    12938.225   -1696.5874    7735.4726    310.05832    15617 
262000000   -875.69792    5025.2901    12858.251   -1814.0531    7715.0411    308.14178    15633 
263000000   -897.76166    5132.8285    12935.581   -1728.8276    7759.4178    309.99496    15630 
264000000   -870.18589    5166.8864     12889.97   -1773.5656    7810.6379    308.90192    15640 
265000000   -893.99883     5205.903    12988.357   -1678.9057    7778.8076    311.25971    15621 
266000000   -870.88257    5284.3737    12905.602   -1670.1842    7825.4405    309.27652    15629 
267000000   -867.36867    5300.3153    12800.743   -1707.1834    7874.8675    306.76363    15615 
268000000   -881.39136    5230.6069     12986.37   -1641.5792    7753.5774    311.21208    15614 
269000000   -881.16387    5298.5095    12913.564   -1593.6974    7773.3707    309.46732    15609 
270000000    -874.5438    5175.4712    13083.264   -1695.1095    7745.1245    313.53411    15605 
271000000   -891.91203    5424.4267    12982.181   -1717.8302     8034.169    311.11171    15615 
272000000   -901.31042    5079.3398    12828.552   -1864.7371    7845.3872    307.43005    15634 
273000000    -877.6692    5225.2555    12885.116   -1697.3807    7800.3053    308.78559    15632 
274000000   -863.09282    5296.8773    12897.515   -1677.6878    7837.6579    309.08271    15631 
275000000   -847.99205     5191.947    12986.927   -1853.3053    7893.2444    311.22545    15636 
276000000   -850.58087    5154.8445    12799.432   -1893.3093    7898.7347    306.73221    15620 
277000000   -873.98047    5131.4314    12970.657    -1811.656    7817.0679    310.83554    15639 
278000000   -852.61798    5056.6007    12932.676   -1853.7721    7762.9907    309.92533    15641 
279000000    -878.5807    5078.1077    12915.893   -1763.0511    7719.7395    309.52313    15640 
280000000   -902.65467    5096.0796    12983.037   -1808.8944    7807.6287    311.13221    15637 
281000000   -881.47428    5161.4291    12973.965   -1817.2609    7860.1643     310.9148    15639 
282000000   -879.57058    5326.8484     12942.71   -1711.0417    7917.4607    310.16581    15625 
283000000   -891.65816    5376.6027    12994.254   -1700.1331    7968.3939    311.40103    15620 
284000000   -882.68451    5173.8733    12943.826   -1860.8146    7917.3725    310.19254    15637 
285000000   -861.98675    5275.5977    13078.713   -1729.4254    7867.0099    313.42503    15611 
286000000   -885.52773    5162.9819    13021.315   -1787.7065    7836.2161    312.04952    15620 
287000000   -898.31807    5262.4346    13024.942    -1676.337    7837.0896    312.13646    15628 
288000000   -902.75801     5135.396    13048.121   -1803.0238    7841.1778    312.69193    15631 
289000000   -878.24757    5217.3549    12861.824   -1659.3007    7754.9032    308.22741    15625 
290000000   -867.40921    5184.9502    12963.161   -1707.4829    7759.8423     310.6559    15621 
291000000   -892.74931    5240.3956    12944.317   -1779.0865    7912.2314     310.2043    15633 
292000000   -895.62456    5058.6874    12821.521   -1857.2577    7811.5697    307.26157    15630 
293000000   -871.57945    5341.6432     12943.06   -1709.2908    7922.5134    310.17418    15633 
294000000   -878.05477    5240.6884    13079.908   -1714.3671    7833.1103    313.45369    15626 
295000000   -890.50556    5166.1539    12966.171   -1747.4096    7804.0691    310.72802    15627 
296000000   -871.62863    5306.9283    13028.932   -1726.2696    7904.8266    312.23206    15626 
297000000   -866.13084    5048.5845    13011.519   -1843.1827    7757.8981    311.81478    15629 
298000000   -877.02783    5128.7433    13019.766   -1850.5945    7856.3656     312.0124    15659 
299000000   -856.93263     5181.918    12999.205   -1779.3024    7818.1531    311.51968    15636 
300000000   -869.51148    5169.4029    13007.079   -1821.4466     7860.361    311.70837    15636 
301000000   -872.85685    5300.8455    12922.714   -1712.0641    7885.7664    309.68661    15632 
302000000   -867.92825    5524.3614    12936.429   -1652.6879    8044.9775    310.01529    15625 
303000000   -860.45645    5215.9739    12868.134   -1825.4618    7901.8922    308.37861    15641 
304000000   -919.53897    5194.0094    12927.145   -1748.8887    7862.4371    309.79279    15635 
305000000   -858.24573    5232.2028    12844.828   -1752.2566    7842.7052    307.82011    15624 
306000000   -881.47346    5342.0033    13047.993   -1698.0457    7921.5225    312.68885    15625 
307000000   -852.30156     5310.899    12940.833   -1830.5372    7993.7378    310.12081    15617 
308000000   -879.52678    5201.6936    12751.038   -1795.1883    7876.4087    305.57248    15628 
309000000   -861.25071    5244.5377    12975.055   -1710.9728    7816.7612    310.94094    15620 
310000000   -857.64652    5275.7417    12982.658   -1775.1454    7908.5337    311.12314    15626 
311000000    -897.5643    5336.4846    12940.499   -1729.4553    7963.5042     310.1128    15640 
312000000    -859.4734    5227.8158    12970.467   -1731.3566    7818.6458    310.83098    15622 
313000000   -867.33662    5282.5025    12981.611   -1699.3187    7849.1579    311.09804    15614 
314000000   -869.52996    5258.6415    13009.203   -1728.6023    7856.7737    311.75926    15615 
315000000   -884.69105    5427.7371     13064.54   -1624.9645    7937.3926    313.08539    15615 
316000000   -863.35658    5332.0666    12941.238   -1754.2262    7949.6494    310.13053    15642 
317000000   -846.53256    5296.5371    13036.682   -1725.9006    7868.9703    312.41778    15617 
318000000   -885.00022    5273.0552    12838.464   -1700.2497    7858.3051    307.66758    15625 
319000000   -863.50515    5328.7046    12834.169   -1645.1167    7837.3264    307.56466    15613 
320000000   -879.99278     5261.902    12991.975   -1724.7493    7866.6441    311.34642    15635 
321000000   -908.15662    5237.2224    12821.123   -1815.3061    7960.6852    307.25202    15618 
322000000   -867.93259    5212.4154    13008.709    -1711.486     7791.834    311.74742    15614 
323000000   -843.72359    5234.0455    12943.652   -1758.4921    7836.2612    310.18837    15632 
324000000   -866.95217    5181.2586    12907.216   -1761.1295    7809.3402    309.31519    15628 
325000000   -859.30706     4935.328    13047.176   -1865.9066    7660.5417    312.66928    15629 
326000000   -859.98548    5311.3631      12973.2   -1657.1863    7828.5349    310.89647    15596 
327000000   -858.91301     5108.486     12978.27   -1764.5104    7731.9094    311.01798    15623 
328000000   -870.59404    5294.6392     13005.45   -1640.5725    7805.8057    311.66933    15618 
329000000   -884.30743    5313.0704    12876.856   -1727.6267    7925.0045    308.58763    15614 
330000000    -869.7313      5232.12    12893.406   -1755.6585    7857.5097    308.98424    15639 
331000000   -875.22096    5219.0824    12770.906    -1742.455    7836.7584    306.04861    15625 
332000000   -864.97976    5195.8852    12934.346    -1663.082     7723.947    309.96535    15620 
333000000   -862.15605    5127.0476    12778.332   -1773.9881    7763.1918    306.22655    15636 
334000000   -890.76659    5223.1633     13022.33   -1834.1081     7948.038    312.07384    15622 
335000000   -842.73496    5192.4481    12897.779   -1716.4722    7751.6552    309.08904    15622 
336000000   -860.06893    5122.2618    12931.149   -1784.3914    7766.7221    309.88875    15634 
337000000   -851.39232    5186.1621    12692.984   -1743.1402    7780.6946    304.18123    15636 
338000000   -823.78997    5123.0526      12963.8   -1816.4253    7763.2679     310.6712    15639 
339000000   -841.41786    5266.6248    12949.859   -1838.9711    7947.0138    310.33711    15631 
340000000   -856.85723    5232.5407    12803.459   -1760.7314    7850.1293    306.82871    15624 
341000000   -854.62218    5116.5452     13061.78   -1797.9351    7769.1025    313.01924    15637 
342000000   -869.20669    5244.2472    12868.432   -1708.5664    7822.0203    308.38576    15627 
343000000   -867.60726    5225.2251    12862.386   -1781.9541    7874.7864    308.24087    15642 
344000000   -866.56909    5092.1519    12948.302    -1892.608     7851.329    310.29982    15645 
345000000   -857.71271    5130.2432    12896.904   -1792.4049    7780.3608    309.06808    15628 
346000000   -855.05222    5162.9956    12936.321   -1785.3179    7803.3657    310.01269    15628 
347000000   -840.99409    5213.2341    12904.786   -1729.9926    7784.2208    309.25697    15620 
348000000   -877.54998    5209.0583    12764.453   -1796.3816    7882.9899    305.89395    15619 
349000000   -874.76323    5277.0153    12883.368   -1674.3937    7826.1722     308.7437    15634 
350000000   -822.65481    5182.6999    12981.175   -1777.4574    7782.8121    311.08759    15619 
351000000   -865.69759    5078.6337    12776.421    -1852.662    7796.9933    306.18076    15634 
352000000   -862.45795    5378.0621    12961.281   -1747.9767    7988.4967    310.61085    15622 
353000000   -866.77895    5007.8064    12716.803   -1869.3248    7743.9102    304.75205    15630 
354000000   -883.70072    5302.1484     13003.49    -1686.408    7872.2571    311.62236    15623 
355000000   -841.50173    5390.7794    12882.042   -1619.2726    7851.5537    308.71191    15606 
356000000   -859.30763    5231.6265    12898.128   -1791.5315    7882.4656    309.09742    15628 
357000000   -836.90657    5202.5267    12890.751   -1733.7851    7773.2184    308.92061    15629 
358000000    -847.9419    5199.6878    12965.533   -1780.5693     7828.199    310.71273    15631 
359000000   -855.99188    5104.7557    13024.371   -1840.3697    7801.1173    312.12276    15629 
360000000   -868.35796    5261.3059    12870.629   -1868.6413    7998.3052    308.43841    15635 
361000000   -870.30496    5185.4326    12932.724   -1819.5959    7875.3335     309.9265    15642 
362000000   -851.58588    5223.7597    12879.259   -1826.1327    7901.4782    308.64521    15626 
363000000   -855.77697    5349.2949    12805.651   -1686.9054    7891.9772    306.88124    15623 
364000000   -859.25012    5324.4553     12972.36   -1680.4538    7864.1593    310.87634    15621 
365000000   -865.89889    5347.3695     12906.88   -1643.7592    7857.0276    309.30714    15613 
366000000   -838.41562    5443.6942    12831.601   -1651.8865    7933.9963    307.50312    15608 
367000000   -853.70273     5194.087    13067.532   -1762.4232     7810.213    313.15709    15616 
368000000   -833.50902    5185.6121    12819.404   -1702.1465    7721.2676    307.21083    15626 
369000000   -834.15761     5076.632    12988.062   -1758.3588    7669.1484    311.25264    15619 
370000000    -865.7199    5347.2262    13072.471   -1720.2615    7933.2075    313.27546    15623 
371000000   -869.60706    5258.3839    12983.804   -1804.9692    7932.9602    311.15059    15629 
372000000   -873.24035    5227.8056    12959.248   -1763.1411     7864.187    310.56212    15638 
373000000   -886.52011    5204.5115    13151.568    -1820.773    7911.8045    315.17099    15637 
374000000   -826.97523    5204.8561    13092.499   -1857.2824    7889.1136    313.75541    15640 
375000000   -829.29765    5230.9247    13032.555   -1832.0231    7892.2454    312.31888    15642 
376000000   -833.72707    5169.9932    13011.862   -1853.0517    7856.7719    311.82298    15642 
377000000   -857.80693    5097.9697    13026.831   -1768.8305    7724.6071    312.18172    15635 
378000000   -850.43039    5256.9288    12856.733   -1760.2677    7867.6269    308.10541    15634 
379000000   -844.31973    5075.3774    12885.178    -1934.441    7854.1381    308.78707    15650 
380000000   -842.57161    5156.5174    12941.428   -1764.8623    7763.9514    310.13508    15633 
381000000   -851.62668    5201.8627    12988.538   -1770.9024    7824.3918    311.26403    15637 
382000000   -859.95356    5137.8982    12859.166   -1841.5253     7839.377    308.16371    15641 
383000000   -832.04547    5220.4792    12851.525    -1719.928    7772.4526    307.98058    15627 
384000000   -841.51268    5303.4839    12978.156   -1659.0062    7804.0028    311.01525    15614 
385000000    -843.0209    5198.4173    12925.827    -1769.739    7811.1771    309.76121    15623 
386000000    -858.3325    5259.3695    12758.998   -1626.9422    7744.6442    305.76322    15604 
387000000   -854.33704    5276.4229    12813.975   -1735.6126    7866.3725    307.08072    15625 
388000000   -851.63826    5229.4488     12866.95    -1775.303      7856.39    308.35025    15620 
389000000   -834.96289    5335.7612    12953.392   -1656.0239     7826.748    310.42178    15622 
390000000   -900.89652    5214.2471    12778.133   -1780.0245    7895.1682    306.22178    15632 
391000000    -889.9987    5222.1308    12838.537   -1808.8258    7920.9553    307.66934    15626 
392000000   -868.89558    5196.4581     12903.91   -1763.2271    7828.5808    309.23597    15642 
393000000   -845.17174    5233.0029    12941.089   -1806.5015    7884.6762    310.12694    15635 
394000000   -844.96876    5113.4587    13022.077   -1785.0407    7743.4682    312.06778    15634 
395000000   -846.84063    5247.9472    12942.471   -1785.9001    7880.6878    310.16008    15637 
396000000   -841.37649    5102.9746    12966.511   -1726.6113    7670.9624    310.73616    15639 
397000000   -853.36374      5304.85      12835.6   -1736.6666    7894.8803    307.59895    15609 
398000000   -845.92401    5095.5079    12701.623   -1801.5721     7743.004    304.38826    15622 
399000000   -835.28053    4988.9036    12837.954   -1872.0689    7696.2531    307.65537    15641 
400000000   -855.76336    5296.9447    13022.524   -1678.5497    7831.2578    312.07851    15636 
Loop time of 85543.2 on 28 procs for 400000000 steps with 14000 atoms

Performance: 12120.185 ns/day, 0.002 hours/ns, 4675.997 timesteps/s
99.7% CPU use with 28 MPI tasks x no OpenMP threads

MPI task timing breakdown:
Section |  min time  |  avg time  |  max time  |%varavg| %total
---------------------------------------------------------------
Pair    | 5627.6     | 8297.3     | 11848      |1269.0 |  9.70
Bond    | 4417.3     | 5245.9     | 9576.1     |2012.8 |  6.13
Neigh   | 15595      | 15970      | 16501      | 202.1 | 18.67
Comm    | 25354      | 30652      | 34356      |1319.9 | 35.83
Output  | 0.62152    | 0.62247    | 0.62393    |   0.1 |  0.00
Modify  | 17521      | 17696      | 17842      |  57.8 | 20.69
Other   |            | 7682       |            |       |  8.98

Nlocal:    500 ave 528 max 467 min
Histogram: 2 2 2 5 0 6 1 2 5 3
Nghost:    467.607 ave 851 max 272 min
Histogram: 6 4 4 2 5 3 2 0 1 1
Neighs:    2534.71 ave 4039 max 1429 min
Histogram: 2 3 5 7 0 5 2 1 2 1

Total # of neighbors = 70972
Ave neighs/atom = 5.06943
Ave special neighs/atom = 7.62229
Neighbor list builds = 36759773
Dangerous builds = 0
write_restart final_state_${fName}.restart
write_restart final_state_Run1_ext.restart
Total wall time: 23:45:49
